Component: ARM Compiler 5.05 update 2 (build 169) Tool: armlink [4d0f33]

==============================================================================

Section Cross References

    main.o(.text) refers to main.o(i._ZN4mbed10DigitalOutaSEi) for mbed::DigitalOut::operator =(int)
    main.o(.text) refers to memseta.o(.text) for __aeabi_memset
    main.o(.text) refers to cc1101.o(.text) for CC1101::WriteReg(unsigned char, unsigned char)
    main.o(.text) refers to Timer.o(i._ZN4mbed5Timer5resetEv) for mbed::Timer::reset()
    main.o(.text) refers to Timer.o(i._ZN4mbed5Timer5startEv) for mbed::Timer::start()
    main.o(.text) refers to commwifi.o(.text) for CommWifi::SendGroupData(int, const MahjongInfo*, int)
    main.o(.text) refers to memcpya.o(.text) for __aeabi_memcpy
    main.o(.text) refers to main.o(.bss) for .bss
    main.o(.text) refers to main.o(.data) for .data
    main.o(.text) refers to Timer.o(i._ZN4mbed5Timer7read_msEv) for mbed::Timer::read_ms()
    main.o(.text) refers to main.o(i.__ARM_common_switch8) for __ARM_common_switch8
    main.o(.text) refers to wait_api.o(i.wait_ms) for wait_ms
    main.o(.text) refers to idiv.o(.text) for __aeabi_idivmod
    main.o(.text) refers to main.o(i._ZN4mbed10DigitalOut4readEv) for mbed::DigitalOut::read()
    main.o(.text) refers to printfa.o(i.__0printf) for __2printf
    main.o(.text) refers to new.o(i._Znwj) for operator new(unsigned)
    main.o(.text) refers to stm32f0xx_hal_iwdg.o(i.HAL_IWDG_Init) for HAL_IWDG_Init
    main.o(.text) refers to stm32f0xx_hal_iwdg.o(i.HAL_IWDG_Start) for HAL_IWDG_Start
    main.o(.text) refers to main.o(.constdata) for .constdata
    main.o(.text) refers to main.o(i._ZN4mbed10DigitalOutC1E7PinName) for mbed::DigitalOut::DigitalOut(PinName)
    main.o(.text) refers to voice.o(.text) for Speech_Init(PinName, PinName, PinName)
    main.o(.text) refers to Ticker.o(i._ZN4mbed6Ticker5setupEj) for mbed::Ticker::setup(unsigned)
    main.o(.text) refers to bufferedserial.o(.text) for BufferedSerial::BufferedSerial(PinName, PinName, unsigned)
    main.o(.text) refers to wifiobj.o(.text) for WifiObj::WifiObj(BufferedSerial*, CircularBufferEx&, PinName, PinName)
    main.o(.text) refers to SerialBase.o(i._ZN4mbed10SerialBase4baudEi) for mbed::SerialBase::baud(int)
    main.o(.text) refers to highpowerreader.o(.text) for HiReader_Init()
    main.o(.text) refers to stm32f0xx_hal_flash.o(i.HAL_FLASH_Unlock) for HAL_FLASH_Unlock
    main.o(.text) refers to stm32f0xx_hal_flash.o(i.HAL_FLASH_Program) for HAL_FLASH_Program
    main.o(.text) refers to stm32f0xx_hal_flash.o(i.HAL_FLASH_Lock) for HAL_FLASH_Lock
    main.o(.text) refers to main.o(.ARM.__AT_0x1FFFF7AC) for .ARM.__AT_0x1FFFF7AC
    main.o(.text) refers to main.o(i._ZN16CircularBufferExC1EPhi) for CircularBufferEx::CircularBufferEx(unsigned char*, int)
    main.o(.text) refers to TimerEvent.o(i._ZN4mbed10TimerEventC2Ev) for mbed::TimerEvent::TimerEvent__sub_object()
    main.o(.text) refers to aeabi_atexit.o(i.__aeabi_atexit) for __aeabi_atexit
    main.o(.text) refers to Timer.o(i._ZN4mbed5TimerC1Ev) for mbed::Timer::Timer()
    main.o(.text) refers to Ticker.o(.constdata__ZTVN4mbed6TickerE) for vtable for mbed::Ticker
    main.o(.text) refers to Ticker.o(i._ZN4mbed6TickerD1Ev) for mbed::Ticker::~Ticker()
    main.o(.ARM.exidx) refers to main.o(.text) for .text
    main.o(.data) refers to main.o(.constdata) for Fml_Constant
    main.o(.data) refers to main.o(.bss) for admin_tile_msg
    main.o(.data) refers to main.o(.conststring) for .conststring
    main.o(.init_array) refers to main.o(.text) for __sti___8_main_cpp_cf170f72
    main.o(.init_array) refers to cpp_init.o(.text) for __cpp_initialize__aeabi_
    system_stm32f0xx.o(.text) refers to stm32f0xx_hal_rcc.o(i.HAL_RCC_OscConfig) for HAL_RCC_OscConfig
    system_stm32f0xx.o(.text) refers to stm32f0xx_hal_rcc.o(i.HAL_RCC_ClockConfig) for HAL_RCC_ClockConfig
    system_stm32f0xx.o(.text) refers to stm32f0xx_hal.o(i.HAL_Init) for HAL_Init
    system_stm32f0xx.o(.text) refers to uidiv.o(.text) for __aeabi_uidivmod
    system_stm32f0xx.o(.text) refers to system_stm32f0xx.o(.data) for .data
    system_stm32f0xx.o(.text) refers to system_stm32f0xx.o(.constdata) for .constdata
    wifiobj.o(.text) refers to Timer.o(i._ZN4mbed5TimerC1Ev) for mbed::Timer::Timer()
    wifiobj.o(.text) refers to Timer.o(i._ZN4mbed5Timer5startEv) for mbed::Timer::start()
    wifiobj.o(.text) refers to SerialBase.o(i._ZN4mbed10SerialBase8readableEv) for mbed::SerialBase::readable()
    wifiobj.o(.text) refers to bufferedserial.o(.text) for BufferedSerial::getc()
    wifiobj.o(.text) refers to Timer.o(i._ZN4mbed5Timer7read_msEv) for mbed::Timer::read_ms()
    wifiobj.o(.text) refers to wifiobj.o(i._ZN4mbed9DigitalInC1E7PinName) for mbed::DigitalIn::DigitalIn(PinName)
    wifiobj.o(.text) refers to serial_api.o(i.serial_irq_set) for serial_irq_set
[...]
    IsSameBuffer(unsigned char*, unsigned char*) 0x08001adf   Thumb Code    30  commwifi.o(.text)
    CommWifi::CommWifi(WifiObj*)             0x08001afd   Thumb Code    90  commwifi.o(.text)
    CommWifi::CommWifi__sub_object(WifiObj*) 0x08001afd   Thumb Code     0  commwifi.o(.text)
    CommWifi::GetSsid()                      0x08001b57   Thumb Code     6  commwifi.o(.text)
    CommWifi::Init()                         0x08001b5d   Thumb Code   526  commwifi.o(.text)
    CommWifi::InitAsync()                    0x08001d6b   Thumb Code   132  commwifi.o(.text)
    CommWifi::InitAsServer()                 0x08001def   Thumb Code   132  commwifi.o(.text)
    CommWifi::ConnectPhone()                 0x08001e73   Thumb Code   544  commwifi.o(.text)
    CommWifi::ReConnectPhone()               0x08002093   Thumb Code   158  commwifi.o(.text)
    CommWifi::isValidCommand(unsigned char)  0x08002131   Thumb Code    20  commwifi.o(.text)
    CommWifi::GetMessage(unsigned char*, unsigned char) 0x08002145   Thumb Code   262  commwifi.o(.text)
    CommWifi::HandleCmd()                    0x0800224b   Thumb Code     4  commwifi.o(.text)
    CommWifi::HandleAccelerometer()          0x0800224f   Thumb Code     2  commwifi.o(.text)
    CommWifi::SendXidWakeToPhone(unsigned char) 0x08002251   Thumb Code     2  commwifi.o(.text)
    CommWifi::Monitor()                      0x08002253   Thumb Code    14  commwifi.o(.text)
    CommWifi::SendGroupData(int, const MahjongInfo*, int) 0x08002261   Thumb Code   116  commwifi.o(.text)
    CommWifi::SendAdminReaderData(const MahjongInfo*, int) 0x080022d5   Thumb Code   122  commwifi.o(.text)
    CommWifi::SendAdminReaderData(const MahjongInfo*) 0x0800234f   Thumb Code   118  commwifi.o(.text)
    CommWifi::SendTilesReaderData(TileInfo*) 0x080023c5   Thumb Code   156  commwifi.o(.text)
    CommWifi::SendPacket(const void*, int)   0x08002461   Thumb Code   116  commwifi.o(.text)
    CommWifi::WakeupTiles()                  0x080024d5   Thumb Code     2  commwifi.o(.text)
    CommWifi::IsLink()                       0x080024d7   Thumb Code    10  commwifi.o(.text)
    CommWifi::StopLink()                     0x080024e1   Thumb Code     6  commwifi.o(.text)
    CommWifi::GetNoTxTime()                  0x080024e7   Thumb Code    10  commwifi.o(.text)
    CommWifi::SendHeartBeat()                0x080024f1   Thumb Code    36  commwifi.o(.text)
    CommWifi::CalcCrc(const unsigned char*, int) 0x08002515   Thumb Code    22  commwifi.o(.text)
    CommWifi::CalcCrc(const unsigned char*)  0x0800252b   Thumb Code     6  commwifi.o(.text)
    CommWifi::AckEndToPhone(unsigned char)   0x08002531   Thumb Code     2  commwifi.o(.text)
    CommWifi::RereadUnmarkTong()             0x08002533   Thumb Code     4  commwifi.o(.text)
    CommWifi::IsAllMarked()                  0x08002537   Thumb Code     4  commwifi.o(.text)
    CommWifi::GetNextUnmarkTong(unsigned char) 0x0800253b   Thumb Code     4  commwifi.o(.text)
    CommWifi::SendToPhone(const unsigned char*) 0x0800253f   Thumb Code    16  commwifi.o(.text)
    CommWifi::HandleLinkFailure()            0x0800254f   Thumb Code    74  commwifi.o(.text)
    CommWifi::ProcessNewCommand()            0x08002599   Thumb Code     2  commwifi.o(.text)
    CommWifi::PostProcessCommand()           0x0800259b   Thumb Code     2  commwifi.o(.text)
    CommWifi::SetPaiColor(unsigned char)     0x0800259d   Thumb Code     2  commwifi.o(.text)
    CommWifi::IsWakeup(unsigned char) const  0x0800259f   Thumb Code     4  commwifi.o(.text)
    CommWifi::AreAllWakeup() const           0x080025a3   Thumb Code     4  commwifi.o(.text)
    CommWifi::GetWakeupCount() const         0x080025a7   Thumb Code    32  commwifi.o(.text)
    CommWifi::GetNextUnwakeTile(int) const   0x080025c7   Thumb Code     4  commwifi.o(.text)
    BufferedSerial::txIrq()                  0x080025d9   Thumb Code    78  bufferedserial.o(.text)
    BufferedSerial::prime()                  0x08002627   Thumb Code   128  bufferedserial.o(.text)
    BufferedSerial::BufferedSerial(PinName, PinName, unsigned) 0x080026a7   Thumb Code    26  bufferedserial.o(.text)
    BufferedSerial::BufferedSerial__sub_object(PinName, PinName, unsigned) 0x080026a7   Thumb Code     0  bufferedserial.o(.text)
    BufferedSerial::~BufferedSerial()        0x080026c1   Thumb Code    30  bufferedserial.o(.text)
    BufferedSerial::~BufferedSerial__sub_object() 0x080026c1   Thumb Code     0  bufferedserial.o(.text)
    BufferedSerial::~BufferedSerial__deallocating() 0x080026df   Thumb Code    12  bufferedserial.o(.text)
    BufferedSerial::writeable()              0x080026eb   Thumb Code     4  bufferedserial.o(.text)
    BufferedSerial::getc()                   0x080026ef   Thumb Code     8  bufferedserial.o(.text)
    BufferedSerial::putc(int)                0x080026f7   Thumb Code    26  bufferedserial.o(.text)
    BufferedSerial::puts(const char*)        0x08002711   Thumb Code    56  bufferedserial.o(.text)
    BufferedSerial::printf(const char*, ...) 0x08002749   Thumb Code    58  bufferedserial.o(.text)
    BufferedSerial::write(const void*, unsigned) 0x08002783   Thumb Code    50  bufferedserial.o(.text)
    CC1101::CC1101(PinName, PinName, PinName, PinName, PinName) 0x080027c1   Thumb Code   138  cc1101.o(.text)
    CC1101::CC1101__sub_object(PinName, PinName, PinName, PinName, PinName) 0x080027c1   Thumb Code     0  cc1101.o(.text)
    CC1101::WriteReg(unsigned char, unsigned char) 0x0800284b   Thumb Code    78  cc1101.o(.text)
    CC1101::Strobe(unsigned char)            0x08002899   Thumb Code    72  cc1101.o(.text)
    CC1101::RXMode()                         0x080028e1   Thumb Code    30  cc1101.o(.text)
    CC1101::WriteRfSettings(const S_RF_SETTINGS*) 0x080028ff   Thumb Code   408  cc1101.o(.text)
    CC1101::RESET_CCxxx0()                   0x08002a97   Thumb Code    60  cc1101.o(.text)
    CC1101::POWER_UP_RESET_CCxxx0()          0x08002ad3   Thumb Code    58  cc1101.o(.text)
    CC1101::init(const S_RF_SETTINGS*)       0x08002b0d   Thumb Code    82  cc1101.o(.text)
    CC1101::init(const unsigned char*)       0x08002b5f   Thumb Code   100  cc1101.o(.text)
    CC1101::ReadReg(unsigned char)           0x08002bc3   Thumb Code   110  cc1101.o(.text)
    CC1101::ReadBurstReg(unsigned char, unsigned char*, unsigned char) 0x08002c31   Thumb Code   100  cc1101.o(.text)
    CC1101::WriteBurstReg(unsigned char, const unsigned char*, unsigned char) 0x08002c95   Thumb Code    98  cc1101.o(.text)
    CC1101::FlushTX()                        0x08002cf7   Thumb Code    22  cc1101.o(.text)
    CC1101::SendPacket(const unsigned char*, unsigned char) 0x08002d0d   Thumb Code    80  cc1101.o(.text)
    CC1101::SendPacketAsync(const unsigned char*, unsigned char) 0x08002d5d   Thumb Code    36  cc1101.o(.text)
    CC1101::ReadStatus(unsigned char)        0x08002d81   Thumb Code    78  cc1101.o(.text)
    CC1101::TxFifoEmpty()                    0x08002dcf   Thumb Code    54  cc1101.o(.text)
    CC1101::ReceivePacket(unsigned char*, unsigned char*) 0x08002e05   Thumb Code   118  cc1101.o(.text)
    CC1101::ReceivePacket(unsigned char*)    0x08002e7b   Thumb Code   116  cc1101.o(.text)
    CC1101::ReceivePacket(unsigned char*, int) 0x08002eef   Thumb Code   124  cc1101.o(.text)
    CC1101::RxFifoEmpty()                    0x08002f6b   Thumb Code    54  cc1101.o(.text)
    CC1101::ReadChipStatusRX()               0x08002fa1   Thumb Code    70  cc1101.o(.text)
    CC1101::ReadChipStatusTX()               0x08002fe7   Thumb Code    10  cc1101.o(.text)
    CC1101::RdRSSI()                         0x08002ff1   Thumb Code    28  cc1101.o(.text)
    CC1101::RdLQI()                          0x0800300d   Thumb Code    14  cc1101.o(.text)
    CC1101::FlushRX()                        0x0800301b   Thumb Code    22  cc1101.o(.text)
    CC1101::GetGDO0()                        0x08003031   Thumb Code     4  cc1101.o(.text)
    CC1101::GetGDO2()                        0x08003035   Thumb Code    10  cc1101.o(.text)
    EnableAmp()                              0x08003045   Thumb Code    14  voice.o(.text)
    DisableAmp()                             0x08003053   Thumb Code    14  voice.o(.text)
    IsAmpEnable()                            0x08003061   Thumb Code    32  voice.o(.text)
    Speech_Init(PinName, PinName, PinName)   0x08003081   Thumb Code    68  voice.o(.text)
    Speech_Play()                            0x080030c5   Thumb Code   124  voice.o(.text)
    Speech_Add(unsigned char)                0x08003141   Thumb Code    14  voice.o(.text)
    Speech_Add(unsigned char*, unsigned char) 0x0800314f   Thumb Code    28  voice.o(.text)
    Speech_AddNum(unsigned char)             0x0800316b   Thumb Code   122  voice.o(.text)
    Speech_Clear()                           0x080031e5   Thumb Code    16  voice.o(.text)
    HiReader_SerialHandler()                 0x08003225   Thumb Code    72  highpowerreader.o(.text)
    HiReader_OpenRF()                        0x080032c7   Thumb Code    16  highpowerreader.o(.text)
    HiReader_Init()                          0x080032d7   Thumb Code    46  highpowerreader.o(.text)
    IsDataPacket(HiReader_Message*)          0x08003333   Thumb Code    14  highpowerreader.o(.text)
    IsNewReaderData(RxTileInfo*)             0x08003341   Thumb Code   110  highpowerreader.o(.text)
    HiReader_CloseRF()                       0x080033af   Thumb Code    16  highpowerreader.o(.text)
    HiReader_ControlRFOnOff()                0x080033bf   Thumb Code    70  highpowerreader.o(.text)
    HiReader_GetMessage(HiReader_DataMessage*) 0x08003405   Thumb Code   460  highpowerreader.o(.text)
    GetLastReceivedTile()                    0x080035d1   Thumb Code    14  highpowerreader.o(.text)
    NVIC_SetVector                           0x08003675   Thumb Code    48  cmsis_nvic.o(.text)
    NVIC_GetVector                           0x080036a5   Thumb Code    10  cmsis_nvic.o(.text)
    Reset_Handler                            0x080036b9   Thumb Code     8  startup_stm32f030x8.o(.text)
    NMI_Handler                              0x080036c1   Thumb Code     2  startup_stm32f030x8.o(.text)
    HardFault_Handler                        0x080036c3   Thumb Code     2  startup_stm32f030x8.o(.text)
    SVC_Handler                              0x080036c5   Thumb Code     2  startup_stm32f030x8.o(.text)
    PendSV_Handler                           0x080036c7   Thumb Code     2  startup_stm32f030x8.o(.text)
    ADC1_IRQHandler                          0x080036cb   Thumb Code     0  startup_stm32f030x8.o(.text)
    DMA1_Channel1_IRQHandler                 0x080036cb   Thumb Code     0  startup_stm32f030x8.o(.text)
    DMA1_Channel2_3_IRQHandler               0x080036cb   Thumb Code     0  startup_stm32f030x8.o(.text)
    DMA1_Channel4_5_IRQHandler               0x080036cb   Thumb Code     0  startup_stm32f030x8.o(.text)
    EXTI0_1_IRQHandler                       0x080036cb   Thumb Code     0  startup_stm32f030x8.o(.text)
    EXTI2_3_IRQHandler                       0x080036cb   Thumb Code     0  startup_stm32f030x8.o(.text)
    EXTI4_15_IRQHandler                      0x080036cb   Thumb Code     0  startup_stm32f030x8.o(.text)
    FLASH_IRQHandler                         0x080036cb   Thumb Code     0  startup_stm32f030x8.o(.text)
    I2C1_IRQHandler                          0x080036cb   Thumb Code     0  startup_stm32f030x8.o(.text)
    I2C2_IRQHandler                          0x080036cb   Thumb Code     0  startup_stm32f030x8.o(.text)
    RCC_IRQHandler                           0x080036cb   Thumb Code     0  startup_stm32f030x8.o(.text)
    RTC_IRQHandler                           0x080036cb   Thumb Code     0  startup_stm32f030x8.o(.text)
    SPI1_IRQHandler                          0x080036cb   Thumb Code     0  startup_stm32f030x8.o(.text)
    SPI2_IRQHandler                          0x080036cb   Thumb Code     0  startup_stm32f030x8.o(.text)
    TIM14_IRQHandler                         0x080036cb   Thumb Code     0  startup_stm32f030x8.o(.text)
    TIM15_IRQHandler                         0x080036cb   Thumb Code     0  startup_stm32f030x8.o(.text)
    TIM16_IRQHandler                         0x080036cb   Thumb Code     0  startup_stm32f030x8.o(.text)
    TIM17_IRQHandler                         0x080036cb   Thumb Code     0  startup_stm32f030x8.o(.text)
    TIM1_BRK_UP_TRG_COM_IRQHandler           0x080036cb   Thumb Code     0  startup_stm32f030x8.o(.text)
    TIM1_CC_IRQHandler                       0x080036cb   Thumb Code     0  startup_stm32f030x8.o(.text)
    TIM3_IRQHandler                          0x080036cb   Thumb Code     0  startup_stm32f030x8.o(.text)
    USART1_IRQHandler                        0x080036cb   Thumb Code     0  startup_stm32f030x8.o(.text)
    USART2_IRQHandler                        0x080036cb   Thumb Code     0  startup_stm32f030x8.o(.text)
    WWDG_IRQHandler                          0x080036cb   Thumb Code     0  startup_stm32f030x8.o(.text)
    _initio                                  0x080036d5   Thumb Code    20  initio_oe.o(.text)
    __aeabi_uidiv                            0x080036f5   Thumb Code     0  uidiv.o(.text)
    __aeabi_uidivmod                         0x080036f5   Thumb Code    44  uidiv.o(.text)
    __aeabi_idiv                             0x08003721   Thumb Code     0  idiv.o(.text)
    __aeabi_idivmod                          0x08003721   Thumb Code    40  idiv.o(.text)
    __aeabi_llsr                             0x08003749   Thumb Code    34  llushr.o(.text)
    _ll_ushift_r                             0x08003749   Thumb Code     0  llushr.o(.text)
    __aeabi_memcpy                           0x0800376b   Thumb Code    36  memcpya.o(.text)
    __aeabi_memcpy4                          0x0800376b   Thumb Code     0  memcpya.o(.text)
    __aeabi_memcpy8                          0x0800376b   Thumb Code     0  memcpya.o(.text)
    __aeabi_memset                           0x0800378f   Thumb Code    14  memseta.o(.text)
    __aeabi_memset4                          0x0800378f   Thumb Code     0  memseta.o(.text)
    __aeabi_memset8                          0x0800378f   Thumb Code     0  memseta.o(.text)
    __aeabi_memclr                           0x0800379d   Thumb Code     4  memseta.o(.text)
    __aeabi_memclr4                          0x0800379d   Thumb Code     0  memseta.o(.text)
    __aeabi_memclr8                          0x0800379d   Thumb Code     0  memseta.o(.text)
    _memset$wrapper                          0x080037a1   Thumb Code    18  memseta.o(.text)
    strlen                                   0x080037b3   Thumb Code    14  strlen.o(.text)
    strcmp                                   0x080037c1   Thumb Code    28  strcmp.o(.text)
    memcmp                                   0x080037dd   Thumb Code    26  memcmp.o(.text)
    strcpy                                   0x080037f7   Thumb Code    18  strcpy.o(.text)
    strncmp                                  0x08003809   Thumb Code    30  strncmp.o(.text)
    vsscanf                                  0x08003829   Thumb Code    40  vsscanf.o(.text)
    __0sscanf                                0x08003859   Thumb Code    50  __0sscanf.o(.text)
    _scanf_int                               0x08003895   Thumb Code   330  _scanf_int.o(.text)
    __cpp_initialize__aeabi_                 0x080039e1   Thumb Code    22  cpp_init.o(.text)
    __default_new_handler()                  0x08003a01   Thumb Code     8  arm_newhandler_noexceptions.o(.text)
    fputc                                    0x08003a09   Thumb Code    42  fputc_fp.o(.text)
    __aeabi_uldivmod                         0x08003a33   Thumb Code    96  uldiv.o(.text)
    _chval                                   0x08003a93   Thumb Code    30  _chval.o(.text)
    _scanf_longlong                          0x08003ab1   Thumb Code   330  _scanf_longlong.o(.text)
    _scanf_string                            0x08003bfb   Thumb Code   232  _scanf_str.o(.text)
    _scanf_real                              0x08003ddb   Thumb Code     0  scanf_fp.o(.text)
    _scanf_really_real                       0x08003ddb   Thumb Code   586  scanf_fp.o(.text)
    __vfscanf_char                           0x0800403d   Thumb Code    24  scanf_char.o(.text)
    _sgetc                                   0x0800405d   Thumb Code    32  _sgetc.o(.text)
    _sbackspace                              0x0800407d   Thumb Code    36  _sgetc.o(.text)
    __I$use$fp                               0x080040a1   Thumb Code     0  iusefp.o(.text)
    __rt_ddtor_pointer_addr                  0x080040a1   Thumb Code     4  cpp_dtor.o(.text)
    __rt_lib_shutdown_cpp_1                  0x080040a9   Thumb Code     2  cpp_final.o(.text)
    __rt_new_handler_addr                    0x080040ad   Thumb Code     4  cpp_memory.o(.text)
    __aeabi_unwind_cpp_pr0                   0x080040b5   Thumb Code     4  cpp_unwinder.o(.text)
    __aeabi_unwind_cpp_pr1                   0x080040b9   Thumb Code     4  cpp_unwinder.o(.text)
    _Unwind_DeleteException                  0x080040bd   Thumb Code     2  cpp_unwinder.o(.text)
    _Unwind_Activity                         0x080040bf   Thumb Code     2  cpp_unwinder.o(.text)
    _Unwind_RaiseException                   0x080040c1   Thumb Code     4  cpp_unwinder.o(.text)
    __rt_eh_globals_addr                     0x080040c5   Thumb Code    10  cpp_unwinder.o(.text)
    _float_round                             0x080040d5   Thumb Code    16  fepilogue.o(.text)
    _float_epilogue                          0x080040e5   Thumb Code   114  fepilogue.o(.text)
    __aeabi_dadd                             0x08004159   Thumb Code   328  dadd.o(.text)
    __aeabi_dsub                             0x080042a1   Thumb Code    12  dadd.o(.text)
    __aeabi_drsub                            0x080042ad   Thumb Code    12  dadd.o(.text)
    __aeabi_dmul                             0x080042bd   Thumb Code   202  dmul.o(.text)
    __aeabi_ddiv                             0x0800438d   Thumb Code   234  ddiv.o(.text)
    __aeabi_d2ulz                            0x0800447d   Thumb Code    54  dfixul.o(.text)
    __aeabi_cdrcmple                         0x080044bd   Thumb Code    38  cdrcmple.o(.text)
    std::terminate()                         0x080044e5   Thumb Code    28  arm_exceptions_terminate.o(.text)
    __cxa_get_globals                        0x08004507   Thumb Code    66  arm_exceptions_globs.o(.text)
    __scatterload                            0x08004555   Thumb Code    28  init.o(.text)
    __scatterload_rt2                        0x08004555   Thumb Code     0  init.o(.text)
    __aeabi_lmul                             0x08004579   Thumb Code   122  llmul.o(.text)
    _ll_mul                                  0x08004579   Thumb Code     0  llmul.o(.text)
    __aeabi_llsl                             0x080045f3   Thumb Code    32  llshl.o(.text)
    _ll_shift_l                              0x080045f3   Thumb Code     0  llshl.o(.text)
    __aeabi_lasr                             0x08004613   Thumb Code    38  llsshr.o(.text)
    _ll_sshift_r                             0x08004613   Thumb Code     0  llsshr.o(.text)
    isspace                                  0x08004639   Thumb Code    14  isspace_c.o(.text)
    __vfscanf                                0x08004649   Thumb Code   812  _scanf.o(.text)
    _double_round                            0x08004981   Thumb Code    26  depilogue.o(.text)
    _double_epilogue                         0x0800499b   Thumb Code   164  depilogue.o(.text)
    __aeabi_ul2d                             0x08004a41   Thumb Code    22  dfltul.o(.text)
    __aeabi_d2f                              0x08004a5d   Thumb Code    56  d2f.o(.text)
    __ARM_exceptions_buffer_init             0x08004a95   Thumb Code    18  arm_exceptions_mem.o(.text)
    __ARM_exceptions_buffer_allocate         0x08004aa7   Thumb Code    26  arm_exceptions_mem.o(.text)
    __ARM_exceptions_buffer_free             0x08004ac1   Thumb Code    22  arm_exceptions_mem.o(.text)
    __ctype_lookup                           0x08004ad9   Thumb Code    32  ctype_c.o(.text)
    main                                     0x08004afd   Thumb Code    16  retarget.o(i.$Sub$$main)
    FLASH_WaitForLastOperation               0x08004b15   Thumb Code   110  stm32f0xx_hal_flash.o(i.FLASH_WaitForLastOperation)
    HAL_FLASH_Lock                           0x08004b8d   Thumb Code    14  stm32f0xx_hal_flash.o(i.HAL_FLASH_Lock)
    HAL_FLASH_Program                        0x08004ba1   Thumb Code   138  stm32f0xx_hal_flash.o(i.HAL_FLASH_Program)
    HAL_FLASH_Unlock                         0x08004c39   Thumb Code    24  stm32f0xx_hal_flash.o(i.HAL_FLASH_Unlock)
    HAL_GPIO_Init                            0x08004c5d   Thumb Code   318  stm32f0xx_hal_gpio.o(i.HAL_GPIO_Init)
    HAL_GetTick                              0x08004db5   Thumb Code     6  stm32f0xx_hal.o(i.HAL_GetTick)
    HAL_IWDG_Init                            0x08004dc1   Thumb Code   174  stm32f0xx_hal_iwdg.o(i.HAL_IWDG_Init)
    HAL_IWDG_MspInit                         0x08004e79   Thumb Code     2  stm32f0xx_hal_iwdg.o(i.HAL_IWDG_MspInit)
    HAL_IWDG_Start                           0x08004e7d   Thumb Code   110  stm32f0xx_hal_iwdg.o(i.HAL_IWDG_Start)
    HAL_Init                                 0x08004ef9   Thumb Code    26  stm32f0xx_hal.o(i.HAL_Init)
    HAL_InitTick                             0x08004f19   Thumb Code    34  stm32f0xx_hal.o(i.HAL_InitTick)
    HAL_MspInit                              0x08004f3b   Thumb Code     2  stm32f0xx_hal.o(i.HAL_MspInit)
    HAL_NVIC_SetPriority                     0x08004f3d   Thumb Code    60  stm32f0xx_hal_cortex.o(i.HAL_NVIC_SetPriority)
    HAL_RCC_ClockConfig                      0x08004f81   Thumb Code   454  stm32f0xx_hal_rcc.o(i.HAL_RCC_ClockConfig)
    HAL_RCC_GetHCLKFreq                      0x08005155   Thumb Code    92  stm32f0xx_hal_rcc.o(i.HAL_RCC_GetHCLKFreq)
    HAL_RCC_GetPCLK1Freq                     0x080051cd   Thumb Code   104  stm32f0xx_hal_rcc.o(i.HAL_RCC_GetPCLK1Freq)
    HAL_RCC_GetSysClockFreq                  0x08005251   Thumb Code    78  stm32f0xx_hal_rcc.o(i.HAL_RCC_GetSysClockFreq)
    HAL_RCC_OscConfig                        0x080052cd   Thumb Code   956  stm32f0xx_hal_rcc.o(i.HAL_RCC_OscConfig)
    HAL_SPI_Init                             0x08005695   Thumb Code   204  stm32f0xx_hal_spi.o(i.HAL_SPI_Init)
    HAL_SPI_MspInit                          0x08005765   Thumb Code     2  stm32f0xx_hal_spi.o(i.HAL_SPI_MspInit)
    HAL_SYSTICK_Config                       0x08005769   Thumb Code    46  stm32f0xx_hal_cortex.o(i.HAL_SYSTICK_Config)
    HAL_UART_Init                            0x080057a5   Thumb Code   110  stm32f0xx_hal_uart.o(i.HAL_UART_Init)
    HAL_UART_MspInit                         0x08005813   Thumb Code     2  stm32f0xx_hal_uart.o(i.HAL_UART_MspInit)
    Set_GPIO_Clock                           0x08005815   Thumb Code   134  pinmap.o(i.Set_GPIO_Clock)
    UART_AdvFeatureConfig                    0x080058d5   Thumb Code   204  stm32f0xx_hal_uart.o(i.UART_AdvFeatureConfig)
    UART_SetConfig                           0x080059a1   Thumb Code   306  stm32f0xx_hal_uart.o(i.UART_SetConfig)
    CircularBufferEx::erase_begin(unsigned)  0x08005aed   Thumb Code    36  wifiobj.o(i._ZN16CircularBufferEx11erase_beginEj)
    CircularBufferEx::pop_front()            0x08005b11   Thumb Code    18  wifiobj.o(i._ZN16CircularBufferEx9pop_frontEv)
    CircularBufferEx::CircularBufferEx(unsigned char*, int) 0x08005b23   Thumb Code    12  main.o(i._ZN16CircularBufferExC1EPhi)
    CircularBufferEx::CircularBufferEx__sub_object(unsigned char*, int) 0x08005b23   Thumb Code     0  main.o(i._ZN16CircularBufferExC1EPhi)
    mbed::DigitalOut::read()                 0x08005b2f   Thumb Code    18  main.o(i._ZN4mbed10DigitalOut4readEv)
    mbed::DigitalOut::DigitalOut(PinName)    0x08005b41   Thumb Code    26  main.o(i._ZN4mbed10DigitalOutC1E7PinName)
    mbed::DigitalOut::DigitalOut__sub_object(PinName) 0x08005b41   Thumb Code     0  main.o(i._ZN4mbed10DigitalOutC1E7PinName)
    mbed::DigitalOut::operator =(int)        0x08005b5b   Thumb Code    18  main.o(i._ZN4mbed10DigitalOutaSEi)
    mbed::SerialBase::_base_getc()           0x08005b6d   Thumb Code    10  SerialBase.o(i._ZN4mbed10SerialBase10_base_getcEv)
    mbed::SerialBase::_irq_handler(unsigned, SerialIrq) 0x08005b77   Thumb Code    46  SerialBase.o(i._ZN4mbed10SerialBase12_irq_handlerEj9SerialIrq)
    mbed::SerialBase::baud(int)              0x08005ba5   Thumb Code    16  SerialBase.o(i._ZN4mbed10SerialBase4baudEi)
    mbed::SerialBase::attach(void(*)(), mbed::SerialBase::IrqType) 0x08005bb5   Thumb Code    44  SerialBase.o(i._ZN4mbed10SerialBase6attachEPFvvENS0_7IrqTypeE)
    mbed::SerialBase::readable()             0x08005be1   Thumb Code    10  SerialBase.o(i._ZN4mbed10SerialBase8readableEv)
    mbed::SerialBase::SerialBase(PinName, PinName) 0x08005bed   Thumb Code    72  SerialBase.o(i._ZN4mbed10SerialBaseC1E7PinNameS1_)
    mbed::SerialBase::SerialBase__sub_object(PinName, PinName) 0x08005bed   Thumb Code     0  SerialBase.o(i._ZN4mbed10SerialBaseC1E7PinNameS1_)
    mbed::TimerEvent::irq(unsigned)          0x08005c41   Thumb Code     6  TimerEvent.o(i._ZN4mbed10TimerEvent3irqEj)
    mbed::TimerEvent::insert(unsigned)       0x08005c47   Thumb Code    18  TimerEvent.o(i._ZN4mbed10TimerEvent6insertEj)
    mbed::TimerEvent::remove()               0x08005c59   Thumb Code    14  TimerEvent.o(i._ZN4mbed10TimerEvent6removeEv)
    mbed::TimerEvent::TimerEvent__sub_object() 0x08005c69   Thumb Code    32  TimerEvent.o(i._ZN4mbed10TimerEventC2Ev)
    mbed::TimerEvent::~TimerEvent()          0x08005c91   Thumb Code     0  TimerEvent.o(i._ZN4mbed10TimerEventD2Ev)
    mbed::TimerEvent::~TimerEvent__sub_object() 0x08005c91   Thumb Code    20  TimerEvent.o(i._ZN4mbed10TimerEventD2Ev)
    mbed::SPI::write(int)                    0x08005ca9   Thumb Code    46  SPI.o(i._ZN4mbed3SPI5writeEi)
    mbed::SPI::format(int, int)              0x08005cdd   Thumb Code    32  SPI.o(i._ZN4mbed3SPI6formatEii)
    mbed::SPI::frequency(int)                0x08005d01   Thumb Code    36  SPI.o(i._ZN4mbed3SPI9frequencyEi)
    mbed::SPI::SPI(PinName, PinName, PinName, PinName) 0x08005d29   Thumb Code    70  SPI.o(i._ZN4mbed3SPIC1E7PinNameS1_S1_S1_)
    mbed::SPI::SPI__sub_object(PinName, PinName, PinName, PinName) 0x08005d29   Thumb Code     0  SPI.o(i._ZN4mbed3SPIC1E7PinNameS1_S1_S1_)
    mbed::Timer::reset()                     0x08005d79   Thumb Code    18  Timer.o(i._ZN4mbed5Timer5resetEv)
    mbed::Timer::start()                     0x08005d8b   Thumb Code    24  Timer.o(i._ZN4mbed5Timer5startEv)
    mbed::Timer::read_ms()                   0x08005da3   Thumb Code    34  Timer.o(i._ZN4mbed5Timer7read_msEv)
    mbed::Timer::Timer()                     0x08005dc5   Thumb Code    30  Timer.o(i._ZN4mbed5TimerC1Ev)
    mbed::Timer::Timer__sub_object()         0x08005dc5   Thumb Code     0  Timer.o(i._ZN4mbed5TimerC1Ev)
    mbed::Ticker::setup(unsigned)            0x08005de3   Thumb Code    30  Ticker.o(i._ZN4mbed6Ticker5setupEj)
    mbed::Ticker::detach()                   0x08005e01   Thumb Code    16  Ticker.o(i._ZN4mbed6Ticker6detachEv)
    mbed::Ticker::handler()                  0x08005e11   Thumb Code    46  Ticker.o(i._ZN4mbed6Ticker7handlerEv)
    mbed::Ticker::~Ticker()                  0x08005e41   Thumb Code    28  Ticker.o(i._ZN4mbed6TickerD1Ev)
    mbed::Ticker::~Ticker__sub_object()      0x08005e41   Thumb Code     0  Ticker.o(i._ZN4mbed6TickerD1Ev)
    mbed::Timeout::handler()                 0x08005e61   Thumb Code    28  Timeout.o(i._ZN4mbed7Timeout7handlerEv)
    mbed::FileBase::getPathType()            0x08005e7d   Thumb Code     4  FileBase.o(i._ZN4mbed8FileBase11getPathTypeEv)
    mbed::FileBase::lookup(const char*, unsigned) 0x08005e81   Thumb Code    56  FileBase.o(i._ZN4mbed8FileBase6lookupEPKcj)
    mbed::FilePath::fileSystem()             0x08005ebd   Thumb Code    26  FilePath.o(i._ZN4mbed8FilePath10fileSystemEv)
    mbed::FilePath::file()                   0x08005ed7   Thumb Code    32  FilePath.o(i._ZN4mbed8FilePath4fileEv)
    mbed::FilePath::exists()                 0x08005ef7   Thumb Code    10  FilePath.o(i._ZN4mbed8FilePath6existsEv)
    mbed::FilePath::isFile()                 0x08005f01   Thumb Code    24  FilePath.o(i._ZN4mbed8FilePath6isFileEv)
    mbed::FilePath::fileName()               0x08005f19   Thumb Code     4  FilePath.o(i._ZN4mbed8FilePath8fileNameEv)
    mbed::FilePath::FilePath(const char*)    0x08005f1d   Thumb Code    68  FilePath.o(i._ZN4mbed8FilePathC1EPKc)
    mbed::FilePath::FilePath__sub_object(const char*) 0x08005f1d   Thumb Code     0  FilePath.o(i._ZN4mbed8FilePathC1EPKc)
    mbed::DigitalIn::DigitalIn(PinName)      0x08005f61   Thumb Code    26  wifiobj.o(i._ZN4mbed9DigitalInC1E7PinName)
    mbed::DigitalIn::DigitalIn__sub_object(PinName) 0x08005f61   Thumb Code     0  wifiobj.o(i._ZN4mbed9DigitalInC1E7PinName)
    mbed::DigitalIn::operator int()          0x08005f7b   Thumb Code    18  wifiobj.o(i._ZN4mbed9DigitalIncviEv)
    SimpleIn::operator int()                 0x08005f8d   Thumb Code    26  cc1101.o(i._ZN8SimpleIncviEv)
    CircularBufferEx::size() const           0x08005fa7   Thumb Code    20  wifiobj.o(i._ZNK16CircularBufferEx4sizeEv)
    CircularBufferEx::empty() const          0x08005fbb   Thumb Code    18  wifiobj.o(i._ZNK16CircularBufferEx5emptyEv)
    CircularBufferEx::front() const          0x08005fcd   Thumb Code     8  wifiobj.o(i._ZNK16CircularBufferEx5frontEv)
    CircularBufferEx::operator [](unsigned) const 0x08005fd5   Thumb Code    22  wifiobj.o(i._ZNK16CircularBufferExixEj)
    operator delete[] (void*)                0x08005feb   Thumb Code     8  array_del.o(i._ZdaPv)
    operator delete (void*)                  0x08005ff3   Thumb Code     8  delete.o(i._ZdlPv)
    operator new[] (unsigned)                0x08005ffb   Thumb Code     8  array_new.o(i._Znaj)
    operator new(unsigned)                   0x08006005   Thumb Code    36  new.o(i._Znwj)
    __0printf                                0x0800602d   Thumb Code    24  printfa.o(i.__0printf)
    __1printf                                0x0800602d   Thumb Code     0  printfa.o(i.__0printf)
    __2printf                                0x0800602d   Thumb Code     0  printfa.o(i.__0printf)
    __c89printf                              0x0800602d   Thumb Code     0  printfa.o(i.__0printf)
    printf                                   0x0800602d   Thumb Code     0  printfa.o(i.__0printf)
    __0vfprintf                              0x0800604d   Thumb Code    20  printfa.o(i.__0vfprintf)
    __1vfprintf                              0x0800604d   Thumb Code     0  printfa.o(i.__0vfprintf)
    __2vfprintf                              0x0800604d   Thumb Code     0  printfa.o(i.__0vfprintf)
    __c89vfprintf                            0x0800604d   Thumb Code     0  printfa.o(i.__0vfprintf)
    vfprintf                                 0x0800604d   Thumb Code     0  printfa.o(i.__0vfprintf)
    __0vsprintf                              0x08006065   Thumb Code    30  printfa.o(i.__0vsprintf)
    __1vsprintf                              0x08006065   Thumb Code     0  printfa.o(i.__0vsprintf)
    __2vsprintf                              0x08006065   Thumb Code     0  printfa.o(i.__0vsprintf)
    __c89vsprintf                            0x08006065   Thumb Code     0  printfa.o(i.__0vsprintf)
    vsprintf                                 0x08006065   Thumb Code     0  printfa.o(i.__0vsprintf)
    __ARM_clz                                0x08006089   Thumb Code    46  depilogue.o(i.__ARM_clz)
    __ARM_common_switch8                     0x080060b7   Thumb Code    26  main.o(i.__ARM_common_switch8)
    __aeabi_atexit                           0x080060d1   Thumb Code    44  aeabi_atexit.o(i.__aeabi_atexit)
    __aeabi_vec_ctor_nocookie_nodtor         0x080060fd   Thumb Code    34  aeabi_vec_ctor_nocookie_nodtor.o(i.__aeabi_vec_ctor_nocookie_nodtor)
    __cxa_finalize                           0x0800611f   Thumb Code    66  cxa_finalize.o(i.__cxa_finalize)
    __cxa_guard_acquire                      0x08006161   Thumb Code    18  cxa_guard_acquire.o(i.__cxa_guard_acquire)
    __cxa_pure_virtual                       0x08006173   Thumb Code    10  pure_virt.o(i.__cxa_pure_virtual)
    __scatterload_copy                       0x0800617d   Thumb Code    14  handlers.o(i.__scatterload_copy)
    __scatterload_null                       0x0800618b   Thumb Code     2  handlers.o(i.__scatterload_null)
    __scatterload_zeroinit                   0x0800618d   Thumb Code    14  handlers.o(i.__scatterload_zeroinit)
    fflush                                   0x0800619b   Thumb Code    24  fflush_f.o(i._fflush$full)
    _is_digit                                0x0800630d   Thumb Code    14  scanf_fp.o(i._is_digit)
    _sys_open                                0x08006a61   Thumb Code   210  retarget.o(i._sys_open)
    _sys_seek                                0x08006b45   Thumb Code    36  retarget.o(i._sys_seek)
    _sys_write                               0x08006b6d   Thumb Code    84  retarget.o(i._sys_write)
    error                                    0x08006bcd   Thumb Code    20  error.o(i.error)
    exit                                     0x08006be5   Thumb Code    24  retarget.o(i.exit)
    free                                     0x08006c05   Thumb Code    80  malloc.o(i.free)
    get_us_ticker_data                       0x08006c59   Thumb Code     4  us_ticker_api.o(i.get_us_ticker_data)
    gpio_dir                                 0x08006c61   Thumb Code    44  gpio_api.o(i.gpio_dir)
    gpio_init                                0x08006cad   Thumb Code    56  gpio_api.o(i.gpio_init)
    gpio_init_in                             0x08006ce5   Thumb Code    34  gpio.o(i.gpio_init_in)
    gpio_init_out                            0x08006d09   Thumb Code    56  gpio.o(i.gpio_init_out)
    gpio_init_out_ex                         0x08006d49   Thumb Code    66  gpio.o(i.gpio_init_out_ex)
    gpio_mode                                0x08006da9   Thumb Code    14  gpio_api.o(i.gpio_mode)
    malloc                                   0x08006e55   Thumb Code    92  malloc.o(i.malloc)
    mbed_assert_internal                     0x08006ec1   Thumb Code    16  assert.o(i.mbed_assert_internal)
    mbed_die                                 0x08006f05   Thumb Code    16  board.o(i.mbed_die)
    mbed_main                                0x08006f15   Thumb Code     2  retarget.o(i.mbed_main)
    mbed_sdk_init                            0x08006f17   Thumb Code    12  mbed_overrides.o(i.mbed_sdk_init)
    pin_function                             0x08006f25   Thumb Code    78  pinmap.o(i.pin_function)
    pin_mode                                 0x08006f91   Thumb Code    60  pinmap.o(i.pin_mode)
    pinmap_merge                             0x08006fe5   Thumb Code    30  pinmap_common.o(i.pinmap_merge)
    pinmap_peripheral                        0x08007019   Thumb Code    60  pinmap_common.o(i.pinmap_peripheral)
    pinmap_pinout                            0x08007075   Thumb Code    62  pinmap_common.o(i.pinmap_pinout)
    serial_baud                              0x080070c9   Thumb Code    10  serial_api.o(i.serial_baud)
    serial_getc                              0x080070d5   Thumb Code    26  serial_api.o(i.serial_getc)
    serial_init                              0x080070f5   Thumb Code   210  serial_api.o(i.serial_init)
    serial_irq_handler                       0x08007205   Thumb Code    14  serial_api.o(i.serial_irq_handler)
    serial_irq_set                           0x0800721d   Thumb Code   118  serial_api.o(i.serial_irq_set)
    serial_putc                              0x080072b1   Thumb Code    30  serial_api.o(i.serial_putc)
    serial_readable                          0x080072d5   Thumb Code    18  serial_api.o(i.serial_readable)
    serial_writable                          0x080072ed   Thumb Code    18  serial_api.o(i.serial_writable)
    spi_format                               0x08007305   Thumb Code    96  spi_api.o(i.spi_format)
    spi_frequency                            0x08007365   Thumb Code   104  spi_api.o(i.spi_frequency)
    spi_init                                 0x080073f9   Thumb Code   220  spi_api.o(i.spi_init)
    spi_master_write                         0x0800750d   Thumb Code    76  spi_api.o(i.spi_master_write)
    ticker_insert_event                      0x0800755d   Thumb Code    58  ticker_api.o(i.ticker_insert_event)
    ticker_irq_handler                       0x08007597   Thumb Code    74  ticker_api.o(i.ticker_irq_handler)
    ticker_read                              0x080075e1   Thumb Code     6  ticker_api.o(i.ticker_read)
    ticker_remove_event                      0x080075e7   Thumb Code    64  ticker_api.o(i.ticker_remove_event)
    ticker_set_handler                       0x08007627   Thumb Code    18  ticker_api.o(i.ticker_set_handler)
    us_ticker_clear_interrupt                0x080076d9   Thumb Code    22  us_ticker.o(i.us_ticker_clear_interrupt)
    us_ticker_disable_interrupt              0x080076f9   Thumb Code    16  us_ticker.o(i.us_ticker_disable_interrupt)
    us_ticker_init                           0x08007711   Thumb Code    24  us_ticker.o(i.us_ticker_init)
    us_ticker_irq_handler                    0x0800772d   Thumb Code    10  us_ticker_api.o(i.us_ticker_irq_handler)
    us_ticker_read                           0x0800773d   Thumb Code    48  us_ticker.o(i.us_ticker_read)
    us_ticker_set_interrupt                  0x08007775   Thumb Code   122  us_ticker.o(i.us_ticker_set_interrupt)
    wait_ms                                  0x08007801   Thumb Code    28  wait_api.o(i.wait_ms)
    wait_us                                  0x0800781d   Thumb Code    22  wait_api.o(i.wait_us)
    mbed::CircularBuffer<unsigned char, (unsigned)64, unsigned>::push(const unsigned char&) 0x08007833   Thumb Code    58  voice.o(t._ZN4mbed14CircularBufferIhLj64EjE4pushERKh)
    mbed::CircularBuffer<unsigned char, (unsigned)64, unsigned>::empty() 0x0800786d   Thumb Code    24  voice.o(t._ZN4mbed14CircularBufferIhLj64EjE5emptyEv)
    mbed::CircularBuffer<unsigned char, (unsigned)64, unsigned>::~CircularBuffer() 0x08007885   Thumb Code     2  voice.o(t._ZN4mbed14CircularBufferIhLj64EjED1Ev)
    mbed::CircularBuffer<unsigned char, (unsigned)64, unsigned>::~CircularBuffer__sub_object() 0x08007885   Thumb Code     0  voice.o(t._ZN4mbed14CircularBufferIhLj64EjED1Ev)
    mbed::CircularBufferA<RxTileInfo, unsigned>::~CircularBufferA() 0x08007887   Thumb Code    14  highpowerreader.o(t._ZN4mbed15CircularBufferAI10RxTileInfojED1Ev)
    mbed::CircularBufferA<RxTileInfo, unsigned>::~CircularBufferA__sub_object() 0x08007887   Thumb Code     0  highpowerreader.o(t._ZN4mbed15CircularBufferAI10RxTileInfojED1Ev)
    mbed::CircularBufferA<RxTileInfo, unsigned>::operator [](int) 0x08007895   Thumb Code    26  highpowerreader.o(t._ZN4mbed15CircularBufferAI10RxTileInfojEixEi)
    mbed::CircularBufferA<unsigned char, unsigned>::~CircularBufferA() 0x080078af   Thumb Code    14  highpowerreader.o(t._ZN4mbed15CircularBufferAIhjED1Ev)
    mbed::CircularBufferA<unsigned char, unsigned>::~CircularBufferA__sub_object() 0x080078af   Thumb Code     0  highpowerreader.o(t._ZN4mbed15CircularBufferAIhjED1Ev)
    void mbed::FunctionPointerArg1<void, void>::membercaller<BufferedSerial>(void*, unsigned*) 0x080078bd   Thumb Code    20  bufferedserial.o(t._ZN4mbed19FunctionPointerArg1IvvE12membercallerI14BufferedSerialEEvPvPj)
    void mbed::FunctionPointerArg1<void, void>::membercaller<WifiObj>(void*, unsigned*) 0x080078d1   Thumb Code    20  wifiobj.o(t._ZN4mbed19FunctionPointerArg1IvvE12membercallerI7WifiObjEEvPvPj)
    Buffer<char>::clear()                    0x080078e5   Thumb Code    18  buffer.o(t._ZN6BufferIcE5clearEv)
    Buffer<char>::Buffer(unsigned)           0x080078f7   Thumb Code    26  buffer.o(t._ZN6BufferIcEC1Ej)
    Buffer<char>::Buffer__sub_object(unsigned) 0x080078f7   Thumb Code     0  buffer.o(t._ZN6BufferIcEC1Ej)
    Buffer<char>::~Buffer()                  0x08007911   Thumb Code    14  buffer.o(t._ZN6BufferIcED1Ev)
    Buffer<char>::~Buffer__sub_object()      0x08007911   Thumb Code     0  buffer.o(t._ZN6BufferIcED1Ev)
    Buffer<char>::operator =(char)           0x0800791f   Thumb Code    30  bufferedserial.o(t._ZN6BufferIcEaSEc)
    tab_encrypt                              0x08007944   Data         512  main.o(.constdata)
    AHBPrescTable                            0x08007b7d   Data          16  system_stm32f0xx.o(.constdata)
    aAPBAHBPrescTable                        0x08007bac   Data          16  stm32f0xx_hal_rcc.o(.constdata)
    PinMap_UART_TX                           0x08007bbc   Data          48  PeripheralPins.o(.constdata)
    PinMap_UART_RX                           0x08007bec   Data          60  PeripheralPins.o(.constdata)
    PinMap_SPI_MOSI                          0x08007c28   Data          48  PeripheralPins.o(.constdata)
    PinMap_SPI_MISO                          0x08007c58   Data          48  PeripheralPins.o(.constdata)
    PinMap_SPI_SCLK                          0x08007c88   Data          48  PeripheralPins.o(.constdata)
    PinMap_SPI_SSEL                          0x08007cb8   Data          48  PeripheralPins.o(.constdata)
    __ctype_categories                       0x08007d38   Data          64  ctype_c.o(.constdata)
    vtable for BufferedSerial                0x08007d78   Data          24  bufferedserial.o(.constdata__ZTV14BufferedSerial)
    vtable for WT588D                        0x08007d90   Data          16  wt588d.o(.constdata__ZTV6WT588D)
    vtable for mbed::SerialBase              0x08007da0   Data          16  SerialBase.o(.constdata__ZTVN4mbed10SerialBaseE)
    vtable for mbed::TimerEvent              0x08007db0   Data          20  TimerEvent.o(.constdata__ZTVN4mbed10TimerEventE)
    vtable for mbed::SPI                     0x08007dc4   Data          20  SPI.o(.constdata__ZTVN4mbed3SPIE)
    vtable for mbed::Ticker                  0x08007dd8   Data          20  Ticker.o(.constdata__ZTVN4mbed6TickerE)
    vtable for mbed::Timeout                 0x08007dec   Data          20  Timeout.o(.constdata__ZTVN4mbed7TimeoutE)
    SimpleIn::SimpleIn(PinName)::string      0x08007e00   Data          33  cc1101.o(.constdata__ZZN8SimpleInC1E7PinNameEs)
    Region$$Table$$Base                      0x0800808c   Number         0  anon$$obj.o(Region$$Table)
    Region$$Table$$Limit                     0x080080ac   Number         0  anon$$obj.o(Region$$Table)
    SHT$$INIT_ARRAY$$Base                    0x080080ac   Number         0  main.o(.init_array)
    SHT$$INIT_ARRAY$$Limit                   0x080080b8   Number         0  cpp_init.o(.init_array)
    ee_dat                                   0x0803fc00   Data          14  main.o(.ARM.__AT_0x0803FC00)
    mcu_uid                                  0x1ffff7ac   Data          12  main.o(.ARM.__AT_0x1FFFF7AC)
    kFlashSizeInKBytes                       0x1ffff7cc   Data           2  main.o(.ARM.__AT_0x1FFFF7CC)
    RP_mode                                  0x200000b4   Data           1  main.o(.data)
    RP_num                                   0x200000b5   Data           1  main.o(.data)
    TotalCardNum                             0x200000b6   Data           1  main.o(.data)
    IsXPFinished                             0x200000b7   Data           1  main.o(.data)
    BP_party                                 0x200000b8   Data           1  main.o(.data)
    banker                                   0x200000b9   Data           1  main.o(.data)
    IsNavigatorOn                            0x200000ba   Data           1  main.o(.data)
    RF_rxst                                  0x200000bb   Data           1  main.o(.data)
    cardShark                                0x200000bc   Data           1  main.o(.data)
    sys_status                               0x200000bf   Data           1  main.o(.data)
    currentReader                            0x200000c0   Data           4  main.o(.data)
    C                                        0x200000c4   Data           4  main.o(.data)
    unsend_count                             0x200000c8   Data           4  main.o(.data)
    sys_count                                0x200000cc   Data           4  main.o(.data)
    wifi_uart                                0x200000e0   Data           4  main.o(.data)
    reader_uart                              0x200000e4   Data           4  main.o(.data)
    wifi                                     0x200000e8   Data           4  main.o(.data)
    led_power                                0x200000ec   Data           4  main.o(.data)
    led_X                                    0x200000f0   Data           4  main.o(.data)
    rfRst                                    0x200000f4   Data           4  main.o(.data)
    cc1101                                   0x200000f8   Data           4  main.o(.data)
    phone                                    0x200000fc   Data           4  main.o(.data)
    SystemCoreClock                          0x20000100   Data           4  system_stm32f0xx.o(.data)
    str_password                             0x20000108   Data           4  commwifi.o(.data)
    ssids                                    0x20000128   Data          32  commwifi.o(.data)
    paTable                                  0x20000148   Data           8  cc1101.o(.data)
    pvoice                                   0x20000150   Data           4  voice.o(.data)
    amp_en                                   0x20000154   Data           4  voice.o(.data)
    stdio_uart_inited                        0x20000170   Data           4  serial_api.o(.data)
    mbed::SPI::_owner                        0x20000180   Data           4  SPI.o(.data)
    oc_rem_part                              0x20000184   Data           2  us_ticker.o(.data)
    SlaveCounter                             0x2000018c   Data           4  us_ticker.o(.data)
    oc_int_part                              0x20000190   Data           4  us_ticker.o(.data)
    mbed::FileBase::_head                    0x20000194   Data           4  FileBase.o(.data)
    __microlib_freelist                      0x200001b0   Data           4  mvars.o(.data)
    __microlib_freelist_initialised          0x200001b4   Data           4  mvars.o(.data)
    reader_monitor                           0x200001b8   Data         820  main.o(.bss)
    wifi_buf                                 0x200004ec   Data         256  main.o(.bss)
    circular_wifi                            0x200005ec   Data          12  main.o(.bss)
    wifi_rst                                 0x200005f8   Data          20  main.o(.bss)
    ticker                                   0x2000060c   Data          48  main.o(.bss)
    rf_rxbuf                                 0x2000063c   Data         256  main.o(.bss)
    rf_txbuf                                 0x2000073c   Data         256  main.o(.bss)
    circular_rxbuf                           0x2000083c   Data          12  main.o(.bss)
    circular_txbuf                           0x20000848   Data          12  main.o(.bss)
    g_timer                                  0x20000854   Data          16  main.o(.bss)
    power_tmr                                0x20000864   Data          16  main.o(.bss)
    led                                      0x20000874   Data          20  main.o(.bss)
    plock                                    0x20000888   Data          20  main.o(.bss)
    reader_tmr                               0x2000089c   Data          16  main.o(.bss)
    rf_buffer                                0x200008ac   Data          64  main.o(.bss)
    RP_ovtimer                               0x200008ec   Data          16  main.o(.bss)
    lastKeyPressTmr                          0x200008fc   Data          16  main.o(.bss)
    unsend_pai                               0x20000920   Data          20  main.o(.bss)
    unsend_timer                             0x20000934   Data          16  main.o(.bss)
    voiceBuffer                              0x200009a4   Data          76  voice.o(.bss)
    speechTmr                                0x200009f0   Data          16  voice.o(.bss)
    rf_power                                 0x20000a00   Data          20  highpowerreader.o(.bss)
    rd_buffer                                0x20000a14   Data          20  highpowerreader.o(.bss)
    pFlash                                   0x20000ac8   Data          32  stm32f0xx_hal_flash.o(.bss)
    UartHandle                               0x20000ae8   Data         112  serial_api.o(.bss)
    stdio_uart                               0x20000b58   Data          28  serial_api.o(.bss)
    __stdout                                 0x20000c14   Data          20  stdout_f.o(.bss)
    __stderr                                 0x20000c28   Data          20  stderr_f.o(.bss)
    __heap_base                              0x20000c40   Data           0  startup_stm32f030x8.o(HEAP)
    Image$$RW_IRAM1$$ZI$$Limit               0x20001440   Number         0  anon$$obj.o ABSOLUTE
    __heap_limit                             0x20001c00   Number         0  startup_stm32f030x8.o ABSOLUTE
    __initial_sp                             0x20002000   Number         0  startup_stm32f030x8.o ABSOLUTE
    kMcuIdCode                               0x40015800   Data           4  main.o(.ARM.__AT_0x40015800)



==============================================================================

Memory Map of the image

  Image Entry point : 0x080000b5

  Load Region LR_IROM1 (Base: 0x08000000, Size: 0x000081bc, Max: 0x00010000, ABSOLUTE)

    Execution Region ER_IROM1 (Base: 0x08000000, Size: 0x000080b8, Max: 0x00010000, ABSOLUTE)

    Base Addr    Size         Type   Attr      Idx    E Section Name        Object

    0x08000000   0x000000b4   Data   RO         2220    RESET               startup_stm32f030x8.o
    0x080000b4   0x00000000   Code   RO         4202  * .ARM.Collect$$$$00000000  mc_p.l(entry.o)
    0x080000b4   0x00000004   Code   RO         4583    .ARM.Collect$$$$00000001  mc_p.l(entry2.o)
    0x080000b8   0x00000004   Code   RO         4586    .ARM.Collect$$$$00000004  mc_p.l(entry5.o)
    0x080000bc   0x00000004   Code   RO         4204    .ARM.Collect$$$$00000006  mc_p.l(entry6b.o)
    0x080000c0   0x00000000   Code   RO         4588    .ARM.Collect$$$$00000008  mc_p.l(entry7b.o)
    0x080000c0   0x00000004   Code   RO         4589    .ARM.Collect$$$$00000009  mc_p.l(entry8a.o)
    0x080000c4   0x00000000   Code   RO         4590    .ARM.Collect$$$$0000000A  mc_p.l(entry8b.o)
    0x080000c4   0x00000008   Code   RO         4591    .ARM.Collect$$$$0000000B  mc_p.l(entry9a.o)
    0x080000cc   0x00000000   Code   RO         4593    .ARM.Collect$$$$0000000D  mc_p.l(entry10a.o)
    0x080000cc   0x00000000   Code   RO         4595    .ARM.Collect$$$$0000000F  mc_p.l(entry11a.o)
    0x080000cc   0x00000004   Code   RO         4584    .ARM.Collect$$$$00002712  mc_p.l(entry2.o)
    0x080000d0   0x00000ecc   Code   RO            3    .text               main.o
    0x08000f9c   0x00000158   Code   RO          554    .text               system_stm32f0xx.o
    0x080010f4   0x0000082c   Code   RO          742    .text               wifiobj.o
    0x08001920   0x000001bc   Code   RO         1061    .text               wt588d.o
    0x08001adc   0x00000afc   Code   RO         1297    .text               commwifi.o
    0x080025d8   0x000001e8   Code   RO         1475    .text               bufferedserial.o
    0x080027c0   0x00000884   Code   RO         1896    .text               cc1101.o
    0x08003044   0x000001e0   Code   RO         1958    .text               voice.o
    0x08003224   0x00000450   Code   RO         2064    .text               highpowerreader.o
    0x08003674   0x00000044   Code   RO         2192    .text               cmsis_nvic.o
    0x080036b8   0x0000001c   Code   RO         2221    .text               startup_stm32f030x8.o
    0x080036d4   0x00000020   Code   RO         4238    .text               mc_p.l(initio_oe.o)
    0x080036f4   0x0000002c   Code   RO         4248    .text               mc_p.l(uidiv.o)
    0x08003720   0x00000028   Code   RO         4250    .text               mc_p.l(idiv.o)
    0x08003748   0x00000022   Code   RO         4252    .text               mc_p.l(llushr.o)
    0x0800376a   0x00000024   Code   RO         4254    .text               mc_p.l(memcpya.o)
    0x0800378e   0x00000024   Code   RO         4256    .text               mc_p.l(memseta.o)
    0x080037b2   0x0000000e   Code   RO         4260    .text               mc_p.l(strlen.o)
    0x080037c0   0x0000001c   Code   RO         4262    .text               mc_p.l(strcmp.o)
    0x080037dc   0x0000001a   Code   RO         4264    .text               mc_p.l(memcmp.o)
    0x080037f6   0x00000012   Code   RO         4266    .text               mc_p.l(strcpy.o)
    0x08003808   0x0000001e   Code   RO         4268    .text               mc_p.l(strncmp.o)
    0x08003826   0x00000002   PAD
    0x08003828   0x00000030   Code   RO         4532    .text               mc_p.l(vsscanf.o)
    0x08003858   0x0000003c   Code   RO         4534    .text               mc_p.l(__0sscanf.o)
    0x08003894   0x0000014a   Code   RO         4536    .text               mc_p.l(_scanf_int.o)
    0x080039de   0x00000002   PAD
    0x080039e0   0x00000020   Code   RO         4541    .text               mc_p.l(cpp_init.o)
    0x08003a00   0x00000008   Code   RO         4554    .text               cpprt_p.l(arm_newhandler_noexceptions.o)
    0x08003a08   0x0000002a   Code   RO         4602    .text               mc_p.l(fputc_fp.o)
    0x08003a32   0x00000060   Code   RO         4604    .text               mc_p.l(uldiv.o)
    0x08003a92   0x0000001e   Code   RO         4634    .text               mc_p.l(_chval.o)
    0x08003ab0   0x0000014a   Code   RO         4636    .text               mc_p.l(_scanf_longlong.o)
    0x08003bfa   0x000000e8   Code   RO         4638    .text               mc_p.l(_scanf_str.o)
    0x08003ce2   0x00000002   PAD
    0x08003ce4   0x0000034c   Code   RO         4640    .text               mc_p.l(scanf_fp.o)
    0x08004030   0x0000002c   Code   RO         4644    .text               mc_p.l(scanf_char.o)
    0x0800405c   0x00000044   Code   RO         4646    .text               mc_p.l(_sgetc.o)
    0x080040a0   0x00000000   Code   RO         4648    .text               mc_p.l(iusefp.o)
    0x080040a0   0x00000008   Code   RO         4650    .text               mc_p.l(cpp_dtor.o)
    0x080040a8   0x00000002   Code   RO         4653    .text               mc_p.l(cpp_final.o)
    0x080040aa   0x00000002   PAD
    0x080040ac   0x00000008   Code   RO         4655    .text               mc_p.l(cpp_memory.o)
    0x080040b4   0x00000020   Code   RO         4660    .text               mc_p.l(cpp_unwinder.o)
    0x080040d4   0x00000082   Code   RO         4663    .text               mf_p.l(fepilogue.o)
    0x08004156   0x00000002   PAD
    0x08004158   0x00000164   Code   RO         4665    .text               mf_p.l(dadd.o)
    0x080042bc   0x000000d0   Code   RO         4667    .text               mf_p.l(dmul.o)
    0x0800438c   0x000000f0   Code   RO         4669    .text               mf_p.l(ddiv.o)
    0x0800447c   0x00000040   Code   RO         4671    .text               mf_p.l(dfixul.o)
    0x080044bc   0x00000028   Code   RO         4673    .text               mf_p.l(cdrcmple.o)
    0x080044e4   0x0000001c   Code   RO         4695    .text               cpprt_p.l(arm_exceptions_terminate.o)
    0x08004500   0x00000054   Code   RO         4698    .text               cpprt_p.l(arm_exceptions_globs.o)
    0x08004554   0x00000024   Code   RO         4701    .text               mc_p.l(init.o)
    0x08004578   0x0000007a   Code   RO         4703    .text               mc_p.l(llmul.o)
    0x080045f2   0x00000020   Code   RO         4705    .text               mc_p.l(llshl.o)
    0x08004612   0x00000026   Code   RO         4707    .text               mc_p.l(llsshr.o)
    0x08004638   0x0000000e   Code   RO         4709    .text               mc_p.l(isspace_c.o)
    0x08004646   0x00000002   PAD
    0x08004648   0x00000338   Code   RO         4713    .text               mc_p.l(_scanf.o)
    0x08004980   0x000000be   Code   RO         4716    .text               mf_p.l(depilogue.o)
    0x08004a3e   0x00000002   PAD
    0x08004a40   0x0000001c   Code   RO         4720    .text               mf_p.l(dfltul.o)
    0x08004a5c   0x00000038   Code   RO         4722    .text               mf_p.l(d2f.o)
    0x08004a94   0x00000042   Code   RO         4727    .text               cpprt_p.l(arm_exceptions_mem.o)
    0x08004ad6   0x00000002   PAD
    0x08004ad8   0x00000024   Code   RO         4730    .text               mc_p.l(ctype_c.o)
    0x08004afc   0x00000010   Code   RO         2242    i.$Sub$$main        retarget.o
    0x08004b0c   0x00000008   Code   RO         3741    i.<Func1>           mbed.ar(SerialBase.o)
    0x08004b14   0x00000078   Code   RO         3355    i.FLASH_WaitForLastOperation  stm32f0xx_hal_flash.o
    0x08004b8c   0x00000014   Code   RO         3359    i.HAL_FLASH_Lock    stm32f0xx_hal_flash.o
    0x08004ba0   0x00000098   Code   RO         3364    i.HAL_FLASH_Program  stm32f0xx_hal_flash.o
    0x08004c38   0x00000024   Code   RO         3366    i.HAL_FLASH_Unlock  stm32f0xx_hal_flash.o
    0x08004c5c   0x00000158   Code   RO         2920    i.HAL_GPIO_Init     stm32f0xx_hal_gpio.o
    0x08004db4   0x0000000c   Code   RO         3052    i.HAL_GetTick       stm32f0xx_hal.o
    0x08004dc0   0x000000b8   Code   RO         3163    i.HAL_IWDG_Init     stm32f0xx_hal_iwdg.o
    0x08004e78   0x00000002   Code   RO         3164    i.HAL_IWDG_MspInit  stm32f0xx_hal_iwdg.o
    0x08004e7a   0x00000002   PAD
    0x08004e7c   0x0000007c   Code   RO         3166    i.HAL_IWDG_Start    stm32f0xx_hal_iwdg.o
    0x08004ef8   0x00000020   Code   RO         3054    i.HAL_Init          stm32f0xx_hal.o
    0x08004f18   0x00000022   Code   RO         3055    i.HAL_InitTick      stm32f0xx_hal.o
    0x08004f3a   0x00000002   Code   RO         3057    i.HAL_MspInit       stm32f0xx_hal.o
    0x08004f3c   0x00000044   Code   RO         2691    i.HAL_NVIC_SetPriority  stm32f0xx_hal_cortex.o
    0x08004f80   0x000001d4   Code   RO         3185    i.HAL_RCC_ClockConfig  stm32f0xx_hal_rcc.o
    0x08005154   0x00000078   Code   RO         3190    i.HAL_RCC_GetHCLKFreq  stm32f0xx_hal_rcc.o
    0x080051cc   0x00000084   Code   RO         3192    i.HAL_RCC_GetPCLK1Freq  stm32f0xx_hal_rcc.o
    0x08005250   0x0000007c   Code   RO         3193    i.HAL_RCC_GetSysClockFreq  stm32f0xx_hal_rcc.o
    0x080052cc   0x000003c8   Code   RO         3196    i.HAL_RCC_OscConfig  stm32f0xx_hal_rcc.o
    0x08005694   0x000000d0   Code   RO         2945    i.HAL_SPI_Init      stm32f0xx_hal_spi.o
    0x08005764   0x00000002   Code   RO         2947    i.HAL_SPI_MspInit   stm32f0xx_hal_spi.o
    0x08005766   0x00000002   PAD
    0x08005768   0x0000003c   Code   RO         2695    i.HAL_SYSTICK_Config  stm32f0xx_hal_cortex.o
    0x080057a4   0x0000006e   Code   RO         3442    i.HAL_UART_Init     stm32f0xx_hal_uart.o
    0x08005812   0x00000002   Code   RO         3444    i.HAL_UART_MspInit  stm32f0xx_hal_uart.o
    0x08005814   0x000000c0   Code   RO         3938    i.Set_GPIO_Clock    mbed.ar(pinmap.o)
    0x080058d4   0x000000cc   Code   RO         3455    i.UART_AdvFeatureConfig  stm32f0xx_hal_uart.o
    0x080059a0   0x0000014c   Code   RO         3464    i.UART_SetConfig    stm32f0xx_hal_uart.o
    0x08005aec   0x00000024   Code   RO          783    i._ZN16CircularBufferEx11erase_beginEj  wifiobj.o
    0x08005b10   0x00000012   Code   RO          789    i._ZN16CircularBufferEx9pop_frontEv  wifiobj.o
    0x08005b22   0x0000000c   Code   RO           72    i._ZN16CircularBufferExC1EPhi  main.o
    0x08005b2e   0x00000012   Code   RO           60    i._ZN4mbed10DigitalOut4readEv  main.o
    0x08005b40   0x0000001a   Code   RO           66    i._ZN4mbed10DigitalOutC1E7PinName  main.o
    0x08005b5a   0x00000012   Code   RO           54    i._ZN4mbed10DigitalOutaSEi  main.o
    0x08005b6c   0x0000000a   Code   RO         3742    i._ZN4mbed10SerialBase10_base_getcEv  mbed.ar(SerialBase.o)
    0x08005b76   0x0000002e   Code   RO         3745    i._ZN4mbed10SerialBase12_irq_handlerEj9SerialIrq  mbed.ar(SerialBase.o)
    0x08005ba4   0x00000010   Code   RO         3746    i._ZN4mbed10SerialBase4baudEi  mbed.ar(SerialBase.o)
    0x08005bb4   0x0000002c   Code   RO         3747    i._ZN4mbed10SerialBase6attachEPFvvENS0_7IrqTypeE  mbed.ar(SerialBase.o)
    0x08005be0   0x0000000a   Code   RO         3749    i._ZN4mbed10SerialBase8readableEv  mbed.ar(SerialBase.o)
    0x08005bea   0x00000002   PAD
    0x08005bec   0x00000054   Code   RO         3751    i._ZN4mbed10SerialBaseC1E7PinNameS1_  mbed.ar(SerialBase.o)
    0x08005c40   0x00000006   Code   RO         3863    i._ZN4mbed10TimerEvent3irqEj  mbed.ar(TimerEvent.o)
    0x08005c46   0x00000012   Code   RO         3864    i._ZN4mbed10TimerEvent6insertEj  mbed.ar(TimerEvent.o)
    0x08005c58   0x0000000e   Code   RO         3865    i._ZN4mbed10TimerEvent6removeEv  mbed.ar(TimerEvent.o)
    0x08005c66   0x00000002   PAD
    0x08005c68   0x00000028   Code   RO         3867    i._ZN4mbed10TimerEventC2Ev  mbed.ar(TimerEvent.o)
    0x08005c90   0x00000018   Code   RO         3869    i._ZN4mbed10TimerEventD2Ev  mbed.ar(TimerEvent.o)
    0x08005ca8   0x00000034   Code   RO         3711    i._ZN4mbed3SPI5writeEi  mbed.ar(SPI.o)
    0x08005cdc   0x00000024   Code   RO         3713    i._ZN4mbed3SPI6formatEii  mbed.ar(SPI.o)
    0x08005d00   0x00000028   Code   RO         3714    i._ZN4mbed3SPI9frequencyEi  mbed.ar(SPI.o)
    0x08005d28   0x00000050   Code   RO         3715    i._ZN4mbed3SPIC1E7PinNameS1_S1_S1_  mbed.ar(SPI.o)
    0x08005d78   0x00000012   Code   RO         3831    i._ZN4mbed5Timer5resetEv  mbed.ar(Timer.o)
    0x08005d8a   0x00000018   Code   RO         3832    i._ZN4mbed5Timer5startEv  mbed.ar(Timer.o)
    0x08005da2   0x00000022   Code   RO         3833    i._ZN4mbed5Timer7read_msEv  mbed.ar(Timer.o)
    0x08005dc4   0x0000001e   Code   RO         3837    i._ZN4mbed5TimerC1Ev  mbed.ar(Timer.o)
    0x08005de2   0x0000001e   Code   RO         3806    i._ZN4mbed6Ticker5setupEj  mbed.ar(Ticker.o)
    0x08005e00   0x00000010   Code   RO         3807    i._ZN4mbed6Ticker6detachEv  mbed.ar(Ticker.o)
    0x08005e10   0x0000002e   Code   RO         3808    i._ZN4mbed6Ticker7handlerEv  mbed.ar(Ticker.o)
    0x08005e3e   0x00000002   PAD
    0x08005e40   0x00000020   Code   RO         3819    i._ZN4mbed6TickerD1Ev  mbed.ar(Ticker.o)
    0x08005e60   0x0000001c   Code   RO         3789    i._ZN4mbed7Timeout7handlerEv  mbed.ar(Timeout.o)
    0x08005e7c   0x00000004   Code   RO         3994    i._ZN4mbed8FileBase11getPathTypeEv  mbed.ar(FileBase.o)
    0x08005e80   0x0000003c   Code   RO         3996    i._ZN4mbed8FileBase6lookupEPKcj  mbed.ar(FileBase.o)
    0x08005ebc   0x0000001a   Code   RO         3626    i._ZN4mbed8FilePath10fileSystemEv  mbed.ar(FilePath.o)
    0x08005ed6   0x00000020   Code   RO         3628    i._ZN4mbed8FilePath4fileEv  mbed.ar(FilePath.o)
    0x08005ef6   0x0000000a   Code   RO         3629    i._ZN4mbed8FilePath6existsEv  mbed.ar(FilePath.o)
    0x08005f00   0x00000018   Code   RO         3630    i._ZN4mbed8FilePath6isFileEv  mbed.ar(FilePath.o)
    0x08005f18   0x00000004   Code   RO         3631    i._ZN4mbed8FilePath8fileNameEv  mbed.ar(FilePath.o)
    0x08005f1c   0x00000044   Code   RO         3632    i._ZN4mbed8FilePathC1EPKc  mbed.ar(FilePath.o)
    0x08005f60   0x0000001a   Code   RO          801    i._ZN4mbed9DigitalInC1E7PinName  wifiobj.o
    0x08005f7a   0x00000012   Code   RO          807    i._ZN4mbed9DigitalIncviEv  wifiobj.o
    0x08005f8c   0x0000001a   Code   RO         1915    i._ZN8SimpleIncviEv  cc1101.o
    0x08005fa6   0x00000014   Code   RO          759    i._ZNK16CircularBufferEx4sizeEv  wifiobj.o
    0x08005fba   0x00000012   Code   RO          771    i._ZNK16CircularBufferEx5emptyEv  wifiobj.o
    0x08005fcc   0x00000008   Code   RO          765    i._ZNK16CircularBufferEx5frontEv  wifiobj.o
    0x08005fd4   0x00000016   Code   RO          777    i._ZNK16CircularBufferExixEj  wifiobj.o
    0x08005fea   0x00000008   Code   RO         4067    i._ZdaPv            cpprt_p.l(array_del.o)
    0x08005ff2   0x00000008   Code   RO         4074    i._ZdlPv            cpprt_p.l(delete.o)
    0x08005ffa   0x00000008   Code   RO         4070    i._Znaj             cpprt_p.l(array_new.o)
    0x08006002   0x00000002   PAD
    0x08006004   0x00000028   Code   RO         4077    i._Znwj             cpprt_p.l(new.o)
    0x0800602c   0x00000020   Code   RO         4505    i.__0printf         mc_p.l(printfa.o)
    0x0800604c   0x00000018   Code   RO         4508    i.__0vfprintf       mc_p.l(printfa.o)
    0x08006064   0x00000024   Code   RO         4511    i.__0vsprintf       mc_p.l(printfa.o)
    0x08006088   0x0000002e   Code   RO         4718    i.__ARM_clz         mf_p.l(depilogue.o)
    0x080060b6   0x0000001a   Code   RO           84    i.__ARM_common_switch8  main.o
    0x080060d0   0x0000002c   Code   RO         4196    i.__aeabi_atexit    cpprt_p.l(aeabi_atexit.o)
    0x080060fc   0x00000022   Code   RO         4199    i.__aeabi_vec_ctor_nocookie_nodtor  cpprt_p.l(aeabi_vec_ctor_nocookie_nodtor.o)
    0x0800611e   0x00000042   Code   RO         4567    i.__cxa_finalize    cpprt_p.l(cxa_finalize.o)
    0x08006160   0x00000012   Code   RO         4084    i.__cxa_guard_acquire  cpprt_p.l(cxa_guard_acquire.o)
    0x08006172   0x0000000a   Code   RO         4081    i.__cxa_pure_virtual  cpprt_p.l(pure_virt.o)
    0x0800617c   0x0000000e   Code   RO         4736    i.__scatterload_copy  mc_p.l(handlers.o)
    0x0800618a   0x00000002   Code   RO         4737    i.__scatterload_null  mc_p.l(handlers.o)
    0x0800618c   0x0000000e   Code   RO         4738    i.__scatterload_zeroinit  mc_p.l(handlers.o)
    0x0800619a   0x00000018   Code   RO         4236    i._fflush$full      mc_p.l(fflush_f.o)
    0x080061b2   0x00000002   PAD
    0x080061b4   0x00000158   Code   RO         4512    i._fp_digits        mc_p.l(printfa.o)
    0x0800630c   0x0000000e   Code   RO         4642    i._is_digit         mc_p.l(scanf_fp.o)
    0x0800631a   0x00000002   PAD
    0x0800631c   0x000006ec   Code   RO         4513    i._printf_core      mc_p.l(printfa.o)
    0x08006a08   0x00000020   Code   RO         4514    i._printf_post_padding  mc_p.l(printfa.o)
    0x08006a28   0x0000002c   Code   RO         4515    i._printf_pre_padding  mc_p.l(printfa.o)
    0x08006a54   0x0000000a   Code   RO         4517    i._sputc            mc_p.l(printfa.o)
    0x08006a5e   0x00000002   PAD
    0x08006a60   0x000000e4   Code   RO         2253    i._sys_open         retarget.o
    0x08006b44   0x00000028   Code   RO         2255    i._sys_seek         retarget.o
    0x08006b6c   0x00000060   Code   RO         2256    i._sys_write        retarget.o
    0x08006bcc   0x00000018   Code   RO         3893    i.error             mbed.ar(error.o)
    0x08006be4   0x00000020   Code   RO         2258    i.exit              retarget.o
    0x08006c04   0x00000054   Code   RO         4606    i.free              mc_p.l(malloc.o)
    0x08006c58   0x00000008   Code   RO         4058    i.get_us_ticker_data  mbed.ar(us_ticker_api.o)
    0x08006c60   0x0000004c   Code   RO         3572    i.gpio_dir          mbed.ar(gpio_api.o)
    0x08006cac   0x00000038   Code   RO         3573    i.gpio_init         mbed.ar(gpio_api.o)
    0x08006ce4   0x00000022   Code   RO         3899    i.gpio_init_in      mbed.ar(gpio.o)
    0x08006d06   0x00000002   PAD
    0x08006d08   0x00000040   Code   RO         3902    i.gpio_init_out     mbed.ar(gpio.o)
    0x08006d48   0x00000060   Code   RO         3903    i.gpio_init_out_ex  mbed.ar(gpio.o)
    0x08006da8   0x0000000e   Code   RO         3574    i.gpio_mode         mbed.ar(gpio_api.o)
    0x08006db6   0x00000002   PAD
    0x08006db8   0x0000004c   Code   RO         3968    i.init_spi          mbed.ar(spi_api.o)
    0x08006e04   0x00000050   Code   RO         3585    i.init_uart         mbed.ar(serial_api.o)
    0x08006e54   0x0000006c   Code   RO         4607    i.malloc            mc_p.l(malloc.o)
    0x08006ec0   0x00000044   Code   RO         4022    i.mbed_assert_internal  mbed.ar(assert.o)
    0x08006f04   0x00000010   Code   RO         2227    i.mbed_die          board.o
    0x08006f14   0x00000002   Code   RO         2259    i.mbed_main         retarget.o
    0x08006f16   0x0000000c   Code   RO         2233    i.mbed_sdk_init     mbed_overrides.o
    0x08006f22   0x00000002   PAD
    0x08006f24   0x0000006c   Code   RO         3939    i.pin_function      mbed.ar(pinmap.o)
    0x08006f90   0x00000054   Code   RO         3940    i.pin_mode          mbed.ar(pinmap.o)
    0x08006fe4   0x00000034   Code   RO         4029    i.pinmap_merge      mbed.ar(pinmap_common.o)
    0x08007018   0x0000005c   Code   RO         4030    i.pinmap_peripheral  mbed.ar(pinmap_common.o)
    0x08007074   0x00000054   Code   RO         4031    i.pinmap_pinout     mbed.ar(pinmap_common.o)
    0x080070c8   0x0000000a   Code   RO         3586    i.serial_baud       mbed.ar(serial_api.o)
    0x080070d2   0x00000002   PAD
    0x080070d4   0x00000020   Code   RO         3592    i.serial_getc       mbed.ar(serial_api.o)
    0x080070f4   0x00000110   Code   RO         3593    i.serial_init       mbed.ar(serial_api.o)
    0x08007204   0x00000018   Code   RO         3594    i.serial_irq_handler  mbed.ar(serial_api.o)
    0x0800721c   0x00000094   Code   RO         3595    i.serial_irq_set    mbed.ar(serial_api.o)
    0x080072b0   0x00000024   Code   RO         3597    i.serial_putc       mbed.ar(serial_api.o)
    0x080072d4   0x00000018   Code   RO         3598    i.serial_readable   mbed.ar(serial_api.o)
    0x080072ec   0x00000018   Code   RO         3599    i.serial_writable   mbed.ar(serial_api.o)
    0x08007304   0x00000060   Code   RO         3970    i.spi_format        mbed.ar(spi_api.o)
    0x08007364   0x00000094   Code   RO         3972    i.spi_frequency     mbed.ar(spi_api.o)
    0x080073f8   0x00000114   Code   RO         3973    i.spi_init          mbed.ar(spi_api.o)
    0x0800750c   0x00000050   Code   RO         3974    i.spi_master_write  mbed.ar(spi_api.o)
    0x0800755c   0x0000003a   Code   RO         4043    i.ticker_insert_event  mbed.ar(ticker_api.o)
    0x08007596   0x0000004a   Code   RO         4044    i.ticker_irq_handler  mbed.ar(ticker_api.o)
    0x080075e0   0x00000006   Code   RO         4045    i.ticker_read       mbed.ar(ticker_api.o)
    0x080075e6   0x00000040   Code   RO         4046    i.ticker_remove_event  mbed.ar(ticker_api.o)
    0x08007626   0x00000012   Code   RO         4047    i.ticker_set_handler  mbed.ar(ticker_api.o)
    0x08007638   0x00000050   Code   RO         3600    i.uart1_irq         mbed.ar(serial_api.o)
    0x08007688   0x00000050   Code   RO         3601    i.uart2_irq         mbed.ar(serial_api.o)
    0x080076d8   0x00000020   Code   RO         3951    i.us_ticker_clear_interrupt  mbed.ar(us_ticker.o)
    0x080076f8   0x00000018   Code   RO         3952    i.us_ticker_disable_interrupt  mbed.ar(us_ticker.o)
    0x08007710   0x0000001c   Code   RO         3953    i.us_ticker_init    mbed.ar(us_ticker.o)
    0x0800772c   0x00000010   Code   RO         4059    i.us_ticker_irq_handler  mbed.ar(us_ticker_api.o)
    0x0800773c   0x00000038   Code   RO         3954    i.us_ticker_read    mbed.ar(us_ticker.o)
    0x08007774   0x0000008c   Code   RO         3955    i.us_ticker_set_interrupt  mbed.ar(us_ticker.o)
    0x08007800   0x0000001c   Code   RO         3915    i.wait_ms           mbed.ar(wait_api.o)
    0x0800781c   0x00000016   Code   RO         3916    i.wait_us           mbed.ar(wait_api.o)
    0x08007832   0x0000003a   Code   RO         1979    t._ZN4mbed14CircularBufferIhLj64EjE4pushERKh  voice.o
    0x0800786c   0x00000018   Code   RO         1985    t._ZN4mbed14CircularBufferIhLj64EjE5emptyEv  voice.o
    0x08007884   0x00000002   Code   RO         1991    t._ZN4mbed14CircularBufferIhLj64EjED1Ev  voice.o
    0x08007886   0x0000000e   Code   RO         2098    t._ZN4mbed15CircularBufferAI10RxTileInfojED1Ev  highpowerreader.o
    0x08007894   0x0000001a   Code   RO         2086    t._ZN4mbed15CircularBufferAI10RxTileInfojEixEi  highpowerreader.o
    0x080078ae   0x0000000e   Code   RO         2092    t._ZN4mbed15CircularBufferAIhjED1Ev  highpowerreader.o
    0x080078bc   0x00000014   Code   RO         1500    t._ZN4mbed19FunctionPointerArg1IvvE12membercallerI14BufferedSerialEEvPvPj  bufferedserial.o
    0x080078d0   0x00000014   Code   RO          795    t._ZN4mbed19FunctionPointerArg1IvvE12membercallerI7WifiObjEEvPvPj  wifiobj.o
    0x080078e4   0x00000012   Code   RO         1811    t._ZN6BufferIcE5clearEv  buffer.o
    0x080078f6   0x0000001a   Code   RO         1817    t._ZN6BufferIcEC1Ej  buffer.o
    0x08007910   0x0000000e   Code   RO         1829    t._ZN6BufferIcED1Ev  buffer.o
    0x0800791e   0x0000001e   Code   RO         1494    t._ZN6BufferIcEaSEc  bufferedserial.o
    0x0800793c   0x00000004   Data   RO           13    .constdata          main.o
    0x08007940   0x0000023d   Data   RO           14    .constdata          main.o
    0x08007b7d   0x00000010   Data   RO          555    .constdata          system_stm32f0xx.o
    0x08007b8d   0x00000003   PAD
    0x08007b90   0x00000014   Data   RO          744    .constdata          wifiobj.o
    0x08007ba4   0x00000008   Data   RO         1477    .constdata          bufferedserial.o
    0x08007bac   0x00000010   Data   RO         3197    .constdata          stm32f0xx_hal_rcc.o
    0x08007bbc   0x00000030   Data   RO         3928    .constdata          mbed.ar(PeripheralPins.o)
    0x08007bec   0x0000003c   Data   RO         3929    .constdata          mbed.ar(PeripheralPins.o)
    0x08007c28   0x00000030   Data   RO         3930    .constdata          mbed.ar(PeripheralPins.o)
    0x08007c58   0x00000030   Data   RO         3931    .constdata          mbed.ar(PeripheralPins.o)
    0x08007c88   0x00000030   Data   RO         3932    .constdata          mbed.ar(PeripheralPins.o)
    0x08007cb8   0x00000030   Data   RO         3933    .constdata          mbed.ar(PeripheralPins.o)
    0x08007ce8   0x00000034   Data   RO         3941    .constdata          mbed.ar(pinmap.o)
    0x08007d1c   0x00000014   Data   RO         4060    .constdata          mbed.ar(us_ticker_api.o)
    0x08007d30   0x00000008   Data   RO         4061    .constdata          mbed.ar(us_ticker_api.o)
    0x08007d38   0x00000040   Data   RO         4731    .constdata          mc_p.l(ctype_c.o)
    0x08007d78   0x00000018   Data   RO         1493    .constdata__ZTV14BufferedSerial  bufferedserial.o
    0x08007d90   0x00000010   Data   RO         1077    .constdata__ZTV6WT588D  wt588d.o
    0x08007da0   0x00000010   Data   RO         3777    .constdata__ZTVN4mbed10SerialBaseE  mbed.ar(SerialBase.o)
    0x08007db0   0x00000014   Data   RO         3888    .constdata__ZTVN4mbed10TimerEventE  mbed.ar(TimerEvent.o)
    0x08007dc4   0x00000014   Data   RO         3730    .constdata__ZTVN4mbed3SPIE  mbed.ar(SPI.o)
    0x08007dd8   0x00000014   Data   RO         3818    .constdata__ZTVN4mbed6TickerE  mbed.ar(Ticker.o)
    0x08007dec   0x00000014   Data   RO         3795    .constdata__ZTVN4mbed7TimeoutE  mbed.ar(Timeout.o)
    0x08007e00   0x00000021   Data   RO         1914    .constdata__ZZN8SimpleInC1E7PinNameEs  cc1101.o
    0x08007e21   0x00000003   PAD
    0x08007e24   0x0000000f   Data   RO          745    .conststring        wifiobj.o
    0x08007e33   0x00000001   PAD
    0x08007e34   0x0000004a   Data   RO         1300    .conststring        commwifi.o
    0x08007e7e   0x00000002   PAD
    0x08007e80   0x00000066   Data   RO         3576    .conststring        mbed.ar(gpio_api.o)
    0x08007ee6   0x00000002   PAD
    0x08007ee8   0x00000068   Data   RO         3603    .conststring        mbed.ar(serial_api.o)
    0x08007f50   0x0000006e   Data   RO         3904    .conststring        mbed.ar(gpio.o)
    0x08007fbe   0x00000002   PAD
    0x08007fc0   0x00000064   Data   RO         3942    .conststring        mbed.ar(pinmap.o)
    0x08008024   0x00000065   Data   RO         3979    .conststring        mbed.ar(spi_api.o)
    0x08008089   0x00000003   PAD
    0x0800808c   0x00000020   Data   RO         4735    Region$$Table       anon$$obj.o
    0x080080ac   0x00000004   Data   RO           36    .init_array         main.o
    0x080080b0   0x00000004   Data   RO         1962    .init_array         voice.o
    0x080080b4   0x00000004   Data   RO         2069    .init_array         highpowerreader.o
    0x080080b8   0x00000000   Data   RO         4539    .init_array         mc_p.l(cpp_init.o)


    Execution Region RW_IRAM1 (Base: 0x200000b4, Size: 0x0000138c, Max: 0x00001f4c, ABSOLUTE)

    Base Addr    Size         Type   Attr      Idx    E Section Name        Object

    0x200000b4   0x0000004c   Data   RW           17    .data               main.o
    0x20000100   0x00000004   Data   RW          556    .data               system_stm32f0xx.o
    0x20000104   0x00000044   Data   RW         1303    .data               commwifi.o
    0x20000148   0x00000008   Data   RW         1898    .data               cc1101.o
    0x20000150   0x00000008   Data   RW         1961    .data               voice.o
    0x20000158   0x00000010   Data   RW         2068    .data               highpowerreader.o
    0x20000168   0x00000004   Data   RW         2304    .data               retarget.o
    0x2000016c   0x00000004   Data   RW         3060    .data               stm32f0xx_hal.o
    0x20000170   0x00000010   Data   RW         3604    .data               mbed.ar(serial_api.o)
    0x20000180   0x00000004   Data   RW         3721    .data               mbed.ar(SPI.o)
    0x20000184   0x00000010   Data   RW         3957    .data               mbed.ar(us_ticker.o)
    0x20000194   0x00000004   Data   RW         4008    .data               mbed.ar(FileBase.o)
    0x20000198   0x00000008   Data   RW         4062    .data               mbed.ar(us_ticker_api.o)
    0x200001a0   0x00000004   Data   RW         4651    .data               mc_p.l(cpp_dtor.o)
    0x200001a4   0x00000004   Data   RW         4656    .data               mc_p.l(cpp_memory.o)
    0x200001a8   0x00000008   Data   RW         4661    .data               mc_p.l(cpp_unwinder.o)
    0x200001b0   0x00000004   Data   RW         4711    .data               mc_p.l(mvars.o)
    0x200001b4   0x00000004   Data   RW         4712    .data               mc_p.l(mvars.o)
    0x200001b8   0x000007ac   Zero   RW            9    .bss                main.o
    0x20000964   0x00000020   Zero   RW           12    .bss                main.o
    0x20000984   0x00000020   Zero   RW         1299    .bss                commwifi.o
    0x200009a4   0x0000005c   Zero   RW         1960    .bss                voice.o
    0x20000a00   0x00000068   Zero   RW         2066    .bss                highpowerreader.o
    0x20000a68   0x00000020   Zero   RW         2067    .bss                highpowerreader.o
    0x20000a88   0x00000040   Zero   RW         2300    .bss                retarget.o
    0x20000ac8   0x00000020   Zero   RW         3367    .bss                stm32f0xx_hal_flash.o
    0x20000ae8   0x0000008c   Zero   RW         3602    .bss                mbed.ar(serial_api.o)
    0x20000b74   0x0000003c   Zero   RW         3956    .bss                mbed.ar(us_ticker.o)
    0x20000bb0   0x00000064   Zero   RW         3978    .bss                mbed.ar(spi_api.o)
    0x20000c14   0x00000014   Zero   RW         4246    .bss                mc_p.l(stdout_f.o)
    0x20000c28   0x00000014   Zero   RW         4247    .bss                mc_p.l(stderr_f.o)
    0x20000c3c   0x00000004   PAD
    0x20000c40   0x00000800   Zero   RW         2219    HEAP                startup_stm32f030x8.o



  Load Region LR$$.ARM.__AT_0x0803FC00 (Base: 0x0803fc00, Size: 0x00000000, Max: 0x00000010, ABSOLUTE)

    Execution Region ER$$.ARM.__AT_0x0803FC00 (Base: 0x0803fc00, Size: 0x00000010, Max: 0x00000010, ABSOLUTE, UNINIT)

    Base Addr    Size         Type   Attr      Idx    E Section Name        Object

    0x0803fc00   0x0000000e   Zero   RW            4    .ARM.__AT_0x0803FC00  main.o



  Load Region LR$$.ARM.__AT_0x1FFFF7AC (Base: 0x1ffff7ac, Size: 0x00000000, Max: 0x0000000c, ABSOLUTE)

    Execution Region ER$$.ARM.__AT_0x1FFFF7AC (Base: 0x1ffff7ac, Size: 0x0000000c, Max: 0x0000000c, ABSOLUTE, UNINIT)

    Base Addr    Size         Type   Attr      Idx    E Section Name        Object

    0x1ffff7ac   0x0000000c   Zero   RW            5    .ARM.__AT_0x1FFFF7AC  main.o



  Load Region LR$$.ARM.__AT_0x1FFFF7CC (Base: 0x1ffff7cc, Size: 0x00000000, Max: 0x00000004, ABSOLUTE)

    Execution Region ER$$.ARM.__AT_0x1FFFF7CC (Base: 0x1ffff7cc, Size: 0x00000004, Max: 0x00000004, ABSOLUTE, UNINIT)

    Base Addr    Size         Type   Attr      Idx    E Section Name        Object

    0x1ffff7cc   0x00000002   Zero   RW            6    .ARM.__AT_0x1FFFF7CC  main.o



  Load Region LR$$.ARM.__AT_0x40015800 (Base: 0x40015800, Size: 0x00000000, Max: 0x00000004, ABSOLUTE)

    Execution Region ER$$.ARM.__AT_0x40015800 (Base: 0x40015800, Size: 0x00000004, Max: 0x00000004, ABSOLUTE, UNINIT)

    Base Addr    Size         Type   Attr      Idx    E Section Name        Object

    0x40015800   0x00000004   Zero   RW            7    .ARM.__AT_0x40015800  main.o


==============================================================================

Image component sizes


      Code (inc. data)   RO Data    RW Data    ZI Data      Debug   Object Name

        16          0          0          0          0         64   board.o
        58          0          0          0          0       3028   buffer.o
       538         12         32          0          0      10588   bufferedserial.o
      2206         30         33          8          0      16126   cc1101.o
        68         10          0          0          0       1296   cmsis_nvic.o
      2812        318         74         68         32      29265   commwifi.o
      1158         54          4         16        136      15313   highpowerreader.o
      3888        288        581         76       2028     165150   main.o
        12          0          0          0          0         68   mbed_overrides.o
       414         42          0          4         64        416   retarget.o
        28          8        180          0       2048        568   startup_stm32f030x8.o
        80         12          0          4          0        256   stm32f0xx_hal.o
       128         22          0          0          0        136   stm32f0xx_hal_cortex.o
       328         42          0          0         32        284   stm32f0xx_hal_flash.o
       344         26          0          0          0         84   stm32f0xx_hal_gpio.o
       310         24          0          0          0        208   stm32f0xx_hal_iwdg.o
      1812        128         16          0          0        384   stm32f0xx_hal_rcc.o
       210          4          0          0          0        136   stm32f0xx_hal_spi.o
       648         26          0          0          0        280   stm32f0xx_hal_uart.o
       344         28         16          4          0     121683   system_stm32f0xx.o
       564         16          4          8         92      10121   voice.o
      2278        246         35          0          0     121952   wifiobj.o
       444         14         16          0          0     103364   wt588d.o

    ----------------------------------------------------------------------
     18694       1350       1032        188       4436     600770   Object Totals
         0          0         32          0          0          0   (incl. Generated)
         6          0          9          0          4          0   (incl. Padding)

    ----------------------------------------------------------------------

      Code (inc. data)   RO Data    RW Data    ZI Data      Debug   Library Member Name

        44          0          0          0          0         76   aeabi_atexit.o
        34          0          0          0          0         80   aeabi_vec_ctor_nocookie_nodtor.o
        84         12          0          0          0         96   arm_exceptions_globs.o
        66          0          0          0          0        100   arm_exceptions_mem.o
        28          0          0          0          0         68   arm_exceptions_terminate.o
         8          0          0          0          0         68   arm_newhandler_noexceptions.o
         8          0          0          0          0         68   array_del.o
         8          0          0          0          0         68   array_new.o
        66          0          0          0          0         76   cxa_finalize.o
        18          0          0          0          0         60   cxa_guard_acquire.o
         8          0          0          0          0         68   delete.o
        40          4          0          0          0         68   new.o
        10          0          0          0          0         68   pure_virt.o
        64          4          0          4          0        132   FileBase.o
       164          0          0          0          0        392   FilePath.o
         0          0        300          0          0          0   PeripheralPins.o
       208         24         20          4          0        292   SPI.o
       218         12         16          0          0        496   SerialBase.o
       124          4         20          0          0        276   Ticker.o
        28          0         20          0          0         60   Timeout.o
       106          0          0          0          0        276   Timer.o
       102         12         20          0          0        332   TimerEvent.o
        68         52          0          0          0         68   assert.o
        24          4          0          0          0         72   error.o
       194         38        110          0          0        220   gpio.o
       146         32        102          0          0        212   gpio_api.o
       384        118        152          0          0        224   pinmap.o
       228         76          0          0          0        204   pinmap_common.o
       810        164        104         16        140        752   serial_api.o
       676        110        101          0        100        372   spi_api.o
       220          0          0          0          0        340   ticker_api.o
       280         48          0         16         60        332   us_ticker.o
        24         10         28          8          0        128   us_ticker_api.o
        50          0          0          0          0        144   wait_api.o
        60         10          0          0          0         84   __0sscanf.o
        30          0          0          0          0         60   _chval.o
       824         12          0          0          0         84   _scanf.o
       330          0          0          0          0         84   _scanf_int.o
       330          0          0          0          0         84   _scanf_longlong.o
       232          0          0          0          0         84   _scanf_str.o
        68          0          0          0          0         76   _sgetc.o
         8          4          0          4          0         60   cpp_dtor.o
         2          0          0          0          0         60   cpp_final.o
        32         10          0          0          0         72   cpp_init.o
         8          4          0          4          0         60   cpp_memory.o
        32          6          0          8          0        228   cpp_unwinder.o
        36          4         64          0          0         60   ctype_c.o
         0          0          0          0          0          0   entry.o
         0          0          0          0          0          0   entry10a.o
         0          0          0          0          0          0   entry11a.o
         8          4          0          0          0          0   entry2.o
         4          0          0          0          0          0   entry5.o
         4          0          0          0          0          0   entry6b.o
         0          0          0          0          0          0   entry7b.o
         4          0          0          0          0          0   entry8a.o
         0          0          0          0          0          0   entry8b.o
         8          4          0          0          0          0   entry9a.o
        24          0          0          0          0         68   fflush_f.o
        42          0          0          0          0         72   fputc_fp.o
        30          0          0          0          0          0   handlers.o
        40          0          0          0          0         72   idiv.o
        36          8          0          0          0         68   init.o
        32         12          0          0          0         64   initio_oe.o
        14          0          0          0          0         68   isspace_c.o
         0          0          0          0          0          0   iusefp.o
       122          0          0          0          0         84   llmul.o
        32          0          0          0          0         68   llshl.o
        38          0          0          0          0         68   llsshr.o
        34          0          0          0          0         68   llushr.o
       192         20          0          0          0        144   malloc.o
        26          0          0          0          0         72   memcmp.o
        36          0          0          0          0         60   memcpya.o
        36          0          0          0          0        100   memseta.o
         0          0          0          8          0          0   mvars.o
      2294        108          0          0          0        616   printfa.o
        44          8          0          0          0         84   scanf_char.o
       858         12          0          0          0        184   scanf_fp.o
         0          0          0          0         20          0   stderr_f.o
         0          0          0          0         20          0   stdout_f.o
        28          0          0          0          0         68   strcmp.o
        18          0          0          0          0         60   strcpy.o
        14          0          0          0          0         60   strlen.o
        30          0          0          0          0         72   strncmp.o
        44          0          0          0          0         72   uidiv.o
        96          0          0          0          0         84   uldiv.o
        48          8          0          0          0         72   vsscanf.o
        40          2          0          0          0         68   cdrcmple.o
        56          0          0          0          0         68   d2f.o
       356          4          0          0          0        140   dadd.o
       240          6          0          0          0         84   ddiv.o
       236          0          0          0          0        216   depilogue.o
        64         10          0          0          0         68   dfixul.o
        28          6          0          0          0         68   dfltul.o
       208          6          0          0          0         88   dmul.o
       130          0          0          0          0        144   fepilogue.o

    ----------------------------------------------------------------------
     12162        992       1064         72        344      10776   Library Totals
        36          0          7          0          4          0   (incl. Padding)

    ----------------------------------------------------------------------

      Code (inc. data)   RO Data    RW Data    ZI Data      Debug   Library Name

       422         16          0          0          0        964   cpprt_p.l
      4118        708        993         48        300       5324   mbed.ar
      6228        234         64         24         40       3544   mc_p.l
      1358         34          0          0          0        944   mf_p.l

    ----------------------------------------------------------------------
     12162        992       1064         72        344      10776   Library Totals

    ----------------------------------------------------------------------

==============================================================================


      Code (inc. data)   RO Data    RW Data    ZI Data      Debug   

     30856       2342       2096        260       4780     601966   Grand Totals
     30856       2342       2096        260       4780     601966   ELF Image Totals
     30856       2342       2096        260          0          0   ROM Totals

==============================================================================

    Total RO  Size (Code + RO Data)                32952 (  32.18kB)
    Total RW  Size (RW Data + ZI Data)              5040 (   4.92kB)
    Total ROM Size (Code + RO Data + RW Data)      33212 (  32.43kB)

==============================================================================

