Component: ARM Compiler 5.06 update 1 (build 61) Tool: armlink [4d35a8]

==============================================================================

Section Cross References

    board.o(i.mbed_die) refers to wait_api.o(i.wait_ms) for wait_ms
    hal_tick.o(i.HAL_InitTick) refers to system_stm32f0xx.o(i.SystemCoreClockUpdate) for SystemCoreClockUpdate
    hal_tick.o(i.HAL_InitTick) refers to uidiv.o(.text) for __aeabi_uidivmod
    hal_tick.o(i.HAL_InitTick) refers to stm32f0xx_hal_tim.o(i.HAL_TIM_Base_Init) for HAL_TIM_Base_Init
    hal_tick.o(i.HAL_InitTick) refers to stm32f0xx_hal_tim.o(i.HAL_TIM_OC_Start) for HAL_TIM_OC_Start
    hal_tick.o(i.HAL_InitTick) refers to cmsis_nvic.o(i.NVIC_SetVector) for NVIC_SetVector
    hal_tick.o(i.HAL_InitTick) refers to stm32f0xx_hal_tim.o(i.HAL_TIM_Base_Start) for HAL_TIM_Base_Start
    hal_tick.o(i.HAL_InitTick) refers to hal_tick.o(.bss) for .bss
    hal_tick.o(i.HAL_InitTick) refers to system_stm32f0xx.o(.data) for SystemCoreClock
    hal_tick.o(i.HAL_InitTick) refers to hal_tick.o(.data) for .data
    hal_tick.o(i.HAL_InitTick) refers to hal_tick.o(i.timer_update_irq_handler) for timer_update_irq_handler
    hal_tick.o(i.HAL_InitTick) refers to hal_tick.o(i.timer_oc_irq_handler) for timer_oc_irq_handler
    hal_tick.o(i.timer_oc_irq_handler) refers to us_ticker.o(i.set_compare) for set_compare
    hal_tick.o(i.timer_oc_irq_handler) refers to us_ticker_api.o(i.us_ticker_irq_handler) for us_ticker_irq_handler
    hal_tick.o(i.timer_oc_irq_handler) refers to stm32f0xx_hal.o(i.HAL_IncTick) for HAL_IncTick
    hal_tick.o(i.timer_oc_irq_handler) refers to hal_tick.o(.bss) for .bss
    hal_tick.o(i.timer_oc_irq_handler) refers to us_ticker.o(.data) for oc_rem_part
    hal_tick.o(i.timer_oc_irq_handler) refers to hal_tick.o(.data) for .data
    hal_tick.o(i.timer_update_irq_handler) refers to hal_tick.o(.bss) for .bss
    hal_tick.o(i.timer_update_irq_handler) refers to us_ticker.o(.data) for SlaveCounter
    mbed_overrides.o(i.mbed_sdk_init) refers to system_stm32f0xx.o(i.SystemCoreClockUpdate) for SystemCoreClockUpdate
    mbed_overrides.o(i.mbed_sdk_init) refers to stm32f0xx_hal.o(i.HAL_Init) for HAL_Init
    retarget.o(.rev16_text) refers (Special) to entry6b.o(.ARM.Collect$$$$00000006) for __use_full_stdio
    retarget.o(.revsh_text) refers (Special) to entry6b.o(.ARM.Collect$$$$00000006) for __use_full_stdio
    retarget.o(i.$Sub$$main) refers (Special) to entry6b.o(.ARM.Collect$$$$00000006) for __use_full_stdio
    retarget.o(i.$Sub$$main) refers to mbed_overrides.o(i.mbed_sdk_init) for mbed_sdk_init
    retarget.o(i.$Sub$$main) refers to retarget.o(i.mbed_main) for mbed_main
    retarget.o(i.$Sub$$main) refers to main.o(i.main) for $Super$$main
    retarget.o(i._ZN4mbed10FileHandleD0Ev) refers (Special) to entry6b.o(.ARM.Collect$$$$00000006) for __use_full_stdio
    retarget.o(i._ZN4mbed10FileHandleD0Ev) refers to delete.o(i._ZdlPv) for operator delete (void*)
    retarget.o(i._ZN4mbed10FileHandleD0Ev) refers to retarget.o(.constdata__ZTVN4mbed10FileHandleE) for vtable for mbed::FileHandle
    retarget.o(i._ZN4mbed10FileHandleD0Ev) refers to retarget.o(.bss) for .bss
    retarget.o(i._ZN4mbed10FileHandleD2Ev) refers (Special) to entry6b.o(.ARM.Collect$$$$00000006) for __use_full_stdio
    retarget.o(i._ZN4mbed10FileHandleD2Ev) refers to retarget.o(.constdata__ZTVN4mbed10FileHandleE) for vtable for mbed::FileHandle
    retarget.o(i._ZN4mbed10FileHandleD2Ev) refers to retarget.o(.bss) for .bss
    retarget.o(i._ZN4mbed26mbed_set_unbuffered_streamEPSt6__FILE) refers (Special) to entry6b.o(.ARM.Collect$$$$00000006) for __use_full_stdio
    retarget.o(i._ZN4mbed9mbed_getcEPSt6__FILE) refers (Special) to entry6b.o(.ARM.Collect$$$$00000006) for __use_full_stdio
    retarget.o(i._ZN4mbed9mbed_getcEPSt6__FILE) refers to fgetc_pf.o(.text) for fgetc
    retarget.o(i._ZN4mbed9mbed_getsEPciPSt6__FILE) refers (Special) to entry6b.o(.ARM.Collect$$$$00000006) for __use_full_stdio
    retarget.o(i._ZN4mbed9mbed_getsEPciPSt6__FILE) refers to fgets.o(i.fgets) for fgets
    retarget.o(i._sys_close) refers (Special) to entry6b.o(.ARM.Collect$$$$00000006) for __use_full_stdio
    retarget.o(i._sys_close) refers to retarget.o(.bss) for .bss
    retarget.o(i._sys_command_string) refers (Special) to entry6b.o(.ARM.Collect$$$$00000006) for __use_full_stdio
    retarget.o(i._sys_ensure) refers (Special) to entry6b.o(.ARM.Collect$$$$00000006) for __use_full_stdio
    retarget.o(i._sys_ensure) refers to retarget.o(.bss) for .bss
    retarget.o(i._sys_flen) refers (Special) to entry6b.o(.ARM.Collect$$$$00000006) for __use_full_stdio
    retarget.o(i._sys_flen) refers to retarget.o(.bss) for .bss
    retarget.o(i._sys_istty) refers (Special) to entry6b.o(.ARM.Collect$$$$00000006) for __use_full_stdio
    retarget.o(i._sys_istty) refers to retarget.o(.bss) for .bss
[...]
    strlen                                   0x080001cf   Thumb Code    14  strlen.o(.text)
    strcmp                                   0x080001dd   Thumb Code    28  strcmp.o(.text)
    memcmp                                   0x080001f9   Thumb Code    26  memcmp.o(.text)
    strncmp                                  0x08000213   Thumb Code    30  strncmp.o(.text)
    vsscanf                                  0x08000231   Thumb Code    40  vsscanf.o(.text)
    __0sscanf                                0x08000261   Thumb Code    50  __0sscanf.o(.text)
    _scanf_int                               0x0800029d   Thumb Code   330  _scanf_int.o(.text)
    __cpp_initialize__aeabi_                 0x080003e9   Thumb Code    22  cpp_init.o(.text)
    __aeabi_atexit                           0x08000409   Thumb Code    42  aeabi_atexit.o(.text)
    __default_new_handler()                  0x08000433   Thumb Code     8  arm_newhandler_noexceptions.o(.text)
    fputc                                    0x0800043b   Thumb Code    42  fputc_fp.o(.text)
    __aeabi_uldivmod                         0x08000465   Thumb Code    96  uldiv.o(.text)
    _chval                                   0x080004c5   Thumb Code    30  _chval.o(.text)
    _scanf_longlong                          0x080004e3   Thumb Code   330  _scanf_longlong.o(.text)
    _scanf_string                            0x0800062d   Thumb Code   232  _scanf_str.o(.text)
    _scanf_real                              0x0800080b   Thumb Code     0  scanf_fp.o(.text)
    _scanf_really_real                       0x0800080b   Thumb Code   586  scanf_fp.o(.text)
    __vfscanf_char                           0x08000a6d   Thumb Code    24  scanf_char.o(.text)
    _sgetc                                   0x08000a8d   Thumb Code    32  _sgetc.o(.text)
    _sbackspace                              0x08000aad   Thumb Code    36  _sgetc.o(.text)
    __I$use$fp                               0x08000ad1   Thumb Code     0  iusefp.o(.text)
    __rt_ddtor_pointer_addr                  0x08000ad1   Thumb Code     4  cpp_dtor.o(.text)
    __rt_new_handler_addr                    0x08000ad9   Thumb Code     4  cpp_memory.o(.text)
    __rt_eh_globals_addr                     0x08000add   Thumb Code    12  cpp_memory.o(.text)
    __cxa_finalize                           0x08000aed   Thumb Code    66  cxa_finalize.o(.text)
    _float_round                             0x08000b2f   Thumb Code    16  fepilogue.o(.text)
    _float_epilogue                          0x08000b3f   Thumb Code   114  fepilogue.o(.text)
    __aeabi_dadd                             0x08000bb1   Thumb Code   328  dadd.o(.text)
    __aeabi_dsub                             0x08000cf9   Thumb Code    12  dadd.o(.text)
    __aeabi_drsub                            0x08000d05   Thumb Code    12  dadd.o(.text)
    __aeabi_dmul                             0x08000d15   Thumb Code   202  dmul.o(.text)
    __aeabi_ddiv                             0x08000de5   Thumb Code   234  ddiv.o(.text)
    __aeabi_d2ulz                            0x08000ed5   Thumb Code    54  dfixul.o(.text)
    __aeabi_cdrcmple                         0x08000f15   Thumb Code    38  cdrcmple.o(.text)
    std::terminate()                         0x08000f3d   Thumb Code    28  arm_exceptions_terminate.o(.text)
    __cxa_get_globals                        0x08000f5f   Thumb Code    66  arm_exceptions_globs.o(.text)
    __scatterload                            0x08000fad   Thumb Code    28  init.o(.text)
    __scatterload_rt2                        0x08000fad   Thumb Code     0  init.o(.text)
    __aeabi_lmul                             0x08000fd1   Thumb Code   122  llmul.o(.text)
    _ll_mul                                  0x08000fd1   Thumb Code     0  llmul.o(.text)
    __aeabi_llsl                             0x0800104b   Thumb Code    32  llshl.o(.text)
    _ll_shift_l                              0x0800104b   Thumb Code     0  llshl.o(.text)
    __aeabi_lasr                             0x0800106b   Thumb Code    38  llsshr.o(.text)
    _ll_sshift_r                             0x0800106b   Thumb Code     0  llsshr.o(.text)
    isspace                                  0x08001091   Thumb Code    14  isspace_c.o(.text)
    __vfscanf                                0x080010a1   Thumb Code   812  _scanf.o(.text)
    __rt_lib_shutdown_cpp_2                  0x080013d9   Thumb Code     2  cpp_final.o(.text)
    _double_round                            0x080013db   Thumb Code    26  depilogue.o(.text)
    _double_epilogue                         0x080013f5   Thumb Code   164  depilogue.o(.text)
    __aeabi_ul2d                             0x08001499   Thumb Code    22  dfltul.o(.text)
    __aeabi_d2f                              0x080014b5   Thumb Code    56  d2f.o(.text)
    __ARM_exceptions_buffer_init             0x080014ed   Thumb Code    18  arm_exceptions_mem.o(.text)
    __ARM_exceptions_buffer_allocate         0x080014ff   Thumb Code    26  arm_exceptions_mem.o(.text)
    __ARM_exceptions_buffer_free             0x08001519   Thumb Code    22  arm_exceptions_mem.o(.text)
    __ctype_lookup                           0x08001531   Thumb Code    32  ctype_c.o(.text)
    main                                     0x08001555   Thumb Code    16  retarget.o(i.$Sub$$main)
    FLASH_WaitForLastOperation               0x0800156d   Thumb Code   110  stm32f0xx_hal_flash.o(i.FLASH_WaitForLastOperation)
    HAL_FLASHEx_Erase                        0x080015e5   Thumb Code   196  stm32f0xx_hal_flash_ex.o(i.HAL_FLASHEx_Erase)
    HAL_FLASH_Lock                           0x080016b5   Thumb Code    14  stm32f0xx_hal_flash.o(i.HAL_FLASH_Lock)
    HAL_FLASH_Program                        0x080016c9   Thumb Code   138  stm32f0xx_hal_flash.o(i.HAL_FLASH_Program)
    HAL_FLASH_Unlock                         0x08001761   Thumb Code    24  stm32f0xx_hal_flash.o(i.HAL_FLASH_Unlock)
    HAL_GPIO_Init                            0x08001785   Thumb Code   318  stm32f0xx_hal_gpio.o(i.HAL_GPIO_Init)
    HAL_GetTick                              0x080018dd   Thumb Code     6  stm32f0xx_hal.o(i.HAL_GetTick)
    HAL_IncTick                              0x080018e9   Thumb Code    10  stm32f0xx_hal.o(i.HAL_IncTick)
    HAL_Init                                 0x080018f9   Thumb Code    26  stm32f0xx_hal.o(i.HAL_Init)
    HAL_InitTick                             0x08001919   Thumb Code   158  hal_tick.o(i.HAL_InitTick)
    HAL_MspInit                              0x080019e1   Thumb Code     2  stm32f0xx_hal.o(i.HAL_MspInit)
    HAL_RCC_ClockConfig                      0x080019e5   Thumb Code   454  stm32f0xx_hal_rcc.o(i.HAL_RCC_ClockConfig)
    HAL_RCC_GetPCLK1Freq                     0x08001bb9   Thumb Code   104  stm32f0xx_hal_rcc.o(i.HAL_RCC_GetPCLK1Freq)
    HAL_RCC_GetSysClockFreq                  0x08001c3d   Thumb Code    78  stm32f0xx_hal_rcc.o(i.HAL_RCC_GetSysClockFreq)
    HAL_RCC_OscConfig                        0x08001cb9   Thumb Code   956  stm32f0xx_hal_rcc.o(i.HAL_RCC_OscConfig)
    HAL_SPI_Init                             0x08002081   Thumb Code   204  stm32f0xx_hal_spi.o(i.HAL_SPI_Init)
    HAL_SPI_MspInit                          0x08002151   Thumb Code     2  stm32f0xx_hal_spi.o(i.HAL_SPI_MspInit)
    HAL_TIM_Base_Init                        0x08002153   Thumb Code    50  stm32f0xx_hal_tim.o(i.HAL_TIM_Base_Init)
    HAL_TIM_Base_MspInit                     0x08002185   Thumb Code     2  stm32f0xx_hal_tim.o(i.HAL_TIM_Base_MspInit)
    HAL_TIM_Base_Start                       0x08002187   Thumb Code    24  stm32f0xx_hal_tim.o(i.HAL_TIM_Base_Start)
    HAL_TIM_OC_Start                         0x080021a1   Thumb Code    72  stm32f0xx_hal_tim.o(i.HAL_TIM_OC_Start)
    HAL_UART_Init                            0x080021f9   Thumb Code   110  stm32f0xx_hal_uart.o(i.HAL_UART_Init)
    HAL_UART_MspInit                         0x08002267   Thumb Code     2  stm32f0xx_hal_uart.o(i.HAL_UART_MspInit)
    NVIC_SetVector                           0x08002269   Thumb Code    64  cmsis_nvic.o(i.NVIC_SetVector)
    Set_GPIO_Clock                           0x080022b1   Thumb Code   134  pinmap.o(i.Set_GPIO_Clock)
    SysTick_Handler                          0x08002371   Thumb Code    10  main.o(i.SysTick_Handler)
    SystemCoreClockUpdate                    0x08002381   Thumb Code    90  system_stm32f0xx.o(i.SystemCoreClockUpdate)
    SystemInit                               0x080023f1   Thumb Code   180  system_stm32f0xx.o(i.SystemInit)
    TIM_Base_SetConfig                       0x080024b9   Thumb Code   106  stm32f0xx_hal_tim.o(i.TIM_Base_SetConfig)
    UART_AdvFeatureConfig                    0x0800253d   Thumb Code   204  stm32f0xx_hal_uart.o(i.UART_AdvFeatureConfig)
    UART_SetConfig                           0x08002609   Thumb Code   306  stm32f0xx_hal_uart.o(i.UART_SetConfig)
    Speech_Add(unsigned char*, unsigned char) 0x08002755   Thumb Code    74  voice.o(i._Z10Speech_AddPhh)
    Speech_Add(unsigned char)                0x080027a5   Thumb Code    62  voice.o(i._Z10Speech_Addh)
    UIDEncrypt()                             0x080027e9   Thumb Code   156  main.o(i._Z10UIDEncryptv)
    Speech_Init(PinName, PinName, PinName)   0x080028a5   Thumb Code    74  voice.o(i._Z11Speech_Init7PinNameS_S_)
    Speech_Play()                            0x080028f9   Thumb Code   158  voice.o(i._Z11Speech_Playv)
    PowerOn_Init()                           0x080029a5   Thumb Code   226  main.o(i._Z12PowerOn_Initv)
    Powered_Init()                           0x08002aa9   Thumb Code   232  main.o(i._Z12Powered_Initv)
    HiReader_Init()                          0x08002bc9   Thumb Code    40  highpowerreader.o(i._Z13HiReader_Initv)
    Speech_AddNum(unsigned char)             0x08002c05   Thumb Code   124  voice.o(i._Z13Speech_AddNumh)
    Navigator_Init()                         0x08002c81   Thumb Code   204  main.o(i._Z14Navigator_Initv)
    HiReader_OpenRF()                        0x08002d6d   Thumb Code   136  highpowerreader.o(i._Z15HiReader_OpenRFv)
    Reader_FinishXP()                        0x08002e01   Thumb Code    52  main.o(i._Z15Reader_FinishXPv)
    SendInformation()                        0x08002e49   Thumb Code   204  main.o(i._Z15SendInformationv)
    HiReader_CloseRF()                       0x08002f45   Thumb Code   136  highpowerreader.o(i._Z16HiReader_CloseRFv)
    Phone_SetPaiCount(PhoneMessage_SetPaiCount*) 0x08002fd9   Thumb Code   208  main.o(i._Z17Phone_SetPaiCountP24PhoneMessage_SetPaiCount)
    Reader_ReadInside(unsigned char)         0x080030bd   Thumb Code   132  main.o(i._Z17Reader_ReadInsideh)
    HiReader_GetMessage(HiReader_DataMessage*) 0x0800314d   Thumb Code   646  highpowerreader.o(i._Z19HiReader_GetMessageP20HiReader_DataMessage)
    Phone_EnterStudyMode(RfStudyMessage*)    0x080033f1   Thumb Code   286  main.o(i._Z20Phone_EnterStudyModeP14RfStudyMessage)
    Phone_SendReaderPais()                   0x08003525   Thumb Code   190  main.o(i._Z20Phone_SendReaderPaisv)
    Reader_CheckReceived()                   0x080035fd   Thumb Code   174  main.o(i._Z20Reader_CheckReceivedv)
    SendGroupTileToPhone()                   0x080036b5   Thumb Code   114  main.o(i._Z20SendGroupTileToPhonev)
    Phone_DispatchMessage(unsigned char*)    0x08003731   Thumb Code   294  main.o(i._Z21Phone_DispatchMessagePh)
    HiReader_SerialHandler()                 0x08003875   Thumb Code    72  highpowerreader.o(i._Z22HiReader_SerialHandlerv)
    Reader_HandleInsideMessage(const unsigned char*) 0x080038c5   Thumb Code   186  main.o(i._Z26Reader_HandleInsideMessagePKh)
    DAT_Load()                               0x0800398d   Thumb Code   132  main.o(i._Z8DAT_Loadv)
    ToggleLed()                              0x08003a19   Thumb Code   414  main.o(i._Z9ToggleLedv)
    BufferedSerial::getc()                   0x08003bbd   Thumb Code     8  bufferedserial.o(i._ZN14BufferedSerial4getcEv)
    BufferedSerial::putc(int)                0x08003bc5   Thumb Code    44  bufferedserial.o(i._ZN14BufferedSerial4putcEi)
    BufferedSerial::puts(const char*)        0x08003bf1   Thumb Code    94  bufferedserial.o(i._ZN14BufferedSerial4putsEPKc)
    BufferedSerial::prime()                  0x08003c51   Thumb Code   144  bufferedserial.o(i._ZN14BufferedSerial5primeEv)
    BufferedSerial::txIrq()                  0x08003ce9   Thumb Code    78  bufferedserial.o(i._ZN14BufferedSerial5txIrqEv)
    BufferedSerial::write(const void*, unsigned) 0x08003d37   Thumb Code    82  bufferedserial.o(i._ZN14BufferedSerial5writeEPKvj)
    BufferedSerial::printf(const char*, ...) 0x08003d89   Thumb Code    56  bufferedserial.o(i._ZN14BufferedSerial6printfEPKcz)
    BufferedSerial::BufferedSerial(PinName, PinName, unsigned) 0x08003dc1   Thumb Code    26  bufferedserial.o(i._ZN14BufferedSerialC1E7PinNameS0_j)
    BufferedSerial::BufferedSerial__sub_object(PinName, PinName, unsigned) 0x08003dc1   Thumb Code     0  bufferedserial.o(i._ZN14BufferedSerialC1E7PinNameS0_j)
    mbed::SerialBase::_base_getc()           0x08003de1   Thumb Code    10  SerialBase.o(i._ZN4mbed10SerialBase10_base_getcEv)
    mbed::SerialBase::_irq_handler(unsigned, SerialIrq) 0x08003deb   Thumb Code    46  SerialBase.o(i._ZN4mbed10SerialBase12_irq_handlerEj9SerialIrq)
    mbed::SerialBase::baud(int)              0x08003e19   Thumb Code    16  SerialBase.o(i._ZN4mbed10SerialBase4baudEi)
    mbed::SerialBase::attach(void(*)(), mbed::SerialBase::IrqType) 0x08003e29   Thumb Code    44  SerialBase.o(i._ZN4mbed10SerialBase6attachEPFvvENS0_7IrqTypeE)
    mbed::SerialBase::SerialBase(PinName, PinName) 0x08003e55   Thumb Code    72  SerialBase.o(i._ZN4mbed10SerialBaseC1E7PinNameS1_)
    mbed::SerialBase::SerialBase__sub_object(PinName, PinName) 0x08003e55   Thumb Code     0  SerialBase.o(i._ZN4mbed10SerialBaseC1E7PinNameS1_)
    mbed::TimerEvent::irq(unsigned)          0x08003ea9   Thumb Code     6  TimerEvent.o(i._ZN4mbed10TimerEvent3irqEj)
    mbed::TimerEvent::insert(unsigned)       0x08003eaf   Thumb Code    18  TimerEvent.o(i._ZN4mbed10TimerEvent6insertEj)
    mbed::TimerEvent::remove()               0x08003ec1   Thumb Code    14  TimerEvent.o(i._ZN4mbed10TimerEvent6removeEv)
    mbed::TimerEvent::TimerEvent__sub_object() 0x08003ed1   Thumb Code    32  TimerEvent.o(i._ZN4mbed10TimerEventC2Ev)
    mbed::TimerEvent::~TimerEvent()          0x08003ef9   Thumb Code     0  TimerEvent.o(i._ZN4mbed10TimerEventD2Ev)
    mbed::TimerEvent::~TimerEvent__sub_object() 0x08003ef9   Thumb Code    20  TimerEvent.o(i._ZN4mbed10TimerEventD2Ev)
    mbed::SPI::write(int)                    0x08003f11   Thumb Code    46  SPI.o(i._ZN4mbed3SPI5writeEi)
    mbed::SPI::format(int, int)              0x08003f45   Thumb Code    32  SPI.o(i._ZN4mbed3SPI6formatEii)
    mbed::SPI::frequency(int)                0x08003f69   Thumb Code    36  SPI.o(i._ZN4mbed3SPI9frequencyEi)
    mbed::SPI::SPI(PinName, PinName, PinName, PinName) 0x08003f91   Thumb Code    70  SPI.o(i._ZN4mbed3SPIC1E7PinNameS1_S1_S1_)
    mbed::SPI::SPI__sub_object(PinName, PinName, PinName, PinName) 0x08003f91   Thumb Code     0  SPI.o(i._ZN4mbed3SPIC1E7PinNameS1_S1_S1_)
    mbed::Timer::reset()                     0x08003fe1   Thumb Code    18  Timer.o(i._ZN4mbed5Timer5resetEv)
    mbed::Timer::start()                     0x08003ff3   Thumb Code    24  Timer.o(i._ZN4mbed5Timer5startEv)
    mbed::Timer::read_ms()                   0x0800400b   Thumb Code    34  Timer.o(i._ZN4mbed5Timer7read_msEv)
    mbed::Timer::Timer()                     0x0800402d   Thumb Code    30  Timer.o(i._ZN4mbed5TimerC1Ev)
    mbed::Timer::Timer__sub_object()         0x0800402d   Thumb Code     0  Timer.o(i._ZN4mbed5TimerC1Ev)
    mbed::Ticker::setup(unsigned)            0x0800404b   Thumb Code    30  Ticker.o(i._ZN4mbed6Ticker5setupEj)
    mbed::Ticker::detach()                   0x08004069   Thumb Code    16  Ticker.o(i._ZN4mbed6Ticker6detachEv)
    mbed::Ticker::handler()                  0x08004079   Thumb Code    46  Ticker.o(i._ZN4mbed6Ticker7handlerEv)
    mbed::Ticker::~Ticker()                  0x080040a9   Thumb Code    22  main.o(i._ZN4mbed6TickerD1Ev)
    mbed::Ticker::~Ticker__sub_object()      0x080040a9   Thumb Code     0  main.o(i._ZN4mbed6TickerD1Ev)
    mbed::Timeout::handler()                 0x080040c5   Thumb Code    28  Timeout.o(i._ZN4mbed7Timeout7handlerEv)
    mbed::FileBase::getPathType()            0x080040e1   Thumb Code     4  FileBase.o(i._ZN4mbed8FileBase11getPathTypeEv)
    mbed::FileBase::lookup(const char*, unsigned) 0x080040e5   Thumb Code    56  FileBase.o(i._ZN4mbed8FileBase6lookupEPKcj)
    mbed::FilePath::fileSystem()             0x08004121   Thumb Code    26  FilePath.o(i._ZN4mbed8FilePath10fileSystemEv)
    mbed::FilePath::file()                   0x0800413b   Thumb Code    32  FilePath.o(i._ZN4mbed8FilePath4fileEv)
    mbed::FilePath::exists()                 0x0800415b   Thumb Code    10  FilePath.o(i._ZN4mbed8FilePath6existsEv)
    mbed::FilePath::isFile()                 0x08004165   Thumb Code    24  FilePath.o(i._ZN4mbed8FilePath6isFileEv)
    mbed::FilePath::fileName()               0x0800417d   Thumb Code     4  FilePath.o(i._ZN4mbed8FilePath8fileNameEv)
    mbed::FilePath::FilePath(const char*)    0x08004181   Thumb Code    68  FilePath.o(i._ZN4mbed8FilePathC1EPKc)
    mbed::FilePath::FilePath__sub_object(const char*) 0x08004181   Thumb Code     0  FilePath.o(i._ZN4mbed8FilePathC1EPKc)
    CC1101::ReadStatus(unsigned char)        0x080041c5   Thumb Code    74  cc1101.o(i._ZN6CC110110ReadStatusEh)
    CC1101::SendPacket(const unsigned char*, unsigned char) 0x08004211   Thumb Code    82  cc1101.o(i._ZN6CC110110SendPacketEPKhh)
    CC1101::SetChannel(unsigned char)        0x08004269   Thumb Code    20  cc1101.o(i._ZN6CC110110SetChannelEh)
    CC1101::ReadBurstReg(unsigned char, unsigned char*, unsigned char) 0x0800427d   Thumb Code   100  cc1101.o(i._ZN6CC110112ReadBurstRegEhPhh)
    CC1101::ReceivePacket(unsigned char*, int) 0x080042e1   Thumb Code   116  cc1101.o(i._ZN6CC110113ReceivePacketEPhi)
    CC1101::WriteBurstReg(unsigned char, const void*, unsigned char) 0x08004355   Thumb Code    98  cc1101.o(i._ZN6CC110113WriteBurstRegEhPKvh)
    CC1101::SendPacketAsync(const void*, unsigned char) 0x080043b7   Thumb Code    44  cc1101.o(i._ZN6CC110115SendPacketAsyncEPKvh)
    CC1101::WriteRfSettings(const S_RF_SETTINGS*) 0x080043e3   Thumb Code   430  cc1101.o(i._ZN6CC110115WriteRfSettingsEPK13S_RF_SETTINGS)
    CC1101::POWER_UP_RESET_CCxxx0()          0x08004591   Thumb Code    92  cc1101.o(i._ZN6CC110121POWER_UP_RESET_CCxxx0Ev)
    CC1101::init(const S_RF_SETTINGS*)       0x080045ed   Thumb Code    82  cc1101.o(i._ZN6CC11014initEPK13S_RF_SETTINGS)
    CC1101::RXMode()                         0x08004649   Thumb Code    28  cc1101.o(i._ZN6CC11016RXModeEv)
    CC1101::Strobe(unsigned char)            0x08004665   Thumb Code    68  cc1101.o(i._ZN6CC11016StrobeEh)
    CC1101::GetGDO2()                        0x080046a9   Thumb Code    18  cc1101.o(i._ZN6CC11017GetGDO2Ev)
    CC1101::ReadReg(unsigned char)           0x080046bb   Thumb Code    80  cc1101.o(i._ZN6CC11017ReadRegEh)
    CC1101::WriteReg(unsigned char, unsigned char) 0x0800470b   Thumb Code    74  cc1101.o(i._ZN6CC11018WriteRegEhh)
    CC1101::CC1101(PinName, PinName, PinName, PinName, PinName) 0x08004755   Thumb Code   138  cc1101.o(i._ZN6CC1101C1E7PinNameS0_S0_S0_S0_)
    CC1101::CC1101__sub_object(PinName, PinName, PinName, PinName, PinName) 0x08004755   Thumb Code     0  cc1101.o(i._ZN6CC1101C1E7PinNameS0_S0_S0_S0_)
    WT588D::Init()                           0x080047f1   Thumb Code    32  wt588d.o(i._ZN6WT588D4InitEv)
    WT588D::play(unsigned char)              0x08004811   Thumb Code    96  wt588d.o(i._ZN6WT588D4playEh)
    WT588D::IsBusy()                         0x08004871   Thumb Code    32  wt588d.o(i._ZN6WT588D6IsBusyEv)
    WT588D::WT588D(PinName, PinName)         0x08004891   Thumb Code    78  wt588d.o(i._ZN6WT588DC1E7PinNameS0_)
    WT588D::WT588D__sub_object(PinName, PinName) 0x08004891   Thumb Code     0  wt588d.o(i._ZN6WT588DC1E7PinNameS0_)
    WifiObj::SerialHandler()                 0x080048e9   Thumb Code    56  wifiobj.o(i._ZN7WifiObj13SerialHandlerEv)
    WifiObj::AsyncGetGateway(char*, char*, char*, char*) 0x08004921   Thumb Code    26  wifiobj.o(i._ZN7WifiObj15AsyncGetGatewayEPcS0_S0_S0_)
    WifiObj::EnterCommandMode()              0x08004955   Thumb Code   246  wifiobj.o(i._ZN7WifiObj16EnterCommandModeEv)
    WifiObj::SendCmdAndWaitReply(const char*, int, const char*) 0x08004a55   Thumb Code   148  wifiobj.o(i._ZN7WifiObj19SendCmdAndWaitReplyEPKciS1_)
    WifiObj::EnterTransparentMode()          0x08004aed   Thumb Code    36  wifiobj.o(i._ZN7WifiObj20EnterTransparentModeEv)
    WifiObj::Init()                          0x08004b21   Thumb Code     2  wifiobj.o(i._ZN7WifiObj4InitEv)
    WifiObj::find(const char*)               0x08004b23   Thumb Code   190  wifiobj.o(i._ZN7WifiObj4findEPKc)
    WifiObj::find(int, const char*)          0x08004be1   Thumb Code   192  wifiobj.o(i._ZN7WifiObj4findEiPKc)
    WifiObj::putc(int)                       0x08004ca1   Thumb Code    22  wifiobj.o(i._ZN7WifiObj4putcEi)
    WifiObj::scanf(const char*, ...)         0x08004cb7   Thumb Code   186  wifiobj.o(i._ZN7WifiObj5scanfEPKcz)
    WifiObj::scanf(int, const char*, ...)    0x08004d71   Thumb Code   220  wifiobj.o(i._ZN7WifiObj5scanfEiPKcz)
    WifiObj::IsLink()                        0x08004e4d   Thumb Code    18  wifiobj.o(i._ZN7WifiObj6IsLinkEv)
    WifiObj::Reboot()                        0x08004e61   Thumb Code    14  wifiobj.o(i._ZN7WifiObj6RebootEv)
    WifiObj::GetSsid(char*)                  0x08004e79   Thumb Code    54  wifiobj.o(i._ZN7WifiObj7GetSsidEPc)
    WifiObj::IsReady()                       0x08004ec9   Thumb Code    18  wifiobj.o(i._ZN7WifiObj7IsReadyEv)
    WifiObj::AsyncCmd(WifiATCmd, const void*) 0x08004edd   Thumb Code   126  wifiobj.o(i._ZN7WifiObj8AsyncCmdE9WifiATCmdPKv)
    WifiObj::GetTcpto()                      0x08004ff9   Thumb Code    62  wifiobj.o(i._ZN7WifiObj8GetTcptoEv)
    WifiObj::SendBytes(const void*, unsigned char) 0x08005051   Thumb Code    46  wifiobj.o(i._ZN7WifiObj9SendBytesEPKvh)
    WifiObj::WifiObj(BufferedSerial*, CircularBufferEx&, PinName, PinName) 0x08005081   Thumb Code   114  wifiobj.o(i._ZN7WifiObjC1EP14BufferedSerialR16CircularBufferEx7PinNameS4_)
    WifiObj::WifiObj__sub_object(BufferedSerial*, CircularBufferEx&, PinName, PinName) 0x08005081   Thumb Code     0  wifiobj.o(i._ZN7WifiObjC1EP14BufferedSerialR16CircularBufferEx7PinNameS4_)
    CommWifi::GetMessage(unsigned char*, unsigned char) 0x080050fd   Thumb Code   338  commwifi.o(i._ZN8CommWifi10GetMessageEPhh)
    CommWifi::SendPacket(const void*, int)   0x08005259   Thumb Code   116  commwifi.o(i._ZN8CommWifi10SendPacketEPKvi)
    CommWifi::GetNoTxTime()                  0x080052cd   Thumb Code    10  commwifi.o(i._ZN8CommWifi11GetNoTxTimeEv)
    CommWifi::ConnectPhone()                 0x080052d9   Thumb Code   314  commwifi.o(i._ZN8CommWifi12ConnectPhoneEv)
    CommWifi::SendGroupData(int, const MahjongInfo*, int) 0x08005435   Thumb Code   114  commwifi.o(i._ZN8CommWifi13SendGroupDataEiPK11MahjongInfoi)
    CommWifi::SendHeartBeat()                0x080054a9   Thumb Code   140  commwifi.o(i._ZN8CommWifi13SendHeartBeatEv)
    CommWifi::SendAdminReaderData(const MahjongInfo*, int) 0x0800553d   Thumb Code   112  commwifi.o(i._ZN8CommWifi19SendAdminReaderDataEPK11MahjongInfoi)
    CommWifi::Init()                         0x080055ad   Thumb Code   488  commwifi.o(i._ZN8CommWifi4InitEv)
    CommWifi::IsLink()                       0x08005859   Thumb Code    10  commwifi.o(i._ZN8CommWifi6IsLinkEv)
    CommWifi::StopLink()                     0x08005863   Thumb Code     6  commwifi.o(i._ZN8CommWifi8StopLinkEv)
    CommWifi::CommWifi(WifiObj*)             0x08005869   Thumb Code    84  commwifi.o(i._ZN8CommWifiC1EP7WifiObj)
    CommWifi::CommWifi__sub_object(WifiObj*) 0x08005869   Thumb Code     0  commwifi.o(i._ZN8CommWifiC1EP7WifiObj)
    SimpleKey::Init()                        0x080058c1   Thumb Code    10  simplekey.o(i._ZN9SimpleKey4InitEv)
    SimpleKey::ScanKey()                     0x080058cb   Thumb Code    98  simplekey.o(i._ZN9SimpleKey7ScanKeyEv)
    SimpleKey::SimpleKey(PinName)            0x0800592d   Thumb Code    50  simplekey.o(i._ZN9SimpleKeyC1E7PinName)
    SimpleKey::SimpleKey__sub_object(PinName) 0x0800592d   Thumb Code     0  simplekey.o(i._ZN9SimpleKeyC1E7PinName)
    operator delete[] (void*)                0x0800595f   Thumb Code     8  array_del.o(i._ZdaPv)
    operator delete (void*)                  0x08005967   Thumb Code     8  delete.o(i._ZdlPv)
    operator new[] (unsigned)                0x0800596f   Thumb Code     8  array_new.o(i._Znaj)
    operator new(unsigned)                   0x08005979   Thumb Code    36  new.o(i._Znwj)
    __0vfprintf                              0x080059a1   Thumb Code    20  printfa.o(i.__0vfprintf)
    __1vfprintf                              0x080059a1   Thumb Code     0  printfa.o(i.__0vfprintf)
    __2vfprintf                              0x080059a1   Thumb Code     0  printfa.o(i.__0vfprintf)
    __c89vfprintf                            0x080059a1   Thumb Code     0  printfa.o(i.__0vfprintf)
    vfprintf                                 0x080059a1   Thumb Code     0  printfa.o(i.__0vfprintf)
    __0vsprintf                              0x080059b9   Thumb Code    30  printfa.o(i.__0vsprintf)
    __1vsprintf                              0x080059b9   Thumb Code     0  printfa.o(i.__0vsprintf)
    __2vsprintf                              0x080059b9   Thumb Code     0  printfa.o(i.__0vsprintf)
    __c89vsprintf                            0x080059b9   Thumb Code     0  printfa.o(i.__0vsprintf)
    vsprintf                                 0x080059b9   Thumb Code     0  printfa.o(i.__0vsprintf)
    __ARM_clz                                0x080059dd   Thumb Code    46  depilogue.o(i.__ARM_clz)
    __ARM_common_memcpy1_5                   0x08005a0b   Thumb Code    22  main.o(i.__ARM_common_memcpy1_5)
    __aeabi_vec_ctor_nocookie_nodtor         0x08005a21   Thumb Code    34  aeabi_vec_ctor_nocookie_nodtor.o(i.__aeabi_vec_ctor_nocookie_nodtor)
    __cxa_guard_acquire                      0x08005a43   Thumb Code    18  cxa_guard_acquire.o(i.__cxa_guard_acquire)
    __cxa_pure_virtual                       0x08005a55   Thumb Code    10  pure_virt.o(i.__cxa_pure_virtual)
    __scatterload_copy                       0x08005a5f   Thumb Code    14  handlers.o(i.__scatterload_copy)
    __scatterload_null                       0x08005a6d   Thumb Code     2  handlers.o(i.__scatterload_null)
    __scatterload_zeroinit                   0x08005a6f   Thumb Code    14  handlers.o(i.__scatterload_zeroinit)
    fflush                                   0x08005c39   Thumb Code    24  fflush_f.o(i._fflush$full)
    _is_digit                                0x08005da9   Thumb Code    14  scanf_fp.o(i._is_digit)
    _sys_open                                0x080064fd   Thumb Code   210  retarget.o(i._sys_open)
    _sys_seek                                0x080065e1   Thumb Code    36  retarget.o(i._sys_seek)
    _sys_write                               0x08006609   Thumb Code    84  retarget.o(i._sys_write)
    error                                    0x08006669   Thumb Code    20  error.o(i.error)
    exit                                     0x08006681   Thumb Code    24  retarget.o(i.exit)
    free                                     0x080066a1   Thumb Code    80  malloc.o(i.free)
    get_us_ticker_data                       0x080066f5   Thumb Code     4  us_ticker_api.o(i.get_us_ticker_data)
    gpio_dir                                 0x080066fd   Thumb Code    44  gpio_api.o(i.gpio_dir)
    gpio_init                                0x08006749   Thumb Code    56  gpio_api.o(i.gpio_init)
    gpio_init_in                             0x08006781   Thumb Code    34  gpio.o(i.gpio_init_in)
    gpio_init_out                            0x080067a5   Thumb Code    56  gpio.o(i.gpio_init_out)
    gpio_init_out_ex                         0x080067e5   Thumb Code    66  gpio.o(i.gpio_init_out_ex)
    gpio_mode                                0x08006845   Thumb Code    14  gpio_api.o(i.gpio_mode)
    $Super$$main                             0x080068f1   Thumb Code   962  main.o(i.main)
    malloc                                   0x08006d15   Thumb Code    92  malloc.o(i.malloc)
    mbed_assert_internal                     0x08006d81   Thumb Code    16  assert.o(i.mbed_assert_internal)
    mbed_die                                 0x08006dc5   Thumb Code    16  board.o(i.mbed_die)
    mbed_main                                0x08006dd5   Thumb Code     2  retarget.o(i.mbed_main)
    mbed_sdk_init                            0x08006dd7   Thumb Code    12  mbed_overrides.o(i.mbed_sdk_init)
    pin_function                             0x08006de5   Thumb Code    78  pinmap.o(i.pin_function)
    pin_mode                                 0x08006e51   Thumb Code    60  pinmap.o(i.pin_mode)
    pinmap_merge                             0x08006ea5   Thumb Code    30  pinmap_common.o(i.pinmap_merge)
    pinmap_peripheral                        0x08006ed9   Thumb Code    60  pinmap_common.o(i.pinmap_peripheral)
    pinmap_pinout                            0x08006f35   Thumb Code    62  pinmap_common.o(i.pinmap_pinout)
    serial_baud                              0x08006f89   Thumb Code    10  serial_api.o(i.serial_baud)
    serial_getc                              0x08006f95   Thumb Code    26  serial_api.o(i.serial_getc)
    serial_init                              0x08006fb5   Thumb Code   210  serial_api.o(i.serial_init)
    serial_irq_handler                       0x080070c5   Thumb Code    14  serial_api.o(i.serial_irq_handler)
    serial_irq_set                           0x080070dd   Thumb Code   118  serial_api.o(i.serial_irq_set)
    serial_putc                              0x08007171   Thumb Code    30  serial_api.o(i.serial_putc)
    serial_writable                          0x08007195   Thumb Code    18  serial_api.o(i.serial_writable)
    set_compare                              0x080071ad   Thumb Code    18  us_ticker.o(i.set_compare)
    spi_format                               0x080071c9   Thumb Code    96  spi_api.o(i.spi_format)
    spi_frequency                            0x08007229   Thumb Code   104  spi_api.o(i.spi_frequency)
    spi_init                                 0x080072bd   Thumb Code   220  spi_api.o(i.spi_init)
    spi_master_write                         0x080073d1   Thumb Code    76  spi_api.o(i.spi_master_write)
    ticker_insert_event                      0x08007421   Thumb Code    58  ticker_api.o(i.ticker_insert_event)
    ticker_irq_handler                       0x0800745b   Thumb Code    74  ticker_api.o(i.ticker_irq_handler)
    ticker_read                              0x080074a5   Thumb Code     6  ticker_api.o(i.ticker_read)
    ticker_remove_event                      0x080074ab   Thumb Code    64  ticker_api.o(i.ticker_remove_event)
    ticker_set_handler                       0x080074eb   Thumb Code    18  ticker_api.o(i.ticker_set_handler)
    timer_oc_irq_handler                     0x080074fd   Thumb Code   122  hal_tick.o(i.timer_oc_irq_handler)
    timer_update_irq_handler                 0x08007591   Thumb Code    28  hal_tick.o(i.timer_update_irq_handler)
    us_ticker_clear_interrupt                0x08007659   Thumb Code    22  us_ticker.o(i.us_ticker_clear_interrupt)
    us_ticker_disable_interrupt              0x08007679   Thumb Code    16  us_ticker.o(i.us_ticker_disable_interrupt)
    us_ticker_init                           0x08007691   Thumb Code    24  us_ticker.o(i.us_ticker_init)
    us_ticker_irq_handler                    0x080076ad   Thumb Code    10  us_ticker_api.o(i.us_ticker_irq_handler)
    us_ticker_read                           0x080076bd   Thumb Code    48  us_ticker.o(i.us_ticker_read)
    us_ticker_set_interrupt                  0x080076f5   Thumb Code   122  us_ticker.o(i.us_ticker_set_interrupt)
    wait_ms                                  0x08007781   Thumb Code    28  wait_api.o(i.wait_ms)
    wait_us                                  0x0800779d   Thumb Code    22  wait_api.o(i.wait_us)
    mbed::CircularBuffer<unsigned char, (unsigned)64, unsigned>::~CircularBuffer() 0x080077b3   Thumb Code     2  voice.o(t._ZN4mbed14CircularBufferIhLj64EjED1Ev)
    mbed::CircularBuffer<unsigned char, (unsigned)64, unsigned>::~CircularBuffer__sub_object() 0x080077b3   Thumb Code     0  voice.o(t._ZN4mbed14CircularBufferIhLj64EjED1Ev)
    mbed::CircularBufferA<RxTileInfo, unsigned>::~CircularBufferA() 0x080077b5   Thumb Code    14  highpowerreader.o(t._ZN4mbed15CircularBufferAI10RxTileInfojED1Ev)
    mbed::CircularBufferA<RxTileInfo, unsigned>::~CircularBufferA__sub_object() 0x080077b5   Thumb Code     0  highpowerreader.o(t._ZN4mbed15CircularBufferAI10RxTileInfojED1Ev)
    mbed::CircularBufferA<unsigned char, unsigned>::~CircularBufferA() 0x080077c3   Thumb Code    14  highpowerreader.o(t._ZN4mbed15CircularBufferAIhjED1Ev)
    mbed::CircularBufferA<unsigned char, unsigned>::~CircularBufferA__sub_object() 0x080077c3   Thumb Code     0  highpowerreader.o(t._ZN4mbed15CircularBufferAIhjED1Ev)
    void mbed::FunctionPointerArg1<void, void>::membercaller<BufferedSerial>(void*, unsigned*) 0x080077d1   Thumb Code    20  bufferedserial.o(t._ZN4mbed19FunctionPointerArg1IvvE12membercallerI14BufferedSerialEEvPvPj)
    void mbed::FunctionPointerArg1<void, void>::membercaller<WifiObj>(void*, unsigned*) 0x080077e5   Thumb Code    20  wifiobj.o(t._ZN4mbed19FunctionPointerArg1IvvE12membercallerI7WifiObjEEvPvPj)
    Buffer<char>::Buffer(unsigned)           0x080077f9   Thumb Code    32  buffer.o(t._ZN6BufferIcEC1Ej)
    Buffer<char>::Buffer__sub_object(unsigned) 0x080077f9   Thumb Code     0  buffer.o(t._ZN6BufferIcEC1Ej)
    aAPBAHBPrescTable                        0x08007818   Data          16  stm32f0xx_hal_rcc.o(.constdata)
    tab_encrypt                              0x0800783c   Data         512  main.o(.constdata)
    AHBPrescTable                            0x08007a7c   Data          16  system_stm32f0xx.o(.constdata)
    PinMap_UART_TX                           0x08007ac4   Data          48  PeripheralPins.o(.constdata)
    PinMap_UART_RX                           0x08007af4   Data          60  PeripheralPins.o(.constdata)
    PinMap_SPI_MOSI                          0x08007b30   Data          48  PeripheralPins.o(.constdata)
    PinMap_SPI_MISO                          0x08007b60   Data          48  PeripheralPins.o(.constdata)
    PinMap_SPI_SCLK                          0x08007b90   Data          48  PeripheralPins.o(.constdata)
    PinMap_SPI_SSEL                          0x08007bc0   Data          48  PeripheralPins.o(.constdata)
    __ctype_categories                       0x08007c24   Data          64  ctype_c.o(.constdata)
    vtable for BufferedSerial                0x08007c64   Data          24  bufferedserial.o(.constdata__ZTV14BufferedSerial)
    vtable for WT588D                        0x08007c7c   Data          16  wt588d.o(.constdata__ZTV6WT588D)
    vtable for mbed::SerialBase              0x08007c8c   Data          16  SerialBase.o(.constdata__ZTVN4mbed10SerialBaseE)
    vtable for mbed::TimerEvent              0x08007c9c   Data          20  TimerEvent.o(.constdata__ZTVN4mbed10TimerEventE)
    vtable for mbed::SPI                     0x08007cb0   Data          20  SPI.o(.constdata__ZTVN4mbed3SPIE)
    vtable for mbed::Ticker                  0x08007cc4   Data          20  Ticker.o(.constdata__ZTVN4mbed6TickerE)
    vtable for mbed::Timeout                 0x08007cd8   Data          20  Timeout.o(.constdata__ZTVN4mbed7TimeoutE)
    SimpleIn::SimpleIn(PinName)::string      0x08007cec   Data          33  cc1101.o(.constdata__ZZN8SimpleInC1E7PinNameEs)
    Region$$Table$$Base                      0x08007f78   Number         0  anon$$obj.o(Region$$Table)
    Region$$Table$$Limit                     0x08007f98   Number         0  anon$$obj.o(Region$$Table)
    SHT$$INIT_ARRAY$$Base                    0x08007f98   Number         0  main.o(.init_array)
    SHT$$INIT_ARRAY$$Limit                   0x08007fa4   Number         0  cpp_init.o(.init_array)
    mcu_uid                                  0x1ffff7ac   Data          12  main.o(.ARM.__AT_0x1FFFF7AC)
    kFlashSizeInKBytes                       0x1ffff7cc   Data           2  main.o(.ARM.__AT_0x1FFFF7CC)
    PreviousVal                              0x200000b4   Data           4  hal_tick.o(.data)
    RP_mode                                  0x200000c0   Data           1  main.o(.data)
    RP_num                                   0x200000c1   Data           1  main.o(.data)
    TotalCardNum                             0x200000c2   Data           1  main.o(.data)
    IsXPFinished                             0x200000c3   Data           1  main.o(.data)
    RF_rxst                                  0x200000c4   Data           1  main.o(.data)
    phone_send_wait_ack                      0x200000c5   Data           1  main.o(.data)
    phone_pai_pos                            0x200000c6   Data           1  main.o(.data)
    sys_status                               0x200000c7   Data           1  main.o(.data)
    currentReader                            0x200000c8   Data           4  main.o(.data)
    C                                        0x200000cc   Data           4  main.o(.data)
    unsend_count                             0x200000d0   Data           4  main.o(.data)
    sys_count                                0x200000d4   Data           4  main.o(.data)
    ssid_index                               0x200000d8   Data           4  main.o(.data)
    channel_index                            0x200000dc   Data           4  main.o(.data)
    wifi_uart                                0x200000ec   Data           4  main.o(.data)
    reader_uart                              0x200000f0   Data           4  main.o(.data)
    wifi                                     0x200000f4   Data           4  main.o(.data)
    led_power                                0x200000f8   Data           4  main.o(.data)
    led_X                                    0x200000fc   Data           4  main.o(.data)
    rfRst                                    0x20000100   Data           4  main.o(.data)
    cc1101                                   0x20000104   Data           4  main.o(.data)
    phone                                    0x20000108   Data           4  main.o(.data)
    SystemCoreClock                          0x2000010c   Data           4  system_stm32f0xx.o(.data)
    paTable                                  0x20000110   Data           8  cc1101.o(.data)
    str_password                             0x2000011c   Data           4  commwifi.o(.data)
    ssids                                    0x20000134   Data          32  commwifi.o(.data)
    pvoice                                   0x20000164   Data           4  voice.o(.data)
    amp_en                                   0x20000168   Data           4  voice.o(.data)
    stdio_uart_inited                        0x2000016c   Data           4  serial_api.o(.data)
    oc_rem_part                              0x2000017c   Data           2  us_ticker.o(.data)
    SlaveCounter                             0x20000184   Data           4  us_ticker.o(.data)
    oc_int_part                              0x20000188   Data           4  us_ticker.o(.data)
    mbed::SPI::_owner                        0x2000018c   Data           4  SPI.o(.data)
    mbed::FileBase::_head                    0x20000198   Data           4  FileBase.o(.data)
    __microlib_freelist                      0x200001ac   Data           4  mvars.o(.data)
    __microlib_freelist_initialised          0x200001b0   Data           4  mvars.o(.data)
    TimMasterHandle                          0x200001b4   Data          60  hal_tick.o(.bss)
    pFlash                                   0x20000230   Data          32  stm32f0xx_hal_flash.o(.bss)
    reader_monitor                           0x20000250   Data         820  main.o(.bss)
    phone_pais                               0x20000584   Data         816  main.o(.bss)
    wifi_buf                                 0x200008b4   Data         256  main.o(.bss)
    circular_wifi                            0x200009b4   Data          12  main.o(.bss)
    wifi_rst                                 0x200009c0   Data          20  main.o(.bss)
    ticker                                   0x200009d4   Data          48  main.o(.bss)
    rf_rxbuf                                 0x20000a04   Data         256  main.o(.bss)
    rf_txbuf                                 0x20000b04   Data         256  main.o(.bss)
    circular_rxbuf                           0x20000c04   Data          12  main.o(.bss)
    circular_txbuf                           0x20000c10   Data          12  main.o(.bss)
    g_timer                                  0x20000c1c   Data          16  main.o(.bss)
    power_tmr                                0x20000c2c   Data          16  main.o(.bss)
    led                                      0x20000c3c   Data          20  main.o(.bss)
    plock                                    0x20000c50   Data          20  main.o(.bss)
    reader_tmr                               0x20000c64   Data          16  main.o(.bss)
    rf_buffer                                0x20000c74   Data          64  main.o(.bss)
    RP_ovtimer                               0x20000cb4   Data          16  main.o(.bss)
    lastKeyPressTmr                          0x20000cc4   Data          16  main.o(.bss)
    phone_send_timer                         0x20000cd4   Data          16  main.o(.bss)
    unsend_pai                               0x20000ce4   Data          15  main.o(.bss)
    phone_live_pai                           0x20000cf4   Data          40  main.o(.bss)
    unsend_timer                             0x20000d1c   Data          16  main.o(.bss)
    key                                      0x20000d2c   Data          44  main.o(.bss)
    rf_power                                 0x20000dbc   Data          20  highpowerreader.o(.bss)
    rd_buffer                                0x20000dd0   Data          20  highpowerreader.o(.bss)
    voiceBuffer                              0x20000e44   Data          76  voice.o(.bss)
    speechTmr                                0x20000e90   Data          16  voice.o(.bss)
    UartHandle                               0x20000ea0   Data         112  serial_api.o(.bss)
    stdio_uart                               0x20000f10   Data          28  serial_api.o(.bss)
    __stdout                                 0x20000fcc   Data          20  stdout_f.o(.bss)
    __stderr                                 0x20000fe0   Data          20  stderr_f.o(.bss)
    __heap_base                              0x20000ff8   Data           0  startup_stm32f030x8.o(HEAP)
    Image$$RW_IRAM1$$ZI$$Limit               0x200017f8   Number         0  anon$$obj.o ABSOLUTE
    __heap_limit                             0x20001c00   Number         0  startup_stm32f030x8.o ABSOLUTE
    __initial_sp                             0x20002000   Number         0  startup_stm32f030x8.o ABSOLUTE
    kMcuIdCode                               0x40015800   Data           4  main.o(.ARM.__AT_0x40015800)



==============================================================================

Memory Map of the image

  Image Entry point : 0x080000b5

  Load Region LR_IROM1 (Base: 0x08000000, Size: 0x000080a4, Max: 0x00010000, ABSOLUTE)

    Execution Region ER_IROM1 (Base: 0x08000000, Size: 0x00007fa4, Max: 0x00010000, ABSOLUTE)

    Base Addr    Size         Type   Attr      Idx    E Section Name        Object

    0x08000000   0x000000b4   Data   RO         2280    RESET               startup_stm32f030x8.o
    0x080000b4   0x00000000   Code   RO         5013  * .ARM.Collect$$$$00000000  mc_p.l(entry.o)
    0x080000b4   0x00000004   Code   RO         5396    .ARM.Collect$$$$00000001  mc_p.l(entry2.o)
    0x080000b8   0x00000004   Code   RO         5399    .ARM.Collect$$$$00000004  mc_p.l(entry5.o)
    0x080000bc   0x00000004   Code   RO         5015    .ARM.Collect$$$$00000006  mc_p.l(entry6b.o)
    0x080000c0   0x00000000   Code   RO         5401    .ARM.Collect$$$$00000008  mc_p.l(entry7b.o)
    0x080000c0   0x00000004   Code   RO         5402    .ARM.Collect$$$$00000009  mc_p.l(entry8a.o)
    0x080000c4   0x00000000   Code   RO         5403    .ARM.Collect$$$$0000000A  mc_p.l(entry8b.o)
    0x080000c4   0x00000008   Code   RO         5404    .ARM.Collect$$$$0000000B  mc_p.l(entry9a.o)
    0x080000cc   0x00000000   Code   RO         5406    .ARM.Collect$$$$0000000D  mc_p.l(entry10a.o)
    0x080000cc   0x00000004   Code   RO         5407    .ARM.Collect$$$$0000000E  mc_p.l(entry10b.o)
    0x080000d0   0x00000000   Code   RO         5408    .ARM.Collect$$$$0000000F  mc_p.l(entry11a.o)
    0x080000d0   0x00000004   Code   RO         5397    .ARM.Collect$$$$00002712  mc_p.l(entry2.o)
    0x080000d4   0x0000001c   Code   RO         2281    .text               startup_stm32f030x8.o
    0x080000f0   0x00000020   Code   RO         5049    .text               mc_p.l(initio_oe.o)
    0x08000110   0x0000002c   Code   RO         5059    .text               mc_p.l(uidiv.o)
    0x0800013c   0x00000028   Code   RO         5061    .text               mc_p.l(idiv.o)
    0x08000164   0x00000022   Code   RO         5063    .text               mc_p.l(llushr.o)
    0x08000186   0x00000024   Code   RO         5065    .text               mc_p.l(memcpya.o)
    0x080001aa   0x00000024   Code   RO         5067    .text               mc_p.l(memseta.o)
    0x080001ce   0x0000000e   Code   RO         5071    .text               mc_p.l(strlen.o)
    0x080001dc   0x0000001c   Code   RO         5073    .text               mc_p.l(strcmp.o)
    0x080001f8   0x0000001a   Code   RO         5075    .text               mc_p.l(memcmp.o)
    0x08000212   0x0000001e   Code   RO         5079    .text               mc_p.l(strncmp.o)
    0x08000230   0x00000030   Code   RO         5343    .text               mc_p.l(vsscanf.o)
    0x08000260   0x0000003c   Code   RO         5345    .text               mc_p.l(__0sscanf.o)
    0x0800029c   0x0000014a   Code   RO         5347    .text               mc_p.l(_scanf_int.o)
    0x080003e6   0x00000002   PAD
    0x080003e8   0x00000020   Code   RO         5352    .text               mc_p.l(cpp_init.o)
    0x08000408   0x0000002a   Code   RO         5354    .text               mc_p.l(aeabi_atexit.o)
    0x08000432   0x00000008   Code   RO         5367    .text               cpprt_p.l(arm_newhandler_noexceptions.o)
    0x0800043a   0x0000002a   Code   RO         5415    .text               mc_p.l(fputc_fp.o)
    0x08000464   0x00000060   Code   RO         5417    .text               mc_p.l(uldiv.o)
    0x080004c4   0x0000001e   Code   RO         5447    .text               mc_p.l(_chval.o)
    0x080004e2   0x0000014a   Code   RO         5449    .text               mc_p.l(_scanf_longlong.o)
    0x0800062c   0x000000e8   Code   RO         5451    .text               mc_p.l(_scanf_str.o)
    0x08000714   0x0000034c   Code   RO         5453    .text               mc_p.l(scanf_fp.o)
    0x08000a60   0x0000002c   Code   RO         5457    .text               mc_p.l(scanf_char.o)
    0x08000a8c   0x00000044   Code   RO         5459    .text               mc_p.l(_sgetc.o)
    0x08000ad0   0x00000000   Code   RO         5461    .text               mc_p.l(iusefp.o)
    0x08000ad0   0x00000008   Code   RO         5463    .text               mc_p.l(cpp_dtor.o)
    0x08000ad8   0x00000014   Code   RO         5466    .text               mc_p.l(cpp_memory.o)
    0x08000aec   0x00000042   Code   RO         5471    .text               mc_p.l(cxa_finalize.o)
    0x08000b2e   0x00000082   Code   RO         5473    .text               mf_p.l(fepilogue.o)
    0x08000bb0   0x00000164   Code   RO         5475    .text               mf_p.l(dadd.o)
    0x08000d14   0x000000d0   Code   RO         5477    .text               mf_p.l(dmul.o)
    0x08000de4   0x000000f0   Code   RO         5479    .text               mf_p.l(ddiv.o)
    0x08000ed4   0x00000040   Code   RO         5481    .text               mf_p.l(dfixul.o)
    0x08000f14   0x00000028   Code   RO         5483    .text               mf_p.l(cdrcmple.o)
    0x08000f3c   0x0000001c   Code   RO         5505    .text               cpprt_p.l(arm_exceptions_terminate.o)
    0x08000f58   0x00000054   Code   RO         5508    .text               cpprt_p.l(arm_exceptions_globs.o)
    0x08000fac   0x00000024   Code   RO         5514    .text               mc_p.l(init.o)
    0x08000fd0   0x0000007a   Code   RO         5516    .text               mc_p.l(llmul.o)
    0x0800104a   0x00000020   Code   RO         5518    .text               mc_p.l(llshl.o)
    0x0800106a   0x00000026   Code   RO         5520    .text               mc_p.l(llsshr.o)
    0x08001090   0x0000000e   Code   RO         5522    .text               mc_p.l(isspace_c.o)
    0x0800109e   0x00000002   PAD
    0x080010a0   0x00000338   Code   RO         5526    .text               mc_p.l(_scanf.o)
    0x080013d8   0x00000002   Code   RO         5529    .text               mc_p.l(cpp_final.o)
    0x080013da   0x000000be   Code   RO         5531    .text               mf_p.l(depilogue.o)
    0x08001498   0x0000001c   Code   RO         5535    .text               mf_p.l(dfltul.o)
    0x080014b4   0x00000038   Code   RO         5537    .text               mf_p.l(d2f.o)
    0x080014ec   0x00000042   Code   RO         5542    .text               cpprt_p.l(arm_exceptions_mem.o)
    0x0800152e   0x00000002   PAD
    0x08001530   0x00000024   Code   RO         5552    .text               mc_p.l(ctype_c.o)
    0x08001554   0x00000010   Code   RO           27    i.$Sub$$main        retarget.o
    0x08001564   0x00000008   Code   RO         4579    i.<Func1>           mbed.ar(SerialBase.o)
    0x0800156c   0x00000078   Code   RO          336    i.FLASH_WaitForLastOperation  stm32f0xx_hal_flash.o
    0x080015e4   0x000000d0   Code   RO          366    i.HAL_FLASHEx_Erase  stm32f0xx_hal_flash_ex.o
    0x080016b4   0x00000014   Code   RO          340    i.HAL_FLASH_Lock    stm32f0xx_hal_flash.o
    0x080016c8   0x00000098   Code   RO          345    i.HAL_FLASH_Program  stm32f0xx_hal_flash.o
    0x08001760   0x00000024   Code   RO          347    i.HAL_FLASH_Unlock  stm32f0xx_hal_flash.o
    0x08001784   0x00000158   Code   RO          384    i.HAL_GPIO_Init     stm32f0xx_hal_gpio.o
    0x080018dc   0x0000000c   Code   RO          158    i.HAL_GetTick       stm32f0xx_hal.o
    0x080018e8   0x00000010   Code   RO          159    i.HAL_IncTick       stm32f0xx_hal.o
    0x080018f8   0x00000020   Code   RO          160    i.HAL_Init          stm32f0xx_hal.o
    0x08001918   0x000000c8   Code   RO            9    i.HAL_InitTick      hal_tick.o
    0x080019e0   0x00000002   Code   RO          163    i.HAL_MspInit       stm32f0xx_hal.o
    0x080019e2   0x00000002   PAD
    0x080019e4   0x000001d4   Code   RO          556    i.HAL_RCC_ClockConfig  stm32f0xx_hal_rcc.o
    0x08001bb8   0x00000084   Code   RO          563    i.HAL_RCC_GetPCLK1Freq  stm32f0xx_hal_rcc.o
    0x08001c3c   0x0000007c   Code   RO          564    i.HAL_RCC_GetSysClockFreq  stm32f0xx_hal_rcc.o
    0x08001cb8   0x000003c8   Code   RO          567    i.HAL_RCC_OscConfig  stm32f0xx_hal_rcc.o
    0x08002080   0x000000d0   Code   RO          696    i.HAL_SPI_Init      stm32f0xx_hal_spi.o
    0x08002150   0x00000002   Code   RO          698    i.HAL_SPI_MspInit   stm32f0xx_hal_spi.o
    0x08002152   0x00000032   Code   RO          802    i.HAL_TIM_Base_Init  stm32f0xx_hal_tim.o
    0x08002184   0x00000002   Code   RO          804    i.HAL_TIM_Base_MspInit  stm32f0xx_hal_tim.o
    0x08002186   0x00000018   Code   RO          805    i.HAL_TIM_Base_Start  stm32f0xx_hal_tim.o
    0x0800219e   0x00000002   PAD
    0x080021a0   0x00000058   Code   RO          852    i.HAL_TIM_OC_Start  stm32f0xx_hal_tim.o
    0x080021f8   0x0000006e   Code   RO         1088    i.HAL_UART_Init     stm32f0xx_hal_uart.o
    0x08002266   0x00000002   Code   RO         1090    i.HAL_UART_MspInit  stm32f0xx_hal_uart.o
    0x08002268   0x00000048   Code   RO         2288    i.NVIC_SetVector    cmsis_nvic.o
    0x080022b0   0x000000c0   Code   RO         4781    i.Set_GPIO_Clock    mbed.ar(pinmap.o)
    0x08002370   0x00000010   Code   RO         1261    i.SysTick_Handler   main.o
    0x08002380   0x00000070   Code   RO         2077    i.SystemCoreClockUpdate  system_stm32f0xx.o
    0x080023f0   0x000000c8   Code   RO         2078    i.SystemInit        system_stm32f0xx.o
    0x080024b8   0x00000084   Code   RO          886    i.TIM_Base_SetConfig  stm32f0xx_hal_tim.o
    0x0800253c   0x000000cc   Code   RO         1101    i.UART_AdvFeatureConfig  stm32f0xx_hal_uart.o
    0x08002608   0x0000014c   Code   RO         1110    i.UART_SetConfig    stm32f0xx_hal_uart.o
    0x08002754   0x00000050   Code   RO         3712    i._Z10Speech_AddPhh  voice.o
    0x080027a4   0x00000044   Code   RO         3713    i._Z10Speech_Addh   voice.o
    0x080027e8   0x000000bc   Code   RO         1263    i._Z10UIDEncryptv   main.o
    0x080028a4   0x00000054   Code   RO         3715    i._Z11Speech_Init7PinNameS_S_  voice.o
    0x080028f8   0x000000ac   Code   RO         3716    i._Z11Speech_Playv  voice.o
    0x080029a4   0x00000104   Code   RO         1268    i._Z12PowerOn_Initv  main.o
    0x08002aa8   0x00000120   Code   RO         1269    i._Z12Powered_Initv  main.o
    0x08002bc8   0x0000003c   Code   RO         3539    i._Z13HiReader_Initv  highpowerreader.o
    0x08002c04   0x0000007c   Code   RO         3718    i._Z13Speech_AddNumh  voice.o
    0x08002c80   0x000000ec   Code   RO         1274    i._Z14Navigator_Initv  main.o
    0x08002d6c   0x00000094   Code   RO         3541    i._Z15HiReader_OpenRFv  highpowerreader.o
    0x08002e00   0x00000048   Code   RO         1280    i._Z15Reader_FinishXPv  main.o
    0x08002e48   0x000000fc   Code   RO         1282    i._Z15SendInformationv  main.o
    0x08002f44   0x00000094   Code   RO         3543    i._Z16HiReader_CloseRFv  highpowerreader.o
    0x08002fd8   0x000000e4   Code   RO         1285    i._Z17Phone_SetPaiCountP24PhoneMessage_SetPaiCount  main.o
    0x080030bc   0x00000090   Code   RO         1287    i._Z17Reader_ReadInsideh  main.o
    0x0800314c   0x000002a4   Code   RO         3545    i._Z19HiReader_GetMessageP20HiReader_DataMessage  highpowerreader.o
    0x080033f0   0x00000134   Code   RO         1289    i._Z20Phone_EnterStudyModeP14RfStudyMessage  main.o
    0x08003524   0x000000d8   Code   RO         1290    i._Z20Phone_SendReaderPaisv  main.o
    0x080035fc   0x000000b8   Code   RO         1292    i._Z20Reader_CheckReceivedv  main.o
    0x080036b4   0x0000007c   Code   RO         1293    i._Z20SendGroupTileToPhonev  main.o
    0x08003730   0x00000144   Code   RO         1294    i._Z21Phone_DispatchMessagePh  main.o
    0x08003874   0x00000050   Code   RO         3546    i._Z22HiReader_SerialHandlerv  highpowerreader.o
    0x080038c4   0x000000c8   Code   RO         1298    i._Z26Reader_HandleInsideMessagePKh  main.o
    0x0800398c   0x0000008c   Code   RO         1304    i._Z8DAT_Loadv      main.o
    0x08003a18   0x000001a4   Code   RO         1307    i._Z9ToggleLedv     main.o
    0x08003bbc   0x00000008   Code   RO         2667    i._ZN14BufferedSerial4getcEv  bufferedserial.o
    0x08003bc4   0x0000002c   Code   RO         2668    i._ZN14BufferedSerial4putcEi  bufferedserial.o
    0x08003bf0   0x0000005e   Code   RO         2669    i._ZN14BufferedSerial4putsEPKc  bufferedserial.o
    0x08003c4e   0x00000002   PAD
    0x08003c50   0x00000098   Code   RO         2670    i._ZN14BufferedSerial5primeEv  bufferedserial.o
    0x08003ce8   0x0000004e   Code   RO         2671    i._ZN14BufferedSerial5txIrqEv  bufferedserial.o
    0x08003d36   0x00000052   Code   RO         2672    i._ZN14BufferedSerial5writeEPKvj  bufferedserial.o
    0x08003d88   0x00000038   Code   RO         2673    i._ZN14BufferedSerial6printfEPKcz  bufferedserial.o
    0x08003dc0   0x00000020   Code   RO         2675    i._ZN14BufferedSerialC1E7PinNameS0_j  bufferedserial.o
    0x08003de0   0x0000000a   Code   RO         4580    i._ZN4mbed10SerialBase10_base_getcEv  mbed.ar(SerialBase.o)
    0x08003dea   0x0000002e   Code   RO         4583    i._ZN4mbed10SerialBase12_irq_handlerEj9SerialIrq  mbed.ar(SerialBase.o)
    0x08003e18   0x00000010   Code   RO         4584    i._ZN4mbed10SerialBase4baudEi  mbed.ar(SerialBase.o)
    0x08003e28   0x0000002c   Code   RO         4585    i._ZN4mbed10SerialBase6attachEPFvvENS0_7IrqTypeE  mbed.ar(SerialBase.o)
    0x08003e54   0x00000054   Code   RO         4589    i._ZN4mbed10SerialBaseC1E7PinNameS1_  mbed.ar(SerialBase.o)
    0x08003ea8   0x00000006   Code   RO         4695    i._ZN4mbed10TimerEvent3irqEj  mbed.ar(TimerEvent.o)
    0x08003eae   0x00000012   Code   RO         4696    i._ZN4mbed10TimerEvent6insertEj  mbed.ar(TimerEvent.o)
    0x08003ec0   0x0000000e   Code   RO         4697    i._ZN4mbed10TimerEvent6removeEv  mbed.ar(TimerEvent.o)
    0x08003ece   0x00000002   PAD
    0x08003ed0   0x00000028   Code   RO         4699    i._ZN4mbed10TimerEventC2Ev  mbed.ar(TimerEvent.o)
    0x08003ef8   0x00000018   Code   RO         4701    i._ZN4mbed10TimerEventD2Ev  mbed.ar(TimerEvent.o)
    0x08003f10   0x00000034   Code   RO         4549    i._ZN4mbed3SPI5writeEi  mbed.ar(SPI.o)
    0x08003f44   0x00000024   Code   RO         4551    i._ZN4mbed3SPI6formatEii  mbed.ar(SPI.o)
    0x08003f68   0x00000028   Code   RO         4552    i._ZN4mbed3SPI9frequencyEi  mbed.ar(SPI.o)
    0x08003f90   0x00000050   Code   RO         4553    i._ZN4mbed3SPIC1E7PinNameS1_S1_S1_  mbed.ar(SPI.o)
    0x08003fe0   0x00000012   Code   RO         4663    i._ZN4mbed5Timer5resetEv  mbed.ar(Timer.o)
    0x08003ff2   0x00000018   Code   RO         4664    i._ZN4mbed5Timer5startEv  mbed.ar(Timer.o)
    0x0800400a   0x00000022   Code   RO         4665    i._ZN4mbed5Timer7read_msEv  mbed.ar(Timer.o)
    0x0800402c   0x0000001e   Code   RO         4669    i._ZN4mbed5TimerC1Ev  mbed.ar(Timer.o)
    0x0800404a   0x0000001e   Code   RO         4641    i._ZN4mbed6Ticker5setupEj  mbed.ar(Ticker.o)
    0x08004068   0x00000010   Code   RO         4642    i._ZN4mbed6Ticker6detachEv  mbed.ar(Ticker.o)
    0x08004078   0x0000002e   Code   RO         4643    i._ZN4mbed6Ticker7handlerEv  mbed.ar(Ticker.o)
    0x080040a6   0x00000002   PAD
    0x080040a8   0x0000001c   Code   RO         1603    i._ZN4mbed6TickerD1Ev  main.o
    0x080040c4   0x0000001c   Code   RO         4624    i._ZN4mbed7Timeout7handlerEv  mbed.ar(Timeout.o)
    0x080040e0   0x00000004   Code   RO         4819    i._ZN4mbed8FileBase11getPathTypeEv  mbed.ar(FileBase.o)
    0x080040e4   0x0000003c   Code   RO         4821    i._ZN4mbed8FileBase6lookupEPKcj  mbed.ar(FileBase.o)
    0x08004120   0x0000001a   Code   RO         4464    i._ZN4mbed8FilePath10fileSystemEv  mbed.ar(FilePath.o)
    0x0800413a   0x00000020   Code   RO         4466    i._ZN4mbed8FilePath4fileEv  mbed.ar(FilePath.o)
    0x0800415a   0x0000000a   Code   RO         4467    i._ZN4mbed8FilePath6existsEv  mbed.ar(FilePath.o)
    0x08004164   0x00000018   Code   RO         4468    i._ZN4mbed8FilePath6isFileEv  mbed.ar(FilePath.o)
    0x0800417c   0x00000004   Code   RO         4469    i._ZN4mbed8FilePath8fileNameEv  mbed.ar(FilePath.o)
    0x08004180   0x00000044   Code   RO         4470    i._ZN4mbed8FilePathC1EPKc  mbed.ar(FilePath.o)
    0x080041c4   0x0000004a   Code   RO         2985    i._ZN6CC110110ReadStatusEh  cc1101.o
    0x0800420e   0x00000002   PAD
    0x08004210   0x00000058   Code   RO         2986    i._ZN6CC110110SendPacketEPKhh  cc1101.o
    0x08004268   0x00000014   Code   RO         2987    i._ZN6CC110110SetChannelEh  cc1101.o
    0x0800427c   0x00000064   Code   RO         2991    i._ZN6CC110112ReadBurstRegEhPhh  cc1101.o
    0x080042e0   0x00000074   Code   RO         2994    i._ZN6CC110113ReceivePacketEPhi  cc1101.o
    0x08004354   0x00000062   Code   RO         2995    i._ZN6CC110113WriteBurstRegEhPKvh  cc1101.o
    0x080043b6   0x0000002c   Code   RO         2996    i._ZN6CC110115SendPacketAsyncEPKvh  cc1101.o
    0x080043e2   0x000001ae   Code   RO         2997    i._ZN6CC110115WriteRfSettingsEPK13S_RF_SETTINGS  cc1101.o
    0x08004590   0x0000005c   Code   RO         3000    i._ZN6CC110121POWER_UP_RESET_CCxxx0Ev  cc1101.o
    0x080045ec   0x0000005c   Code   RO         3001    i._ZN6CC11014initEPK13S_RF_SETTINGS  cc1101.o
    0x08004648   0x0000001c   Code   RO         3004    i._ZN6CC11016RXModeEv  cc1101.o
    0x08004664   0x00000044   Code   RO         3006    i._ZN6CC11016StrobeEh  cc1101.o
    0x080046a8   0x00000012   Code   RO         3010    i._ZN6CC11017GetGDO2Ev  cc1101.o
    0x080046ba   0x00000050   Code   RO         3011    i._ZN6CC11017ReadRegEh  cc1101.o
    0x0800470a   0x0000004a   Code   RO         3012    i._ZN6CC11018WriteRegEhh  cc1101.o
    0x08004754   0x0000009c   Code   RO         3013    i._ZN6CC1101C1E7PinNameS0_S0_S0_S0_  cc1101.o
    0x080047f0   0x00000020   Code   RO         4233    i._ZN6WT588D4InitEv  wt588d.o
    0x08004810   0x00000060   Code   RO         4234    i._ZN6WT588D4playEh  wt588d.o
    0x08004870   0x00000020   Code   RO         4235    i._ZN6WT588D6IsBusyEv  wt588d.o
    0x08004890   0x00000058   Code   RO         4237    i._ZN6WT588DC1E7PinNameS0_  wt588d.o
    0x080048e8   0x00000038   Code   RO         3834    i._ZN7WifiObj13SerialHandlerEv  wifiobj.o
    0x08004920   0x00000034   Code   RO         3835    i._ZN7WifiObj15AsyncGetGatewayEPcS0_S0_S0_  wifiobj.o
    0x08004954   0x00000100   Code   RO         3836    i._ZN7WifiObj16EnterCommandModeEv  wifiobj.o
    0x08004a54   0x00000098   Code   RO         3837    i._ZN7WifiObj19SendCmdAndWaitReplyEPKciS1_  wifiobj.o
    0x08004aec   0x00000034   Code   RO         3838    i._ZN7WifiObj20EnterTransparentModeEv  wifiobj.o
    0x08004b20   0x00000002   Code   RO         3839    i._ZN7WifiObj4InitEv  wifiobj.o
    0x08004b22   0x000000be   Code   RO         3840    i._ZN7WifiObj4findEPKc  wifiobj.o
    0x08004be0   0x000000c0   Code   RO         3841    i._ZN7WifiObj4findEiPKc  wifiobj.o
    0x08004ca0   0x00000016   Code   RO         3842    i._ZN7WifiObj4putcEi  wifiobj.o
    0x08004cb6   0x000000ba   Code   RO         3844    i._ZN7WifiObj5scanfEPKcz  wifiobj.o
    0x08004d70   0x000000dc   Code   RO         3845    i._ZN7WifiObj5scanfEiPKcz  wifiobj.o
    0x08004e4c   0x00000012   Code   RO         3846    i._ZN7WifiObj6IsLinkEv  wifiobj.o
    0x08004e5e   0x00000002   PAD
    0x08004e60   0x00000018   Code   RO         3847    i._ZN7WifiObj6RebootEv  wifiobj.o
    0x08004e78   0x00000050   Code   RO         3848    i._ZN7WifiObj7GetSsidEPc  wifiobj.o
    0x08004ec8   0x00000012   Code   RO         3849    i._ZN7WifiObj7IsReadyEv  wifiobj.o
    0x08004eda   0x00000002   PAD
    0x08004edc   0x0000011c   Code   RO         3852    i._ZN7WifiObj8AsyncCmdE9WifiATCmdPKv  wifiobj.o
    0x08004ff8   0x00000058   Code   RO         3853    i._ZN7WifiObj8GetTcptoEv  wifiobj.o
    0x08005050   0x0000002e   Code   RO         3855    i._ZN7WifiObj9SendBytesEPKvh  wifiobj.o
    0x0800507e   0x00000002   PAD
    0x08005080   0x0000007c   Code   RO         3856    i._ZN7WifiObjC1EP14BufferedSerialR16CircularBufferEx7PinNameS4_  wifiobj.o
    0x080050fc   0x0000015c   Code   RO         3265    i._ZN8CommWifi10GetMessageEPhh  commwifi.o
    0x08005258   0x00000074   Code   RO         3266    i._ZN8CommWifi10SendPacketEPKvi  commwifi.o
    0x080052cc   0x0000000a   Code   RO         3267    i._ZN8CommWifi11GetNoTxTimeEv  commwifi.o
    0x080052d6   0x00000002   PAD
    0x080052d8   0x0000015c   Code   RO         3269    i._ZN8CommWifi12ConnectPhoneEv  commwifi.o
    0x08005434   0x00000072   Code   RO         3270    i._ZN8CommWifi13SendGroupDataEiPK11MahjongInfoi  commwifi.o
    0x080054a6   0x00000002   PAD
    0x080054a8   0x00000094   Code   RO         3271    i._ZN8CommWifi13SendHeartBeatEv  commwifi.o
    0x0800553c   0x00000070   Code   RO         3276    i._ZN8CommWifi19SendAdminReaderDataEPK11MahjongInfoi  commwifi.o
    0x080055ac   0x000002ac   Code   RO         3278    i._ZN8CommWifi4InitEv  commwifi.o
    0x08005858   0x0000000a   Code   RO         3279    i._ZN8CommWifi6IsLinkEv  commwifi.o
    0x08005862   0x00000006   Code   RO         3284    i._ZN8CommWifi8StopLinkEv  commwifi.o
    0x08005868   0x00000058   Code   RO         3285    i._ZN8CommWifiC1EP7WifiObj  commwifi.o
    0x080058c0   0x0000000a   Code   RO         4333    i._ZN9SimpleKey4InitEv  simplekey.o
    0x080058ca   0x00000062   Code   RO         4334    i._ZN9SimpleKey7ScanKeyEv  simplekey.o
    0x0800592c   0x00000032   Code   RO         4335    i._ZN9SimpleKeyC1E7PinName  simplekey.o
    0x0800595e   0x00000008   Code   RO         4881    i._ZdaPv            cpprt_p.l(array_del.o)
    0x08005966   0x00000008   Code   RO         4888    i._ZdlPv            cpprt_p.l(delete.o)
    0x0800596e   0x00000008   Code   RO         4884    i._Znaj             cpprt_p.l(array_new.o)
    0x08005976   0x00000002   PAD
    0x08005978   0x00000028   Code   RO         4891    i._Znwj             cpprt_p.l(new.o)
    0x080059a0   0x00000018   Code   RO         5319    i.__0vfprintf       mc_p.l(printfa.o)
    0x080059b8   0x00000024   Code   RO         5322    i.__0vsprintf       mc_p.l(printfa.o)
    0x080059dc   0x0000002e   Code   RO         5533    i.__ARM_clz         mf_p.l(depilogue.o)
    0x08005a0a   0x00000016   Code   RO         1609    i.__ARM_common_memcpy1_5  main.o
    0x08005a20   0x00000022   Code   RO         5010    i.__aeabi_vec_ctor_nocookie_nodtor  cpprt_p.l(aeabi_vec_ctor_nocookie_nodtor.o)
    0x08005a42   0x00000012   Code   RO         4898    i.__cxa_guard_acquire  cpprt_p.l(cxa_guard_acquire.o)
    0x08005a54   0x0000000a   Code   RO         4895    i.__cxa_pure_virtual  cpprt_p.l(pure_virt.o)
    0x08005a5e   0x0000000e   Code   RO         5561    i.__scatterload_copy  mc_p.l(handlers.o)
    0x08005a6c   0x00000002   Code   RO         5562    i.__scatterload_null  mc_p.l(handlers.o)
    0x08005a6e   0x0000000e   Code   RO         5563    i.__scatterload_zeroinit  mc_p.l(handlers.o)
    0x08005a7c   0x00000080   Code   RO         3548    i.__sti___19_HighPowerReader_cpp_rf_power  highpowerreader.o
    0x08005afc   0x0000010c   Code   RO         1308    i.__sti___8_main_cpp_cf170f72  main.o
    0x08005c08   0x00000030   Code   RO         3720    i.__sti___9_Voice_cpp_ade2d123  voice.o
    0x08005c38   0x00000018   Code   RO         5047    i._fflush$full      mc_p.l(fflush_f.o)
    0x08005c50   0x00000158   Code   RO         5323    i._fp_digits        mc_p.l(printfa.o)
    0x08005da8   0x0000000e   Code   RO         5455    i._is_digit         mc_p.l(scanf_fp.o)
    0x08005db6   0x00000002   PAD
    0x08005db8   0x000006ec   Code   RO         5324    i._printf_core      mc_p.l(printfa.o)
    0x080064a4   0x00000020   Code   RO         5325    i._printf_post_padding  mc_p.l(printfa.o)
    0x080064c4   0x0000002c   Code   RO         5326    i._printf_pre_padding  mc_p.l(printfa.o)
    0x080064f0   0x0000000a   Code   RO         5328    i._sputc            mc_p.l(printfa.o)
    0x080064fa   0x00000002   PAD
    0x080064fc   0x000000e4   Code   RO           38    i._sys_open         retarget.o
    0x080065e0   0x00000028   Code   RO           40    i._sys_seek         retarget.o
    0x08006608   0x00000060   Code   RO           41    i._sys_write        retarget.o
    0x08006668   0x00000018   Code   RO         4725    i.error             mbed.ar(error.o)
    0x08006680   0x00000020   Code   RO           43    i.exit              retarget.o
    0x080066a0   0x00000054   Code   RO         5419    i.free              mc_p.l(malloc.o)
    0x080066f4   0x00000008   Code   RO         4746    i.get_us_ticker_data  mbed.ar(us_ticker_api.o)
    0x080066fc   0x0000004c   Code   RO         4392    i.gpio_dir          mbed.ar(gpio_api.o)
    0x08006748   0x00000038   Code   RO         4393    i.gpio_init         mbed.ar(gpio_api.o)
    0x08006780   0x00000022   Code   RO         4731    i.gpio_init_in      mbed.ar(gpio.o)
    0x080067a2   0x00000002   PAD
    0x080067a4   0x00000040   Code   RO         4734    i.gpio_init_out     mbed.ar(gpio.o)
    0x080067e4   0x00000060   Code   RO         4735    i.gpio_init_out_ex  mbed.ar(gpio.o)
    0x08006844   0x0000000e   Code   RO         4394    i.gpio_mode         mbed.ar(gpio_api.o)
    0x08006852   0x00000002   PAD
    0x08006854   0x0000004c   Code   RO         4793    i.init_spi          mbed.ar(spi_api.o)
    0x080068a0   0x00000050   Code   RO         4405    i.init_uart         mbed.ar(serial_api.o)
    0x080068f0   0x00000424   Code   RO         1309    i.main              main.o
    0x08006d14   0x0000006c   Code   RO         5420    i.malloc            mc_p.l(malloc.o)
    0x08006d80   0x00000044   Code   RO         4847    i.mbed_assert_internal  mbed.ar(assert.o)
    0x08006dc4   0x00000010   Code   RO            3    i.mbed_die          board.o
    0x08006dd4   0x00000002   Code   RO           44    i.mbed_main         retarget.o
    0x08006dd6   0x0000000c   Code   RO           21    i.mbed_sdk_init     mbed_overrides.o
    0x08006de2   0x00000002   PAD
    0x08006de4   0x0000006c   Code   RO         4782    i.pin_function      mbed.ar(pinmap.o)
    0x08006e50   0x00000054   Code   RO         4783    i.pin_mode          mbed.ar(pinmap.o)
    0x08006ea4   0x00000034   Code   RO         4854    i.pinmap_merge      mbed.ar(pinmap_common.o)
    0x08006ed8   0x0000005c   Code   RO         4855    i.pinmap_peripheral  mbed.ar(pinmap_common.o)
    0x08006f34   0x00000054   Code   RO         4856    i.pinmap_pinout     mbed.ar(pinmap_common.o)
    0x08006f88   0x0000000a   Code   RO         4406    i.serial_baud       mbed.ar(serial_api.o)
    0x08006f92   0x00000002   PAD
    0x08006f94   0x00000020   Code   RO         4412    i.serial_getc       mbed.ar(serial_api.o)
    0x08006fb4   0x00000110   Code   RO         4413    i.serial_init       mbed.ar(serial_api.o)
    0x080070c4   0x00000018   Code   RO         4414    i.serial_irq_handler  mbed.ar(serial_api.o)
    0x080070dc   0x00000094   Code   RO         4415    i.serial_irq_set    mbed.ar(serial_api.o)
    0x08007170   0x00000024   Code   RO         4417    i.serial_putc       mbed.ar(serial_api.o)
    0x08007194   0x00000018   Code   RO         4419    i.serial_writable   mbed.ar(serial_api.o)
    0x080071ac   0x0000001c   Code   RO         4446    i.set_compare       mbed.ar(us_ticker.o)
    0x080071c8   0x00000060   Code   RO         4795    i.spi_format        mbed.ar(spi_api.o)
    0x08007228   0x00000094   Code   RO         4797    i.spi_frequency     mbed.ar(spi_api.o)
    0x080072bc   0x00000114   Code   RO         4798    i.spi_init          mbed.ar(spi_api.o)
    0x080073d0   0x00000050   Code   RO         4799    i.spi_master_write  mbed.ar(spi_api.o)
    0x08007420   0x0000003a   Code   RO         4868    i.ticker_insert_event  mbed.ar(ticker_api.o)
    0x0800745a   0x0000004a   Code   RO         4869    i.ticker_irq_handler  mbed.ar(ticker_api.o)
    0x080074a4   0x00000006   Code   RO         4870    i.ticker_read       mbed.ar(ticker_api.o)
    0x080074aa   0x00000040   Code   RO         4871    i.ticker_remove_event  mbed.ar(ticker_api.o)
    0x080074ea   0x00000012   Code   RO         4872    i.ticker_set_handler  mbed.ar(ticker_api.o)
    0x080074fc   0x00000094   Code   RO           10    i.timer_oc_irq_handler  hal_tick.o
    0x08007590   0x00000028   Code   RO           11    i.timer_update_irq_handler  hal_tick.o
    0x080075b8   0x00000050   Code   RO         4420    i.uart1_irq         mbed.ar(serial_api.o)
    0x08007608   0x00000050   Code   RO         4421    i.uart2_irq         mbed.ar(serial_api.o)
    0x08007658   0x00000020   Code   RO         4447    i.us_ticker_clear_interrupt  mbed.ar(us_ticker.o)
    0x08007678   0x00000018   Code   RO         4448    i.us_ticker_disable_interrupt  mbed.ar(us_ticker.o)
    0x08007690   0x0000001c   Code   RO         4449    i.us_ticker_init    mbed.ar(us_ticker.o)
    0x080076ac   0x00000010   Code   RO         4747    i.us_ticker_irq_handler  mbed.ar(us_ticker_api.o)
    0x080076bc   0x00000038   Code   RO         4450    i.us_ticker_read    mbed.ar(us_ticker.o)
    0x080076f4   0x0000008c   Code   RO         4451    i.us_ticker_set_interrupt  mbed.ar(us_ticker.o)
    0x08007780   0x0000001c   Code   RO         4758    i.wait_ms           mbed.ar(wait_api.o)
    0x0800779c   0x00000016   Code   RO         4759    i.wait_us           mbed.ar(wait_api.o)
    0x080077b2   0x00000002   Code   RO         3787    t._ZN4mbed14CircularBufferIhLj64EjED1Ev  voice.o
    0x080077b4   0x0000000e   Code   RO         3628    t._ZN4mbed15CircularBufferAI10RxTileInfojED1Ev  highpowerreader.o
    0x080077c2   0x0000000e   Code   RO         3622    t._ZN4mbed15CircularBufferAIhjED1Ev  highpowerreader.o
    0x080077d0   0x00000014   Code   RO         2743    t._ZN4mbed19FunctionPointerArg1IvvE12membercallerI14BufferedSerialEEvPvPj  bufferedserial.o
    0x080077e4   0x00000014   Code   RO         4003    t._ZN4mbed19FunctionPointerArg1IvvE12membercallerI7WifiObjEEvPvPj  wifiobj.o
    0x080077f8   0x00000020   Code   RO         2568    t._ZN6BufferIcEC1Ej  buffer.o
    0x08007818   0x00000010   Data   RO          568    .constdata          stm32f0xx_hal_rcc.o
    0x08007828   0x0000024d   Data   RO         1366    .constdata          main.o
    0x08007a75   0x00000003   PAD
    0x08007a78   0x00000004   Data   RO         1367    .constdata          main.o
    0x08007a7c   0x00000010   Data   RO         2079    .constdata          system_stm32f0xx.o
    0x08007a8c   0x00000008   Data   RO         2689    .constdata          bufferedserial.o
    0x08007a94   0x00000014   Data   RO         3884    .constdata          wifiobj.o
    0x08007aa8   0x00000014   Data   RO         4748    .constdata          mbed.ar(us_ticker_api.o)
    0x08007abc   0x00000008   Data   RO         4749    .constdata          mbed.ar(us_ticker_api.o)
    0x08007ac4   0x00000030   Data   RO         4771    .constdata          mbed.ar(PeripheralPins.o)
    0x08007af4   0x0000003c   Data   RO         4772    .constdata          mbed.ar(PeripheralPins.o)
    0x08007b30   0x00000030   Data   RO         4773    .constdata          mbed.ar(PeripheralPins.o)
    0x08007b60   0x00000030   Data   RO         4774    .constdata          mbed.ar(PeripheralPins.o)
    0x08007b90   0x00000030   Data   RO         4775    .constdata          mbed.ar(PeripheralPins.o)
    0x08007bc0   0x00000030   Data   RO         4776    .constdata          mbed.ar(PeripheralPins.o)
    0x08007bf0   0x00000034   Data   RO         4784    .constdata          mbed.ar(pinmap.o)
    0x08007c24   0x00000040   Data   RO         5553    .constdata          mc_p.l(ctype_c.o)
    0x08007c64   0x00000018   Data   RO         2742    .constdata__ZTV14BufferedSerial  bufferedserial.o
    0x08007c7c   0x00000010   Data   RO         4292    .constdata__ZTV6WT588D  wt588d.o
    0x08007c8c   0x00000010   Data   RO         4615    .constdata__ZTVN4mbed10SerialBaseE  mbed.ar(SerialBase.o)
    0x08007c9c   0x00000014   Data   RO         4720    .constdata__ZTVN4mbed10TimerEventE  mbed.ar(TimerEvent.o)
    0x08007cb0   0x00000014   Data   RO         4568    .constdata__ZTVN4mbed3SPIE  mbed.ar(SPI.o)
    0x08007cc4   0x00000014   Data   RO         4653    .constdata__ZTVN4mbed6TickerE  mbed.ar(Ticker.o)
    0x08007cd8   0x00000014   Data   RO         4630    .constdata__ZTVN4mbed7TimeoutE  mbed.ar(Timeout.o)
    0x08007cec   0x00000021   Data   RO         3176    .constdata__ZZN8SimpleInC1E7PinNameEs  cc1101.o
    0x08007d0d   0x00000003   PAD
    0x08007d10   0x0000004a   Data   RO         3310    .conststring        commwifi.o
    0x08007d5a   0x00000002   PAD
    0x08007d5c   0x0000000f   Data   RO         3885    .conststring        wifiobj.o
    0x08007d6b   0x00000001   PAD
    0x08007d6c   0x00000066   Data   RO         4396    .conststring        mbed.ar(gpio_api.o)
    0x08007dd2   0x00000002   PAD
    0x08007dd4   0x00000068   Data   RO         4423    .conststring        mbed.ar(serial_api.o)
    0x08007e3c   0x0000006e   Data   RO         4736    .conststring        mbed.ar(gpio.o)
    0x08007eaa   0x00000002   PAD
    0x08007eac   0x00000064   Data   RO         4785    .conststring        mbed.ar(pinmap.o)
    0x08007f10   0x00000065   Data   RO         4804    .conststring        mbed.ar(spi_api.o)
    0x08007f75   0x00000003   PAD
    0x08007f78   0x00000020   Data   RO         5559    Region$$Table       anon$$obj.o
    0x08007f98   0x00000004   Data   RO         1379    .init_array         main.o
    0x08007f9c   0x00000004   Data   RO         3563    .init_array         highpowerreader.o
    0x08007fa0   0x00000004   Data   RO         3733    .init_array         voice.o
    0x08007fa4   0x00000000   Data   RO         5350    .init_array         mc_p.l(cpp_init.o)


    Execution Region RW_IRAM1 (Base: 0x200000b4, Size: 0x00001744, Max: 0x00001f4c, ABSOLUTE)

    Base Addr    Size         Type   Attr      Idx    E Section Name        Object

    0x200000b4   0x00000004   Data   RW           13    .data               hal_tick.o
    0x200000b8   0x00000004   Data   RW           89    .data               retarget.o
    0x200000bc   0x00000004   Data   RW          166    .data               stm32f0xx_hal.o
    0x200000c0   0x0000004c   Data   RW         1370    .data               main.o
    0x2000010c   0x00000004   Data   RW         2080    .data               system_stm32f0xx.o
    0x20000110   0x00000008   Data   RW         3044    .data               cc1101.o
    0x20000118   0x0000003c   Data   RW         3313    .data               commwifi.o
    0x20000154   0x00000010   Data   RW         3562    .data               highpowerreader.o
    0x20000164   0x00000008   Data   RW         3732    .data               voice.o
    0x2000016c   0x00000010   Data   RW         4424    .data               mbed.ar(serial_api.o)
    0x2000017c   0x00000010   Data   RW         4453    .data               mbed.ar(us_ticker.o)
    0x2000018c   0x00000004   Data   RW         4559    .data               mbed.ar(SPI.o)
    0x20000190   0x00000008   Data   RW         4750    .data               mbed.ar(us_ticker_api.o)
    0x20000198   0x00000004   Data   RW         4833    .data               mbed.ar(FileBase.o)
    0x2000019c   0x00000004   Data   RW         5464    .data               mc_p.l(cpp_dtor.o)
    0x200001a0   0x0000000c   Data   RW         5467    .data               mc_p.l(cpp_memory.o)
    0x200001ac   0x00000004   Data   RW         5524    .data               mc_p.l(mvars.o)
    0x200001b0   0x00000004   Data   RW         5525    .data               mc_p.l(mvars.o)
    0x200001b4   0x0000003c   Zero   RW           12    .bss                hal_tick.o
    0x200001f0   0x00000040   Zero   RW           85    .bss                retarget.o
    0x20000230   0x00000020   Zero   RW          348    .bss                stm32f0xx_hal_flash.o
    0x20000250   0x00000b3c   Zero   RW         1362    .bss                main.o
    0x20000d8c   0x00000020   Zero   RW         1365    .bss                main.o
    0x20000dac   0x00000010   Zero   RW         3309    .bss                commwifi.o
    0x20000dbc   0x00000068   Zero   RW         3560    .bss                highpowerreader.o
    0x20000e24   0x00000020   Zero   RW         3561    .bss                highpowerreader.o
    0x20000e44   0x0000005c   Zero   RW         3731    .bss                voice.o
    0x20000ea0   0x0000008c   Zero   RW         4422    .bss                mbed.ar(serial_api.o)
    0x20000f2c   0x0000003c   Zero   RW         4452    .bss                mbed.ar(us_ticker.o)
    0x20000f68   0x00000064   Zero   RW         4803    .bss                mbed.ar(spi_api.o)
    0x20000fcc   0x00000014   Zero   RW         5057    .bss                mc_p.l(stdout_f.o)
    0x20000fe0   0x00000014   Zero   RW         5058    .bss                mc_p.l(stderr_f.o)
    0x20000ff4   0x00000004   PAD
    0x20000ff8   0x00000800   Zero   RW         2279    HEAP                startup_stm32f030x8.o



  Load Region LR$$.ARM.__AT_0x1FFFF7AC (Base: 0x1ffff7ac, Size: 0x00000000, Max: 0x0000000c, ABSOLUTE)

    Execution Region ER$$.ARM.__AT_0x1FFFF7AC (Base: 0x1ffff7ac, Size: 0x0000000c, Max: 0x0000000c, ABSOLUTE, UNINIT)

    Base Addr    Size         Type   Attr      Idx    E Section Name        Object

    0x1ffff7ac   0x0000000c   Zero   RW         1310    .ARM.__AT_0x1FFFF7AC  main.o



  Load Region LR$$.ARM.__AT_0x1FFFF7CC (Base: 0x1ffff7cc, Size: 0x00000000, Max: 0x00000004, ABSOLUTE)

    Execution Region ER$$.ARM.__AT_0x1FFFF7CC (Base: 0x1ffff7cc, Size: 0x00000004, Max: 0x00000004, ABSOLUTE, UNINIT)

    Base Addr    Size         Type   Attr      Idx    E Section Name        Object

    0x1ffff7cc   0x00000002   Zero   RW         1311    .ARM.__AT_0x1FFFF7CC  main.o



  Load Region LR$$.ARM.__AT_0x40015800 (Base: 0x40015800, Size: 0x00000000, Max: 0x00000004, ABSOLUTE)

    Execution Region ER$$.ARM.__AT_0x40015800 (Base: 0x40015800, Size: 0x00000004, Max: 0x00000004, ABSOLUTE, UNINIT)

    Base Addr    Size         Type   Attr      Idx    E Section Name        Object

    0x40015800   0x00000004   Zero   RW         1312    .ARM.__AT_0x40015800  main.o


==============================================================================

Image component sizes


      Code (inc. data)   RO Data    RW Data    ZI Data      Debug   Object Name

        16          0          0          0          0         64   board.o
        32          0          0          0          0       2476   buffer.o
       566         14         32          0          0     110880   bufferedserial.o
      1578         34         33          8          0      24358   cc1101.o
        72          8          0          0          0       1117   cmsis_nvic.o
      1984        258         74         60         16      24931   commwifi.o
       388         80          0          4         60        212   hal_tick.o
      1268        122          4         16        136      14272   highpowerreader.o
      4978        596        597         76       2926     175577   main.o
        12          0          0          0          0         68   mbed_overrides.o
       414         42          0          4         64        416   retarget.o
       158          0          0          0          0       5108   simplekey.o
        28          8        180          0       2048        568   startup_stm32f030x8.o
        62         18          0          4          0        248   stm32f0xx_hal.o
       328         42          0          0         32        284   stm32f0xx_hal_flash.o
       208         12          0          0          0         88   stm32f0xx_hal_flash_ex.o
       344         26          0          0          0         84   stm32f0xx_hal_gpio.o
      1692        100         16          0          0        308   stm32f0xx_hal_rcc.o
       210          4          0          0          0        136   stm32f0xx_hal_spi.o
       296         42          0          0          0        344   stm32f0xx_hal_tim.o
       648         26          0          0          0        280   stm32f0xx_hal_uart.o
       312         42         16          4          0     121779   system_stm32f0xx.o
       578         54          4          8         92       9278   voice.o
      2082        296         35          0          0     121164   wifiobj.o
       248         10         16          0          0       5100   wt588d.o

    ----------------------------------------------------------------------
     18522       1834       1048        184       5376     619140   Object Totals
         0          0         32          0          0          0   (incl. Generated)
        20          0          9          0          2          0   (incl. Padding)

    ----------------------------------------------------------------------

      Code (inc. data)   RO Data    RW Data    ZI Data      Debug   Library Member Name

        34          0          0          0          0         80   aeabi_vec_ctor_nocookie_nodtor.o
        84         12          0          0          0         96   arm_exceptions_globs.o
        66          0          0          0          0        100   arm_exceptions_mem.o
        28          0          0          0          0         68   arm_exceptions_terminate.o
         8          0          0          0          0         68   arm_newhandler_noexceptions.o
         8          0          0          0          0         68   array_del.o
         8          0          0          0          0         68   array_new.o
        18          0          0          0          0         60   cxa_guard_acquire.o
         8          0          0          0          0         68   delete.o
        40          4          0          0          0         68   new.o
        10          0          0          0          0         68   pure_virt.o
        64          4          0          4          0        132   FileBase.o
       164          0          0          0          0        392   FilePath.o
         0          0        300          0          0          0   PeripheralPins.o
       208         24         20          4          0        292   SPI.o
       208         12         16          0          0        428   SerialBase.o
        92          0         20          0          0        208   Ticker.o
        28          0         20          0          0         60   Timeout.o
       106          0          0          0          0        276   Timer.o
       102         12         20          0          0        332   TimerEvent.o
        68         52          0          0          0         68   assert.o
        24          4          0          0          0         72   error.o
       194         38        110          0          0        220   gpio.o
       146         32        102          0          0        212   gpio_api.o
       384        118        152          0          0        224   pinmap.o
       228         76          0          0          0        204   pinmap_common.o
       786        158        104         16        140        692   serial_api.o
       676        110        101          0        100        372   spi_api.o
       220          0          0          0          0        340   ticker_api.o
       308         58          0         16         60        392   us_ticker.o
        24         10         28          8          0        128   us_ticker_api.o
        50          0          0          0          0        144   wait_api.o
        60         10          0          0          0         84   __0sscanf.o
        30          0          0          0          0         60   _chval.o
       824         12          0          0          0         84   _scanf.o
       330          0          0          0          0         84   _scanf_int.o
       330          0          0          0          0         84   _scanf_longlong.o
       232          0          0          0          0         84   _scanf_str.o
        68          0          0          0          0         76   _sgetc.o
        42          0          0          0          0         76   aeabi_atexit.o
         8          4          0          4          0         60   cpp_dtor.o
         2          0          0          0          0         60   cpp_final.o
        32         10          0          0          0         72   cpp_init.o
        20          4          0         12          0        120   cpp_memory.o
        36          4         64          0          0         60   ctype_c.o
        66          0          0          0          0         76   cxa_finalize.o
         0          0          0          0          0          0   entry.o
         0          0          0          0          0          0   entry10a.o
         4          0          0          0          0          0   entry10b.o
         0          0          0          0          0          0   entry11a.o
         8          4          0          0          0          0   entry2.o
         4          0          0          0          0          0   entry5.o
         4          0          0          0          0          0   entry6b.o
         0          0          0          0          0          0   entry7b.o
         4          0          0          0          0          0   entry8a.o
         0          0          0          0          0          0   entry8b.o
         8          4          0          0          0          0   entry9a.o
        24          0          0          0          0         68   fflush_f.o
        42          0          0          0          0         72   fputc_fp.o
        30          0          0          0          0          0   handlers.o
        40          0          0          0          0         72   idiv.o
        36          8          0          0          0         68   init.o
        32         12          0          0          0         64   initio_oe.o
        14          0          0          0          0         68   isspace_c.o
         0          0          0          0          0          0   iusefp.o
       122          0          0          0          0         84   llmul.o
        32          0          0          0          0         68   llshl.o
        38          0          0          0          0         68   llsshr.o
        34          0          0          0          0         68   llushr.o
       192         20          0          0          0        144   malloc.o
        26          0          0          0          0         72   memcmp.o
        36          0          0          0          0         60   memcpya.o
        36          0          0          0          0        100   memseta.o
         0          0          0          8          0          0   mvars.o
      2262        100          0          0          0        532   printfa.o
        44          8          0          0          0         84   scanf_char.o
       858         12          0          0          0        184   scanf_fp.o
         0          0          0          0         20          0   stderr_f.o
         0          0          0          0         20          0   stdout_f.o
        28          0          0          0          0         68   strcmp.o
        14          0          0          0          0         60   strlen.o
        30          0          0          0          0         72   strncmp.o
        44          0          0          0          0         72   uidiv.o
        96          0          0          0          0         84   uldiv.o
        48          8          0          0          0         72   vsscanf.o
        40          2          0          0          0         68   cdrcmple.o
        56          0          0          0          0         68   d2f.o
       356          4          0          0          0        140   dadd.o
       240          6          0          0          0         84   ddiv.o
       236          0          0          0          0        216   depilogue.o
        64         10          0          0          0         68   dfixul.o
        28          6          0          0          0         68   dfltul.o
       208          6          0          0          0         88   dmul.o
       130          0          0          0          0        144   fepilogue.o

    ----------------------------------------------------------------------
     12042        978       1064         72        344      10328   Library Totals
        22          0          7          0          4          0   (incl. Padding)

    ----------------------------------------------------------------------

      Code (inc. data)   RO Data    RW Data    ZI Data      Debug   Library Name

       312         16          0          0          0        812   cpprt_p.l
      4080        708        993         48        300       5188   mbed.ar
      6270        220         64         24         40       3384   mc_p.l
      1358         34          0          0          0        944   mf_p.l

    ----------------------------------------------------------------------
     12042        978       1064         72        344      10328   Library Totals

    ----------------------------------------------------------------------

==============================================================================


      Code (inc. data)   RO Data    RW Data    ZI Data      Debug   

     30564       2812       2112        256       5720     617468   Grand Totals
     30564       2812       2112        256       5720     617468   ELF Image Totals
     30564       2812       2112        256          0          0   ROM Totals

==============================================================================

    Total RO  Size (Code + RO Data)                32676 (  31.91kB)
    Total RW  Size (RW Data + ZI Data)              5976 (   5.84kB)
    Total ROM Size (Code + RO Data + RW Data)      32932 (  32.16kB)

==============================================================================

