<!doctype html public "-//w3c//dtd html 4.0 transitional//en">
<html><head>
<title>Static Call Graph - [.\build\NaviEasy.axf]</title></head>
<body><HR>
<H1>Static Call Graph for image .\build\NaviEasy.axf</H1><HR>
<BR><P>#&#060CALLGRAPH&#062# ARM Linker, 5060061: Last Updated: Thu May 26 11:23:08 2016
<BR><P>
<H3>Maximum Stack Usage =        576 bytes + Unknown(Cycles, Untraceable Function Pointers)</H3><H3>
Call chain for Maximum Stack Depth:</H3>
main &rArr; $Super$$main &rArr; Powered_Init() &rArr; CommWifi::Init() &rArr; WifiObj::GetTcpto() &rArr; WifiObj::scanf(int, const char*, ...) &rArr; vsscanf &rArr; __vfscanf_char &rArr; __vfscanf &rArr; _scanf_longlong &rArr; __aeabi_lmul &rArr; __aeabi_llsl
<P>
<H3>
Mutually Recursive functions
</H3> <LI><a href="#[9]">NMI_Handler</a>&nbsp;&nbsp;&nbsp;&rArr;&nbsp;&nbsp;&nbsp;<a href="#[9]">NMI_Handler</a><BR>
 <LI><a href="#[a]">HardFault_Handler</a>&nbsp;&nbsp;&nbsp;&rArr;&nbsp;&nbsp;&nbsp;<a href="#[a]">HardFault_Handler</a><BR>
 <LI><a href="#[b]">SVC_Handler</a>&nbsp;&nbsp;&nbsp;&rArr;&nbsp;&nbsp;&nbsp;<a href="#[b]">SVC_Handler</a><BR>
 <LI><a href="#[c]">PendSV_Handler</a>&nbsp;&nbsp;&nbsp;&rArr;&nbsp;&nbsp;&nbsp;<a href="#[c]">PendSV_Handler</a><BR>
 <LI><a href="#[18]">ADC1_IRQHandler</a>&nbsp;&nbsp;&nbsp;&rArr;&nbsp;&nbsp;&nbsp;<a href="#[18]">ADC1_IRQHandler</a><BR>
</UL>
<P>
<H3>
Function Pointers
</H3><UL>
 <LI><a href="#[33]">&lang;Func1&rang;</a> from SerialBase.o(i.<Func1>) referenced from SerialBase.o(i._ZN4mbed10SerialBaseC1E7PinNameS1_)
 <LI><a href="#[18]">ADC1_IRQHandler</a> from startup_stm32f030x8.o(.text) referenced from startup_stm32f030x8.o(RESET)
 <LI><a href="#[15]">DMA1_Channel1_IRQHandler</a> from startup_stm32f030x8.o(.text) referenced from startup_stm32f030x8.o(RESET)
 <LI><a href="#[16]">DMA1_Channel2_3_IRQHandler</a> from startup_stm32f030x8.o(.text) referenced from startup_stm32f030x8.o(RESET)
 <LI><a href="#[17]">DMA1_Channel4_5_IRQHandler</a> from startup_stm32f030x8.o(.text) referenced from startup_stm32f030x8.o(RESET)
 <LI><a href="#[12]">EXTI0_1_IRQHandler</a> from startup_stm32f030x8.o(.text) referenced from startup_stm32f030x8.o(RESET)
 <LI><a href="#[13]">EXTI2_3_IRQHandler</a> from startup_stm32f030x8.o(.text) referenced from startup_stm32f030x8.o(RESET)
 <LI><a href="#[14]">EXTI4_15_IRQHandler</a> from startup_stm32f030x8.o(.text) referenced from startup_stm32f030x8.o(RESET)
 <LI><a href="#[10]">FLASH_IRQHandler</a> from startup_stm32f030x8.o(.text) referenced from startup_stm32f030x8.o(RESET)
 <LI><a href="#[a]">HardFault_Handler</a> from startup_stm32f030x8.o(.text) referenced from startup_stm32f030x8.o(RESET)
 <LI><a href="#[20]">I2C1_IRQHandler</a> from startup_stm32f030x8.o(.text) referenced from startup_stm32f030x8.o(RESET)
 <LI><a href="#[21]">I2C2_IRQHandler</a> from startup_stm32f030x8.o(.text) referenced from startup_stm32f030x8.o(RESET)
 <LI><a href="#[9]">NMI_Handler</a> from startup_stm32f030x8.o(.text) referenced from startup_stm32f030x8.o(RESET)
 <LI><a href="#[c]">PendSV_Handler</a> from startup_stm32f030x8.o(.text) referenced from startup_stm32f030x8.o(RESET)
 <LI><a href="#[11]">RCC_IRQHandler</a> from startup_stm32f030x8.o(.text) referenced from startup_stm32f030x8.o(RESET)
 <LI><a href="#[f]">RTC_IRQHandler</a> from startup_stm32f030x8.o(.text) referenced from startup_stm32f030x8.o(RESET)
 <LI><a href="#[8]">Reset_Handler</a> from startup_stm32f030x8.o(.text) referenced from startup_stm32f030x8.o(RESET)
 <LI><a href="#[22]">SPI1_IRQHandler</a> from startup_stm32f030x8.o(.text) referenced from startup_stm32f030x8.o(RESET)
 <LI><a href="#[23]">SPI2_IRQHandler</a> from startup_stm32f030x8.o(.text) referenced from startup_stm32f030x8.o(RESET)
 <LI><a href="#[b]">SVC_Handler</a> from startup_stm32f030x8.o(.text) referenced from startup_stm32f030x8.o(RESET)
 <LI><a href="#[d]">SysTick_Handler</a> from main.o(i.SysTick_Handler) referenced from startup_stm32f030x8.o(RESET)
 <LI><a href="#[27]">SystemInit</a> from system_stm32f0xx.o(i.SystemInit) referenced from startup_stm32f030x8.o(.text)
 <LI><a href="#[1c]">TIM14_IRQHandler</a> from startup_stm32f030x8.o(.text) referenced from startup_stm32f030x8.o(RESET)
 <LI><a href="#[1d]">TIM15_IRQHandler</a> from startup_stm32f030x8.o(.text) referenced from startup_stm32f030x8.o(RESET)
 <LI><a href="#[1e]">TIM16_IRQHandler</a> from startup_stm32f030x8.o(.text) referenced from startup_stm32f030x8.o(RESET)
 <LI><a href="#[1f]">TIM17_IRQHandler</a> from startup_stm32f030x8.o(.text) referenced from startup_stm32f030x8.o(RESET)
 <LI><a href="#[19]">TIM1_BRK_UP_TRG_COM_IRQHandler</a> from startup_stm32f030x8.o(.text) referenced from startup_stm32f030x8.o(RESET)
 <LI><a href="#[1a]">TIM1_CC_IRQHandler</a> from startup_stm32f030x8.o(.text) referenced from startup_stm32f030x8.o(RESET)
 <LI><a href="#[1b]">TIM3_IRQHandler</a> from startup_stm32f030x8.o(.text) referenced from startup_stm32f030x8.o(RESET)
 <LI><a href="#[24]">USART1_IRQHandler</a> from startup_stm32f030x8.o(.text) referenced from startup_stm32f030x8.o(RESET)
 <LI><a href="#[25]">USART2_IRQHandler</a> from startup_stm32f030x8.o(.text) referenced from startup_stm32f030x8.o(RESET)
 <LI><a href="#[e]">WWDG_IRQHandler</a> from startup_stm32f030x8.o(.text) referenced from startup_stm32f030x8.o(RESET)
 <LI><a href="#[38]">__default_new_handler()</a> from arm_newhandler_noexceptions.o(.text) referenced from new.o(i._Znwj)
 <LI><a href="#[31]">HiReader_SerialHandler()</a> from highpowerreader.o(i._Z22HiReader_SerialHandlerv) referenced from highpowerreader.o(i._Z13HiReader_Initv)
 <LI><a href="#[30]">ToggleLed()</a> from main.o(i._Z9ToggleLedv) referenced from main.o(i._Z12PowerOn_Initv)
 <LI><a href="#[41]">BufferedSerial::txIrq()</a> from bufferedserial.o(i._ZN14BufferedSerial5txIrqEv) referenced from bufferedserial.o(.constdata)
 <LI><a href="#[48]">BufferedSerial::write(const void*, unsigned)</a> from bufferedserial.o(i._ZN14BufferedSerial5writeEPKvj) referenced from bufferedserial.o(.constdata__ZTV14BufferedSerial)
 <LI><a href="#[2d]">[local to arm_exceptions_c]::__default_terminate_handler()</a> from arm_exceptions_globs.o(.text) referenced from arm_exceptions_globs.o(.text)
 <LI><a href="#[34]">mbed::SerialBase::_irq_handler(unsigned, SerialIrq)</a> from SerialBase.o(i._ZN4mbed10SerialBase12_irq_handlerEj9SerialIrq) referenced from SerialBase.o(i._ZN4mbed10SerialBaseC1E7PinNameS1_)
 <LI><a href="#[35]">mbed::TimerEvent::irq(unsigned)</a> from TimerEvent.o(i._ZN4mbed10TimerEvent3irqEj) referenced from TimerEvent.o(i._ZN4mbed10TimerEventC2Ev)
 <LI><a href="#[49]">mbed::TimerEvent::~TimerEvent__sub_object()</a> from TimerEvent.o(i._ZN4mbed10TimerEventD2Ev) referenced from TimerEvent.o(.constdata__ZTVN4mbed10TimerEventE)
 <LI><a href="#[3e]">mbed::CircularBuffer&lang;unsigned char, (unsigned)64, unsigned&rang;::~CircularBuffer()</a> from voice.o(t._ZN4mbed14CircularBufferIhLj64EjED1Ev) referenced from voice.o(i.__sti___9_Voice_cpp_ade2d123)
 <LI><a href="#[3c]">mbed::CircularBufferA&lang;RxTileInfo, unsigned&rang;::~CircularBufferA()</a> from highpowerreader.o(t._ZN4mbed15CircularBufferAI10RxTileInfojED1Ev) referenced from highpowerreader.o(i.__sti___19_HighPowerReader_cpp_rf_power)
 <LI><a href="#[3b]">mbed::CircularBufferA&lang;unsigned char, unsigned&rang;::~CircularBufferA()</a> from highpowerreader.o(t._ZN4mbed15CircularBufferAIhjED1Ev) referenced from highpowerreader.o(i.__sti___19_HighPowerReader_cpp_rf_power)
 <LI><a href="#[32]">void mbed::FunctionPointerArg1&lang;void, void&rang;::membercaller&lang;BufferedSerial&rang;(void*, unsigned*)</a> from bufferedserial.o(t._ZN4mbed19FunctionPointerArg1IvvE12membercallerI14BufferedSerialEEvPvPj) referenced from bufferedserial.o(i._ZN14BufferedSerial5primeEv)
 <LI><a href="#[36]">void mbed::FunctionPointerArg1&lang;void, void&rang;::membercaller&lang;WifiObj&rang;(void*, unsigned*)</a> from wifiobj.o(t._ZN4mbed19FunctionPointerArg1IvvE12membercallerI7WifiObjEEvPvPj) referenced from wifiobj.o(i._ZN7WifiObjC1EP14BufferedSerialR16CircularBufferEx7PinNameS4_)
 <LI><a href="#[4b]">mbed::SPI::write(int)</a> from SPI.o(i._ZN4mbed3SPI5writeEi) referenced from SPI.o(.constdata__ZTVN4mbed3SPIE)
 <LI><a href="#[37]">mbed::Timer::Timer()</a> from Timer.o(i._ZN4mbed5TimerC1Ev) referenced from commwifi.o(i._ZN8CommWifiC1EP7WifiObj)
 <LI><a href="#[4c]">mbed::Ticker::handler()</a> from Ticker.o(i._ZN4mbed6Ticker7handlerEv) referenced from Ticker.o(.constdata__ZTVN4mbed6TickerE)
 <LI><a href="#[3d]">mbed::Ticker::~Ticker()</a> from main.o(i._ZN4mbed6TickerD1Ev) referenced from Ticker.o(.constdata__ZTVN4mbed6TickerE)
 <LI><a href="#[3d]">mbed::Ticker::~Ticker()</a> from main.o(i._ZN4mbed6TickerD1Ev) referenced from main.o(i.__sti___8_main_cpp_cf170f72)
 <LI><a href="#[4d]">mbed::Timeout::handler()</a> from Timeout.o(i._ZN4mbed7Timeout7handlerEv) referenced from Timeout.o(.constdata__ZTVN4mbed7TimeoutE)
 <LI><a href="#[42]">WifiObj::SerialHandler()</a> from wifiobj.o(i._ZN7WifiObj13SerialHandlerEv) referenced from wifiobj.o(.constdata)
 <LI><a href="#[4a]">__cxa_pure_virtual</a> from pure_virt.o(i.__cxa_pure_virtual) referenced from TimerEvent.o(.constdata__ZTVN4mbed10TimerEventE)
 <LI><a href="#[28]">__main</a> from entry.o(.ARM.Collect$$$$00000000) referenced from startup_stm32f030x8.o(.text)
 <LI><a href="#[4f]">__sti___19_HighPowerReader_cpp_rf_power</a> from highpowerreader.o(i.__sti___19_HighPowerReader_cpp_rf_power) referenced from highpowerreader.o(.init_array)
 <LI><a href="#[4e]">__sti___8_main_cpp_cf170f72</a> from main.o(i.__sti___8_main_cpp_cf170f72) referenced from main.o(.init_array)
 <LI><a href="#[50]">__sti___9_Voice_cpp_ade2d123</a> from voice.o(i.__sti___9_Voice_cpp_ade2d123) referenced from voice.o(.init_array)
 <LI><a href="#[2a]">_sbackspace</a> from _sgetc.o(.text) referenced 2 times from vsscanf.o(.text)
 <LI><a href="#[2b]">_scanf_char_input</a> from scanf_char.o(.text) referenced from scanf_char.o(.text)
 <LI><a href="#[29]">_sgetc</a> from _sgetc.o(.text) referenced 2 times from vsscanf.o(.text)
 <LI><a href="#[3a]">_sputc</a> from printfa.o(i._sputc) referenced from printfa.o(i.__0vsprintf)
 <LI><a href="#[39]">fputc</a> from fputc_fp.o(.text) referenced from printfa.o(i.__0vfprintf)
 <LI><a href="#[2c]">isspace</a> from isspace_c.o(.text) referenced from scanf_char.o(.text)
 <LI><a href="#[26]">main</a> from retarget.o(i.$Sub$$main) referenced from entry9a.o(.ARM.Collect$$$$0000000B)
 <LI><a href="#[2f]">timer_oc_irq_handler</a> from hal_tick.o(i.timer_oc_irq_handler) referenced from hal_tick.o(i.HAL_InitTick)
 <LI><a href="#[2e]">timer_update_irq_handler</a> from hal_tick.o(i.timer_update_irq_handler) referenced from hal_tick.o(i.HAL_InitTick)
 <LI><a href="#[3f]">uart1_irq</a> from serial_api.o(i.uart1_irq) referenced from serial_api.o(i.serial_irq_set)
 <LI><a href="#[40]">uart2_irq</a> from serial_api.o(i.uart2_irq) referenced from serial_api.o(i.serial_irq_set)
 <LI><a href="#[46]">us_ticker_clear_interrupt</a> from us_ticker.o(i.us_ticker_clear_interrupt) referenced from us_ticker_api.o(.constdata)
 <LI><a href="#[45]">us_ticker_disable_interrupt</a> from us_ticker.o(i.us_ticker_disable_interrupt) referenced from us_ticker_api.o(.constdata)
 <LI><a href="#[43]">us_ticker_init</a> from us_ticker.o(i.us_ticker_init) referenced from us_ticker_api.o(.constdata)
 <LI><a href="#[44]">us_ticker_read</a> from us_ticker.o(i.us_ticker_read) referenced from us_ticker_api.o(.constdata)
 <LI><a href="#[47]">us_ticker_set_interrupt</a> from us_ticker.o(i.us_ticker_set_interrupt) referenced from us_ticker_api.o(.constdata)
</UL>
<P>
<H3>
Global Symbols
</H3>
<P><STRONG><a name="[28]"></a>__main</STRONG> (Thumb, 0 bytes, Stack size unknown bytes, entry.o(.ARM.Collect$$$$00000000))
<BR>[Address Reference Count : 1]<UL><LI> startup_stm32f030x8.o(.text)
</UL>
<P><STRONG><a name="[152]"></a>_main_stk</STRONG> (Thumb, 0 bytes, Stack size unknown bytes, entry2.o(.ARM.Collect$$$$00000001))

<P><STRONG><a name="[52]"></a>_main_scatterload</STRONG> (Thumb, 0 bytes, Stack size unknown bytes, entry5.o(.ARM.Collect$$$$00000004))
<BR><BR>[Calls]<UL><LI><a href="#[53]">&gt;&gt;</a>&nbsp;&nbsp;&nbsp;__scatterload
</UL>

<P><STRONG><a name="[82]"></a>__main_after_scatterload</STRONG> (Thumb, 0 bytes, Stack size unknown bytes, entry5.o(.ARM.Collect$$$$00000004))
<BR><BR>[Called By]<UL><LI><a href="#[53]">&gt;&gt;</a>&nbsp;&nbsp;&nbsp;__scatterload
</UL>

<P><STRONG><a name="[54]"></a>__use_full_stdio</STRONG> (Thumb, 0 bytes, Stack size unknown bytes, entry6b.o(.ARM.Collect$$$$00000006))
<BR><BR>[Stack]<UL><LI>Max Depth = 320 + Unknown Stack Size
<LI>Call Chain = __use_full_stdio &rArr; _initio &rArr; _sys_open &rArr; __0sscanf &rArr; __vfscanf_char &rArr; __vfscanf &rArr; _scanf_longlong &rArr; __aeabi_lmul &rArr; __aeabi_llsl
</UL>
<BR>[Calls]<UL><LI><a href="#[55]">&gt;&gt;</a>&nbsp;&nbsp;&nbsp;_initio
</UL>

<P><STRONG><a name="[5a]"></a>__main_after_initio</STRONG> (Thumb, 0 bytes, Stack size unknown bytes, entry6b.o(.ARM.Collect$$$$00000006))
<BR><BR>[Called By]<UL><LI><a href="#[55]">&gt;&gt;</a>&nbsp;&nbsp;&nbsp;_initio
</UL>

<P><STRONG><a name="[153]"></a>_main_clock</STRONG> (Thumb, 0 bytes, Stack size unknown bytes, entry7b.o(.ARM.Collect$$$$00000008))

<P><STRONG><a name="[56]"></a>_main_cpp_init$empty</STRONG> (Thumb, 0 bytes, Stack size unknown bytes, entry8a.o(.ARM.Collect$$$$00000009))
<BR><BR>[Stack]<UL><LI>Max Depth = 16 + Unknown Stack Size
<LI>Call Chain = _main_cpp_init$empty &rArr; __cpp_initialize__aeabi_
</UL>
<BR>[Calls]<UL><LI><a href="#[51]">&gt;&gt;</a>&nbsp;&nbsp;&nbsp;__cpp_initialize__aeabi_
</UL>

<P><STRONG><a name="[154]"></a>_main_cpp_init</STRONG> (Thumb, 0 bytes, Stack size unknown bytes, entry8b.o(.ARM.Collect$$$$0000000A))

<P><STRONG><a name="[155]"></a>_main_init</STRONG> (Thumb, 0 bytes, Stack size unknown bytes, entry9a.o(.ARM.Collect$$$$0000000B))

<P><STRONG><a name="[156]"></a>__rt_final_cpp</STRONG> (Thumb, 0 bytes, Stack size unknown bytes, entry10a.o(.ARM.Collect$$$$0000000D))

<P><STRONG><a name="[57]"></a>__rt_final_cpp$nonempty</STRONG> (Thumb, 0 bytes, Stack size unknown bytes, entry10b.o(.ARM.Collect$$$$0000000E))
<BR><BR>[Stack]<UL><LI>Max Depth = 32 + Unknown Stack Size
<LI>Call Chain = __rt_final_cpp$nonempty &rArr; __cxa_finalize &rArr; free
</UL>
<BR>[Calls]<UL><LI><a href="#[58]">&gt;&gt;</a>&nbsp;&nbsp;&nbsp;__cxa_finalize
</UL>

<P><STRONG><a name="[157]"></a>__rt_final_exit</STRONG> (Thumb, 0 bytes, Stack size unknown bytes, entry11a.o(.ARM.Collect$$$$0000000F))

<P><STRONG><a name="[8]"></a>Reset_Handler</STRONG> (Thumb, 8 bytes, Stack size 0 bytes, startup_stm32f030x8.o(.text))
<BR>[Address Reference Count : 1]<UL><LI> startup_stm32f030x8.o(RESET)
</UL>
<P><STRONG><a name="[9]"></a>NMI_Handler</STRONG> (Thumb, 2 bytes, Stack size 0 bytes, startup_stm32f030x8.o(.text))
<BR><BR>[Calls]<UL><LI><a href="#[9]">&gt;&gt;</a>&nbsp;&nbsp;&nbsp;NMI_Handler
</UL>
<BR>[Called By]<UL><LI><a href="#[9]">&gt;&gt;</a>&nbsp;&nbsp;&nbsp;NMI_Handler
</UL>
<BR>[Address Reference Count : 1]<UL><LI> startup_stm32f030x8.o(RESET)
</UL>
<P><STRONG><a name="[a]"></a>HardFault_Handler</STRONG> (Thumb, 2 bytes, Stack size 0 bytes, startup_stm32f030x8.o(.text))
<BR><BR>[Calls]<UL><LI><a href="#[a]">&gt;&gt;</a>&nbsp;&nbsp;&nbsp;HardFault_Handler
</UL>
<BR>[Called By]<UL><LI><a href="#[a]">&gt;&gt;</a>&nbsp;&nbsp;&nbsp;HardFault_Handler
</UL>
<BR>[Address Reference Count : 1]<UL><LI> startup_stm32f030x8.o(RESET)
</UL>
<P><STRONG><a name="[b]"></a>SVC_Handler</STRONG> (Thumb, 2 bytes, Stack size 0 bytes, startup_stm32f030x8.o(.text))
<BR><BR>[Calls]<UL><LI><a href="#[b]">&gt;&gt;</a>&nbsp;&nbsp;&nbsp;SVC_Handler
</UL>
<BR>[Called By]<UL><LI><a href="#[b]">&gt;&gt;</a>&nbsp;&nbsp;&nbsp;SVC_Handler
</UL>
<BR>[Address Reference Count : 1]<UL><LI> startup_stm32f030x8.o(RESET)
</UL>
<P><STRONG><a name="[c]"></a>PendSV_Handler</STRONG> (Thumb, 2 bytes, Stack size 0 bytes, startup_stm32f030x8.o(.text))
<BR><BR>[Calls]<UL><LI><a href="#[c]">&gt;&gt;</a>&nbsp;&nbsp;&nbsp;PendSV_Handler
</UL>
<BR>[Called By]<UL><LI><a href="#[c]">&gt;&gt;</a>&nbsp;&nbsp;&nbsp;PendSV_Handler
</UL>
<BR>[Address Reference Count : 1]<UL><LI> startup_stm32f030x8.o(RESET)
</UL>
<P><STRONG><a name="[18]"></a>ADC1_IRQHandler</STRONG> (Thumb, 0 bytes, Stack size 0 bytes, startup_stm32f030x8.o(.text))
<BR><BR>[Calls]<UL><LI><a href="#[18]">&gt;&gt;</a>&nbsp;&nbsp;&nbsp;ADC1_IRQHandler
</UL>
<BR>[Called By]<UL><LI><a href="#[18]">&gt;&gt;</a>&nbsp;&nbsp;&nbsp;ADC1_IRQHandler
</UL>
<BR>[Address Reference Count : 1]<UL><LI> startup_stm32f030x8.o(RESET)
</UL>
<P><STRONG><a name="[15]"></a>DMA1_Channel1_IRQHandler</STRONG> (Thumb, 0 bytes, Stack size 0 bytes, startup_stm32f030x8.o(.text))
<BR>[Address Reference Count : 1]<UL><LI> startup_stm32f030x8.o(RESET)
</UL>
<P><STRONG><a name="[16]"></a>DMA1_Channel2_3_IRQHandler</STRONG> (Thumb, 0 bytes, Stack size 0 bytes, startup_stm32f030x8.o(.text))
<BR>[Address Reference Count : 1]<UL><LI> startup_stm32f030x8.o(RESET)
</UL>
<P><STRONG><a name="[17]"></a>DMA1_Channel4_5_IRQHandler</STRONG> (Thumb, 0 bytes, Stack size 0 bytes, startup_stm32f030x8.o(.text))
<BR>[Address Reference Count : 1]<UL><LI> startup_stm32f030x8.o(RESET)
</UL>
<P><STRONG><a name="[12]"></a>EXTI0_1_IRQHandler</STRONG> (Thumb, 0 bytes, Stack size 0 bytes, startup_stm32f030x8.o(.text))
<BR>[Address Reference Count : 1]<UL><LI> startup_stm32f030x8.o(RESET)
</UL>
<P><STRONG><a name="[13]"></a>EXTI2_3_IRQHandler</STRONG> (Thumb, 0 bytes, Stack size 0 bytes, startup_stm32f030x8.o(.text))
<BR>[Address Reference Count : 1]<UL><LI> startup_stm32f030x8.o(RESET)
</UL>
<P><STRONG><a name="[14]"></a>EXTI4_15_IRQHandler</STRONG> (Thumb, 0 bytes, Stack size 0 bytes, startup_stm32f030x8.o(.text))
<BR>[Address Reference Count : 1]<UL><LI> startup_stm32f030x8.o(RESET)
</UL>
<P><STRONG><a name="[10]"></a>FLASH_IRQHandler</STRONG> (Thumb, 0 bytes, Stack size 0 bytes, startup_stm32f030x8.o(.text))
<BR>[Address Reference Count : 1]<UL><LI> startup_stm32f030x8.o(RESET)
</UL>
<P><STRONG><a name="[20]"></a>I2C1_IRQHandler</STRONG> (Thumb, 0 bytes, Stack size 0 bytes, startup_stm32f030x8.o(.text))
<BR>[Address Reference Count : 1]<UL><LI> startup_stm32f030x8.o(RESET)
</UL>
<P><STRONG><a name="[21]"></a>I2C2_IRQHandler</STRONG> (Thumb, 0 bytes, Stack size 0 bytes, startup_stm32f030x8.o(.text))
<BR>[Address Reference Count : 1]<UL><LI> startup_stm32f030x8.o(RESET)
</UL>
<P><STRONG><a name="[11]"></a>RCC_IRQHandler</STRONG> (Thumb, 0 bytes, Stack size 0 bytes, startup_stm32f030x8.o(.text))
<BR>[Address Reference Count : 1]<UL><LI> startup_stm32f030x8.o(RESET)
</UL>
<P><STRONG><a name="[f]"></a>RTC_IRQHandler</STRONG> (Thumb, 0 bytes, Stack size 0 bytes, startup_stm32f030x8.o(.text))
<BR>[Address Reference Count : 1]<UL><LI> startup_stm32f030x8.o(RESET)
</UL>
<P><STRONG><a name="[22]"></a>SPI1_IRQHandler</STRONG> (Thumb, 0 bytes, Stack size 0 bytes, startup_stm32f030x8.o(.text))
<BR>[Address Reference Count : 1]<UL><LI> startup_stm32f030x8.o(RESET)
</UL>
<P><STRONG><a name="[23]"></a>SPI2_IRQHandler</STRONG> (Thumb, 0 bytes, Stack size 0 bytes, startup_stm32f030x8.o(.text))
<BR>[Address Reference Count : 1]<UL><LI> startup_stm32f030x8.o(RESET)
</UL>
<P><STRONG><a name="[1c]"></a>TIM14_IRQHandler</STRONG> (Thumb, 0 bytes, Stack size 0 bytes, startup_stm32f030x8.o(.text))
<BR>[Address Reference Count : 1]<UL><LI> startup_stm32f030x8.o(RESET)
</UL>
<P><STRONG><a name="[1d]"></a>TIM15_IRQHandler</STRONG> (Thumb, 0 bytes, Stack size 0 bytes, startup_stm32f030x8.o(.text))
<BR>[Address Reference Count : 1]<UL><LI> startup_stm32f030x8.o(RESET)
</UL>
<P><STRONG><a name="[1e]"></a>TIM16_IRQHandler</STRONG> (Thumb, 0 bytes, Stack size 0 bytes, startup_stm32f030x8.o(.text))
<BR>[Address Reference Count : 1]<UL><LI> startup_stm32f030x8.o(RESET)
</UL>
<P><STRONG><a name="[1f]"></a>TIM17_IRQHandler</STRONG> (Thumb, 0 bytes, Stack size 0 bytes, startup_stm32f030x8.o(.text))
<BR>[Address Reference Count : 1]<UL><LI> startup_stm32f030x8.o(RESET)
</UL>
<P><STRONG><a name="[19]"></a>TIM1_BRK_UP_TRG_COM_IRQHandler</STRONG> (Thumb, 0 bytes, Stack size 0 bytes, startup_stm32f030x8.o(.text))
<BR>[Address Reference Count : 1]<UL><LI> startup_stm32f030x8.o(RESET)
</UL>
<P><STRONG><a name="[1a]"></a>TIM1_CC_IRQHandler</STRONG> (Thumb, 0 bytes, Stack size 0 bytes, startup_stm32f030x8.o(.text))
<BR>[Address Reference Count : 1]<UL><LI> startup_stm32f030x8.o(RESET)
</UL>
<P><STRONG><a name="[1b]"></a>TIM3_IRQHandler</STRONG> (Thumb, 0 bytes, Stack size 0 bytes, startup_stm32f030x8.o(.text))
<BR>[Address Reference Count : 1]<UL><LI> startup_stm32f030x8.o(RESET)
</UL>
<P><STRONG><a name="[24]"></a>USART1_IRQHandler</STRONG> (Thumb, 0 bytes, Stack size 0 bytes, startup_stm32f030x8.o(.text))
<BR>[Address Reference Count : 1]<UL><LI> startup_stm32f030x8.o(RESET)
</UL>
<P><STRONG><a name="[25]"></a>USART2_IRQHandler</STRONG> (Thumb, 0 bytes, Stack size 0 bytes, startup_stm32f030x8.o(.text))
<BR>[Address Reference Count : 1]<UL><LI> startup_stm32f030x8.o(RESET)
</UL>
<P><STRONG><a name="[e]"></a>WWDG_IRQHandler</STRONG> (Thumb, 0 bytes, Stack size 0 bytes, startup_stm32f030x8.o(.text))
<BR>[Address Reference Count : 1]<UL><LI> startup_stm32f030x8.o(RESET)
</UL>
<P><STRONG><a name="[55]"></a>_initio</STRONG> (Thumb, 20 bytes, Stack size 0 bytes, initio_oe.o(.text))
<BR><BR>[Stack]<UL><LI>Max Depth = 320 + Unknown Stack Size
<LI>Call Chain = _initio &rArr; _sys_open &rArr; __0sscanf &rArr; __vfscanf_char &rArr; __vfscanf &rArr; _scanf_longlong &rArr; __aeabi_lmul &rArr; __aeabi_llsl
</UL>
<BR>[Calls]<UL><LI><a href="#[59]">&gt;&gt;</a>&nbsp;&nbsp;&nbsp;_sys_open
<LI><a href="#[5a]">&gt;&gt;</a>&nbsp;&nbsp;&nbsp;__main_after_initio
</UL>
<BR>[Called By]<UL><LI><a href="#[54]">&gt;&gt;</a>&nbsp;&nbsp;&nbsp;__use_full_stdio
</UL>

<P><STRONG><a name="[158]"></a>__aeabi_uidiv</STRONG> (Thumb, 0 bytes, Stack size 12 bytes, uidiv.o(.text), UNUSED)

<P><STRONG><a name="[5c]"></a>__aeabi_uidivmod</STRONG> (Thumb, 44 bytes, Stack size 12 bytes, uidiv.o(.text))
<BR><BR>[Stack]<UL><LI>Max Depth = 12<LI>Call Chain = __aeabi_uidivmod
</UL>
<BR>[Called By]<UL><LI><a href="#[99]">&gt;&gt;</a>&nbsp;&nbsp;&nbsp;HAL_RCC_GetSysClockFreq
<LI><a href="#[98]">&gt;&gt;</a>&nbsp;&nbsp;&nbsp;HAL_RCC_GetPCLK1Freq
<LI><a href="#[92]">&gt;&gt;</a>&nbsp;&nbsp;&nbsp;SystemCoreClockUpdate
<LI><a href="#[90]">&gt;&gt;</a>&nbsp;&nbsp;&nbsp;HAL_InitTick
<LI><a href="#[a1]">&gt;&gt;</a>&nbsp;&nbsp;&nbsp;UART_SetConfig
<LI><a href="#[cf]">&gt;&gt;</a>&nbsp;&nbsp;&nbsp;HiReader_GetMessage(HiReader_DataMessage*)
<LI><a href="#[c1]">&gt;&gt;</a>&nbsp;&nbsp;&nbsp;Speech_AddNum(unsigned char)
<LI><a href="#[11a]">&gt;&gt;</a>&nbsp;&nbsp;&nbsp;WifiObj::scanf(int, const char*, ...)
<LI><a href="#[115]">&gt;&gt;</a>&nbsp;&nbsp;&nbsp;WifiObj::find(int, const char*)
<LI><a href="#[118]">&gt;&gt;</a>&nbsp;&nbsp;&nbsp;WifiObj::find(const char*)
<LI><a href="#[48]">&gt;&gt;</a>&nbsp;&nbsp;&nbsp;BufferedSerial::write(const void*, unsigned)
<LI><a href="#[41]">&gt;&gt;</a>&nbsp;&nbsp;&nbsp;BufferedSerial::txIrq()
<LI><a href="#[e2]">&gt;&gt;</a>&nbsp;&nbsp;&nbsp;BufferedSerial::prime()
<LI><a href="#[e3]">&gt;&gt;</a>&nbsp;&nbsp;&nbsp;BufferedSerial::puts(const char*)
<LI><a href="#[c4]">&gt;&gt;</a>&nbsp;&nbsp;&nbsp;BufferedSerial::putc(int)
<LI><a href="#[5b]">&gt;&gt;</a>&nbsp;&nbsp;&nbsp;__aeabi_idivmod
<LI><a href="#[113]">&gt;&gt;</a>&nbsp;&nbsp;&nbsp;WifiObj::scanf(const char*, ...)
<LI><a href="#[31]">&gt;&gt;</a>&nbsp;&nbsp;&nbsp;HiReader_SerialHandler()
<LI><a href="#[132]">&gt;&gt;</a>&nbsp;&nbsp;&nbsp;_printf_core
</UL>

<P><STRONG><a name="[159]"></a>__aeabi_idiv</STRONG> (Thumb, 0 bytes, Stack size 16 bytes, idiv.o(.text), UNUSED)

<P><STRONG><a name="[5b]"></a>__aeabi_idivmod</STRONG> (Thumb, 40 bytes, Stack size 16 bytes, idiv.o(.text))
<BR><BR>[Stack]<UL><LI>Max Depth = 28<LI>Call Chain = __aeabi_idivmod &rArr; __aeabi_uidivmod
</UL>
<BR>[Calls]<UL><LI><a href="#[5c]">&gt;&gt;</a>&nbsp;&nbsp;&nbsp;__aeabi_uidivmod
</UL>
<BR>[Called By]<UL><LI><a href="#[120]">&gt;&gt;</a>&nbsp;&nbsp;&nbsp;CommWifi::GetMessage(unsigned char*, unsigned char)
<LI><a href="#[af]">&gt;&gt;</a>&nbsp;&nbsp;&nbsp;mbed::Timer::read_ms()
<LI><a href="#[30]">&gt;&gt;</a>&nbsp;&nbsp;&nbsp;ToggleLed()
<LI><a href="#[11a]">&gt;&gt;</a>&nbsp;&nbsp;&nbsp;WifiObj::scanf(int, const char*, ...)
<LI><a href="#[115]">&gt;&gt;</a>&nbsp;&nbsp;&nbsp;WifiObj::find(int, const char*)
<LI><a href="#[118]">&gt;&gt;</a>&nbsp;&nbsp;&nbsp;WifiObj::find(const char*)
<LI><a href="#[116]">&gt;&gt;</a>&nbsp;&nbsp;&nbsp;WifiObj::SendCmdAndWaitReply(const char*, int, const char*)
<LI><a href="#[114]">&gt;&gt;</a>&nbsp;&nbsp;&nbsp;WifiObj::EnterCommandMode()
<LI><a href="#[113]">&gt;&gt;</a>&nbsp;&nbsp;&nbsp;WifiObj::scanf(const char*, ...)
</UL>

<P><STRONG><a name="[6b]"></a>__aeabi_llsr</STRONG> (Thumb, 34 bytes, Stack size 8 bytes, llushr.o(.text))
<BR><BR>[Stack]<UL><LI>Max Depth = 8<LI>Call Chain = __aeabi_llsr
</UL>
<BR>[Called By]<UL><LI><a href="#[8e]">&gt;&gt;</a>&nbsp;&nbsp;&nbsp;HAL_FLASH_Program
<LI><a href="#[7a]">&gt;&gt;</a>&nbsp;&nbsp;&nbsp;_double_epilogue
<LI><a href="#[6a]">&gt;&gt;</a>&nbsp;&nbsp;&nbsp;__aeabi_uldivmod
<LI><a href="#[7e]">&gt;&gt;</a>&nbsp;&nbsp;&nbsp;__aeabi_d2ulz
</UL>

<P><STRONG><a name="[15a]"></a>_ll_ushift_r</STRONG> (Thumb, 0 bytes, Stack size 8 bytes, llushr.o(.text), UNUSED)

<P><STRONG><a name="[d1]"></a>__aeabi_memcpy</STRONG> (Thumb, 36 bytes, Stack size 0 bytes, memcpya.o(.text))
<BR><BR>[Called By]<UL><LI><a href="#[120]">&gt;&gt;</a>&nbsp;&nbsp;&nbsp;CommWifi::GetMessage(unsigned char*, unsigned char)
<LI><a href="#[cf]">&gt;&gt;</a>&nbsp;&nbsp;&nbsp;HiReader_GetMessage(HiReader_DataMessage*)
<LI><a href="#[c6]">&gt;&gt;</a>&nbsp;&nbsp;&nbsp;DAT_Load()
<LI><a href="#[dc]">&gt;&gt;</a>&nbsp;&nbsp;&nbsp;SendGroupTileToPhone()
</UL>

<P><STRONG><a name="[148]"></a>__aeabi_memcpy4</STRONG> (Thumb, 0 bytes, Stack size 0 bytes, memcpya.o(.text))
<BR><BR>[Called By]<UL><LI><a href="#[8a]">&gt;&gt;</a>&nbsp;&nbsp;&nbsp;$Super$$main
</UL>

<P><STRONG><a name="[15b]"></a>__aeabi_memcpy8</STRONG> (Thumb, 0 bytes, Stack size 0 bytes, memcpya.o(.text), UNUSED)

<P><STRONG><a name="[5e]"></a>__aeabi_memset</STRONG> (Thumb, 14 bytes, Stack size 0 bytes, memseta.o(.text))
<BR><BR>[Called By]<UL><LI><a href="#[8a]">&gt;&gt;</a>&nbsp;&nbsp;&nbsp;$Super$$main
<LI><a href="#[c6]">&gt;&gt;</a>&nbsp;&nbsp;&nbsp;DAT_Load()
<LI><a href="#[e0]">&gt;&gt;</a>&nbsp;&nbsp;&nbsp;Reader_HandleInsideMessage(const unsigned char*)
<LI><a href="#[dc]">&gt;&gt;</a>&nbsp;&nbsp;&nbsp;SendGroupTileToPhone()
<LI><a href="#[bd]">&gt;&gt;</a>&nbsp;&nbsp;&nbsp;Navigator_Init()
<LI><a href="#[5f]">&gt;&gt;</a>&nbsp;&nbsp;&nbsp;_memset$wrapper
<LI><a href="#[5d]">&gt;&gt;</a>&nbsp;&nbsp;&nbsp;__aeabi_memclr
</UL>

<P><STRONG><a name="[15c]"></a>__aeabi_memset4</STRONG> (Thumb, 0 bytes, Stack size 0 bytes, memseta.o(.text), UNUSED)

<P><STRONG><a name="[15d]"></a>__aeabi_memset8</STRONG> (Thumb, 0 bytes, Stack size 0 bytes, memseta.o(.text), UNUSED)

<P><STRONG><a name="[5d]"></a>__aeabi_memclr</STRONG> (Thumb, 4 bytes, Stack size 0 bytes, memseta.o(.text))
<BR><BR>[Calls]<UL><LI><a href="#[5e]">&gt;&gt;</a>&nbsp;&nbsp;&nbsp;__aeabi_memset
</UL>
<BR>[Called By]<UL><LI><a href="#[ea]">&gt;&gt;</a>&nbsp;&nbsp;&nbsp;Buffer&lang;char&rang;::Buffer(unsigned)
</UL>

<P><STRONG><a name="[e7]"></a>__aeabi_memclr4</STRONG> (Thumb, 0 bytes, Stack size 0 bytes, memseta.o(.text))
<BR><BR>[Called By]<UL><LI><a href="#[a6]">&gt;&gt;</a>&nbsp;&nbsp;&nbsp;BufferedSerial::printf(const char*, ...)
</UL>

<P><STRONG><a name="[15e]"></a>__aeabi_memclr8</STRONG> (Thumb, 0 bytes, Stack size 0 bytes, memseta.o(.text), UNUSED)

<P><STRONG><a name="[5f]"></a>_memset$wrapper</STRONG> (Thumb, 18 bytes, Stack size 8 bytes, memseta.o(.text), UNUSED)
<BR><BR>[Calls]<UL><LI><a href="#[5e]">&gt;&gt;</a>&nbsp;&nbsp;&nbsp;__aeabi_memset
</UL>

<P><STRONG><a name="[102]"></a>strlen</STRONG> (Thumb, 14 bytes, Stack size 0 bytes, strlen.o(.text))
<BR><BR>[Called By]<UL><LI><a href="#[115]">&gt;&gt;</a>&nbsp;&nbsp;&nbsp;WifiObj::find(int, const char*)
<LI><a href="#[118]">&gt;&gt;</a>&nbsp;&nbsp;&nbsp;WifiObj::find(const char*)
<LI><a href="#[100]">&gt;&gt;</a>&nbsp;&nbsp;&nbsp;mbed::FileBase::lookup(const char*, unsigned)
</UL>

<P><STRONG><a name="[125]"></a>strcmp</STRONG> (Thumb, 28 bytes, Stack size 8 bytes, strcmp.o(.text))
<BR><BR>[Stack]<UL><LI>Max Depth = 8<LI>Call Chain = strcmp
</UL>
<BR>[Called By]<UL><LI><a href="#[59]">&gt;&gt;</a>&nbsp;&nbsp;&nbsp;_sys_open
<LI><a href="#[bc]">&gt;&gt;</a>&nbsp;&nbsp;&nbsp;CommWifi::Init()
<LI><a href="#[122]">&gt;&gt;</a>&nbsp;&nbsp;&nbsp;CommWifi::ConnectPhone()
</UL>

<P><STRONG><a name="[d2]"></a>memcmp</STRONG> (Thumb, 26 bytes, Stack size 12 bytes, memcmp.o(.text))
<BR><BR>[Stack]<UL><LI>Max Depth = 12<LI>Call Chain = memcmp
</UL>
<BR>[Called By]<UL><LI><a href="#[cf]">&gt;&gt;</a>&nbsp;&nbsp;&nbsp;HiReader_GetMessage(HiReader_DataMessage*)
</UL>

<P><STRONG><a name="[101]"></a>strncmp</STRONG> (Thumb, 30 bytes, Stack size 12 bytes, strncmp.o(.text))
<BR><BR>[Stack]<UL><LI>Max Depth = 12<LI>Call Chain = strncmp
</UL>
<BR>[Called By]<UL><LI><a href="#[100]">&gt;&gt;</a>&nbsp;&nbsp;&nbsp;mbed::FileBase::lookup(const char*, unsigned)
</UL>

<P><STRONG><a name="[60]"></a>vsscanf</STRONG> (Thumb, 40 bytes, Stack size 56 bytes, vsscanf.o(.text))
<BR><BR>[Stack]<UL><LI>Max Depth = 272<LI>Call Chain = vsscanf &rArr; __vfscanf_char &rArr; __vfscanf &rArr; _scanf_longlong &rArr; __aeabi_lmul &rArr; __aeabi_llsl
</UL>
<BR>[Calls]<UL><LI><a href="#[61]">&gt;&gt;</a>&nbsp;&nbsp;&nbsp;__vfscanf_char
</UL>
<BR>[Called By]<UL><LI><a href="#[11a]">&gt;&gt;</a>&nbsp;&nbsp;&nbsp;WifiObj::scanf(int, const char*, ...)
<LI><a href="#[113]">&gt;&gt;</a>&nbsp;&nbsp;&nbsp;WifiObj::scanf(const char*, ...)
</UL>

<P><STRONG><a name="[62]"></a>__0sscanf</STRONG> (Thumb, 50 bytes, Stack size 72 bytes, __0sscanf.o(.text))
<BR><BR>[Stack]<UL><LI>Max Depth = 288<LI>Call Chain = __0sscanf &rArr; __vfscanf_char &rArr; __vfscanf &rArr; _scanf_longlong &rArr; __aeabi_lmul &rArr; __aeabi_llsl
</UL>
<BR>[Calls]<UL><LI><a href="#[61]">&gt;&gt;</a>&nbsp;&nbsp;&nbsp;__vfscanf_char
</UL>
<BR>[Called By]<UL><LI><a href="#[59]">&gt;&gt;</a>&nbsp;&nbsp;&nbsp;_sys_open
</UL>

<P><STRONG><a name="[63]"></a>_scanf_int</STRONG> (Thumb, 330 bytes, Stack size 48 bytes, _scanf_int.o(.text))
<BR><BR>[Stack]<UL><LI>Max Depth = 48<LI>Call Chain = _scanf_int
</UL>
<BR>[Calls]<UL><LI><a href="#[64]">&gt;&gt;</a>&nbsp;&nbsp;&nbsp;_chval
</UL>
<BR>[Called By]<UL><LI><a href="#[76]">&gt;&gt;</a>&nbsp;&nbsp;&nbsp;__vfscanf
</UL>

<P><STRONG><a name="[51]"></a>__cpp_initialize__aeabi_</STRONG> (Thumb, 22 bytes, Stack size 16 bytes, cpp_init.o(.text))
<BR><BR>[Stack]<UL><LI>Max Depth = 16<LI>Call Chain = __cpp_initialize__aeabi_
</UL>
<BR>[Called By]<UL><LI><a href="#[56]">&gt;&gt;</a>&nbsp;&nbsp;&nbsp;_main_cpp_init$empty
</UL>

<P><STRONG><a name="[65]"></a>__aeabi_atexit</STRONG> (Thumb, 42 bytes, Stack size 24 bytes, aeabi_atexit.o(.text))
<BR><BR>[Stack]<UL><LI>Max Depth = 44<LI>Call Chain = __aeabi_atexit &rArr; malloc
</UL>
<BR>[Calls]<UL><LI><a href="#[67]">&gt;&gt;</a>&nbsp;&nbsp;&nbsp;__rt_ddtor_pointer_addr
<LI><a href="#[66]">&gt;&gt;</a>&nbsp;&nbsp;&nbsp;malloc
</UL>
<BR>[Called By]<UL><LI><a href="#[4e]">&gt;&gt;</a>&nbsp;&nbsp;&nbsp;__sti___8_main_cpp_cf170f72
<LI><a href="#[4f]">&gt;&gt;</a>&nbsp;&nbsp;&nbsp;__sti___19_HighPowerReader_cpp_rf_power
<LI><a href="#[50]">&gt;&gt;</a>&nbsp;&nbsp;&nbsp;__sti___9_Voice_cpp_ade2d123
</UL>

<P><STRONG><a name="[38]"></a>__default_new_handler()</STRONG> (Thumb, 8 bytes, Stack size 8 bytes, arm_newhandler_noexceptions.o(.text))
<BR><BR>[Stack]<UL><LI>Max Depth = 60<LI>Call Chain = __default_new_handler() &rArr; std::terminate() &rArr; __cxa_get_globals &rArr; __ARM_exceptions_buffer_init &rArr; malloc
</UL>
<BR>[Calls]<UL><LI><a href="#[68]">&gt;&gt;</a>&nbsp;&nbsp;&nbsp;std::terminate()
</UL>
<BR>[Address Reference Count : 1]<UL><LI> new.o(i._Znwj)
</UL>
<P><STRONG><a name="[39]"></a>fputc</STRONG> (Thumb, 42 bytes, Stack size 16 bytes, fputc_fp.o(.text))
<BR><BR>[Stack]<UL><LI>Max Depth = 224<LI>Call Chain = fputc &rArr; _sys_write &rArr; serial_init &rArr; pinmap_pinout &rArr; pin_function &rArr; Set_GPIO_Clock &rArr; error &rArr; exit &rArr; mbed_die &rArr; wait_ms &rArr; us_ticker_read &rArr; HAL_InitTick &rArr; HAL_TIM_Base_Init &rArr; TIM_Base_SetConfig
</UL>
<BR>[Calls]<UL><LI><a href="#[69]">&gt;&gt;</a>&nbsp;&nbsp;&nbsp;_sys_write
</UL>
<BR>[Address Reference Count : 1]<UL><LI> printfa.o(i.__0vfprintf)
</UL>
<P><STRONG><a name="[6a]"></a>__aeabi_uldivmod</STRONG> (Thumb, 96 bytes, Stack size 48 bytes, uldiv.o(.text), UNUSED)
<BR><BR>[Calls]<UL><LI><a href="#[6b]">&gt;&gt;</a>&nbsp;&nbsp;&nbsp;__aeabi_llsr
<LI><a href="#[6c]">&gt;&gt;</a>&nbsp;&nbsp;&nbsp;__aeabi_llsl
</UL>
<BR>[Called By]<UL><LI><a href="#[132]">&gt;&gt;</a>&nbsp;&nbsp;&nbsp;_printf_core
<LI><a href="#[136]">&gt;&gt;</a>&nbsp;&nbsp;&nbsp;_fp_digits
</UL>

<P><STRONG><a name="[64]"></a>_chval</STRONG> (Thumb, 30 bytes, Stack size 0 bytes, _chval.o(.text))
<BR><BR>[Called By]<UL><LI><a href="#[6d]">&gt;&gt;</a>&nbsp;&nbsp;&nbsp;_scanf_longlong
<LI><a href="#[63]">&gt;&gt;</a>&nbsp;&nbsp;&nbsp;_scanf_int
</UL>

<P><STRONG><a name="[6d]"></a>_scanf_longlong</STRONG> (Thumb, 330 bytes, Stack size 56 bytes, _scanf_longlong.o(.text))
<BR><BR>[Stack]<UL><LI>Max Depth = 128<LI>Call Chain = _scanf_longlong &rArr; __aeabi_lmul &rArr; __aeabi_llsl
</UL>
<BR>[Calls]<UL><LI><a href="#[6e]">&gt;&gt;</a>&nbsp;&nbsp;&nbsp;__aeabi_lmul
<LI><a href="#[64]">&gt;&gt;</a>&nbsp;&nbsp;&nbsp;_chval
</UL>
<BR>[Called By]<UL><LI><a href="#[76]">&gt;&gt;</a>&nbsp;&nbsp;&nbsp;__vfscanf
</UL>

<P><STRONG><a name="[85]"></a>_scanf_string</STRONG> (Thumb, 232 bytes, Stack size 48 bytes, _scanf_str.o(.text))
<BR><BR>[Stack]<UL><LI>Max Depth = 48<LI>Call Chain = _scanf_string
</UL>
<BR>[Called By]<UL><LI><a href="#[76]">&gt;&gt;</a>&nbsp;&nbsp;&nbsp;__vfscanf
</UL>

<P><STRONG><a name="[84]"></a>_scanf_real</STRONG> (Thumb, 0 bytes, Stack size 104 bytes, scanf_fp.o(.text))
<BR><BR>[Stack]<UL><LI>Max Depth = 104<LI>Call Chain = _scanf_real
</UL>
<BR>[Called By]<UL><LI><a href="#[76]">&gt;&gt;</a>&nbsp;&nbsp;&nbsp;__vfscanf
</UL>

<P><STRONG><a name="[73]"></a>_scanf_really_real</STRONG> (Thumb, 586 bytes, Stack size 104 bytes, scanf_fp.o(.text), UNUSED)
<BR><BR>[Calls]<UL><LI><a href="#[75]">&gt;&gt;</a>&nbsp;&nbsp;&nbsp;__aeabi_d2f
<LI><a href="#[74]">&gt;&gt;</a>&nbsp;&nbsp;&nbsp;_is_digit
<LI><a href="#[6f]">&gt;&gt;</a>&nbsp;&nbsp;&nbsp;_fp_value
</UL>

<P><STRONG><a name="[61]"></a>__vfscanf_char</STRONG> (Thumb, 24 bytes, Stack size 8 bytes, scanf_char.o(.text))
<BR><BR>[Stack]<UL><LI>Max Depth = 216<LI>Call Chain = __vfscanf_char &rArr; __vfscanf &rArr; _scanf_longlong &rArr; __aeabi_lmul &rArr; __aeabi_llsl
</UL>
<BR>[Calls]<UL><LI><a href="#[76]">&gt;&gt;</a>&nbsp;&nbsp;&nbsp;__vfscanf
</UL>
<BR>[Called By]<UL><LI><a href="#[62]">&gt;&gt;</a>&nbsp;&nbsp;&nbsp;__0sscanf
<LI><a href="#[60]">&gt;&gt;</a>&nbsp;&nbsp;&nbsp;vsscanf
</UL>

<P><STRONG><a name="[29]"></a>_sgetc</STRONG> (Thumb, 32 bytes, Stack size 0 bytes, _sgetc.o(.text))
<BR>[Address Reference Count : 2]<UL><LI> __0sscanf.o(.text)
<LI> vsscanf.o(.text)
</UL>
<P><STRONG><a name="[2a]"></a>_sbackspace</STRONG> (Thumb, 36 bytes, Stack size 0 bytes, _sgetc.o(.text))
<BR>[Address Reference Count : 2]<UL><LI> __0sscanf.o(.text)
<LI> vsscanf.o(.text)
</UL>
<P><STRONG><a name="[15f]"></a>__I$use$fp</STRONG> (Thumb, 0 bytes, Stack size 0 bytes, iusefp.o(.text), UNUSED)

<P><STRONG><a name="[67]"></a>__rt_ddtor_pointer_addr</STRONG> (Thumb, 4 bytes, Stack size 0 bytes, cpp_dtor.o(.text))
<BR><BR>[Called By]<UL><LI><a href="#[58]">&gt;&gt;</a>&nbsp;&nbsp;&nbsp;__cxa_finalize
<LI><a href="#[65]">&gt;&gt;</a>&nbsp;&nbsp;&nbsp;__aeabi_atexit
</UL>

<P><STRONG><a name="[130]"></a>__rt_new_handler_addr</STRONG> (Thumb, 4 bytes, Stack size 0 bytes, cpp_memory.o(.text))
<BR><BR>[Called By]<UL><LI><a href="#[a8]">&gt;&gt;</a>&nbsp;&nbsp;&nbsp;operator new(unsigned)
</UL>

<P><STRONG><a name="[80]"></a>__rt_eh_globals_addr</STRONG> (Thumb, 12 bytes, Stack size 0 bytes, cpp_memory.o(.text))
<BR><BR>[Called By]<UL><LI><a href="#[7f]">&gt;&gt;</a>&nbsp;&nbsp;&nbsp;__cxa_get_globals
</UL>

<P><STRONG><a name="[58]"></a>__cxa_finalize</STRONG> (Thumb, 66 bytes, Stack size 24 bytes, cxa_finalize.o(.text))
<BR><BR>[Stack]<UL><LI>Max Depth = 32<LI>Call Chain = __cxa_finalize &rArr; free
</UL>
<BR>[Calls]<UL><LI><a href="#[67]">&gt;&gt;</a>&nbsp;&nbsp;&nbsp;__rt_ddtor_pointer_addr
<LI><a href="#[77]">&gt;&gt;</a>&nbsp;&nbsp;&nbsp;free
</UL>
<BR>[Called By]<UL><LI><a href="#[57]">&gt;&gt;</a>&nbsp;&nbsp;&nbsp;__rt_final_cpp$nonempty
</UL>

<P><STRONG><a name="[87]"></a>_float_round</STRONG> (Thumb, 16 bytes, Stack size 0 bytes, fepilogue.o(.text), UNUSED)
<BR><BR>[Called By]<UL><LI><a href="#[75]">&gt;&gt;</a>&nbsp;&nbsp;&nbsp;__aeabi_d2f
</UL>

<P><STRONG><a name="[160]"></a>_float_epilogue</STRONG> (Thumb, 114 bytes, Stack size 12 bytes, fepilogue.o(.text), UNUSED)

<P><STRONG><a name="[78]"></a>__aeabi_dadd</STRONG> (Thumb, 328 bytes, Stack size 48 bytes, dadd.o(.text), UNUSED)
<BR><BR>[Calls]<UL><LI><a href="#[79]">&gt;&gt;</a>&nbsp;&nbsp;&nbsp;__aeabi_lasr
<LI><a href="#[6c]">&gt;&gt;</a>&nbsp;&nbsp;&nbsp;__aeabi_llsl
<LI><a href="#[7b]">&gt;&gt;</a>&nbsp;&nbsp;&nbsp;_double_round
<LI><a href="#[7a]">&gt;&gt;</a>&nbsp;&nbsp;&nbsp;_double_epilogue
</UL>
<BR>[Called By]<UL><LI><a href="#[7d]">&gt;&gt;</a>&nbsp;&nbsp;&nbsp;__aeabi_drsub
<LI><a href="#[7c]">&gt;&gt;</a>&nbsp;&nbsp;&nbsp;__aeabi_dsub
<LI><a href="#[136]">&gt;&gt;</a>&nbsp;&nbsp;&nbsp;_fp_digits
</UL>

<P><STRONG><a name="[7c]"></a>__aeabi_dsub</STRONG> (Thumb, 12 bytes, Stack size 8 bytes, dadd.o(.text), UNUSED)
<BR><BR>[Calls]<UL><LI><a href="#[78]">&gt;&gt;</a>&nbsp;&nbsp;&nbsp;__aeabi_dadd
</UL>

<P><STRONG><a name="[7d]"></a>__aeabi_drsub</STRONG> (Thumb, 12 bytes, Stack size 8 bytes, dadd.o(.text), UNUSED)
<BR><BR>[Calls]<UL><LI><a href="#[78]">&gt;&gt;</a>&nbsp;&nbsp;&nbsp;__aeabi_dadd
</UL>

<P><STRONG><a name="[71]"></a>__aeabi_dmul</STRONG> (Thumb, 202 bytes, Stack size 72 bytes, dmul.o(.text), UNUSED)
<BR><BR>[Calls]<UL><LI><a href="#[7a]">&gt;&gt;</a>&nbsp;&nbsp;&nbsp;_double_epilogue
</UL>
<BR>[Called By]<UL><LI><a href="#[6f]">&gt;&gt;</a>&nbsp;&nbsp;&nbsp;_fp_value
<LI><a href="#[136]">&gt;&gt;</a>&nbsp;&nbsp;&nbsp;_fp_digits
</UL>

<P><STRONG><a name="[72]"></a>__aeabi_ddiv</STRONG> (Thumb, 234 bytes, Stack size 40 bytes, ddiv.o(.text), UNUSED)
<BR><BR>[Calls]<UL><LI><a href="#[7b]">&gt;&gt;</a>&nbsp;&nbsp;&nbsp;_double_round
</UL>
<BR>[Called By]<UL><LI><a href="#[6f]">&gt;&gt;</a>&nbsp;&nbsp;&nbsp;_fp_value
<LI><a href="#[136]">&gt;&gt;</a>&nbsp;&nbsp;&nbsp;_fp_digits
</UL>

<P><STRONG><a name="[7e]"></a>__aeabi_d2ulz</STRONG> (Thumb, 54 bytes, Stack size 8 bytes, dfixul.o(.text), UNUSED)
<BR><BR>[Calls]<UL><LI><a href="#[6b]">&gt;&gt;</a>&nbsp;&nbsp;&nbsp;__aeabi_llsr
<LI><a href="#[6c]">&gt;&gt;</a>&nbsp;&nbsp;&nbsp;__aeabi_llsl
</UL>
<BR>[Called By]<UL><LI><a href="#[136]">&gt;&gt;</a>&nbsp;&nbsp;&nbsp;_fp_digits
</UL>

<P><STRONG><a name="[137]"></a>__aeabi_cdrcmple</STRONG> (Thumb, 38 bytes, Stack size 0 bytes, cdrcmple.o(.text), UNUSED)
<BR><BR>[Called By]<UL><LI><a href="#[136]">&gt;&gt;</a>&nbsp;&nbsp;&nbsp;_fp_digits
</UL>

<P><STRONG><a name="[68]"></a>std::terminate()</STRONG> (Thumb, 28 bytes, Stack size 8 bytes, arm_exceptions_terminate.o(.text))
<BR><BR>[Stack]<UL><LI>Max Depth = 52<LI>Call Chain = std::terminate() &rArr; __cxa_get_globals &rArr; __ARM_exceptions_buffer_init &rArr; malloc
</UL>
<BR>[Calls]<UL><LI><a href="#[7f]">&gt;&gt;</a>&nbsp;&nbsp;&nbsp;__cxa_get_globals
</UL>
<BR>[Called By]<UL><LI><a href="#[38]">&gt;&gt;</a>&nbsp;&nbsp;&nbsp;__default_new_handler()
</UL>

<P><STRONG><a name="[7f]"></a>__cxa_get_globals</STRONG> (Thumb, 66 bytes, Stack size 16 bytes, arm_exceptions_globs.o(.text))
<BR><BR>[Stack]<UL><LI>Max Depth = 44<LI>Call Chain = __cxa_get_globals &rArr; __ARM_exceptions_buffer_init &rArr; malloc
</UL>
<BR>[Calls]<UL><LI><a href="#[81]">&gt;&gt;</a>&nbsp;&nbsp;&nbsp;__ARM_exceptions_buffer_init
<LI><a href="#[80]">&gt;&gt;</a>&nbsp;&nbsp;&nbsp;__rt_eh_globals_addr
<LI><a href="#[66]">&gt;&gt;</a>&nbsp;&nbsp;&nbsp;malloc
</UL>
<BR>[Called By]<UL><LI><a href="#[68]">&gt;&gt;</a>&nbsp;&nbsp;&nbsp;std::terminate()
</UL>

<P><STRONG><a name="[53]"></a>__scatterload</STRONG> (Thumb, 28 bytes, Stack size 0 bytes, init.o(.text))
<BR><BR>[Calls]<UL><LI><a href="#[82]">&gt;&gt;</a>&nbsp;&nbsp;&nbsp;__main_after_scatterload
</UL>
<BR>[Called By]<UL><LI><a href="#[52]">&gt;&gt;</a>&nbsp;&nbsp;&nbsp;_main_scatterload
</UL>

<P><STRONG><a name="[161]"></a>__scatterload_rt2</STRONG> (Thumb, 0 bytes, Stack size 0 bytes, init.o(.text), UNUSED)

<P><STRONG><a name="[6e]"></a>__aeabi_lmul</STRONG> (Thumb, 122 bytes, Stack size 64 bytes, llmul.o(.text))
<BR><BR>[Stack]<UL><LI>Max Depth = 72<LI>Call Chain = __aeabi_lmul &rArr; __aeabi_llsl
</UL>
<BR>[Calls]<UL><LI><a href="#[6c]">&gt;&gt;</a>&nbsp;&nbsp;&nbsp;__aeabi_llsl
</UL>
<BR>[Called By]<UL><LI><a href="#[6f]">&gt;&gt;</a>&nbsp;&nbsp;&nbsp;_fp_value
<LI><a href="#[6d]">&gt;&gt;</a>&nbsp;&nbsp;&nbsp;_scanf_longlong
</UL>

<P><STRONG><a name="[162]"></a>_ll_mul</STRONG> (Thumb, 0 bytes, Stack size 64 bytes, llmul.o(.text), UNUSED)

<P><STRONG><a name="[6c]"></a>__aeabi_llsl</STRONG> (Thumb, 32 bytes, Stack size 8 bytes, llshl.o(.text))
<BR><BR>[Stack]<UL><LI>Max Depth = 8<LI>Call Chain = __aeabi_llsl
</UL>
<BR>[Called By]<UL><LI><a href="#[6e]">&gt;&gt;</a>&nbsp;&nbsp;&nbsp;__aeabi_lmul
<LI><a href="#[7a]">&gt;&gt;</a>&nbsp;&nbsp;&nbsp;_double_epilogue
<LI><a href="#[6a]">&gt;&gt;</a>&nbsp;&nbsp;&nbsp;__aeabi_uldivmod
<LI><a href="#[78]">&gt;&gt;</a>&nbsp;&nbsp;&nbsp;__aeabi_dadd
<LI><a href="#[7e]">&gt;&gt;</a>&nbsp;&nbsp;&nbsp;__aeabi_d2ulz
</UL>

<P><STRONG><a name="[163]"></a>_ll_shift_l</STRONG> (Thumb, 0 bytes, Stack size 8 bytes, llshl.o(.text), UNUSED)

<P><STRONG><a name="[79]"></a>__aeabi_lasr</STRONG> (Thumb, 38 bytes, Stack size 8 bytes, llsshr.o(.text), UNUSED)
<BR><BR>[Called By]<UL><LI><a href="#[78]">&gt;&gt;</a>&nbsp;&nbsp;&nbsp;__aeabi_dadd
</UL>

<P><STRONG><a name="[164]"></a>_ll_sshift_r</STRONG> (Thumb, 0 bytes, Stack size 8 bytes, llsshr.o(.text), UNUSED)

<P><STRONG><a name="[2c]"></a>isspace</STRONG> (Thumb, 14 bytes, Stack size 8 bytes, isspace_c.o(.text))
<BR><BR>[Stack]<UL><LI>Max Depth = 8<LI>Call Chain = isspace
</UL>
<BR>[Calls]<UL><LI><a href="#[83]">&gt;&gt;</a>&nbsp;&nbsp;&nbsp;__ctype_lookup
</UL>
<BR>[Address Reference Count : 1]<UL><LI> scanf_char.o(.text)
</UL>
<P><STRONG><a name="[76]"></a>__vfscanf</STRONG> (Thumb, 812 bytes, Stack size 80 bytes, _scanf.o(.text))
<BR><BR>[Stack]<UL><LI>Max Depth = 208<LI>Call Chain = __vfscanf &rArr; _scanf_longlong &rArr; __aeabi_lmul &rArr; __aeabi_llsl
</UL>
<BR>[Calls]<UL><LI><a href="#[84]">&gt;&gt;</a>&nbsp;&nbsp;&nbsp;_scanf_real
<LI><a href="#[85]">&gt;&gt;</a>&nbsp;&nbsp;&nbsp;_scanf_string
<LI><a href="#[6d]">&gt;&gt;</a>&nbsp;&nbsp;&nbsp;_scanf_longlong
<LI><a href="#[63]">&gt;&gt;</a>&nbsp;&nbsp;&nbsp;_scanf_int
</UL>
<BR>[Called By]<UL><LI><a href="#[61]">&gt;&gt;</a>&nbsp;&nbsp;&nbsp;__vfscanf_char
</UL>

<P><STRONG><a name="[165]"></a>__rt_lib_shutdown_cpp_2</STRONG> (Thumb, 2 bytes, Stack size 0 bytes, cpp_final.o(.text), UNUSED)

<P><STRONG><a name="[7b]"></a>_double_round</STRONG> (Thumb, 26 bytes, Stack size 8 bytes, depilogue.o(.text), UNUSED)
<BR><BR>[Called By]<UL><LI><a href="#[7a]">&gt;&gt;</a>&nbsp;&nbsp;&nbsp;_double_epilogue
<LI><a href="#[72]">&gt;&gt;</a>&nbsp;&nbsp;&nbsp;__aeabi_ddiv
<LI><a href="#[78]">&gt;&gt;</a>&nbsp;&nbsp;&nbsp;__aeabi_dadd
</UL>

<P><STRONG><a name="[7a]"></a>_double_epilogue</STRONG> (Thumb, 164 bytes, Stack size 48 bytes, depilogue.o(.text), UNUSED)
<BR><BR>[Calls]<UL><LI><a href="#[6b]">&gt;&gt;</a>&nbsp;&nbsp;&nbsp;__aeabi_llsr
<LI><a href="#[86]">&gt;&gt;</a>&nbsp;&nbsp;&nbsp;__ARM_clz
<LI><a href="#[6c]">&gt;&gt;</a>&nbsp;&nbsp;&nbsp;__aeabi_llsl
<LI><a href="#[7b]">&gt;&gt;</a>&nbsp;&nbsp;&nbsp;_double_round
</UL>
<BR>[Called By]<UL><LI><a href="#[70]">&gt;&gt;</a>&nbsp;&nbsp;&nbsp;__aeabi_ul2d
<LI><a href="#[71]">&gt;&gt;</a>&nbsp;&nbsp;&nbsp;__aeabi_dmul
<LI><a href="#[78]">&gt;&gt;</a>&nbsp;&nbsp;&nbsp;__aeabi_dadd
</UL>

<P><STRONG><a name="[70]"></a>__aeabi_ul2d</STRONG> (Thumb, 22 bytes, Stack size 16 bytes, dfltul.o(.text), UNUSED)
<BR><BR>[Calls]<UL><LI><a href="#[7a]">&gt;&gt;</a>&nbsp;&nbsp;&nbsp;_double_epilogue
</UL>
<BR>[Called By]<UL><LI><a href="#[6f]">&gt;&gt;</a>&nbsp;&nbsp;&nbsp;_fp_value
</UL>

<P><STRONG><a name="[75]"></a>__aeabi_d2f</STRONG> (Thumb, 56 bytes, Stack size 8 bytes, d2f.o(.text), UNUSED)
<BR><BR>[Calls]<UL><LI><a href="#[87]">&gt;&gt;</a>&nbsp;&nbsp;&nbsp;_float_round
</UL>
<BR>[Called By]<UL><LI><a href="#[73]">&gt;&gt;</a>&nbsp;&nbsp;&nbsp;_scanf_really_real
</UL>

<P><STRONG><a name="[81]"></a>__ARM_exceptions_buffer_init</STRONG> (Thumb, 18 bytes, Stack size 8 bytes, arm_exceptions_mem.o(.text))
<BR><BR>[Stack]<UL><LI>Max Depth = 28<LI>Call Chain = __ARM_exceptions_buffer_init &rArr; malloc
</UL>
<BR>[Calls]<UL><LI><a href="#[66]">&gt;&gt;</a>&nbsp;&nbsp;&nbsp;malloc
</UL>
<BR>[Called By]<UL><LI><a href="#[7f]">&gt;&gt;</a>&nbsp;&nbsp;&nbsp;__cxa_get_globals
</UL>

<P><STRONG><a name="[166]"></a>__ARM_exceptions_buffer_allocate</STRONG> (Thumb, 26 bytes, Stack size 0 bytes, arm_exceptions_mem.o(.text), UNUSED)

<P><STRONG><a name="[167]"></a>__ARM_exceptions_buffer_free</STRONG> (Thumb, 22 bytes, Stack size 0 bytes, arm_exceptions_mem.o(.text), UNUSED)

<P><STRONG><a name="[83]"></a>__ctype_lookup</STRONG> (Thumb, 32 bytes, Stack size 0 bytes, ctype_c.o(.text))
<BR><BR>[Called By]<UL><LI><a href="#[2c]">&gt;&gt;</a>&nbsp;&nbsp;&nbsp;isspace
</UL>

<P><STRONG><a name="[26]"></a>main</STRONG> (Thumb, 16 bytes, Stack size 8 bytes, retarget.o(i.$Sub$$main))
<BR><BR>[Stack]<UL><LI>Max Depth = 576<LI>Call Chain = main &rArr; $Super$$main &rArr; Powered_Init() &rArr; CommWifi::Init() &rArr; WifiObj::GetTcpto() &rArr; WifiObj::scanf(int, const char*, ...) &rArr; vsscanf &rArr; __vfscanf_char &rArr; __vfscanf &rArr; _scanf_longlong &rArr; __aeabi_lmul &rArr; __aeabi_llsl
</UL>
<BR>[Calls]<UL><LI><a href="#[89]">&gt;&gt;</a>&nbsp;&nbsp;&nbsp;mbed_main
<LI><a href="#[8a]">&gt;&gt;</a>&nbsp;&nbsp;&nbsp;$Super$$main
<LI><a href="#[88]">&gt;&gt;</a>&nbsp;&nbsp;&nbsp;mbed_sdk_init
</UL>
<BR>[Address Reference Count : 1]<UL><LI> entry9a.o(.ARM.Collect$$$$0000000B)
</UL>
<P><STRONG><a name="[8b]"></a>FLASH_WaitForLastOperation</STRONG> (Thumb, 110 bytes, Stack size 16 bytes, stm32f0xx_hal_flash.o(i.FLASH_WaitForLastOperation))
<BR><BR>[Stack]<UL><LI>Max Depth = 16<LI>Call Chain = FLASH_WaitForLastOperation
</UL>
<BR>[Calls]<UL><LI><a href="#[8c]">&gt;&gt;</a>&nbsp;&nbsp;&nbsp;HAL_GetTick
</UL>
<BR>[Called By]<UL><LI><a href="#[8d]">&gt;&gt;</a>&nbsp;&nbsp;&nbsp;HAL_FLASHEx_Erase
<LI><a href="#[8e]">&gt;&gt;</a>&nbsp;&nbsp;&nbsp;HAL_FLASH_Program
</UL>

<P><STRONG><a name="[8d]"></a>HAL_FLASHEx_Erase</STRONG> (Thumb, 196 bytes, Stack size 32 bytes, stm32f0xx_hal_flash_ex.o(i.HAL_FLASHEx_Erase))
<BR><BR>[Stack]<UL><LI>Max Depth = 48<LI>Call Chain = HAL_FLASHEx_Erase &rArr; FLASH_WaitForLastOperation
</UL>
<BR>[Calls]<UL><LI><a href="#[8b]">&gt;&gt;</a>&nbsp;&nbsp;&nbsp;FLASH_WaitForLastOperation
</UL>
<BR>[Called By]<UL><LI><a href="#[c9]">&gt;&gt;</a>&nbsp;&nbsp;&nbsp;Phone_SetPaiCount(PhoneMessage_SetPaiCount*)
</UL>

<P><STRONG><a name="[cb]"></a>HAL_FLASH_Lock</STRONG> (Thumb, 14 bytes, Stack size 0 bytes, stm32f0xx_hal_flash.o(i.HAL_FLASH_Lock))
<BR><BR>[Called By]<UL><LI><a href="#[c9]">&gt;&gt;</a>&nbsp;&nbsp;&nbsp;Phone_SetPaiCount(PhoneMessage_SetPaiCount*)
</UL>

<P><STRONG><a name="[8e]"></a>HAL_FLASH_Program</STRONG> (Thumb, 138 bytes, Stack size 48 bytes, stm32f0xx_hal_flash.o(i.HAL_FLASH_Program))
<BR><BR>[Stack]<UL><LI>Max Depth = 64<LI>Call Chain = HAL_FLASH_Program &rArr; FLASH_WaitForLastOperation
</UL>
<BR>[Calls]<UL><LI><a href="#[8b]">&gt;&gt;</a>&nbsp;&nbsp;&nbsp;FLASH_WaitForLastOperation
<LI><a href="#[6b]">&gt;&gt;</a>&nbsp;&nbsp;&nbsp;__aeabi_llsr
</UL>
<BR>[Called By]<UL><LI><a href="#[c9]">&gt;&gt;</a>&nbsp;&nbsp;&nbsp;Phone_SetPaiCount(PhoneMessage_SetPaiCount*)
</UL>

<P><STRONG><a name="[ca]"></a>HAL_FLASH_Unlock</STRONG> (Thumb, 24 bytes, Stack size 0 bytes, stm32f0xx_hal_flash.o(i.HAL_FLASH_Unlock))
<BR><BR>[Called By]<UL><LI><a href="#[c9]">&gt;&gt;</a>&nbsp;&nbsp;&nbsp;Phone_SetPaiCount(PhoneMessage_SetPaiCount*)
</UL>

<P><STRONG><a name="[14a]"></a>HAL_GPIO_Init</STRONG> (Thumb, 318 bytes, Stack size 20 bytes, stm32f0xx_hal_gpio.o(i.HAL_GPIO_Init))
<BR><BR>[Stack]<UL><LI>Max Depth = 20<LI>Call Chain = HAL_GPIO_Init
</UL>
<BR>[Called By]<UL><LI><a href="#[141]">&gt;&gt;</a>&nbsp;&nbsp;&nbsp;pin_function
</UL>

<P><STRONG><a name="[8c]"></a>HAL_GetTick</STRONG> (Thumb, 6 bytes, Stack size 0 bytes, stm32f0xx_hal.o(i.HAL_GetTick))
<BR><BR>[Called By]<UL><LI><a href="#[9a]">&gt;&gt;</a>&nbsp;&nbsp;&nbsp;HAL_RCC_OscConfig
<LI><a href="#[97]">&gt;&gt;</a>&nbsp;&nbsp;&nbsp;HAL_RCC_ClockConfig
<LI><a href="#[8b]">&gt;&gt;</a>&nbsp;&nbsp;&nbsp;FLASH_WaitForLastOperation
</UL>

<P><STRONG><a name="[150]"></a>HAL_IncTick</STRONG> (Thumb, 10 bytes, Stack size 0 bytes, stm32f0xx_hal.o(i.HAL_IncTick))
<BR><BR>[Called By]<UL><LI><a href="#[2f]">&gt;&gt;</a>&nbsp;&nbsp;&nbsp;timer_oc_irq_handler
</UL>

<P><STRONG><a name="[8f]"></a>HAL_Init</STRONG> (Thumb, 26 bytes, Stack size 8 bytes, stm32f0xx_hal.o(i.HAL_Init))
<BR><BR>[Stack]<UL><LI>Max Depth = 64<LI>Call Chain = HAL_Init &rArr; HAL_InitTick &rArr; HAL_TIM_Base_Init &rArr; TIM_Base_SetConfig
</UL>
<BR>[Calls]<UL><LI><a href="#[91]">&gt;&gt;</a>&nbsp;&nbsp;&nbsp;HAL_MspInit
<LI><a href="#[90]">&gt;&gt;</a>&nbsp;&nbsp;&nbsp;HAL_InitTick
</UL>
<BR>[Called By]<UL><LI><a href="#[88]">&gt;&gt;</a>&nbsp;&nbsp;&nbsp;mbed_sdk_init
<LI><a href="#[27]">&gt;&gt;</a>&nbsp;&nbsp;&nbsp;SystemInit
</UL>

<P><STRONG><a name="[90]"></a>HAL_InitTick</STRONG> (Thumb, 158 bytes, Stack size 24 bytes, hal_tick.o(i.HAL_InitTick))
<BR><BR>[Stack]<UL><LI>Max Depth = 56<LI>Call Chain = HAL_InitTick &rArr; HAL_TIM_Base_Init &rArr; TIM_Base_SetConfig
</UL>
<BR>[Calls]<UL><LI><a href="#[92]">&gt;&gt;</a>&nbsp;&nbsp;&nbsp;SystemCoreClockUpdate
<LI><a href="#[95]">&gt;&gt;</a>&nbsp;&nbsp;&nbsp;NVIC_SetVector
<LI><a href="#[94]">&gt;&gt;</a>&nbsp;&nbsp;&nbsp;HAL_TIM_OC_Start
<LI><a href="#[96]">&gt;&gt;</a>&nbsp;&nbsp;&nbsp;HAL_TIM_Base_Start
<LI><a href="#[93]">&gt;&gt;</a>&nbsp;&nbsp;&nbsp;HAL_TIM_Base_Init
<LI><a href="#[5c]">&gt;&gt;</a>&nbsp;&nbsp;&nbsp;__aeabi_uidivmod
</UL>
<BR>[Called By]<UL><LI><a href="#[97]">&gt;&gt;</a>&nbsp;&nbsp;&nbsp;HAL_RCC_ClockConfig
<LI><a href="#[8f]">&gt;&gt;</a>&nbsp;&nbsp;&nbsp;HAL_Init
<LI><a href="#[47]">&gt;&gt;</a>&nbsp;&nbsp;&nbsp;us_ticker_set_interrupt
<LI><a href="#[44]">&gt;&gt;</a>&nbsp;&nbsp;&nbsp;us_ticker_read
<LI><a href="#[43]">&gt;&gt;</a>&nbsp;&nbsp;&nbsp;us_ticker_init
</UL>

<P><STRONG><a name="[91]"></a>HAL_MspInit</STRONG> (Thumb, 2 bytes, Stack size 0 bytes, stm32f0xx_hal.o(i.HAL_MspInit))
<BR><BR>[Called By]<UL><LI><a href="#[8f]">&gt;&gt;</a>&nbsp;&nbsp;&nbsp;HAL_Init
</UL>

<P><STRONG><a name="[97]"></a>HAL_RCC_ClockConfig</STRONG> (Thumb, 454 bytes, Stack size 24 bytes, stm32f0xx_hal_rcc.o(i.HAL_RCC_ClockConfig))
<BR><BR>[Stack]<UL><LI>Max Depth = 80<LI>Call Chain = HAL_RCC_ClockConfig &rArr; HAL_InitTick &rArr; HAL_TIM_Base_Init &rArr; TIM_Base_SetConfig
</UL>
<BR>[Calls]<UL><LI><a href="#[8c]">&gt;&gt;</a>&nbsp;&nbsp;&nbsp;HAL_GetTick
<LI><a href="#[90]">&gt;&gt;</a>&nbsp;&nbsp;&nbsp;HAL_InitTick
</UL>
<BR>[Called By]<UL><LI><a href="#[27]">&gt;&gt;</a>&nbsp;&nbsp;&nbsp;SystemInit
</UL>

<P><STRONG><a name="[98]"></a>HAL_RCC_GetPCLK1Freq</STRONG> (Thumb, 104 bytes, Stack size 48 bytes, stm32f0xx_hal_rcc.o(i.HAL_RCC_GetPCLK1Freq))
<BR><BR>[Stack]<UL><LI>Max Depth = 60<LI>Call Chain = HAL_RCC_GetPCLK1Freq &rArr; __aeabi_uidivmod
</UL>
<BR>[Calls]<UL><LI><a href="#[5c]">&gt;&gt;</a>&nbsp;&nbsp;&nbsp;__aeabi_uidivmod
</UL>
<BR>[Called By]<UL><LI><a href="#[a1]">&gt;&gt;</a>&nbsp;&nbsp;&nbsp;UART_SetConfig
</UL>

<P><STRONG><a name="[99]"></a>HAL_RCC_GetSysClockFreq</STRONG> (Thumb, 78 bytes, Stack size 40 bytes, stm32f0xx_hal_rcc.o(i.HAL_RCC_GetSysClockFreq))
<BR><BR>[Stack]<UL><LI>Max Depth = 52<LI>Call Chain = HAL_RCC_GetSysClockFreq &rArr; __aeabi_uidivmod
</UL>
<BR>[Calls]<UL><LI><a href="#[5c]">&gt;&gt;</a>&nbsp;&nbsp;&nbsp;__aeabi_uidivmod
</UL>
<BR>[Called By]<UL><LI><a href="#[a1]">&gt;&gt;</a>&nbsp;&nbsp;&nbsp;UART_SetConfig
</UL>

<P><STRONG><a name="[9a]"></a>HAL_RCC_OscConfig</STRONG> (Thumb, 956 bytes, Stack size 24 bytes, stm32f0xx_hal_rcc.o(i.HAL_RCC_OscConfig))
<BR><BR>[Stack]<UL><LI>Max Depth = 24<LI>Call Chain = HAL_RCC_OscConfig
</UL>
<BR>[Calls]<UL><LI><a href="#[8c]">&gt;&gt;</a>&nbsp;&nbsp;&nbsp;HAL_GetTick
</UL>
<BR>[Called By]<UL><LI><a href="#[27]">&gt;&gt;</a>&nbsp;&nbsp;&nbsp;SystemInit
</UL>

<P><STRONG><a name="[9b]"></a>HAL_SPI_Init</STRONG> (Thumb, 204 bytes, Stack size 24 bytes, stm32f0xx_hal_spi.o(i.HAL_SPI_Init))
<BR><BR>[Stack]<UL><LI>Max Depth = 24<LI>Call Chain = HAL_SPI_Init
</UL>
<BR>[Calls]<UL><LI><a href="#[9c]">&gt;&gt;</a>&nbsp;&nbsp;&nbsp;HAL_SPI_MspInit
</UL>
<BR>[Called By]<UL><LI><a href="#[145]">&gt;&gt;</a>&nbsp;&nbsp;&nbsp;init_spi
</UL>

<P><STRONG><a name="[9c]"></a>HAL_SPI_MspInit</STRONG> (Thumb, 2 bytes, Stack size 0 bytes, stm32f0xx_hal_spi.o(i.HAL_SPI_MspInit))
<BR><BR>[Called By]<UL><LI><a href="#[9b]">&gt;&gt;</a>&nbsp;&nbsp;&nbsp;HAL_SPI_Init
</UL>

<P><STRONG><a name="[93]"></a>HAL_TIM_Base_Init</STRONG> (Thumb, 50 bytes, Stack size 16 bytes, stm32f0xx_hal_tim.o(i.HAL_TIM_Base_Init))
<BR><BR>[Stack]<UL><LI>Max Depth = 32<LI>Call Chain = HAL_TIM_Base_Init &rArr; TIM_Base_SetConfig
</UL>
<BR>[Calls]<UL><LI><a href="#[9d]">&gt;&gt;</a>&nbsp;&nbsp;&nbsp;HAL_TIM_Base_MspInit
<LI><a href="#[9e]">&gt;&gt;</a>&nbsp;&nbsp;&nbsp;TIM_Base_SetConfig
</UL>
<BR>[Called By]<UL><LI><a href="#[90]">&gt;&gt;</a>&nbsp;&nbsp;&nbsp;HAL_InitTick
</UL>

<P><STRONG><a name="[9d]"></a>HAL_TIM_Base_MspInit</STRONG> (Thumb, 2 bytes, Stack size 0 bytes, stm32f0xx_hal_tim.o(i.HAL_TIM_Base_MspInit))
<BR><BR>[Called By]<UL><LI><a href="#[93]">&gt;&gt;</a>&nbsp;&nbsp;&nbsp;HAL_TIM_Base_Init
</UL>

<P><STRONG><a name="[96]"></a>HAL_TIM_Base_Start</STRONG> (Thumb, 24 bytes, Stack size 0 bytes, stm32f0xx_hal_tim.o(i.HAL_TIM_Base_Start))
<BR><BR>[Called By]<UL><LI><a href="#[90]">&gt;&gt;</a>&nbsp;&nbsp;&nbsp;HAL_InitTick
</UL>

<P><STRONG><a name="[94]"></a>HAL_TIM_OC_Start</STRONG> (Thumb, 72 bytes, Stack size 4 bytes, stm32f0xx_hal_tim.o(i.HAL_TIM_OC_Start))
<BR><BR>[Stack]<UL><LI>Max Depth = 4<LI>Call Chain = HAL_TIM_OC_Start
</UL>
<BR>[Called By]<UL><LI><a href="#[90]">&gt;&gt;</a>&nbsp;&nbsp;&nbsp;HAL_InitTick
</UL>

<P><STRONG><a name="[9f]"></a>HAL_UART_Init</STRONG> (Thumb, 110 bytes, Stack size 16 bytes, stm32f0xx_hal_uart.o(i.HAL_UART_Init))
<BR><BR>[Stack]<UL><LI>Max Depth = 100<LI>Call Chain = HAL_UART_Init &rArr; UART_SetConfig &rArr; HAL_RCC_GetPCLK1Freq &rArr; __aeabi_uidivmod
</UL>
<BR>[Calls]<UL><LI><a href="#[a0]">&gt;&gt;</a>&nbsp;&nbsp;&nbsp;HAL_UART_MspInit
<LI><a href="#[a1]">&gt;&gt;</a>&nbsp;&nbsp;&nbsp;UART_SetConfig
<LI><a href="#[a2]">&gt;&gt;</a>&nbsp;&nbsp;&nbsp;UART_AdvFeatureConfig
</UL>
<BR>[Called By]<UL><LI><a href="#[146]">&gt;&gt;</a>&nbsp;&nbsp;&nbsp;init_uart
</UL>

<P><STRONG><a name="[a0]"></a>HAL_UART_MspInit</STRONG> (Thumb, 2 bytes, Stack size 0 bytes, stm32f0xx_hal_uart.o(i.HAL_UART_MspInit))
<BR><BR>[Called By]<UL><LI><a href="#[9f]">&gt;&gt;</a>&nbsp;&nbsp;&nbsp;HAL_UART_Init
</UL>

<P><STRONG><a name="[95]"></a>NVIC_SetVector</STRONG> (Thumb, 64 bytes, Stack size 16 bytes, cmsis_nvic.o(i.NVIC_SetVector))
<BR><BR>[Stack]<UL><LI>Max Depth = 16<LI>Call Chain = NVIC_SetVector
</UL>
<BR>[Called By]<UL><LI><a href="#[90]">&gt;&gt;</a>&nbsp;&nbsp;&nbsp;HAL_InitTick
<LI><a href="#[e6]">&gt;&gt;</a>&nbsp;&nbsp;&nbsp;serial_irq_set
</UL>

<P><STRONG><a name="[a3]"></a>Set_GPIO_Clock</STRONG> (Thumb, 134 bytes, Stack size 16 bytes, pinmap.o(i.Set_GPIO_Clock))
<BR><BR>[Stack]<UL><LI>Max Depth = 120<LI>Call Chain = Set_GPIO_Clock &rArr; error &rArr; exit &rArr; mbed_die &rArr; wait_ms &rArr; us_ticker_read &rArr; HAL_InitTick &rArr; HAL_TIM_Base_Init &rArr; TIM_Base_SetConfig
</UL>
<BR>[Calls]<UL><LI><a href="#[a4]">&gt;&gt;</a>&nbsp;&nbsp;&nbsp;error
</UL>
<BR>[Called By]<UL><LI><a href="#[144]">&gt;&gt;</a>&nbsp;&nbsp;&nbsp;pin_mode
<LI><a href="#[141]">&gt;&gt;</a>&nbsp;&nbsp;&nbsp;pin_function
<LI><a href="#[142]">&gt;&gt;</a>&nbsp;&nbsp;&nbsp;gpio_init
</UL>

<P><STRONG><a name="[d]"></a>SysTick_Handler</STRONG> (Thumb, 10 bytes, Stack size 0 bytes, main.o(i.SysTick_Handler))
<BR>[Address Reference Count : 1]<UL><LI> startup_stm32f030x8.o(RESET)
</UL>
<P><STRONG><a name="[92]"></a>SystemCoreClockUpdate</STRONG> (Thumb, 90 bytes, Stack size 16 bytes, system_stm32f0xx.o(i.SystemCoreClockUpdate))
<BR><BR>[Stack]<UL><LI>Max Depth = 28<LI>Call Chain = SystemCoreClockUpdate &rArr; __aeabi_uidivmod
</UL>
<BR>[Calls]<UL><LI><a href="#[5c]">&gt;&gt;</a>&nbsp;&nbsp;&nbsp;__aeabi_uidivmod
</UL>
<BR>[Called By]<UL><LI><a href="#[88]">&gt;&gt;</a>&nbsp;&nbsp;&nbsp;mbed_sdk_init
<LI><a href="#[90]">&gt;&gt;</a>&nbsp;&nbsp;&nbsp;HAL_InitTick
</UL>

<P><STRONG><a name="[27]"></a>SystemInit</STRONG> (Thumb, 180 bytes, Stack size 96 bytes, system_stm32f0xx.o(i.SystemInit))
<BR><BR>[Stack]<UL><LI>Max Depth = 176<LI>Call Chain = SystemInit &rArr; HAL_RCC_ClockConfig &rArr; HAL_InitTick &rArr; HAL_TIM_Base_Init &rArr; TIM_Base_SetConfig
</UL>
<BR>[Calls]<UL><LI><a href="#[9a]">&gt;&gt;</a>&nbsp;&nbsp;&nbsp;HAL_RCC_OscConfig
<LI><a href="#[97]">&gt;&gt;</a>&nbsp;&nbsp;&nbsp;HAL_RCC_ClockConfig
<LI><a href="#[8f]">&gt;&gt;</a>&nbsp;&nbsp;&nbsp;HAL_Init
</UL>
<BR>[Address Reference Count : 1]<UL><LI> startup_stm32f030x8.o(.text)
</UL>
<P><STRONG><a name="[9e]"></a>TIM_Base_SetConfig</STRONG> (Thumb, 106 bytes, Stack size 16 bytes, stm32f0xx_hal_tim.o(i.TIM_Base_SetConfig))
<BR><BR>[Stack]<UL><LI>Max Depth = 16<LI>Call Chain = TIM_Base_SetConfig
</UL>
<BR>[Called By]<UL><LI><a href="#[93]">&gt;&gt;</a>&nbsp;&nbsp;&nbsp;HAL_TIM_Base_Init
</UL>

<P><STRONG><a name="[a2]"></a>UART_AdvFeatureConfig</STRONG> (Thumb, 204 bytes, Stack size 4 bytes, stm32f0xx_hal_uart.o(i.UART_AdvFeatureConfig))
<BR><BR>[Stack]<UL><LI>Max Depth = 4<LI>Call Chain = UART_AdvFeatureConfig
</UL>
<BR>[Called By]<UL><LI><a href="#[9f]">&gt;&gt;</a>&nbsp;&nbsp;&nbsp;HAL_UART_Init
</UL>

<P><STRONG><a name="[a1]"></a>UART_SetConfig</STRONG> (Thumb, 306 bytes, Stack size 24 bytes, stm32f0xx_hal_uart.o(i.UART_SetConfig))
<BR><BR>[Stack]<UL><LI>Max Depth = 84<LI>Call Chain = UART_SetConfig &rArr; HAL_RCC_GetPCLK1Freq &rArr; __aeabi_uidivmod
</UL>
<BR>[Calls]<UL><LI><a href="#[99]">&gt;&gt;</a>&nbsp;&nbsp;&nbsp;HAL_RCC_GetSysClockFreq
<LI><a href="#[98]">&gt;&gt;</a>&nbsp;&nbsp;&nbsp;HAL_RCC_GetPCLK1Freq
<LI><a href="#[5c]">&gt;&gt;</a>&nbsp;&nbsp;&nbsp;__aeabi_uidivmod
</UL>
<BR>[Called By]<UL><LI><a href="#[9f]">&gt;&gt;</a>&nbsp;&nbsp;&nbsp;HAL_UART_Init
</UL>

<P><STRONG><a name="[de]"></a>Speech_Add(unsigned char*, unsigned char)</STRONG> (Thumb, 74 bytes, Stack size 12 bytes, voice.o(i._Z10Speech_AddPhh))
<BR><BR>[Stack]<UL><LI>Max Depth = 12<LI>Call Chain = Speech_Add(unsigned char*, unsigned char)
</UL>
<BR>[Called By]<UL><LI><a href="#[dd]">&gt;&gt;</a>&nbsp;&nbsp;&nbsp;Phone_DispatchMessage(unsigned char*)
</UL>

<P><STRONG><a name="[c2]"></a>Speech_Add(unsigned char)</STRONG> (Thumb, 62 bytes, Stack size 4 bytes, voice.o(i._Z10Speech_Addh))
<BR><BR>[Stack]<UL><LI>Max Depth = 4<LI>Call Chain = Speech_Add(unsigned char)
</UL>
<BR>[Called By]<UL><LI><a href="#[c1]">&gt;&gt;</a>&nbsp;&nbsp;&nbsp;Speech_AddNum(unsigned char)
<LI><a href="#[d3]">&gt;&gt;</a>&nbsp;&nbsp;&nbsp;Phone_EnterStudyMode(RfStudyMessage*)
<LI><a href="#[c7]">&gt;&gt;</a>&nbsp;&nbsp;&nbsp;SendInformation()
</UL>

<P><STRONG><a name="[a5]"></a>UIDEncrypt()</STRONG> (Thumb, 156 bytes, Stack size 16 bytes, main.o(i._Z10UIDEncryptv))
<BR><BR>[Stack]<UL><LI>Max Depth = 128<LI>Call Chain = UIDEncrypt() &rArr; BufferedSerial::printf(const char*, ...) &rArr; __c89vsprintf
</UL>
<BR>[Calls]<UL><LI><a href="#[a6]">&gt;&gt;</a>&nbsp;&nbsp;&nbsp;BufferedSerial::printf(const char*, ...)
</UL>
<BR>[Called By]<UL><LI><a href="#[8a]">&gt;&gt;</a>&nbsp;&nbsp;&nbsp;$Super$$main
</UL>

<P><STRONG><a name="[a7]"></a>Speech_Init(PinName, PinName, PinName)</STRONG> (Thumb, 74 bytes, Stack size 16 bytes, voice.o(i._Z11Speech_Init7PinNameS_S_))
<BR><BR>[Stack]<UL><LI>Max Depth = 224<LI>Call Chain = Speech_Init(PinName, PinName, PinName) &rArr; WT588D::WT588D(PinName, PinName) &rArr; gpio_init_out &rArr; gpio_init &rArr; pin_function &rArr; Set_GPIO_Clock &rArr; error &rArr; exit &rArr; mbed_die &rArr; wait_ms &rArr; us_ticker_read &rArr; HAL_InitTick &rArr; HAL_TIM_Base_Init &rArr; TIM_Base_SetConfig
</UL>
<BR>[Calls]<UL><LI><a href="#[ac]">&gt;&gt;</a>&nbsp;&nbsp;&nbsp;mbed::Timer::start()
<LI><a href="#[aa]">&gt;&gt;</a>&nbsp;&nbsp;&nbsp;gpio_init_out
<LI><a href="#[a8]">&gt;&gt;</a>&nbsp;&nbsp;&nbsp;operator new(unsigned)
<LI><a href="#[a9]">&gt;&gt;</a>&nbsp;&nbsp;&nbsp;WT588D::WT588D(PinName, PinName)
<LI><a href="#[ab]">&gt;&gt;</a>&nbsp;&nbsp;&nbsp;WT588D::Init()
</UL>
<BR>[Called By]<UL><LI><a href="#[b2]">&gt;&gt;</a>&nbsp;&nbsp;&nbsp;PowerOn_Init()
</UL>

<P><STRONG><a name="[ad]"></a>Speech_Play()</STRONG> (Thumb, 158 bytes, Stack size 24 bytes, voice.o(i._Z11Speech_Playv))
<BR><BR>[Stack]<UL><LI>Max Depth = 120<LI>Call Chain = Speech_Play() &rArr; WT588D::play(unsigned char) &rArr; wait_ms &rArr; us_ticker_read &rArr; HAL_InitTick &rArr; HAL_TIM_Base_Init &rArr; TIM_Base_SetConfig
</UL>
<BR>[Calls]<UL><LI><a href="#[af]">&gt;&gt;</a>&nbsp;&nbsp;&nbsp;mbed::Timer::read_ms()
<LI><a href="#[b1]">&gt;&gt;</a>&nbsp;&nbsp;&nbsp;mbed::Timer::reset()
<LI><a href="#[ae]">&gt;&gt;</a>&nbsp;&nbsp;&nbsp;WT588D::IsBusy()
<LI><a href="#[b0]">&gt;&gt;</a>&nbsp;&nbsp;&nbsp;WT588D::play(unsigned char)
</UL>
<BR>[Called By]<UL><LI><a href="#[8a]">&gt;&gt;</a>&nbsp;&nbsp;&nbsp;$Super$$main
<LI><a href="#[d3]">&gt;&gt;</a>&nbsp;&nbsp;&nbsp;Phone_EnterStudyMode(RfStudyMessage*)
</UL>

<P><STRONG><a name="[b2]"></a>PowerOn_Init()</STRONG> (Thumb, 226 bytes, Stack size 56 bytes, main.o(i._Z12PowerOn_Initv))
<BR><BR>[Stack]<UL><LI>Max Depth = 280<LI>Call Chain = PowerOn_Init() &rArr; Speech_Init(PinName, PinName, PinName) &rArr; WT588D::WT588D(PinName, PinName) &rArr; gpio_init_out &rArr; gpio_init &rArr; pin_function &rArr; Set_GPIO_Clock &rArr; error &rArr; exit &rArr; mbed_die &rArr; wait_ms &rArr; us_ticker_read &rArr; HAL_InitTick &rArr; HAL_TIM_Base_Init &rArr; TIM_Base_SetConfig
</UL>
<BR>[Calls]<UL><LI><a href="#[b3]">&gt;&gt;</a>&nbsp;&nbsp;&nbsp;mbed::Ticker::setup(unsigned)
<LI><a href="#[ac]">&gt;&gt;</a>&nbsp;&nbsp;&nbsp;mbed::Timer::start()
<LI><a href="#[a7]">&gt;&gt;</a>&nbsp;&nbsp;&nbsp;Speech_Init(PinName, PinName, PinName)
<LI><a href="#[aa]">&gt;&gt;</a>&nbsp;&nbsp;&nbsp;gpio_init_out
<LI><a href="#[a8]">&gt;&gt;</a>&nbsp;&nbsp;&nbsp;operator new(unsigned)
</UL>
<BR>[Called By]<UL><LI><a href="#[8a]">&gt;&gt;</a>&nbsp;&nbsp;&nbsp;$Super$$main
</UL>

<P><STRONG><a name="[b4]"></a>Powered_Init()</STRONG> (Thumb, 232 bytes, Stack size 24 bytes, main.o(i._Z12Powered_Initv))
<BR><BR>[Stack]<UL><LI>Max Depth = 544<LI>Call Chain = Powered_Init() &rArr; CommWifi::Init() &rArr; WifiObj::GetTcpto() &rArr; WifiObj::scanf(int, const char*, ...) &rArr; vsscanf &rArr; __vfscanf_char &rArr; __vfscanf &rArr; _scanf_longlong &rArr; __aeabi_lmul &rArr; __aeabi_llsl
</UL>
<BR>[Calls]<UL><LI><a href="#[b9]">&gt;&gt;</a>&nbsp;&nbsp;&nbsp;wait_ms
<LI><a href="#[b6]">&gt;&gt;</a>&nbsp;&nbsp;&nbsp;WifiObj::WifiObj(BufferedSerial*, CircularBufferEx&, PinName, PinName)
<LI><a href="#[ba]">&gt;&gt;</a>&nbsp;&nbsp;&nbsp;CC1101::CC1101(PinName, PinName, PinName, PinName, PinName)
<LI><a href="#[bb]">&gt;&gt;</a>&nbsp;&nbsp;&nbsp;CC1101::init(const S_RF_SETTINGS*)
<LI><a href="#[ac]">&gt;&gt;</a>&nbsp;&nbsp;&nbsp;mbed::Timer::start()
<LI><a href="#[b8]">&gt;&gt;</a>&nbsp;&nbsp;&nbsp;mbed::SerialBase::baud(int)
<LI><a href="#[b5]">&gt;&gt;</a>&nbsp;&nbsp;&nbsp;BufferedSerial::BufferedSerial(PinName, PinName, unsigned)
<LI><a href="#[a6]">&gt;&gt;</a>&nbsp;&nbsp;&nbsp;BufferedSerial::printf(const char*, ...)
<LI><a href="#[be]">&gt;&gt;</a>&nbsp;&nbsp;&nbsp;HiReader_Init()
<LI><a href="#[bd]">&gt;&gt;</a>&nbsp;&nbsp;&nbsp;Navigator_Init()
<LI><a href="#[b7]">&gt;&gt;</a>&nbsp;&nbsp;&nbsp;CommWifi::CommWifi(WifiObj*)
<LI><a href="#[bc]">&gt;&gt;</a>&nbsp;&nbsp;&nbsp;CommWifi::Init()
<LI><a href="#[a8]">&gt;&gt;</a>&nbsp;&nbsp;&nbsp;operator new(unsigned)
</UL>
<BR>[Called By]<UL><LI><a href="#[8a]">&gt;&gt;</a>&nbsp;&nbsp;&nbsp;$Super$$main
</UL>

<P><STRONG><a name="[be]"></a>HiReader_Init()</STRONG> (Thumb, 40 bytes, Stack size 8 bytes, highpowerreader.o(i._Z13HiReader_Initv))
<BR><BR>[Stack]<UL><LI>Max Depth = 112<LI>Call Chain = HiReader_Init() &rArr; HiReader_CloseRF() &rArr; BufferedSerial::putc(int) &rArr; BufferedSerial::prime() &rArr; mbed::SerialBase::attach(void(*)(), mbed::SerialBase::IrqType) &rArr; serial_irq_set &rArr; NVIC_SetVector
</UL>
<BR>[Calls]<UL><LI><a href="#[ac]">&gt;&gt;</a>&nbsp;&nbsp;&nbsp;mbed::Timer::start()
<LI><a href="#[bf]">&gt;&gt;</a>&nbsp;&nbsp;&nbsp;mbed::SerialBase::attach(void(*)(), mbed::SerialBase::IrqType)
<LI><a href="#[c0]">&gt;&gt;</a>&nbsp;&nbsp;&nbsp;HiReader_CloseRF()
</UL>
<BR>[Called By]<UL><LI><a href="#[b4]">&gt;&gt;</a>&nbsp;&nbsp;&nbsp;Powered_Init()
</UL>

<P><STRONG><a name="[c1]"></a>Speech_AddNum(unsigned char)</STRONG> (Thumb, 124 bytes, Stack size 8 bytes, voice.o(i._Z13Speech_AddNumh))
<BR><BR>[Stack]<UL><LI>Max Depth = 20<LI>Call Chain = Speech_AddNum(unsigned char) &rArr; __aeabi_uidivmod
</UL>
<BR>[Calls]<UL><LI><a href="#[c2]">&gt;&gt;</a>&nbsp;&nbsp;&nbsp;Speech_Add(unsigned char)
<LI><a href="#[5c]">&gt;&gt;</a>&nbsp;&nbsp;&nbsp;__aeabi_uidivmod
</UL>
<BR>[Called By]<UL><LI><a href="#[c7]">&gt;&gt;</a>&nbsp;&nbsp;&nbsp;SendInformation()
</UL>

<P><STRONG><a name="[bd]"></a>Navigator_Init()</STRONG> (Thumb, 204 bytes, Stack size 24 bytes, main.o(i._Z14Navigator_Initv))
<BR><BR>[Stack]<UL><LI>Max Depth = 32<LI>Call Chain = Navigator_Init() &rArr; mbed::Timer::start()
</UL>
<BR>[Calls]<UL><LI><a href="#[ac]">&gt;&gt;</a>&nbsp;&nbsp;&nbsp;mbed::Timer::start()
<LI><a href="#[5e]">&gt;&gt;</a>&nbsp;&nbsp;&nbsp;__aeabi_memset
</UL>
<BR>[Called By]<UL><LI><a href="#[b4]">&gt;&gt;</a>&nbsp;&nbsp;&nbsp;Powered_Init()
</UL>

<P><STRONG><a name="[c3]"></a>HiReader_OpenRF()</STRONG> (Thumb, 136 bytes, Stack size 24 bytes, highpowerreader.o(i._Z15HiReader_OpenRFv))
<BR><BR>[Stack]<UL><LI>Max Depth = 104<LI>Call Chain = HiReader_OpenRF() &rArr; BufferedSerial::putc(int) &rArr; BufferedSerial::prime() &rArr; mbed::SerialBase::attach(void(*)(), mbed::SerialBase::IrqType) &rArr; serial_irq_set &rArr; NVIC_SetVector
</UL>
<BR>[Calls]<UL><LI><a href="#[c4]">&gt;&gt;</a>&nbsp;&nbsp;&nbsp;BufferedSerial::putc(int)
</UL>
<BR>[Called By]<UL><LI><a href="#[8a]">&gt;&gt;</a>&nbsp;&nbsp;&nbsp;$Super$$main
<LI><a href="#[cf]">&gt;&gt;</a>&nbsp;&nbsp;&nbsp;HiReader_GetMessage(HiReader_DataMessage*)
</UL>

<P><STRONG><a name="[c5]"></a>Reader_FinishXP()</STRONG> (Thumb, 52 bytes, Stack size 8 bytes, main.o(i._Z15Reader_FinishXPv))
<BR><BR>[Stack]<UL><LI>Max Depth = 32<LI>Call Chain = Reader_FinishXP() &rArr; DAT_Load()
</UL>
<BR>[Calls]<UL><LI><a href="#[c6]">&gt;&gt;</a>&nbsp;&nbsp;&nbsp;DAT_Load()
</UL>
<BR>[Called By]<UL><LI><a href="#[8a]">&gt;&gt;</a>&nbsp;&nbsp;&nbsp;$Super$$main
</UL>

<P><STRONG><a name="[c7]"></a>SendInformation()</STRONG> (Thumb, 204 bytes, Stack size 48 bytes, main.o(i._Z15SendInformationv))
<BR><BR>[Stack]<UL><LI>Max Depth = 168<LI>Call Chain = SendInformation() &rArr; CC1101::SendPacketAsync(const void*, unsigned char) &rArr; CC1101::WriteBurstReg(unsigned char, const void*, unsigned char) &rArr; wait_us &rArr; us_ticker_read &rArr; HAL_InitTick &rArr; HAL_TIM_Base_Init &rArr; TIM_Base_SetConfig
</UL>
<BR>[Calls]<UL><LI><a href="#[c8]">&gt;&gt;</a>&nbsp;&nbsp;&nbsp;CC1101::SendPacketAsync(const void*, unsigned char)
<LI><a href="#[a6]">&gt;&gt;</a>&nbsp;&nbsp;&nbsp;BufferedSerial::printf(const char*, ...)
<LI><a href="#[c1]">&gt;&gt;</a>&nbsp;&nbsp;&nbsp;Speech_AddNum(unsigned char)
<LI><a href="#[c2]">&gt;&gt;</a>&nbsp;&nbsp;&nbsp;Speech_Add(unsigned char)
</UL>
<BR>[Called By]<UL><LI><a href="#[8a]">&gt;&gt;</a>&nbsp;&nbsp;&nbsp;$Super$$main
</UL>

<P><STRONG><a name="[c0]"></a>HiReader_CloseRF()</STRONG> (Thumb, 136 bytes, Stack size 24 bytes, highpowerreader.o(i._Z16HiReader_CloseRFv))
<BR><BR>[Stack]<UL><LI>Max Depth = 104<LI>Call Chain = HiReader_CloseRF() &rArr; BufferedSerial::putc(int) &rArr; BufferedSerial::prime() &rArr; mbed::SerialBase::attach(void(*)(), mbed::SerialBase::IrqType) &rArr; serial_irq_set &rArr; NVIC_SetVector
</UL>
<BR>[Calls]<UL><LI><a href="#[c4]">&gt;&gt;</a>&nbsp;&nbsp;&nbsp;BufferedSerial::putc(int)
</UL>
<BR>[Called By]<UL><LI><a href="#[cf]">&gt;&gt;</a>&nbsp;&nbsp;&nbsp;HiReader_GetMessage(HiReader_DataMessage*)
<LI><a href="#[be]">&gt;&gt;</a>&nbsp;&nbsp;&nbsp;HiReader_Init()
</UL>

<P><STRONG><a name="[c9]"></a>Phone_SetPaiCount(PhoneMessage_SetPaiCount*)</STRONG> (Thumb, 208 bytes, Stack size 56 bytes, main.o(i._Z17Phone_SetPaiCountP24PhoneMessage_SetPaiCount))
<BR><BR>[Stack]<UL><LI>Max Depth = 184<LI>Call Chain = Phone_SetPaiCount(PhoneMessage_SetPaiCount*) &rArr; CommWifi::SendPacket(const void*, int) &rArr; WifiObj::SendBytes(const void*, unsigned char) &rArr; BufferedSerial::putc(int) &rArr; BufferedSerial::prime() &rArr; mbed::SerialBase::attach(void(*)(), mbed::SerialBase::IrqType) &rArr; serial_irq_set &rArr; NVIC_SetVector
</UL>
<BR>[Calls]<UL><LI><a href="#[8d]">&gt;&gt;</a>&nbsp;&nbsp;&nbsp;HAL_FLASHEx_Erase
<LI><a href="#[ca]">&gt;&gt;</a>&nbsp;&nbsp;&nbsp;HAL_FLASH_Unlock
<LI><a href="#[8e]">&gt;&gt;</a>&nbsp;&nbsp;&nbsp;HAL_FLASH_Program
<LI><a href="#[cb]">&gt;&gt;</a>&nbsp;&nbsp;&nbsp;HAL_FLASH_Lock
<LI><a href="#[cc]">&gt;&gt;</a>&nbsp;&nbsp;&nbsp;CommWifi::SendPacket(const void*, int)
</UL>
<BR>[Called By]<UL><LI><a href="#[dd]">&gt;&gt;</a>&nbsp;&nbsp;&nbsp;Phone_DispatchMessage(unsigned char*)
</UL>

<P><STRONG><a name="[cd]"></a>Reader_ReadInside(unsigned char)</STRONG> (Thumb, 132 bytes, Stack size 32 bytes, main.o(i._Z17Reader_ReadInsideh))
<BR><BR>[Stack]<UL><LI>Max Depth = 152<LI>Call Chain = Reader_ReadInside(unsigned char) &rArr; CC1101::SendPacketAsync(const void*, unsigned char) &rArr; CC1101::WriteBurstReg(unsigned char, const void*, unsigned char) &rArr; wait_us &rArr; us_ticker_read &rArr; HAL_InitTick &rArr; HAL_TIM_Base_Init &rArr; TIM_Base_SetConfig
</UL>
<BR>[Calls]<UL><LI><a href="#[ce]">&gt;&gt;</a>&nbsp;&nbsp;&nbsp;CC1101::WriteReg(unsigned char, unsigned char)
<LI><a href="#[c8]">&gt;&gt;</a>&nbsp;&nbsp;&nbsp;CC1101::SendPacketAsync(const void*, unsigned char)
<LI><a href="#[b1]">&gt;&gt;</a>&nbsp;&nbsp;&nbsp;mbed::Timer::reset()
</UL>
<BR>[Called By]<UL><LI><a href="#[8a]">&gt;&gt;</a>&nbsp;&nbsp;&nbsp;$Super$$main
</UL>

<P><STRONG><a name="[cf]"></a>HiReader_GetMessage(HiReader_DataMessage*)</STRONG> (Thumb, 646 bytes, Stack size 32 bytes, highpowerreader.o(i._Z19HiReader_GetMessageP20HiReader_DataMessage))
<BR><BR>[Stack]<UL><LI>Max Depth = 136<LI>Call Chain = HiReader_GetMessage(HiReader_DataMessage*) &rArr; HiReader_OpenRF() &rArr; BufferedSerial::putc(int) &rArr; BufferedSerial::prime() &rArr; mbed::SerialBase::attach(void(*)(), mbed::SerialBase::IrqType) &rArr; serial_irq_set &rArr; NVIC_SetVector
</UL>
<BR>[Calls]<UL><LI><a href="#[af]">&gt;&gt;</a>&nbsp;&nbsp;&nbsp;mbed::Timer::read_ms()
<LI><a href="#[b1]">&gt;&gt;</a>&nbsp;&nbsp;&nbsp;mbed::Timer::reset()
<LI><a href="#[c3]">&gt;&gt;</a>&nbsp;&nbsp;&nbsp;HiReader_OpenRF()
<LI><a href="#[d0]">&gt;&gt;</a>&nbsp;&nbsp;&nbsp;__ARM_common_memcpy1_5
<LI><a href="#[d2]">&gt;&gt;</a>&nbsp;&nbsp;&nbsp;memcmp
<LI><a href="#[d1]">&gt;&gt;</a>&nbsp;&nbsp;&nbsp;__aeabi_memcpy
<LI><a href="#[5c]">&gt;&gt;</a>&nbsp;&nbsp;&nbsp;__aeabi_uidivmod
<LI><a href="#[c0]">&gt;&gt;</a>&nbsp;&nbsp;&nbsp;HiReader_CloseRF()
</UL>
<BR>[Called By]<UL><LI><a href="#[8a]">&gt;&gt;</a>&nbsp;&nbsp;&nbsp;$Super$$main
</UL>

<P><STRONG><a name="[d3]"></a>Phone_EnterStudyMode(RfStudyMessage*)</STRONG> (Thumb, 286 bytes, Stack size 112 bytes, main.o(i._Z20Phone_EnterStudyModeP14RfStudyMessage))
<BR><BR>[Stack]<UL><LI>Max Depth = 240<LI>Call Chain = Phone_EnterStudyMode(RfStudyMessage*) &rArr; CommWifi::SendPacket(const void*, int) &rArr; WifiObj::SendBytes(const void*, unsigned char) &rArr; BufferedSerial::putc(int) &rArr; BufferedSerial::prime() &rArr; mbed::SerialBase::attach(void(*)(), mbed::SerialBase::IrqType) &rArr; serial_irq_set &rArr; NVIC_SetVector
</UL>
<BR>[Calls]<UL><LI><a href="#[cc]">&gt;&gt;</a>&nbsp;&nbsp;&nbsp;CommWifi::SendPacket(const void*, int)
<LI><a href="#[d6]">&gt;&gt;</a>&nbsp;&nbsp;&nbsp;CC1101::RXMode()
<LI><a href="#[d7]">&gt;&gt;</a>&nbsp;&nbsp;&nbsp;CC1101::ReceivePacket(unsigned char*, int)
<LI><a href="#[d4]">&gt;&gt;</a>&nbsp;&nbsp;&nbsp;CC1101::SetChannel(unsigned char)
<LI><a href="#[d5]">&gt;&gt;</a>&nbsp;&nbsp;&nbsp;CC1101::SendPacket(const unsigned char*, unsigned char)
<LI><a href="#[37]">&gt;&gt;</a>&nbsp;&nbsp;&nbsp;mbed::Timer::Timer()
<LI><a href="#[af]">&gt;&gt;</a>&nbsp;&nbsp;&nbsp;mbed::Timer::read_ms()
<LI><a href="#[ac]">&gt;&gt;</a>&nbsp;&nbsp;&nbsp;mbed::Timer::start()
<LI><a href="#[b1]">&gt;&gt;</a>&nbsp;&nbsp;&nbsp;mbed::Timer::reset()
<LI><a href="#[ad]">&gt;&gt;</a>&nbsp;&nbsp;&nbsp;Speech_Play()
<LI><a href="#[c2]">&gt;&gt;</a>&nbsp;&nbsp;&nbsp;Speech_Add(unsigned char)
</UL>
<BR>[Called By]<UL><LI><a href="#[dd]">&gt;&gt;</a>&nbsp;&nbsp;&nbsp;Phone_DispatchMessage(unsigned char*)
</UL>

<P><STRONG><a name="[d8]"></a>Phone_SendReaderPais()</STRONG> (Thumb, 190 bytes, Stack size 24 bytes, main.o(i._Z20Phone_SendReaderPaisv))
<BR><BR>[Stack]<UL><LI>Max Depth = 160<LI>Call Chain = Phone_SendReaderPais() &rArr; CommWifi::SendGroupData(int, const MahjongInfo*, int) &rArr; WifiObj::SendBytes(const void*, unsigned char) &rArr; BufferedSerial::putc(int) &rArr; BufferedSerial::prime() &rArr; mbed::SerialBase::attach(void(*)(), mbed::SerialBase::IrqType) &rArr; serial_irq_set &rArr; NVIC_SetVector
</UL>
<BR>[Calls]<UL><LI><a href="#[af]">&gt;&gt;</a>&nbsp;&nbsp;&nbsp;mbed::Timer::read_ms()
<LI><a href="#[b1]">&gt;&gt;</a>&nbsp;&nbsp;&nbsp;mbed::Timer::reset()
<LI><a href="#[da]">&gt;&gt;</a>&nbsp;&nbsp;&nbsp;CommWifi::SendAdminReaderData(const MahjongInfo*, int)
<LI><a href="#[d9]">&gt;&gt;</a>&nbsp;&nbsp;&nbsp;CommWifi::SendGroupData(int, const MahjongInfo*, int)
</UL>
<BR>[Called By]<UL><LI><a href="#[8a]">&gt;&gt;</a>&nbsp;&nbsp;&nbsp;$Super$$main
</UL>

<P><STRONG><a name="[db]"></a>Reader_CheckReceived()</STRONG> (Thumb, 174 bytes, Stack size 16 bytes, main.o(i._Z20Reader_CheckReceivedv))
<BR><BR>[Stack]<UL><LI>Max Depth = 40<LI>Call Chain = Reader_CheckReceived() &rArr; SendGroupTileToPhone()
</UL>
<BR>[Calls]<UL><LI><a href="#[dc]">&gt;&gt;</a>&nbsp;&nbsp;&nbsp;SendGroupTileToPhone()
</UL>
<BR>[Called By]<UL><LI><a href="#[8a]">&gt;&gt;</a>&nbsp;&nbsp;&nbsp;$Super$$main
</UL>

<P><STRONG><a name="[dc]"></a>SendGroupTileToPhone()</STRONG> (Thumb, 114 bytes, Stack size 24 bytes, main.o(i._Z20SendGroupTileToPhonev))
<BR><BR>[Stack]<UL><LI>Max Depth = 24<LI>Call Chain = SendGroupTileToPhone()
</UL>
<BR>[Calls]<UL><LI><a href="#[5e]">&gt;&gt;</a>&nbsp;&nbsp;&nbsp;__aeabi_memset
<LI><a href="#[d1]">&gt;&gt;</a>&nbsp;&nbsp;&nbsp;__aeabi_memcpy
</UL>
<BR>[Called By]<UL><LI><a href="#[db]">&gt;&gt;</a>&nbsp;&nbsp;&nbsp;Reader_CheckReceived()
</UL>

<P><STRONG><a name="[dd]"></a>Phone_DispatchMessage(unsigned char*)</STRONG> (Thumb, 294 bytes, Stack size 32 bytes, main.o(i._Z21Phone_DispatchMessagePh))
<BR><BR>[Stack]<UL><LI>Max Depth = 272<LI>Call Chain = Phone_DispatchMessage(unsigned char*) &rArr; Phone_EnterStudyMode(RfStudyMessage*) &rArr; CommWifi::SendPacket(const void*, int) &rArr; WifiObj::SendBytes(const void*, unsigned char) &rArr; BufferedSerial::putc(int) &rArr; BufferedSerial::prime() &rArr; mbed::SerialBase::attach(void(*)(), mbed::SerialBase::IrqType) &rArr; serial_irq_set &rArr; NVIC_SetVector
</UL>
<BR>[Calls]<UL><LI><a href="#[cc]">&gt;&gt;</a>&nbsp;&nbsp;&nbsp;CommWifi::SendPacket(const void*, int)
<LI><a href="#[de]">&gt;&gt;</a>&nbsp;&nbsp;&nbsp;Speech_Add(unsigned char*, unsigned char)
<LI><a href="#[d3]">&gt;&gt;</a>&nbsp;&nbsp;&nbsp;Phone_EnterStudyMode(RfStudyMessage*)
<LI><a href="#[c9]">&gt;&gt;</a>&nbsp;&nbsp;&nbsp;Phone_SetPaiCount(PhoneMessage_SetPaiCount*)
</UL>
<BR>[Called By]<UL><LI><a href="#[8a]">&gt;&gt;</a>&nbsp;&nbsp;&nbsp;$Super$$main
</UL>

<P><STRONG><a name="[31]"></a>HiReader_SerialHandler()</STRONG> (Thumb, 72 bytes, Stack size 16 bytes, highpowerreader.o(i._Z22HiReader_SerialHandlerv))
<BR><BR>[Stack]<UL><LI>Max Depth = 32<LI>Call Chain = HiReader_SerialHandler() &rArr; BufferedSerial::getc() &rArr; mbed::SerialBase::_base_getc()
</UL>
<BR>[Calls]<UL><LI><a href="#[df]">&gt;&gt;</a>&nbsp;&nbsp;&nbsp;BufferedSerial::getc()
<LI><a href="#[5c]">&gt;&gt;</a>&nbsp;&nbsp;&nbsp;__aeabi_uidivmod
</UL>
<BR>[Address Reference Count : 1]<UL><LI> highpowerreader.o(i._Z13HiReader_Initv)
</UL>
<P><STRONG><a name="[e0]"></a>Reader_HandleInsideMessage(const unsigned char*)</STRONG> (Thumb, 186 bytes, Stack size 24 bytes, main.o(i._Z26Reader_HandleInsideMessagePKh))
<BR><BR>[Stack]<UL><LI>Max Depth = 32<LI>Call Chain = Reader_HandleInsideMessage(const unsigned char*) &rArr; mbed::Timer::reset()
</UL>
<BR>[Calls]<UL><LI><a href="#[b1]">&gt;&gt;</a>&nbsp;&nbsp;&nbsp;mbed::Timer::reset()
<LI><a href="#[d0]">&gt;&gt;</a>&nbsp;&nbsp;&nbsp;__ARM_common_memcpy1_5
<LI><a href="#[5e]">&gt;&gt;</a>&nbsp;&nbsp;&nbsp;__aeabi_memset
</UL>
<BR>[Called By]<UL><LI><a href="#[8a]">&gt;&gt;</a>&nbsp;&nbsp;&nbsp;$Super$$main
</UL>

<P><STRONG><a name="[c6]"></a>DAT_Load()</STRONG> (Thumb, 132 bytes, Stack size 24 bytes, main.o(i._Z8DAT_Loadv))
<BR><BR>[Stack]<UL><LI>Max Depth = 24<LI>Call Chain = DAT_Load()
</UL>
<BR>[Calls]<UL><LI><a href="#[5e]">&gt;&gt;</a>&nbsp;&nbsp;&nbsp;__aeabi_memset
<LI><a href="#[d1]">&gt;&gt;</a>&nbsp;&nbsp;&nbsp;__aeabi_memcpy
</UL>
<BR>[Called By]<UL><LI><a href="#[8a]">&gt;&gt;</a>&nbsp;&nbsp;&nbsp;$Super$$main
<LI><a href="#[c5]">&gt;&gt;</a>&nbsp;&nbsp;&nbsp;Reader_FinishXP()
</UL>

[...]
<LI><a href="#[fb]">&gt;&gt;</a>&nbsp;&nbsp;&nbsp;mbed::SPI::frequency(int)
<LI><a href="#[fa]">&gt;&gt;</a>&nbsp;&nbsp;&nbsp;mbed::SPI::format(int, int)
<LI><a href="#[4b]">&gt;&gt;</a>&nbsp;&nbsp;&nbsp;mbed::SPI::write(int)
</UL>

<P><STRONG><a name="[fd]"></a>spi_init</STRONG> (Thumb, 220 bytes, Stack size 56 bytes, spi_api.o(i.spi_init))
<BR><BR>[Stack]<UL><LI>Max Depth = 224<LI>Call Chain = spi_init &rArr; pinmap_pinout &rArr; pin_function &rArr; Set_GPIO_Clock &rArr; error &rArr; exit &rArr; mbed_die &rArr; wait_ms &rArr; us_ticker_read &rArr; HAL_InitTick &rArr; HAL_TIM_Base_Init &rArr; TIM_Base_SetConfig
</UL>
<BR>[Calls]<UL><LI><a href="#[145]">&gt;&gt;</a>&nbsp;&nbsp;&nbsp;init_spi
<LI><a href="#[14d]">&gt;&gt;</a>&nbsp;&nbsp;&nbsp;pinmap_pinout
<LI><a href="#[14c]">&gt;&gt;</a>&nbsp;&nbsp;&nbsp;pinmap_peripheral
<LI><a href="#[14b]">&gt;&gt;</a>&nbsp;&nbsp;&nbsp;pinmap_merge
<LI><a href="#[140]">&gt;&gt;</a>&nbsp;&nbsp;&nbsp;mbed_assert_internal
</UL>
<BR>[Called By]<UL><LI><a href="#[fc]">&gt;&gt;</a>&nbsp;&nbsp;&nbsp;mbed::SPI::SPI(PinName, PinName, PinName, PinName)
</UL>

<P><STRONG><a name="[f9]"></a>spi_master_write</STRONG> (Thumb, 76 bytes, Stack size 8 bytes, spi_api.o(i.spi_master_write))
<BR><BR>[Stack]<UL><LI>Max Depth = 8<LI>Call Chain = spi_master_write
</UL>
<BR>[Called By]<UL><LI><a href="#[4b]">&gt;&gt;</a>&nbsp;&nbsp;&nbsp;mbed::SPI::write(int)
</UL>

<P><STRONG><a name="[f1]"></a>ticker_insert_event</STRONG> (Thumb, 58 bytes, Stack size 16 bytes, ticker_api.o(i.ticker_insert_event))
<BR><BR>[Stack]<UL><LI>Max Depth = 16<LI>Call Chain = ticker_insert_event
</UL>
<BR>[Called By]<UL><LI><a href="#[f0]">&gt;&gt;</a>&nbsp;&nbsp;&nbsp;mbed::TimerEvent::insert(unsigned)
</UL>

<P><STRONG><a name="[151]"></a>ticker_irq_handler</STRONG> (Thumb, 74 bytes, Stack size 8 bytes, ticker_api.o(i.ticker_irq_handler))
<BR><BR>[Stack]<UL><LI>Max Depth = 8<LI>Call Chain = ticker_irq_handler
</UL>
<BR>[Called By]<UL><LI><a href="#[14f]">&gt;&gt;</a>&nbsp;&nbsp;&nbsp;us_ticker_irq_handler
</UL>

<P><STRONG><a name="[fe]"></a>ticker_read</STRONG> (Thumb, 6 bytes, Stack size 0 bytes, ticker_api.o(i.ticker_read))
<BR><BR>[Called By]<UL><LI><a href="#[b3]">&gt;&gt;</a>&nbsp;&nbsp;&nbsp;mbed::Ticker::setup(unsigned)
<LI><a href="#[37]">&gt;&gt;</a>&nbsp;&nbsp;&nbsp;mbed::Timer::Timer()
<LI><a href="#[af]">&gt;&gt;</a>&nbsp;&nbsp;&nbsp;mbed::Timer::read_ms()
<LI><a href="#[ac]">&gt;&gt;</a>&nbsp;&nbsp;&nbsp;mbed::Timer::start()
<LI><a href="#[b1]">&gt;&gt;</a>&nbsp;&nbsp;&nbsp;mbed::Timer::reset()
</UL>

<P><STRONG><a name="[f3]"></a>ticker_remove_event</STRONG> (Thumb, 64 bytes, Stack size 8 bytes, ticker_api.o(i.ticker_remove_event))
<BR><BR>[Stack]<UL><LI>Max Depth = 8<LI>Call Chain = ticker_remove_event
</UL>
<BR>[Called By]<UL><LI><a href="#[49]">&gt;&gt;</a>&nbsp;&nbsp;&nbsp;mbed::TimerEvent::~TimerEvent__sub_object()
<LI><a href="#[f2]">&gt;&gt;</a>&nbsp;&nbsp;&nbsp;mbed::TimerEvent::remove()
</UL>

<P><STRONG><a name="[f6]"></a>ticker_set_handler</STRONG> (Thumb, 18 bytes, Stack size 16 bytes, ticker_api.o(i.ticker_set_handler))
<BR><BR>[Stack]<UL><LI>Max Depth = 16<LI>Call Chain = ticker_set_handler
</UL>
<BR>[Called By]<UL><LI><a href="#[f4]">&gt;&gt;</a>&nbsp;&nbsp;&nbsp;mbed::TimerEvent::TimerEvent__sub_object()
</UL>

<P><STRONG><a name="[2f]"></a>timer_oc_irq_handler</STRONG> (Thumb, 122 bytes, Stack size 24 bytes, hal_tick.o(i.timer_oc_irq_handler))
<BR><BR>[Stack]<UL><LI>Max Depth = 40<LI>Call Chain = timer_oc_irq_handler &rArr; us_ticker_irq_handler &rArr; ticker_irq_handler
</UL>
<BR>[Calls]<UL><LI><a href="#[14f]">&gt;&gt;</a>&nbsp;&nbsp;&nbsp;us_ticker_irq_handler
<LI><a href="#[14e]">&gt;&gt;</a>&nbsp;&nbsp;&nbsp;set_compare
<LI><a href="#[150]">&gt;&gt;</a>&nbsp;&nbsp;&nbsp;HAL_IncTick
</UL>
<BR>[Address Reference Count : 1]<UL><LI> hal_tick.o(i.HAL_InitTick)
</UL>
<P><STRONG><a name="[2e]"></a>timer_update_irq_handler</STRONG> (Thumb, 28 bytes, Stack size 0 bytes, hal_tick.o(i.timer_update_irq_handler))
<BR>[Address Reference Count : 1]<UL><LI> hal_tick.o(i.HAL_InitTick)
</UL>
<P><STRONG><a name="[46]"></a>us_ticker_clear_interrupt</STRONG> (Thumb, 22 bytes, Stack size 0 bytes, us_ticker.o(i.us_ticker_clear_interrupt))
<BR>[Address Reference Count : 1]<UL><LI> us_ticker_api.o(.constdata)
</UL>
<P><STRONG><a name="[45]"></a>us_ticker_disable_interrupt</STRONG> (Thumb, 16 bytes, Stack size 0 bytes, us_ticker.o(i.us_ticker_disable_interrupt))
<BR>[Address Reference Count : 1]<UL><LI> us_ticker_api.o(.constdata)
</UL>
<P><STRONG><a name="[43]"></a>us_ticker_init</STRONG> (Thumb, 24 bytes, Stack size 8 bytes, us_ticker.o(i.us_ticker_init))
<BR><BR>[Stack]<UL><LI>Max Depth = 64<LI>Call Chain = us_ticker_init &rArr; HAL_InitTick &rArr; HAL_TIM_Base_Init &rArr; TIM_Base_SetConfig
</UL>
<BR>[Calls]<UL><LI><a href="#[90]">&gt;&gt;</a>&nbsp;&nbsp;&nbsp;HAL_InitTick
</UL>
<BR>[Address Reference Count : 1]<UL><LI> us_ticker_api.o(.constdata)
</UL>
<P><STRONG><a name="[14f]"></a>us_ticker_irq_handler</STRONG> (Thumb, 10 bytes, Stack size 8 bytes, us_ticker_api.o(i.us_ticker_irq_handler))
<BR><BR>[Stack]<UL><LI>Max Depth = 16<LI>Call Chain = us_ticker_irq_handler &rArr; ticker_irq_handler
</UL>
<BR>[Calls]<UL><LI><a href="#[151]">&gt;&gt;</a>&nbsp;&nbsp;&nbsp;ticker_irq_handler
</UL>
<BR>[Called By]<UL><LI><a href="#[2f]">&gt;&gt;</a>&nbsp;&nbsp;&nbsp;timer_oc_irq_handler
<LI><a href="#[47]">&gt;&gt;</a>&nbsp;&nbsp;&nbsp;us_ticker_set_interrupt
</UL>

<P><STRONG><a name="[44]"></a>us_ticker_read</STRONG> (Thumb, 48 bytes, Stack size 8 bytes, us_ticker.o(i.us_ticker_read))
<BR><BR>[Stack]<UL><LI>Max Depth = 64<LI>Call Chain = us_ticker_read &rArr; HAL_InitTick &rArr; HAL_TIM_Base_Init &rArr; TIM_Base_SetConfig
</UL>
<BR>[Calls]<UL><LI><a href="#[90]">&gt;&gt;</a>&nbsp;&nbsp;&nbsp;HAL_InitTick
</UL>
<BR>[Called By]<UL><LI><a href="#[b9]">&gt;&gt;</a>&nbsp;&nbsp;&nbsp;wait_ms
<LI><a href="#[109]">&gt;&gt;</a>&nbsp;&nbsp;&nbsp;wait_us
</UL>
<BR>[Address Reference Count : 1]<UL><LI> us_ticker_api.o(.constdata)
</UL>
<P><STRONG><a name="[47]"></a>us_ticker_set_interrupt</STRONG> (Thumb, 122 bytes, Stack size 24 bytes, us_ticker.o(i.us_ticker_set_interrupt))
<BR><BR>[Stack]<UL><LI>Max Depth = 80<LI>Call Chain = us_ticker_set_interrupt &rArr; HAL_InitTick &rArr; HAL_TIM_Base_Init &rArr; TIM_Base_SetConfig
</UL>
<BR>[Calls]<UL><LI><a href="#[14f]">&gt;&gt;</a>&nbsp;&nbsp;&nbsp;us_ticker_irq_handler
<LI><a href="#[90]">&gt;&gt;</a>&nbsp;&nbsp;&nbsp;HAL_InitTick
</UL>
<BR>[Address Reference Count : 1]<UL><LI> us_ticker_api.o(.constdata)
</UL>
<P><STRONG><a name="[b9]"></a>wait_ms</STRONG> (Thumb, 28 bytes, Stack size 16 bytes, wait_api.o(i.wait_ms))
<BR><BR>[Stack]<UL><LI>Max Depth = 80<LI>Call Chain = wait_ms &rArr; us_ticker_read &rArr; HAL_InitTick &rArr; HAL_TIM_Base_Init &rArr; TIM_Base_SetConfig
</UL>
<BR>[Calls]<UL><LI><a href="#[44]">&gt;&gt;</a>&nbsp;&nbsp;&nbsp;us_ticker_read
</UL>
<BR>[Called By]<UL><LI><a href="#[8a]">&gt;&gt;</a>&nbsp;&nbsp;&nbsp;$Super$$main
<LI><a href="#[13e]">&gt;&gt;</a>&nbsp;&nbsp;&nbsp;mbed_die
<LI><a href="#[bb]">&gt;&gt;</a>&nbsp;&nbsp;&nbsp;CC1101::init(const S_RF_SETTINGS*)
<LI><a href="#[b4]">&gt;&gt;</a>&nbsp;&nbsp;&nbsp;Powered_Init()
<LI><a href="#[bc]">&gt;&gt;</a>&nbsp;&nbsp;&nbsp;CommWifi::Init()
<LI><a href="#[b0]">&gt;&gt;</a>&nbsp;&nbsp;&nbsp;WT588D::play(unsigned char)
</UL>

<P><STRONG><a name="[109]"></a>wait_us</STRONG> (Thumb, 22 bytes, Stack size 16 bytes, wait_api.o(i.wait_us))
<BR><BR>[Stack]<UL><LI>Max Depth = 80<LI>Call Chain = wait_us &rArr; us_ticker_read &rArr; HAL_InitTick &rArr; HAL_TIM_Base_Init &rArr; TIM_Base_SetConfig
</UL>
<BR>[Calls]<UL><LI><a href="#[44]">&gt;&gt;</a>&nbsp;&nbsp;&nbsp;us_ticker_read
</UL>
<BR>[Called By]<UL><LI><a href="#[ce]">&gt;&gt;</a>&nbsp;&nbsp;&nbsp;CC1101::WriteReg(unsigned char, unsigned char)
<LI><a href="#[114]">&gt;&gt;</a>&nbsp;&nbsp;&nbsp;WifiObj::EnterCommandMode()
<LI><a href="#[10d]">&gt;&gt;</a>&nbsp;&nbsp;&nbsp;CC1101::ReadReg(unsigned char)
<LI><a href="#[10a]">&gt;&gt;</a>&nbsp;&nbsp;&nbsp;CC1101::Strobe(unsigned char)
<LI><a href="#[10f]">&gt;&gt;</a>&nbsp;&nbsp;&nbsp;CC1101::POWER_UP_RESET_CCxxx0()
<LI><a href="#[10b]">&gt;&gt;</a>&nbsp;&nbsp;&nbsp;CC1101::WriteBurstReg(unsigned char, const void*, unsigned char)
<LI><a href="#[10c]">&gt;&gt;</a>&nbsp;&nbsp;&nbsp;CC1101::ReadBurstReg(unsigned char, unsigned char*, unsigned char)
<LI><a href="#[108]">&gt;&gt;</a>&nbsp;&nbsp;&nbsp;CC1101::ReadStatus(unsigned char)
<LI><a href="#[b0]">&gt;&gt;</a>&nbsp;&nbsp;&nbsp;WT588D::play(unsigned char)
</UL>

<P><STRONG><a name="[3e]"></a>mbed::CircularBuffer&lang;unsigned char, (unsigned)64, unsigned&rang;::~CircularBuffer()</STRONG> (Thumb, 2 bytes, Stack size 0 bytes, voice.o(t._ZN4mbed14CircularBufferIhLj64EjED1Ev))
<BR>[Address Reference Count : 1]<UL><LI> voice.o(i.__sti___9_Voice_cpp_ade2d123)
</UL>
<P><STRONG><a name="[17d]"></a>mbed::CircularBuffer&lang;unsigned char, (unsigned)64, unsigned&rang;::~CircularBuffer__sub_object()</STRONG> (Thumb, 0 bytes, Stack size 0 bytes, voice.o(t._ZN4mbed14CircularBufferIhLj64EjED1Ev), UNUSED)

<P><STRONG><a name="[3c]"></a>mbed::CircularBufferA&lang;RxTileInfo, unsigned&rang;::~CircularBufferA()</STRONG> (Thumb, 14 bytes, Stack size 8 bytes, highpowerreader.o(t._ZN4mbed15CircularBufferAI10RxTileInfojED1Ev))
<BR><BR>[Stack]<UL><LI>Max Depth = 32<LI>Call Chain = mbed::CircularBufferA&lang;RxTileInfo, unsigned&rang;::~CircularBufferA() &rArr; operator delete[] (void*) &rArr; operator delete (void*) &rArr; free
</UL>
<BR>[Calls]<UL><LI><a href="#[12d]">&gt;&gt;</a>&nbsp;&nbsp;&nbsp;operator delete[] (void*)
</UL>
<BR>[Address Reference Count : 1]<UL><LI> highpowerreader.o(i.__sti___19_HighPowerReader_cpp_rf_power)
</UL>
<P><STRONG><a name="[17e]"></a>mbed::CircularBufferA&lang;RxTileInfo, unsigned&rang;::~CircularBufferA__sub_object()</STRONG> (Thumb, 0 bytes, Stack size 8 bytes, highpowerreader.o(t._ZN4mbed15CircularBufferAI10RxTileInfojED1Ev), UNUSED)

<P><STRONG><a name="[3b]"></a>mbed::CircularBufferA&lang;unsigned char, unsigned&rang;::~CircularBufferA()</STRONG> (Thumb, 14 bytes, Stack size 8 bytes, highpowerreader.o(t._ZN4mbed15CircularBufferAIhjED1Ev))
<BR><BR>[Stack]<UL><LI>Max Depth = 32<LI>Call Chain = mbed::CircularBufferA&lang;unsigned char, unsigned&rang;::~CircularBufferA() &rArr; operator delete[] (void*) &rArr; operator delete (void*) &rArr; free
</UL>
<BR>[Calls]<UL><LI><a href="#[12d]">&gt;&gt;</a>&nbsp;&nbsp;&nbsp;operator delete[] (void*)
</UL>
<BR>[Address Reference Count : 1]<UL><LI> highpowerreader.o(i.__sti___19_HighPowerReader_cpp_rf_power)
</UL>
<P><STRONG><a name="[17f]"></a>mbed::CircularBufferA&lang;unsigned char, unsigned&rang;::~CircularBufferA__sub_object()</STRONG> (Thumb, 0 bytes, Stack size 8 bytes, highpowerreader.o(t._ZN4mbed15CircularBufferAIhjED1Ev), UNUSED)

<P><STRONG><a name="[32]"></a>void mbed::FunctionPointerArg1&lang;void, void&rang;::membercaller&lang;BufferedSerial&rang;(void*, unsigned*)</STRONG> (Thumb, 20 bytes, Stack size 0 bytes, bufferedserial.o(t._ZN4mbed19FunctionPointerArg1IvvE12membercallerI14BufferedSerialEEvPvPj))
<BR>[Address Reference Count : 1]<UL><LI> bufferedserial.o(i._ZN14BufferedSerial5primeEv)
</UL>
<P><STRONG><a name="[36]"></a>void mbed::FunctionPointerArg1&lang;void, void&rang;::membercaller&lang;WifiObj&rang;(void*, unsigned*)</STRONG> (Thumb, 20 bytes, Stack size 0 bytes, wifiobj.o(t._ZN4mbed19FunctionPointerArg1IvvE12membercallerI7WifiObjEEvPvPj))
<BR>[Address Reference Count : 1]<UL><LI> wifiobj.o(i._ZN7WifiObjC1EP14BufferedSerialR16CircularBufferEx7PinNameS4_)
</UL>
<P><STRONG><a name="[ea]"></a>Buffer&lang;char&rang;::Buffer(unsigned)</STRONG> (Thumb, 32 bytes, Stack size 16 bytes, buffer.o(t._ZN6BufferIcEC1Ej))
<BR><BR>[Stack]<UL><LI>Max Depth = 52<LI>Call Chain = Buffer&lang;char&rang;::Buffer(unsigned) &rArr; operator new[] (unsigned) &rArr; operator new(unsigned) &rArr; malloc
</UL>
<BR>[Calls]<UL><LI><a href="#[5d]">&gt;&gt;</a>&nbsp;&nbsp;&nbsp;__aeabi_memclr
<LI><a href="#[12f]">&gt;&gt;</a>&nbsp;&nbsp;&nbsp;operator new[] (unsigned)
</UL>
<BR>[Called By]<UL><LI><a href="#[b5]">&gt;&gt;</a>&nbsp;&nbsp;&nbsp;BufferedSerial::BufferedSerial(PinName, PinName, unsigned)
</UL>

<P><STRONG><a name="[180]"></a>Buffer&lang;char&rang;::Buffer__sub_object(unsigned)</STRONG> (Thumb, 0 bytes, Stack size 16 bytes, buffer.o(t._ZN6BufferIcEC1Ej), UNUSED)
<P>
<H3>
Local Symbols
</H3>
<P><STRONG><a name="[4e]"></a>__sti___8_main_cpp_cf170f72</STRONG> (Thumb, 178 bytes, Stack size 16 bytes, main.o(i.__sti___8_main_cpp_cf170f72))
<BR><BR>[Stack]<UL><LI>Max Depth = 224<LI>Call Chain = __sti___8_main_cpp_cf170f72 &rArr; SimpleKey::SimpleKey(PinName) &rArr; gpio_init_in &rArr; gpio_init &rArr; pin_function &rArr; Set_GPIO_Clock &rArr; error &rArr; exit &rArr; mbed_die &rArr; wait_ms &rArr; us_ticker_read &rArr; HAL_InitTick &rArr; HAL_TIM_Base_Init &rArr; TIM_Base_SetConfig
</UL>
<BR>[Calls]<UL><LI><a href="#[37]">&gt;&gt;</a>&nbsp;&nbsp;&nbsp;mbed::Timer::Timer()
<LI><a href="#[f4]">&gt;&gt;</a>&nbsp;&nbsp;&nbsp;mbed::TimerEvent::TimerEvent__sub_object()
<LI><a href="#[aa]">&gt;&gt;</a>&nbsp;&nbsp;&nbsp;gpio_init_out
<LI><a href="#[12c]">&gt;&gt;</a>&nbsp;&nbsp;&nbsp;SimpleKey::SimpleKey(PinName)
<LI><a href="#[65]">&gt;&gt;</a>&nbsp;&nbsp;&nbsp;__aeabi_atexit
</UL>
<BR>[Address Reference Count : 1]<UL><LI> main.o(.init_array)
</UL>
<P><STRONG><a name="[4f]"></a>__sti___19_HighPowerReader_cpp_rf_power</STRONG> (Thumb, 94 bytes, Stack size 16 bytes, highpowerreader.o(i.__sti___19_HighPowerReader_cpp_rf_power))
<BR><BR>[Stack]<UL><LI>Max Depth = 208<LI>Call Chain = __sti___19_HighPowerReader_cpp_rf_power &rArr; gpio_init_out &rArr; gpio_init &rArr; pin_function &rArr; Set_GPIO_Clock &rArr; error &rArr; exit &rArr; mbed_die &rArr; wait_ms &rArr; us_ticker_read &rArr; HAL_InitTick &rArr; HAL_TIM_Base_Init &rArr; TIM_Base_SetConfig
</UL>
<BR>[Calls]<UL><LI><a href="#[37]">&gt;&gt;</a>&nbsp;&nbsp;&nbsp;mbed::Timer::Timer()
<LI><a href="#[aa]">&gt;&gt;</a>&nbsp;&nbsp;&nbsp;gpio_init_out
<LI><a href="#[12f]">&gt;&gt;</a>&nbsp;&nbsp;&nbsp;operator new[] (unsigned)
<LI><a href="#[65]">&gt;&gt;</a>&nbsp;&nbsp;&nbsp;__aeabi_atexit
</UL>
<BR>[Address Reference Count : 1]<UL><LI> highpowerreader.o(.init_array)
</UL>
<P><STRONG><a name="[50]"></a>__sti___9_Voice_cpp_ade2d123</STRONG> (Thumb, 30 bytes, Stack size 8 bytes, voice.o(i.__sti___9_Voice_cpp_ade2d123))
<BR><BR>[Stack]<UL><LI>Max Depth = 52<LI>Call Chain = __sti___9_Voice_cpp_ade2d123 &rArr; __aeabi_atexit &rArr; malloc
</UL>
<BR>[Calls]<UL><LI><a href="#[37]">&gt;&gt;</a>&nbsp;&nbsp;&nbsp;mbed::Timer::Timer()
<LI><a href="#[65]">&gt;&gt;</a>&nbsp;&nbsp;&nbsp;__aeabi_atexit
</UL>
<BR>[Address Reference Count : 1]<UL><LI> voice.o(.init_array)
</UL>
<P><STRONG><a name="[146]"></a>init_uart</STRONG> (Thumb, 74 bytes, Stack size 8 bytes, serial_api.o(i.init_uart))
<BR><BR>[Stack]<UL><LI>Max Depth = 108<LI>Call Chain = init_uart &rArr; HAL_UART_Init &rArr; UART_SetConfig &rArr; HAL_RCC_GetPCLK1Freq &rArr; __aeabi_uidivmod
</UL>
<BR>[Calls]<UL><LI><a href="#[9f]">&gt;&gt;</a>&nbsp;&nbsp;&nbsp;HAL_UART_Init
</UL>
<BR>[Called By]<UL><LI><a href="#[ee]">&gt;&gt;</a>&nbsp;&nbsp;&nbsp;serial_init
<LI><a href="#[ec]">&gt;&gt;</a>&nbsp;&nbsp;&nbsp;serial_baud
</UL>

<P><STRONG><a name="[3f]"></a>uart1_irq</STRONG> (Thumb, 64 bytes, Stack size 24 bytes, serial_api.o(i.uart1_irq))
<BR><BR>[Stack]<UL><LI>Max Depth = 24<LI>Call Chain = uart1_irq
</UL>
<BR>[Address Reference Count : 1]<UL><LI> serial_api.o(i.serial_irq_set)
</UL>
<P><STRONG><a name="[40]"></a>uart2_irq</STRONG> (Thumb, 64 bytes, Stack size 24 bytes, serial_api.o(i.uart2_irq))
<BR><BR>[Stack]<UL><LI>Max Depth = 24<LI>Call Chain = uart2_irq
</UL>
<BR>[Address Reference Count : 1]<UL><LI> serial_api.o(i.serial_irq_set)
</UL>
<P><STRONG><a name="[33]"></a>&lang;Func1&rang;</STRONG> (Thumb, 8 bytes, Stack size 0 bytes, SerialBase.o(i.<Func1>))
<BR>[Address Reference Count : 1]<UL><LI> SerialBase.o(i._ZN4mbed10SerialBaseC1E7PinNameS1_)
</UL>
<P><STRONG><a name="[145]"></a>init_spi</STRONG> (Thumb, 70 bytes, Stack size 16 bytes, spi_api.o(i.init_spi))
<BR><BR>[Stack]<UL><LI>Max Depth = 40<LI>Call Chain = init_spi &rArr; HAL_SPI_Init
</UL>
<BR>[Calls]<UL><LI><a href="#[9b]">&gt;&gt;</a>&nbsp;&nbsp;&nbsp;HAL_SPI_Init
</UL>
<BR>[Called By]<UL><LI><a href="#[fd]">&gt;&gt;</a>&nbsp;&nbsp;&nbsp;spi_init
<LI><a href="#[f8]">&gt;&gt;</a>&nbsp;&nbsp;&nbsp;spi_frequency
<LI><a href="#[f7]">&gt;&gt;</a>&nbsp;&nbsp;&nbsp;spi_format
</UL>

<P><STRONG><a name="[136]"></a>_fp_digits</STRONG> (Thumb, 316 bytes, Stack size 56 bytes, printfa.o(i._fp_digits), UNUSED)
<BR><BR>[Calls]<UL><LI><a href="#[6a]">&gt;&gt;</a>&nbsp;&nbsp;&nbsp;__aeabi_uldivmod
<LI><a href="#[71]">&gt;&gt;</a>&nbsp;&nbsp;&nbsp;__aeabi_dmul
<LI><a href="#[72]">&gt;&gt;</a>&nbsp;&nbsp;&nbsp;__aeabi_ddiv
<LI><a href="#[78]">&gt;&gt;</a>&nbsp;&nbsp;&nbsp;__aeabi_dadd
<LI><a href="#[7e]">&gt;&gt;</a>&nbsp;&nbsp;&nbsp;__aeabi_d2ulz
<LI><a href="#[137]">&gt;&gt;</a>&nbsp;&nbsp;&nbsp;__aeabi_cdrcmple
</UL>
<BR>[Called By]<UL><LI><a href="#[132]">&gt;&gt;</a>&nbsp;&nbsp;&nbsp;_printf_core
</UL>

<P><STRONG><a name="[132]"></a>_printf_core</STRONG> (Thumb, 1754 bytes, Stack size 128 bytes, printfa.o(i._printf_core), UNUSED)
<BR><BR>[Calls]<UL><LI><a href="#[5c]">&gt;&gt;</a>&nbsp;&nbsp;&nbsp;__aeabi_uidivmod
<LI><a href="#[6a]">&gt;&gt;</a>&nbsp;&nbsp;&nbsp;__aeabi_uldivmod
<LI><a href="#[138]">&gt;&gt;</a>&nbsp;&nbsp;&nbsp;_printf_pre_padding
<LI><a href="#[139]">&gt;&gt;</a>&nbsp;&nbsp;&nbsp;_printf_post_padding
<LI><a href="#[136]">&gt;&gt;</a>&nbsp;&nbsp;&nbsp;_fp_digits
</UL>
<BR>[Called By]<UL><LI><a href="#[133]">&gt;&gt;</a>&nbsp;&nbsp;&nbsp;__0vsprintf
<LI><a href="#[131]">&gt;&gt;</a>&nbsp;&nbsp;&nbsp;__0vfprintf
</UL>

<P><STRONG><a name="[139]"></a>_printf_post_padding</STRONG> (Thumb, 32 bytes, Stack size 24 bytes, printfa.o(i._printf_post_padding), UNUSED)
<BR><BR>[Called By]<UL><LI><a href="#[132]">&gt;&gt;</a>&nbsp;&nbsp;&nbsp;_printf_core
</UL>

<P><STRONG><a name="[138]"></a>_printf_pre_padding</STRONG> (Thumb, 44 bytes, Stack size 40 bytes, printfa.o(i._printf_pre_padding), UNUSED)
<BR><BR>[Called By]<UL><LI><a href="#[132]">&gt;&gt;</a>&nbsp;&nbsp;&nbsp;_printf_core
</UL>

<P><STRONG><a name="[3a]"></a>_sputc</STRONG> (Thumb, 10 bytes, Stack size 0 bytes, printfa.o(i._sputc))
<BR><BR>[Called By]<UL><LI><a href="#[133]">&gt;&gt;</a>&nbsp;&nbsp;&nbsp;__0vsprintf
</UL>
<BR>[Address Reference Count : 1]<UL><LI> printfa.o(i.__0vsprintf)
</UL>
<P><STRONG><a name="[6f]"></a>_fp_value</STRONG> (Thumb, 246 bytes, Stack size 56 bytes, scanf_fp.o(.text), UNUSED)
<BR><BR>[Calls]<UL><LI><a href="#[6e]">&gt;&gt;</a>&nbsp;&nbsp;&nbsp;__aeabi_lmul
<LI><a href="#[70]">&gt;&gt;</a>&nbsp;&nbsp;&nbsp;__aeabi_ul2d
<LI><a href="#[71]">&gt;&gt;</a>&nbsp;&nbsp;&nbsp;__aeabi_dmul
<LI><a href="#[72]">&gt;&gt;</a>&nbsp;&nbsp;&nbsp;__aeabi_ddiv
</UL>
<BR>[Called By]<UL><LI><a href="#[73]">&gt;&gt;</a>&nbsp;&nbsp;&nbsp;_scanf_really_real
</UL>

<P><STRONG><a name="[2b]"></a>_scanf_char_input</STRONG> (Thumb, 12 bytes, Stack size 0 bytes, scanf_char.o(.text))
<BR>[Address Reference Count : 1]<UL><LI> scanf_char.o(.text)
</UL>
<P><STRONG><a name="[2d]"></a>[local to arm_exceptions_c]::__default_terminate_handler()</STRONG> (Thumb, 6 bytes, Stack size 8 bytes, arm_exceptions_globs.o(.text))
<BR><BR>[Stack]<UL><LI>Max Depth = 8<LI>Call Chain = [local to arm_exceptions_c]::__default_terminate_handler()
</UL>
<BR>[Address Reference Count : 1]<UL><LI> arm_exceptions_globs.o(.text)
</UL><P>
<H3>
Undefined Global Symbols
</H3><HR></body></html>
