<html>
<body>
<pre>
<h1>µVision Build Log</h1>
<h2>Tool Versions:</h2>
IDE-Version: ¦ÌVision V5.15
Copyright (C) 2015 ARM Ltd and ARM Germany GmbH. All rights reserved.
License Information: Ken Lee, YW, LIC=FQQKP-M8BZB-05ATY-I7S1E-4SU4Y-MHYV9
 
Tool Versions:
Toolchain:       MDK-ARM Professional  Version: 5.15.0
Toolchain Path:  D:\Keil\ARM\ARMCC\Bin
C Compiler:      Armcc.exe V5.05 update 2 (build 169)
Assembler:       Armasm.exe V5.05 update 2 (build 169)
Linker/Locator:  ArmLink.exe V5.05 update 2 (build 169)
Library Manager: ArmAr.exe V5.05 update 2 (build 169)
Hex Converter:   FromElf.exe V5.05 update 2 (build 169)
CPU DLL:         SARMCM3.DLL V5.15.0
Dialog DLL:      DARMCM1.DLL V1.12.0.0
Target DLL:      Segger\JL2CM3.dll V2.73.0.0
Dialog DLL:      TARMCM1.DLL V1.9.0.0
 
<h2>Project:</h2>
E:\OneDrive\Prj_HT\IC¿¨½ÌÅÆÆ÷\src\NaviInstall.uvprojx
Project File Date:  05/12/2016

<h2>Output:</h2>
*** Using Compiler 'V5.05 update 2 (build 169)', folder: 'D:\Keil\ARM\ARMCC\Bin'
Build target 'NaviInstall'
compiling main.cpp...
main.cpp(31): warning:  #177-D: variable "kVersionStr" was declared but never referenced
  const char kVersionStr[] = "Ver:2";
main.cpp(225): warning:  #177-D: variable "cc1101_868MHz_configs" was declared but never referenced
  const uint8_t cc1101_868MHz_configs[] =
main.cpp(744): warning:  #177-D: variable "Speech_form" was declared but never referenced
  const uint8_t Speech_form[14] =
main.cpp: 3 warnings, 0 errors
linking...
Program Size: Code=30856 RO-data=2096 RW-data=260 ZI-data=4780  
FromELF: creating hex file...
".\build\NaviInstall.axf" - 0 Error(s), 3 Warning(s).

<h2>Collection of Component include folders:</h2>
  E:\OneDrive\Prj_HT\IC¿¨½ÌÅÆÆ÷\src\RTE
  D:\Keil\ARM\PACK\Keil\STM32F0xx_DFP\1.4.0\Device\Include

<h2>Collection of Component Files used:</h2>
</pre>
</body>
</html>
