Component: ARM Compiler 5.05 update 2 (build 169) Tool: armlink [4d0f33]

==============================================================================

Section Cross References

    main.o(.text) refers to main.o(i._ZN4mbed10DigitalOutaSEi) for mbed::DigitalOut::operator =(int)
    main.o(.text) refers to Timer.o(i._ZN4mbed5TimerC1Ev) for mbed::Timer::Timer()
    main.o(.text) refers to Timer.o(i._ZN4mbed5Timer5startEv) for mbed::Timer::start()
    main.o(.text) refers to main.o(i._ZN4mbed9DigitalIn4readEv) for mbed::DigitalIn::read()
    main.o(.text) refers to Timer.o(i._ZN4mbed5Timer5resetEv) for mbed::Timer::reset()
    main.o(.text) refers to Timer.o(i._ZN4mbed5Timer7read_msEv) for mbed::Timer::read_ms()
    main.o(.text) refers to cxa_guard_acquire.o(i.__cxa_guard_acquire) for __cxa_guard_acquire
    main.o(.text) refers to wait_api.o(i.wait_ms) for wait_ms
    main.o(.text) refers to InterruptIn.o(i._ZN4mbed11InterruptIn11disable_irqEv) for mbed::InterruptIn::disable_irq()
    main.o(.text) refers to InterruptIn.o(i._ZN4mbed11InterruptIn10enable_irqEv) for mbed::InterruptIn::enable_irq()
    main.o(.text) refers to main.o(i.__ARM_common_switch8) for __ARM_common_switch8
    main.o(.text) refers to idiv.o(.text) for __aeabi_idivmod
    main.o(.text) refers to main.o(i._ZN4mbed10DigitalOut4readEv) for mbed::DigitalOut::read()
    main.o(.text) refers to printfa.o(i.__0printf) for __2printf
    main.o(.text) refers to main.o(i._ZN4mbed10DigitalOutcviEv) for mbed::DigitalOut::operator int()
    main.o(.text) refers to new.o(i._Znwj) for operator new(unsigned)
    main.o(.text) refers to lt8910.o(.text) for LT8910::LT8910(CircularBuffer&, mbed::SPI*, PinName, PinName)
    main.o(.text) refers to main.o(.bss) for .bss
    main.o(.text) refers to main.o(.data) for .data
    main.o(.text) refers to commrf.o(.constdata) for kRxChannel
    main.o(.text) refers to commrf.o(.constdata) for kTxChannel
    main.o(.text) refers to commrf.o(.text) for CommRF::SendPacket(const unsigned char*, unsigned char)
    main.o(.text) refers to flashapp.o(.text) for EraseFlash(int)
    main.o(.text) refers to bufferedserial.o(.text) for BufferedSerial::printf(const char*, ...)
    main.o(.text) refers to memseta.o(.text) for __aeabi_memclr4
    main.o(.text) refers to gpio_api.o(i.gpio_mode) for gpio_mode
    main.o(.text) refers to Serial.o(i._ZN4mbed6SerialC1E7PinNameS1_PKc) for mbed::Serial::Serial(PinName, PinName, const char*)
    main.o(.text) refers to main.o(i._ZN4mbed10DigitalOutC1E7PinName) for mbed::DigitalOut::DigitalOut(PinName)
    main.o(.text) refers to main.o(i._ZN4mbed9DigitalInC1E7PinName) for mbed::DigitalIn::DigitalIn(PinName)
    main.o(.text) refers to SerialBase.o(i._ZN4mbed10SerialBase4baudEi) for mbed::SerialBase::baud(int)
    main.o(.text) refers to ffixul.o(.text) for __aeabi_f2ulz
    main.o(.text) refers to FunctionPointer.o(i._ZN4mbed15FunctionPointer6attachEPFvvE) for mbed::FunctionPointer::attach(void(*)())
    main.o(.text) refers to Ticker.o(i._ZN4mbed6Ticker5setupEy) for mbed::Ticker::setup(unsigned long long)
    main.o(.text) refers to wt588d.o(.text) for WT588D::WT588D(PinName, PinName)
    main.o(.text) refers to SPI.o(i._ZN4mbed3SPI9frequencyEi) for mbed::SPI::frequency(int)
    main.o(.text) refers to SPI.o(i._ZN4mbed3SPI6formatEii) for mbed::SPI::format(int, int)
    main.o(.text) refers to wifiobj.o(.text) for WifiObj::WifiObj(BufferedSerial*, CircularBuffer&, PinName, PinName)
    main.o(.text) refers to commwifi.o(.text) for CommWifi::CommWifi(WifiObj*, CommRF*, WT588D*)
    main.o(.text) refers to stm32f0xx_hal_iwdg.o(i.HAL_IWDG_Init) for HAL_IWDG_Init
    main.o(.text) refers to commrf.o(.constdata) for kRemoterChannel
    main.o(.text) refers to main.o(.constdata) for .constdata
    main.o(.text) refers to main.o(.ARM.__AT_0x1FFFF7AC) for .ARM.__AT_0x1FFFF7AC
    main.o(.text) refers to main.o(.ARM.__AT_0x1FFFF7CC) for .ARM.__AT_0x1FFFF7CC
    main.o(.text) refers to main.o(.ARM.__AT_0x40015800) for .ARM.__AT_0x40015800
    main.o(.text) refers to commwifi.o(.ARM.__AT_0x0800FC20) for eepromDatas
    main.o(.text) refers to stm32f0xx_hal_iwdg.o(i.HAL_IWDG_Start) for HAL_IWDG_Start
    main.o(.text) refers to stm32f0xx_hal_iwdg.o(i.HAL_IWDG_Refresh) for HAL_IWDG_Refresh
    main.o(.text) refers to main.o(i._ZN14CircularBufferC1EPhi) for CircularBuffer::CircularBuffer(unsigned char*, int)
    main.o(.text) refers to TimerEvent.o(i._ZN4mbed10TimerEventC2Ev) for mbed::TimerEvent::TimerEvent__sub_object()
    main.o(.text) refers to FunctionPointer.o(i._ZN4mbed15FunctionPointerC1EPFvvE) for mbed::FunctionPointer::FunctionPointer(void(*)())
    main.o(.text) refers to aeabi_atexit.o(i.__aeabi_atexit) for __aeabi_atexit
    main.o(.text) refers to SPI.o(i._ZN4mbed3SPIC1E7PinNameS1_S1_S1_) for mbed::SPI::SPI(PinName, PinName, PinName, PinName)
[...]
    BufferedSerial::putc(int)                0x080041d5   Thumb Code    26  bufferedserial.o(.text)
    BufferedSerial::puts(const char*)        0x080041ef   Thumb Code    56  bufferedserial.o(.text)
    BufferedSerial::printf(const char*, ...) 0x08004227   Thumb Code    58  bufferedserial.o(.text)
    BufferedSerial::write(const void*, unsigned) 0x08004261   Thumb Code    50  bufferedserial.o(.text)
    _initio                                  0x080042a1   Thumb Code    20  initio_oe.o(.text)
    fputc                                    0x080042c1   Thumb Code    42  fputc_fp.o(.text)
    __aeabi_uidiv                            0x080042eb   Thumb Code     0  uidiv.o(.text)
    __aeabi_uidivmod                         0x080042eb   Thumb Code    44  uidiv.o(.text)
    __aeabi_idiv                             0x08004317   Thumb Code     0  idiv.o(.text)
    __aeabi_idivmod                          0x08004317   Thumb Code    40  idiv.o(.text)
    __aeabi_llsr                             0x0800433f   Thumb Code    34  llushr.o(.text)
    _ll_ushift_r                             0x0800433f   Thumb Code     0  llushr.o(.text)
    __aeabi_memcpy                           0x08004361   Thumb Code    36  memcpya.o(.text)
    __aeabi_memcpy4                          0x08004361   Thumb Code     0  memcpya.o(.text)
    __aeabi_memcpy8                          0x08004361   Thumb Code     0  memcpya.o(.text)
    __aeabi_memset                           0x08004385   Thumb Code    14  memseta.o(.text)
    __aeabi_memset4                          0x08004385   Thumb Code     0  memseta.o(.text)
    __aeabi_memset8                          0x08004385   Thumb Code     0  memseta.o(.text)
    __aeabi_memclr                           0x08004393   Thumb Code     4  memseta.o(.text)
    __aeabi_memclr4                          0x08004393   Thumb Code     0  memseta.o(.text)
    __aeabi_memclr8                          0x08004393   Thumb Code     0  memseta.o(.text)
    _memset$wrapper                          0x08004397   Thumb Code    18  memseta.o(.text)
    strlen                                   0x080043a9   Thumb Code    14  strlen.o(.text)
    strcmp                                   0x080043b7   Thumb Code    28  strcmp.o(.text)
    memcmp                                   0x080043d3   Thumb Code    26  memcmp.o(.text)
    strcpy                                   0x080043ed   Thumb Code    18  strcpy.o(.text)
    strncmp                                  0x080043ff   Thumb Code    30  strncmp.o(.text)
    vsscanf                                  0x0800441d   Thumb Code    40  vsscanf.o(.text)
    __0sscanf                                0x0800444d   Thumb Code    50  __0sscanf.o(.text)
    _scanf_int                               0x08004489   Thumb Code   330  _scanf_int.o(.text)
    __cpp_initialize__aeabi_                 0x080045d5   Thumb Code    22  cpp_init.o(.text)
    __aeabi_f2ulz                            0x080045f5   Thumb Code    48  ffixul.o(.text)
    __default_new_handler()                  0x08004625   Thumb Code     8  arm_newhandler_noexceptions.o(.text)
    __aeabi_uldivmod                         0x0800462d   Thumb Code    96  uldiv.o(.text)
    __aeabi_llsl                             0x0800468d   Thumb Code    32  llshl.o(.text)
    _ll_shift_l                              0x0800468d   Thumb Code     0  llshl.o(.text)
    _chval                                   0x080046ad   Thumb Code    30  _chval.o(.text)
    _scanf_longlong                          0x080046cb   Thumb Code   330  _scanf_longlong.o(.text)
    _scanf_string                            0x08004815   Thumb Code   232  _scanf_str.o(.text)
    _scanf_real                              0x080049f3   Thumb Code     0  scanf_fp.o(.text)
    _scanf_really_real                       0x080049f3   Thumb Code   586  scanf_fp.o(.text)
    __vfscanf_char                           0x08004c55   Thumb Code    24  scanf_char.o(.text)
    _sgetc                                   0x08004c75   Thumb Code    32  _sgetc.o(.text)
    _sbackspace                              0x08004c95   Thumb Code    36  _sgetc.o(.text)
    __I$use$fp                               0x08004cb9   Thumb Code     0  iusefp.o(.text)
    __rt_ddtor_pointer_addr                  0x08004cb9   Thumb Code     4  cpp_dtor.o(.text)
    __rt_lib_shutdown_cpp_1                  0x08004cc1   Thumb Code     2  cpp_final.o(.text)
    __rt_new_handler_addr                    0x08004cc5   Thumb Code     4  cpp_memory.o(.text)
    __aeabi_unwind_cpp_pr0                   0x08004ccd   Thumb Code     4  cpp_unwinder.o(.text)
    __aeabi_unwind_cpp_pr1                   0x08004cd1   Thumb Code     4  cpp_unwinder.o(.text)
    _Unwind_DeleteException                  0x08004cd5   Thumb Code     2  cpp_unwinder.o(.text)
    _Unwind_Activity                         0x08004cd7   Thumb Code     2  cpp_unwinder.o(.text)
    _Unwind_RaiseException                   0x08004cd9   Thumb Code     4  cpp_unwinder.o(.text)
    __rt_eh_globals_addr                     0x08004cdd   Thumb Code    10  cpp_unwinder.o(.text)
    _float_round                             0x08004ced   Thumb Code    16  fepilogue.o(.text)
    _float_epilogue                          0x08004cfd   Thumb Code   114  fepilogue.o(.text)
    __aeabi_dadd                             0x08004d71   Thumb Code   328  dadd.o(.text)
    __aeabi_dsub                             0x08004eb9   Thumb Code    12  dadd.o(.text)
    __aeabi_drsub                            0x08004ec5   Thumb Code    12  dadd.o(.text)
    __aeabi_dmul                             0x08004ed5   Thumb Code   202  dmul.o(.text)
    __aeabi_ddiv                             0x08004fa5   Thumb Code   234  ddiv.o(.text)
    __aeabi_d2ulz                            0x08005095   Thumb Code    54  dfixul.o(.text)
    __aeabi_cdrcmple                         0x080050d5   Thumb Code    38  cdrcmple.o(.text)
    std::terminate()                         0x080050fd   Thumb Code    28  arm_exceptions_terminate.o(.text)
    __cxa_get_globals                        0x0800511f   Thumb Code    66  arm_exceptions_globs.o(.text)
    __scatterload                            0x0800516d   Thumb Code    28  init.o(.text)
    __scatterload_rt2                        0x0800516d   Thumb Code     0  init.o(.text)
    __aeabi_lmul                             0x08005191   Thumb Code   122  llmul.o(.text)
    _ll_mul                                  0x08005191   Thumb Code     0  llmul.o(.text)
    __aeabi_lasr                             0x0800520b   Thumb Code    38  llsshr.o(.text)
    _ll_sshift_r                             0x0800520b   Thumb Code     0  llsshr.o(.text)
    isspace                                  0x08005231   Thumb Code    14  isspace_c.o(.text)
    __vfscanf                                0x08005241   Thumb Code   812  _scanf.o(.text)
    _double_round                            0x08005579   Thumb Code    26  depilogue.o(.text)
    _double_epilogue                         0x08005593   Thumb Code   164  depilogue.o(.text)
    __aeabi_ul2d                             0x08005639   Thumb Code    22  dfltul.o(.text)
    __aeabi_d2f                              0x08005655   Thumb Code    56  d2f.o(.text)
    __ARM_exceptions_buffer_init             0x0800568d   Thumb Code    18  arm_exceptions_mem.o(.text)
    __ARM_exceptions_buffer_allocate         0x0800569f   Thumb Code    26  arm_exceptions_mem.o(.text)
    __ARM_exceptions_buffer_free             0x080056b9   Thumb Code    22  arm_exceptions_mem.o(.text)
    __ctype_lookup                           0x080056d1   Thumb Code    32  ctype_c.o(.text)
    __decompress                             0x080056f5   Thumb Code     0  __dczerorl2.o(.text)
    __decompress1                            0x080056f5   Thumb Code    86  __dczerorl2.o(.text)
    main                                     0x0800574b   Thumb Code    16  retarget.o(i.$Sub$$main)
    FLASH_PageErase                          0x08005765   Thumb Code    26  stm32f0xx_hal_flash.o(i.FLASH_PageErase)
    FLASH_WaitForLastOperation               0x08005785   Thumb Code    92  stm32f0xx_hal_flash.o(i.FLASH_WaitForLastOperation)
    HAL_FLASHEx_Erase                        0x080057e9   Thumb Code   176  stm32f0xx_hal_flash_ex.o(i.HAL_FLASHEx_Erase)
    HAL_FLASH_Lock                           0x080058a5   Thumb Code    14  stm32f0xx_hal_flash.o(i.HAL_FLASH_Lock)
    HAL_FLASH_Program                        0x080058b9   Thumb Code   122  stm32f0xx_hal_flash.o(i.HAL_FLASH_Program)
    HAL_FLASH_Unlock                         0x08005941   Thumb Code    24  stm32f0xx_hal_flash.o(i.HAL_FLASH_Unlock)
    HAL_GPIO_Init                            0x08005965   Thumb Code   412  stm32f0xx_hal_gpio.o(i.HAL_GPIO_Init)
    HAL_GetTick                              0x08005b19   Thumb Code     6  stm32f0xx_hal.o(i.HAL_GetTick)
    HAL_IWDG_Init                            0x08005b25   Thumb Code   172  stm32f0xx_hal_iwdg.o(i.HAL_IWDG_Init)
    HAL_IWDG_MspInit                         0x08005bd9   Thumb Code     2  stm32f0xx_hal_iwdg.o(i.HAL_IWDG_MspInit)
    HAL_IWDG_Refresh                         0x08005bdd   Thumb Code    90  stm32f0xx_hal_iwdg.o(i.HAL_IWDG_Refresh)
    HAL_IWDG_Start                           0x08005c3d   Thumb Code   110  stm32f0xx_hal_iwdg.o(i.HAL_IWDG_Start)
    HAL_IncTick                              0x08005cb9   Thumb Code    10  stm32f0xx_hal.o(i.HAL_IncTick)
    HAL_Init                                 0x08005cc9   Thumb Code    26  stm32f0xx_hal.o(i.HAL_Init)
    HAL_InitTick                             0x08005ce9   Thumb Code    34  stm32f0xx_hal.o(i.HAL_InitTick)
    HAL_MspInit                              0x08005d0b   Thumb Code     2  stm32f0xx_hal.o(i.HAL_MspInit)
    HAL_NVIC_SetPriority                     0x08005d0d   Thumb Code    60  stm32f0xx_hal_cortex.o(i.HAL_NVIC_SetPriority)
    HAL_RCC_ClockConfig                      0x08005d51   Thumb Code   454  stm32f0xx_hal_rcc_ex.o(i.HAL_RCC_ClockConfig)
    HAL_RCC_GetHCLKFreq                      0x08005f25   Thumb Code    26  stm32f0xx_hal_rcc.o(i.HAL_RCC_GetHCLKFreq)
    HAL_RCC_GetPCLK1Freq                     0x08005f4d   Thumb Code    36  stm32f0xx_hal_rcc.o(i.HAL_RCC_GetPCLK1Freq)
    HAL_RCC_GetSysClockFreq                  0x08005f7d   Thumb Code    60  stm32f0xx_hal_rcc_ex.o(i.HAL_RCC_GetSysClockFreq)
    HAL_SPI_Init                             0x08005fcd   Thumb Code   192  stm32f0xx_hal_spi.o(i.HAL_SPI_Init)
    HAL_SPI_MspInit                          0x08006091   Thumb Code     2  stm32f0xx_hal_spi.o(i.HAL_SPI_MspInit)
    HAL_SYSTICK_Config                       0x08006095   Thumb Code    46  stm32f0xx_hal_cortex.o(i.HAL_SYSTICK_Config)
    HAL_TIM_Base_Init                        0x080060d1   Thumb Code    48  stm32f0xx_hal_tim.o(i.HAL_TIM_Base_Init)
    HAL_TIM_Base_MspInit                     0x08006101   Thumb Code     2  stm32f0xx_hal_tim.o(i.HAL_TIM_Base_MspInit)
    HAL_TIM_Base_Start                       0x08006103   Thumb Code    24  stm32f0xx_hal_tim.o(i.HAL_TIM_Base_Start)
    HAL_UART_Init                            0x0800611b   Thumb Code   104  stm32f0xx_hal_uart.o(i.HAL_UART_Init)
    HAL_UART_MspInit                         0x08006183   Thumb Code     2  stm32f0xx_hal_uart.o(i.HAL_UART_MspInit)
    NVIC_SetVector                           0x08006185   Thumb Code    74  cmsis_nvic.o(i.NVIC_SetVector)
    Set_GPIO_Clock                           0x080061d9   Thumb Code   104  pinmap.o(i.Set_GPIO_Clock)
    TIM_Base_SetConfig                       0x08006259   Thumb Code   106  stm32f0xx_hal_tim.o(i.TIM_Base_SetConfig)
    UART_AdvFeatureConfig                    0x080062dd   Thumb Code   204  stm32f0xx_hal_uart.o(i.UART_AdvFeatureConfig)
    UART_CheckIdleState                      0x080063a9   Thumb Code    80  stm32f0xx_hal_uart.o(i.UART_CheckIdleState)
    UART_SetConfig                           0x080063fd   Thumb Code   306  stm32f0xx_hal_uart.o(i.UART_SetConfig)
    UART_WaitOnFlagUntilTimeout              0x08006549   Thumb Code   212  stm32f0xx_hal_uart.o(i.UART_WaitOnFlagUntilTimeout)
    CircularBuffer::erase_begin(unsigned)    0x0800661d   Thumb Code    36  wifiobj.o(i._ZN14CircularBuffer11erase_beginEj)
    CircularBuffer::pop_front()              0x08006641   Thumb Code    18  wifiobj.o(i._ZN14CircularBuffer9pop_frontEv)
    CircularBuffer::push_back(unsigned char) 0x08006653   Thumb Code    48  lt8910.o(i._ZN14CircularBuffer9push_backEh)
    CircularBuffer::CircularBuffer(unsigned char*, int) 0x08006683   Thumb Code    12  main.o(i._ZN14CircularBufferC1EPhi)
    CircularBuffer::CircularBuffer__sub_object(unsigned char*, int) 0x08006683   Thumb Code     0  main.o(i._ZN14CircularBufferC1EPhi)
    mbed::DigitalOut::read()                 0x0800668f   Thumb Code     8  main.o(i._ZN4mbed10DigitalOut4readEv)
    mbed::DigitalOut::DigitalOut(PinName)    0x08006697   Thumb Code    26  main.o(i._ZN4mbed10DigitalOutC1E7PinName)
    mbed::DigitalOut::DigitalOut__sub_object(PinName) 0x08006697   Thumb Code     0  main.o(i._ZN4mbed10DigitalOutC1E7PinName)
    mbed::DigitalOut::operator =(int)        0x080066b1   Thumb Code    18  main.o(i._ZN4mbed10DigitalOutaSEi)
    mbed::DigitalOut::operator int()         0x080066c3   Thumb Code     8  main.o(i._ZN4mbed10DigitalOutcviEv)
    mbed::SerialBase::_base_getc()           0x080066cb   Thumb Code    10  SerialBase.o(i._ZN4mbed10SerialBase10_base_getcEv)
    mbed::SerialBase::_base_putc(int)        0x080066d5   Thumb Code    14  SerialBase.o(i._ZN4mbed10SerialBase10_base_putcEi)
    mbed::SerialBase::_irq_handler(unsigned, SerialIrq) 0x080066e3   Thumb Code    16  SerialBase.o(i._ZN4mbed10SerialBase12_irq_handlerEj9SerialIrq)
    mbed::SerialBase::baud(int)              0x080066f3   Thumb Code    16  SerialBase.o(i._ZN4mbed10SerialBase4baudEi)
    mbed::SerialBase::attach(void(*)(), mbed::SerialBase::IrqType) 0x08006703   Thumb Code    46  SerialBase.o(i._ZN4mbed10SerialBase6attachEPFvvENS0_7IrqTypeE)
    mbed::SerialBase::readable()             0x08006731   Thumb Code    10  SerialBase.o(i._ZN4mbed10SerialBase8readableEv)
    mbed::SerialBase::SerialBase(PinName, PinName) 0x0800673d   Thumb Code    72  SerialBase.o(i._ZN4mbed10SerialBaseC1E7PinNameS1_)
    mbed::SerialBase::SerialBase__sub_object(PinName, PinName) 0x0800673d   Thumb Code     0  SerialBase.o(i._ZN4mbed10SerialBaseC1E7PinNameS1_)
    mbed::TimerEvent::irq(unsigned)          0x08006791   Thumb Code     6  TimerEvent.o(i._ZN4mbed10TimerEvent3irqEj)
    mbed::TimerEvent::insert(unsigned long long) 0x08006797   Thumb Code    12  TimerEvent.o(i._ZN4mbed10TimerEvent6insertEy)
    mbed::TimerEvent::remove()               0x080067a3   Thumb Code    10  TimerEvent.o(i._ZN4mbed10TimerEvent6removeEv)
    mbed::TimerEvent::TimerEvent__sub_object() 0x080067ad   Thumb Code    28  TimerEvent.o(i._ZN4mbed10TimerEventC2Ev)
    mbed::TimerEvent::~TimerEvent()          0x080067d1   Thumb Code     0  TimerEvent.o(i._ZN4mbed10TimerEventD2Ev)
    mbed::TimerEvent::~TimerEvent__sub_object() 0x080067d1   Thumb Code    20  TimerEvent.o(i._ZN4mbed10TimerEventD2Ev)
    mbed::InterruptIn::enable_irq()          0x080067e9   Thumb Code    10  InterruptIn.o(i._ZN4mbed11InterruptIn10enable_irqEv)
    mbed::InterruptIn::disable_irq()         0x080067f3   Thumb Code    10  InterruptIn.o(i._ZN4mbed11InterruptIn11disable_irqEv)
    mbed::InterruptIn::_irq_handler(unsigned, gpio_irq_event) 0x080067fd   Thumb Code    26  InterruptIn.o(i._ZN4mbed11InterruptIn12_irq_handlerEj14gpio_irq_event)
    mbed::InterruptIn::rise(void(*)())       0x08006817   Thumb Code    40  InterruptIn.o(i._ZN4mbed11InterruptIn4riseEPFvvE)
    mbed::InterruptIn::InterruptIn(PinName)  0x08006841   Thumb Code    70  InterruptIn.o(i._ZN4mbed11InterruptInC1E7PinName)
    mbed::InterruptIn::InterruptIn__sub_object(PinName) 0x08006841   Thumb Code     0  InterruptIn.o(i._ZN4mbed11InterruptInC1E7PinName)
    mbed::InterruptIn::~InterruptIn()        0x08006891   Thumb Code    20  InterruptIn.o(i._ZN4mbed11InterruptInD1Ev)
    mbed::InterruptIn::~InterruptIn__sub_object() 0x08006891   Thumb Code     0  InterruptIn.o(i._ZN4mbed11InterruptInD1Ev)
    mbed::InterruptIn::operator int()        0x080068a9   Thumb Code    36  InterruptIn.o(i._ZN4mbed11InterruptIncviEv)
    mbed::FunctionPointer::call()            0x080068d5   Thumb Code    26  FunctionPointer.o(i._ZN4mbed15FunctionPointer4callEv)
    mbed::FunctionPointer::attach(void(*)()) 0x080068ef   Thumb Code     8  FunctionPointer.o(i._ZN4mbed15FunctionPointer6attachEPFvvE)
    mbed::FunctionPointer::FunctionPointer(void(*)()) 0x080068f7   Thumb Code    10  FunctionPointer.o(i._ZN4mbed15FunctionPointerC1EPFvvE)
    mbed::FunctionPointer::FunctionPointer__sub_object(void(*)()) 0x080068f7   Thumb Code     0  FunctionPointer.o(i._ZN4mbed15FunctionPointerC1EPFvvE)
    mbed::SPI::write(int)                    0x08006901   Thumb Code    46  SPI.o(i._ZN4mbed3SPI5writeEi)
    mbed::SPI::format(int, int)              0x08006935   Thumb Code    32  SPI.o(i._ZN4mbed3SPI6formatEii)
    mbed::SPI::frequency(int)                0x08006959   Thumb Code    36  SPI.o(i._ZN4mbed3SPI9frequencyEi)
    mbed::SPI::SPI(PinName, PinName, PinName, PinName) 0x08006981   Thumb Code    70  SPI.o(i._ZN4mbed3SPIC1E7PinNameS1_S1_S1_)
    mbed::SPI::SPI__sub_object(PinName, PinName, PinName, PinName) 0x08006981   Thumb Code     0  SPI.o(i._ZN4mbed3SPIC1E7PinNameS1_S1_S1_)
    mbed::SPI::~SPI()                        0x080069d1   Thumb Code     2  SPI.o(i._ZN4mbed3SPID1Ev)
    mbed::SPI::~SPI__sub_object()            0x080069d1   Thumb Code     0  SPI.o(i._ZN4mbed3SPID1Ev)
    mbed::Timer::reset()                     0x080069d3   Thumb Code    16  Timer.o(i._ZN4mbed5Timer5resetEv)
    mbed::Timer::start()                     0x080069e3   Thumb Code    22  Timer.o(i._ZN4mbed5Timer5startEv)
    mbed::Timer::read_ms()                   0x080069f9   Thumb Code    32  Timer.o(i._ZN4mbed5Timer7read_msEv)
    mbed::Timer::Timer()                     0x08006a19   Thumb Code    24  Timer.o(i._ZN4mbed5TimerC1Ev)
    mbed::Timer::Timer__sub_object()         0x08006a19   Thumb Code     0  Timer.o(i._ZN4mbed5TimerC1Ev)
    mbed::Serial::Serial(PinName, PinName, const char*) 0x08006a31   Thumb Code    32  Serial.o(i._ZN4mbed6SerialC1E7PinNameS1_PKc)
    mbed::Serial::Serial__sub_object(PinName, PinName, const char*) 0x08006a31   Thumb Code     0  Serial.o(i._ZN4mbed6SerialC1E7PinNameS1_PKc)
    mbed::Stream::close()                    0x08006a5d   Thumb Code     4  Stream.o(i._ZN4mbed6Stream5closeEv)
    mbed::Stream::lseek(long, int)           0x08006a61   Thumb Code     4  Stream.o(i._ZN4mbed6Stream5lseekEli)
    mbed::Stream::write(const void*, unsigned) 0x08006a65   Thumb Code    38  Stream.o(i._ZN4mbed6Stream5writeEPKvj)
    mbed::Stream::Stream__sub_object(const char*) 0x08006a8d   Thumb Code    54  Stream.o(i._ZN4mbed6StreamC2EPKc)
    mbed::Ticker::setup(unsigned long long)  0x08006ad5   Thumb Code    38  Ticker.o(i._ZN4mbed6Ticker5setupEy)
    mbed::Ticker::detach()                   0x08006afb   Thumb Code    20  Ticker.o(i._ZN4mbed6Ticker6detachEv)
    mbed::Ticker::handler()                  0x08006b0f   Thumb Code    32  Ticker.o(i._ZN4mbed6Ticker7handlerEv)
    mbed::Ticker::~Ticker()                  0x08006b31   Thumb Code    32  Ticker.o(i._ZN4mbed6TickerD1Ev)
    mbed::Ticker::~Ticker__sub_object()      0x08006b31   Thumb Code     0  Ticker.o(i._ZN4mbed6TickerD1Ev)
    mbed::Timeout::handler()                 0x08006b55   Thumb Code    10  Timeout.o(i._ZN4mbed7Timeout7handlerEv)
    mbed::FileBase::getPathType()            0x08006b5f   Thumb Code     4  FileBase.o(i._ZN4mbed8FileBase11getPathTypeEv)
    mbed::FileBase::lookup(const char*, unsigned) 0x08006b65   Thumb Code    56  FileBase.o(i._ZN4mbed8FileBase6lookupEPKcj)
    mbed::FileBase::FileBase(const char*, mbed::PathType) 0x08006ba1   Thumb Code    26  FileBase.o(i._ZN4mbed8FileBaseC1EPKcNS_8PathTypeE)
    mbed::FileBase::FileBase__sub_object(const char*, mbed::PathType) 0x08006ba1   Thumb Code     0  FileBase.o(i._ZN4mbed8FileBaseC1EPKcNS_8PathTypeE)
    mbed::FileLike::FileLike__sub_object(const char*) 0x08006bc5   Thumb Code    24  FileLike.o(i._ZN4mbed8FileLikeC2EPKc)
    mbed::FilePath::fileSystem()             0x08006be9   Thumb Code    26  FilePath.o(i._ZN4mbed8FilePath10fileSystemEv)
    mbed::FilePath::file()                   0x08006c03   Thumb Code    32  FilePath.o(i._ZN4mbed8FilePath4fileEv)
    mbed::FilePath::exists()                 0x08006c23   Thumb Code    10  FilePath.o(i._ZN4mbed8FilePath6existsEv)
    mbed::FilePath::isFile()                 0x08006c2d   Thumb Code    24  FilePath.o(i._ZN4mbed8FilePath6isFileEv)
    mbed::FilePath::fileName()               0x08006c45   Thumb Code     4  FilePath.o(i._ZN4mbed8FilePath8fileNameEv)
    mbed::FilePath::FilePath(const char*)    0x08006c49   Thumb Code    68  FilePath.o(i._ZN4mbed8FilePathC1EPKc)
    mbed::FilePath::FilePath__sub_object(const char*) 0x08006c49   Thumb Code     0  FilePath.o(i._ZN4mbed8FilePathC1EPKc)
    mbed::DigitalIn::read()                  0x08006c8d   Thumb Code     8  main.o(i._ZN4mbed9DigitalIn4readEv)
    mbed::DigitalIn::DigitalIn(PinName)      0x08006c95   Thumb Code    26  main.o(i._ZN4mbed9DigitalInC1E7PinName)
    mbed::DigitalIn::DigitalIn__sub_object(PinName) 0x08006c95   Thumb Code     0  main.o(i._ZN4mbed9DigitalInC1E7PinName)
    mbed::DigitalIn::operator int()          0x08006caf   Thumb Code    18  wifiobj.o(i._ZN4mbed9DigitalIncviEv)
    CircularBuffer::size() const             0x08006cc1   Thumb Code    20  wifiobj.o(i._ZNK14CircularBuffer4sizeEv)
    CircularBuffer::empty() const            0x08006cd5   Thumb Code    18  wifiobj.o(i._ZNK14CircularBuffer5emptyEv)
    CircularBuffer::front() const            0x08006ce7   Thumb Code     8  wifiobj.o(i._ZNK14CircularBuffer5frontEv)
    CircularBuffer::operator [](unsigned) const 0x08006cef   Thumb Code    22  wifiobj.o(i._ZNK14CircularBufferixEj)
    thunk{-92} to mbed::Serial::_putc(int)   0x08006d05   Thumb Code    10  Serial.o(i._ZThn92_N4mbed6Serial5_putcEi)
    operator delete[] (void*)                0x08006d0f   Thumb Code     8  array_del.o(i._ZdaPv)
    operator delete (void*)                  0x08006d17   Thumb Code     8  delete.o(i._ZdlPv)
    operator new[] (unsigned)                0x08006d1f   Thumb Code     8  array_new.o(i._Znaj)
    operator new(unsigned)                   0x08006d29   Thumb Code    36  new.o(i._Znwj)
    __0fprintf                               0x08006d51   Thumb Code    24  printfa.o(i.__0fprintf)
    __1fprintf                               0x08006d51   Thumb Code     0  printfa.o(i.__0fprintf)
    __2fprintf                               0x08006d51   Thumb Code     0  printfa.o(i.__0fprintf)
    __c89fprintf                             0x08006d51   Thumb Code     0  printfa.o(i.__0fprintf)
    fprintf                                  0x08006d51   Thumb Code     0  printfa.o(i.__0fprintf)
    __0printf                                0x08006d6d   Thumb Code    24  printfa.o(i.__0printf)
    __1printf                                0x08006d6d   Thumb Code     0  printfa.o(i.__0printf)
    __2printf                                0x08006d6d   Thumb Code     0  printfa.o(i.__0printf)
    __c89printf                              0x08006d6d   Thumb Code     0  printfa.o(i.__0printf)
    printf                                   0x08006d6d   Thumb Code     0  printfa.o(i.__0printf)
    __0sprintf                               0x08006d8d   Thumb Code    36  printfa.o(i.__0sprintf)
    __1sprintf                               0x08006d8d   Thumb Code     0  printfa.o(i.__0sprintf)
    __2sprintf                               0x08006d8d   Thumb Code     0  printfa.o(i.__0sprintf)
    __c89sprintf                             0x08006d8d   Thumb Code     0  printfa.o(i.__0sprintf)
    sprintf                                  0x08006d8d   Thumb Code     0  printfa.o(i.__0sprintf)
    __0vfprintf                              0x08006db5   Thumb Code    20  printfa.o(i.__0vfprintf)
    __1vfprintf                              0x08006db5   Thumb Code     0  printfa.o(i.__0vfprintf)
    __2vfprintf                              0x08006db5   Thumb Code     0  printfa.o(i.__0vfprintf)
    __c89vfprintf                            0x08006db5   Thumb Code     0  printfa.o(i.__0vfprintf)
    vfprintf                                 0x08006db5   Thumb Code     0  printfa.o(i.__0vfprintf)
    __0vsprintf                              0x08006dcd   Thumb Code    30  printfa.o(i.__0vsprintf)
    __1vsprintf                              0x08006dcd   Thumb Code     0  printfa.o(i.__0vsprintf)
    __2vsprintf                              0x08006dcd   Thumb Code     0  printfa.o(i.__0vsprintf)
    __c89vsprintf                            0x08006dcd   Thumb Code     0  printfa.o(i.__0vsprintf)
    vsprintf                                 0x08006dcd   Thumb Code     0  printfa.o(i.__0vsprintf)
    __ARM_clz                                0x08006df1   Thumb Code    46  depilogue.o(i.__ARM_clz)
    __ARM_common_switch8                     0x08006e1f   Thumb Code    26  main.o(i.__ARM_common_switch8)
    __aeabi_atexit                           0x08006e39   Thumb Code    44  aeabi_atexit.o(i.__aeabi_atexit)
    __aeabi_vec_ctor_nocookie_nodtor         0x08006e65   Thumb Code    34  aeabi_vec_ctor_nocookie_nodtor.o(i.__aeabi_vec_ctor_nocookie_nodtor)
    __cxa_finalize                           0x08006e87   Thumb Code    66  cxa_finalize.o(i.__cxa_finalize)
    __cxa_guard_acquire                      0x08006ec9   Thumb Code    18  cxa_guard_acquire.o(i.__cxa_guard_acquire)
    __cxa_pure_virtual                       0x08006edb   Thumb Code    10  pure_virt.o(i.__cxa_pure_virtual)
    __scatterload_copy                       0x08006ee5   Thumb Code    14  handlers.o(i.__scatterload_copy)
    __scatterload_null                       0x08006ef3   Thumb Code     2  handlers.o(i.__scatterload_null)
    __scatterload_zeroinit                   0x08006ef5   Thumb Code    14  handlers.o(i.__scatterload_zeroinit)
    fflush                                   0x08006f03   Thumb Code    24  fflush_f.o(i._fflush$full)
    fopen                                    0x08006f1b   Thumb Code    38  fopen_f.o(i._fopen$full)
    freopen                                  0x08007099   Thumb Code    96  fopen_f.o(i._freopen$full)
    _is_digit                                0x080070f9   Thumb Code    14  scanf_fp.o(i._is_digit)
    _sys_close                               0x0800784d   Thumb Code    38  retarget.o(i._sys_close)
    _sys_open                                0x08007879   Thumb Code   210  retarget.o(i._sys_open)
    _sys_seek                                0x0800795d   Thumb Code    36  retarget.o(i._sys_seek)
    _sys_write                               0x08007985   Thumb Code    84  retarget.o(i._sys_write)
    error                                    0x080079e5   Thumb Code    20  error.o(i.error)
    exit                                     0x080079fd   Thumb Code    24  exit.o(i.exit)
    free                                     0x08007a1d   Thumb Code    80  malloc.o(i.free)
    gpio_dir                                 0x08007a71   Thumb Code    44  gpio_api.o(i.gpio_dir)
    gpio_init                                0x08007abd   Thumb Code    56  gpio_api.o(i.gpio_init)
    gpio_init_in                             0x08007af5   Thumb Code    34  gpio.o(i.gpio_init_in)
    gpio_init_out                            0x08007b19   Thumb Code    56  gpio.o(i.gpio_init_out)
    gpio_irq_disable                         0x08007b7d   Thumb Code    20  gpio_irq_api.o(i.gpio_irq_disable)
    gpio_irq_enable                          0x08007b95   Thumb Code    16  gpio_irq_api.o(i.gpio_irq_enable)
    gpio_irq_free                            0x08007ba9   Thumb Code    60  gpio_irq_api.o(i.gpio_irq_free)
    gpio_irq_init                            0x08007bed   Thumb Code   184  gpio_irq_api.o(i.gpio_irq_init)
    gpio_irq_set                             0x08007ced   Thumb Code   114  gpio_irq_api.o(i.gpio_irq_set)
    gpio_mode                                0x08007d5f   Thumb Code    14  gpio_api.o(i.gpio_mode)
    malloc                                   0x08007e6d   Thumb Code    92  malloc.o(i.malloc)
    mbed_assert_internal                     0x08007ed9   Thumb Code    22  assert.o(i.mbed_assert_internal)
    mbed_die                                 0x08007f29   Thumb Code    16  board.o(i.mbed_die)
    mbed_main                                0x08007f39   Thumb Code     2  retarget.o(i.mbed_main)
    mbed_sdk_init                            0x08007f3b   Thumb Code     8  mbed_overrides.o(i.mbed_sdk_init)
    pin_function                             0x08007f45   Thumb Code    78  pinmap.o(i.pin_function)
    pin_mode                                 0x08007fb1   Thumb Code    60  pinmap.o(i.pin_mode)
    pinmap_merge                             0x08008005   Thumb Code    30  pinmap_common.o(i.pinmap_merge)
    pinmap_peripheral                        0x08008039   Thumb Code    60  pinmap_common.o(i.pinmap_peripheral)
    pinmap_pinout                            0x08008095   Thumb Code    60  pinmap_common.o(i.pinmap_pinout)
    serial_baud                              0x080080e5   Thumb Code    10  serial_api.o(i.serial_baud)
    serial_getc                              0x080080f1   Thumb Code    26  serial_api.o(i.serial_getc)
    serial_init                              0x08008111   Thumb Code   202  serial_api.o(i.serial_init)
    serial_irq_handler                       0x08008219   Thumb Code    14  serial_api.o(i.serial_irq_handler)
    serial_irq_set                           0x08008231   Thumb Code   118  serial_api.o(i.serial_irq_set)
    serial_putc                              0x080082c5   Thumb Code    30  serial_api.o(i.serial_putc)
    serial_readable                          0x080082e9   Thumb Code    18  serial_api.o(i.serial_readable)
    serial_writable                          0x08008301   Thumb Code    18  serial_api.o(i.serial_writable)
    spi_format                               0x08008319   Thumb Code    78  spi_api.o(i.spi_format)
    spi_frequency                            0x08008369   Thumb Code   104  spi_api.o(i.spi_frequency)
    spi_init                                 0x080083fd   Thumb Code   218  spi_api.o(i.spi_init)
    spi_master_write                         0x08008511   Thumb Code    74  spi_api.o(i.spi_master_write)
    us_ticker_clear_interrupt                0x0800868d   Thumb Code    22  us_ticker.o(i.us_ticker_clear_interrupt)
    us_ticker_disable_interrupt              0x080086ad   Thumb Code    16  us_ticker.o(i.us_ticker_disable_interrupt)
    us_ticker_init                           0x080086c5   Thumb Code   104  us_ticker.o(i.us_ticker_init)
    us_ticker_insert_event                   0x08008755   Thumb Code    70  us_ticker_api.o(i.us_ticker_insert_event)
    us_ticker_irq_handler                    0x080087a1   Thumb Code    60  us_ticker_api.o(i.us_ticker_irq_handler)
    us_ticker_read                           0x080087e1   Thumb Code    42  us_ticker.o(i.us_ticker_read)
    us_ticker_remove_event                   0x08008815   Thumb Code    60  us_ticker_api.o(i.us_ticker_remove_event)
    us_ticker_set_handler                    0x08008855   Thumb Code    14  us_ticker_api.o(i.us_ticker_set_handler)
    us_ticker_set_interrupt                  0x08008869   Thumb Code   116  us_ticker.o(i.us_ticker_set_interrupt)
    wait_ms                                  0x080088ed   Thumb Code    28  wait_api.o(i.wait_ms)
    wait_us                                  0x08008909   Thumb Code    22  wait_api.o(i.wait_us)
    void mbed::FunctionPointer::membercaller<BufferedSerial>(void*, char*) 0x0800891f   Thumb Code    66  bufferedserial.o(t._ZN4mbed15FunctionPointer12membercallerI14BufferedSerialEEvPvPc)
    void mbed::FunctionPointer::membercaller<LT8910>(void*, char*) 0x08008961   Thumb Code    66  lt8910.o(t._ZN4mbed15FunctionPointer12membercallerI6LT8910EEvPvPc)
    void mbed::FunctionPointer::membercaller<WifiObj>(void*, char*) 0x080089a3   Thumb Code    66  wifiobj.o(t._ZN4mbed15FunctionPointer12membercallerI7WifiObjEEvPvPc)
    Buffer<char>::clear()                    0x080089e5   Thumb Code    18  buffer.o(t._ZN6BufferIcE5clearEv)
    Buffer<char>::Buffer(unsigned)           0x080089f7   Thumb Code    26  buffer.o(t._ZN6BufferIcEC1Ej)
    Buffer<char>::Buffer__sub_object(unsigned) 0x080089f7   Thumb Code     0  buffer.o(t._ZN6BufferIcEC1Ej)
    Buffer<char>::~Buffer()                  0x08008a11   Thumb Code    14  buffer.o(t._ZN6BufferIcED1Ev)
    Buffer<char>::~Buffer__sub_object()      0x08008a11   Thumb Code     0  buffer.o(t._ZN6BufferIcED1Ev)
    Buffer<char>::operator =(char)           0x08008a1f   Thumb Code    30  bufferedserial.o(t._ZN6BufferIcEaSEc)
    AHBPrescTable                            0x08008a54   Data          16  system_stm32f0xx.o(.constdata)
    kTxChannel                               0x08008a78   Data           8  commrf.o(.constdata)
    kRxChannel                               0x08008a80   Data           4  commrf.o(.constdata)
    kRemoterChannel                          0x08008a84   Data           4  commrf.o(.constdata)
    tab_encrypt                              0x08008a8a   Data         512  commwifi.o(.constdata)
    APBAHBPrescTable                         0x08008c94   Data          16  stm32f0xx_hal_rcc.o(.constdata)
    PLLMULFactorTable                        0x08008ca4   Data          16  stm32f0xx_hal_rcc_ex.o(.constdata)
    PredivFactorTable                        0x08008cb4   Data          16  stm32f0xx_hal_rcc_ex.o(.constdata)
    __ctype_categories                       0x080090bd   Data          64  ctype_c.o(.constdata)
    vtable for BufferedSerial                0x08009100   Data          24  bufferedserial.o(.constdata__ZTV14BufferedSerial)
    vtable for CommRF                        0x08009118   Data          16  commrf.o(.constdata__ZTV6CommRF)
    vtable for LT8910                        0x08009128   Data          16  lt8910.o(.constdata__ZTV6LT8910)
    vtable for WT588D                        0x08009138   Data          16  wt588d.o(.constdata__ZTV6WT588D)
    vtable for mbed::FileHandle              0x08009148   Data          44  retarget.o(.constdata__ZTVN4mbed10FileHandleE)
    vtable for mbed::SerialBase              0x08009174   Data          16  SerialBase.o(.constdata__ZTVN4mbed10SerialBaseE)
    vtable for mbed::TimerEvent              0x08009184   Data          20  TimerEvent.o(.constdata__ZTVN4mbed10TimerEventE)
    vtable for mbed::InterruptIn             0x08009198   Data          16  InterruptIn.o(.constdata__ZTVN4mbed11InterruptInE)
    vtable for mbed::SPI                     0x080091a8   Data          20  SPI.o(.constdata__ZTVN4mbed3SPIE)
    vtable for mbed::Serial                  0x080091bc   Data          92  Serial.o(.constdata__ZTVN4mbed6SerialE)
    vtable for mbed::Stream                  0x08009218   Data          68  Stream.o(.constdata__ZTVN4mbed6StreamE)
    vtable for mbed::Ticker                  0x0800925c   Data          20  Ticker.o(.constdata__ZTVN4mbed6TickerE)
    vtable for mbed::Timeout                 0x08009270   Data          20  Timeout.o(.constdata__ZTVN4mbed7TimeoutE)
    vtable for mbed::FileBase                0x08009284   Data          16  FileBase.o(.constdata__ZTVN4mbed8FileBaseE)
    vtable for mbed::FileLike                0x08009294   Data          60  FileLike.o(.constdata__ZTVN4mbed8FileLikeE)
    Region$$Table$$Base                      0x08009334   Number         0  anon$$obj.o(Region$$Table)
    Region$$Table$$Limit                     0x08009354   Number         0  anon$$obj.o(Region$$Table)
    SHT$$INIT_ARRAY$$Base                    0x08009354   Number         0  main.o(.init_array)
    SHT$$INIT_ARRAY$$Limit                   0x0800935c   Number         0  cpp_init.o(.init_array)
    ee_blueUid                               0x0800fc00   Data           4  commwifi.o(.ARM.__AT_0x0800FC00)
    ee_blueIdMask                            0x0800fc04   Data          12  commwifi.o(.ARM.__AT_0x0800FC04)
    ee_greenUid                              0x0800fc10   Data           4  commwifi.o(.ARM.__AT_0x0800FC10)
    ee_greenIdMask                           0x0800fc14   Data          12  commwifi.o(.ARM.__AT_0x0800FC14)
    eepromDatas                              0x0800fc20   Data          16  commwifi.o(.ARM.__AT_0x0800FC20)
    ee_ssid                                  0x0800fc30   Data          16  commwifi.o(.ARM.__AT_0x0800FC30)
    ee_password                              0x0800fc40   Data          16  commwifi.o(.ARM.__AT_0x0800FC40)
    mcu_uid                                  0x1ffff7ac   Data          12  main.o(.ARM.__AT_0x1FFFF7AC)
    kFlashSizeInKBytes                       0x1ffff7cc   Data           2  main.o(.ARM.__AT_0x1FFFF7CC)
    sys_status                               0x200000b4   Data           1  main.o(.data)
    BoardOpt                                 0x200000b8   Data           4  main.o(.data)
    CommRF::tx_device_                       0x200000bc   Data           4  main.o(.data)
    CommRF::rx_device_                       0x200000c0   Data           4  main.o(.data)
    pc                                       0x200000d8   Data           4  main.o(.data)
    debug_uart                               0x200000dc   Data           4  main.o(.data)
    wifi                                     0x200000e0   Data           4  main.o(.data)
    button                                   0x200000e4   Data           4  main.o(.data)
    pvoice                                   0x200000e8   Data           4  main.o(.data)
    amp_en                                   0x200000ec   Data           4  main.o(.data)
    led_power                                0x200000f0   Data           4  main.o(.data)
    rfRst                                    0x200000f4   Data           4  main.o(.data)
    commRF                                   0x200000f8   Data           4  main.o(.data)
    phone                                    0x200000fc   Data           4  main.o(.data)
    SystemCoreClock                          0x20000100   Data           4  system_stm32f0xx.o(.data)
    CommRF::tx_dev_pkt_                      0x20000104   Data           1  commrf.o(.data)
    CommRF::task_id_                         0x20000105   Data           1  commrf.o(.data)
    str_password                             0x2000010c   Data           4  commwifi.o(.data)
    str_version                              0x20000110   Data           4  commwifi.o(.data)
    ssids                                    0x20000144   Data          32  commwifi.o(.data)
    stdio_uart_inited                        0x200001b8   Data           4  serial_api.o(.data)
    mbed::SPI::_owner                        0x200001c8   Data           4  SPI.o(.data)
    mbed::FileBase::_head                    0x200001dc   Data           4  FileBase.o(.data)
    __microlib_freelist                      0x200001f8   Data           4  mvars.o(.data)
    __microlib_freelist_initialised          0x200001fc   Data           4  mvars.o(.data)
    wifi_buf                                 0x2000020c   Data         256  main.o(.bss)
    circular_wifi                            0x2000030c   Data          12  main.o(.bss)
    wifi_rst                                 0x20000318   Data          20  main.o(.bss)
    aud_en                                   0x2000032c   Data          20  main.o(.bss)
    power_lock                               0x20000340   Data          20  main.o(.bss)
    usb_det                                  0x20000354   Data          20  main.o(.bss)
    ticker                                   0x20000368   Data          64  main.o(.bss)
    spi                                      0x200003a8   Data          48  main.o(.bss)
    rf_rxbuf                                 0x200003d8   Data         256  main.o(.bss)
    rf_txbuf                                 0x200004d8   Data         256  main.o(.bss)
    circular_rxbuf                           0x200005d8   Data          12  main.o(.bss)
    circular_txbuf                           0x200005e4   Data          12  main.o(.bss)
    work_timer                               0x200005f0   Data          12  main.o(.bss)
    g_universal_timer                        0x200005fc   Data          12  main.o(.bss)
    ioOption                                 0x20000614   Data          20  main.o(.bss)
    power_tmr                                0x20000628   Data          12  main.o(.bss)
    CommRF::timer_                           0x20000634   Data          12  commrf.o(.bss)
    config                                   0x20000668   Data          48  commwifi.o(.bss)
    pFlash                                   0x200006d8   Data          32  stm32f0xx_hal_flash.o(.bss)
    UartHandle                               0x200008b4   Data         108  serial_api.o(.bss)
    stdio_uart                               0x20000920   Data          28  serial_api.o(.bss)
    __stdout                                 0x200009d8   Data          20  stdout_f.o(.bss)
    __stderr                                 0x200009ec   Data          20  stderr_f.o(.bss)
    __heap_base                              0x20000a00   Data           0  startup_stm32f030.o(HEAP)
    __heap_limit                             0x20001400   Data           0  startup_stm32f030.o(HEAP)
    Image$$RW_IRAM1$$ZI$$Limit               0x20001a00   Number         0  anon$$obj.o ABSOLUTE
    __initial_sp                             0x20001a00   Data           0  startup_stm32f030.o(STACK)
    kMcuIdCode                               0x40015800   Data           4  main.o(.ARM.__AT_0x40015800)



==============================================================================

Memory Map of the image

  Image Entry point : 0x080000b5

  Load Region LR_IROM1 (Base: 0x08000000, Size: 0x000094a8, Max: 0x00010000, ABSOLUTE, COMPRESSED[0x000093a8])

    Execution Region ER_IROM1 (Base: 0x08000000, Size: 0x0000935c, Max: 0x00010000, ABSOLUTE)

    Base Addr    Size         Type   Attr      Idx    E Section Name        Object

    0x08000000   0x000000b4   Data   RO          814    RESET               startup_stm32f030.o
    0x080000b4   0x00000000   Code   RO         4298  * .ARM.Collect$$$$00000000  mc_p.l(entry.o)
    0x080000b4   0x00000004   Code   RO         4706    .ARM.Collect$$$$00000001  mc_p.l(entry2.o)
    0x080000b8   0x00000004   Code   RO         4709    .ARM.Collect$$$$00000004  mc_p.l(entry5.o)
    0x080000bc   0x00000004   Code   RO         4300    .ARM.Collect$$$$00000006  mc_p.l(entry6b.o)
    0x080000c0   0x00000000   Code   RO         4711    .ARM.Collect$$$$00000008  mc_p.l(entry7b.o)
    0x080000c0   0x00000004   Code   RO         4712    .ARM.Collect$$$$00000009  mc_p.l(entry8a.o)
    0x080000c4   0x00000000   Code   RO         4713    .ARM.Collect$$$$0000000A  mc_p.l(entry8b.o)
    0x080000c4   0x00000008   Code   RO         4714    .ARM.Collect$$$$0000000B  mc_p.l(entry9a.o)
    0x080000cc   0x00000000   Code   RO         4716    .ARM.Collect$$$$0000000D  mc_p.l(entry10a.o)
    0x080000cc   0x00000000   Code   RO         4718    .ARM.Collect$$$$0000000F  mc_p.l(entry11a.o)
    0x080000cc   0x00000004   Code   RO         4707    .ARM.Collect$$$$00002712  mc_p.l(entry2.o)
    0x080000d0   0x00000b08   Code   RO            3    .text               main.o
    0x08000bd8   0x0000077c   Code   RO          688    .text               lt8910.o
    0x08001354   0x00000058   Code   RO          815    .text               startup_stm32f030.o
    0x080013ac   0x0000020c   Code   RO          821    .text               system_stm32f0xx.o
    0x080015b8   0x000007f8   Code   RO          990    .text               wifiobj.o
    0x08001db0   0x000001bc   Code   RO         1293    .text               wt588d.o
    0x08001f6c   0x00000438   Code   RO         1365    .text               commrf.o
    0x080023a4   0x00001c78   Code   RO         1543    .text               commwifi.o
    0x0800401c   0x000000a0   Code   RO         1735    .text               flashapp.o
    0x080040bc   0x000001e4   Code   RO         1783    .text               bufferedserial.o
    0x080042a0   0x00000020   Code   RO         4344    .text               mc_p.l(initio_oe.o)
    0x080042c0   0x0000002a   Code   RO         4350    .text               mc_p.l(fputc_fp.o)
    0x080042ea   0x0000002c   Code   RO         4366    .text               mc_p.l(uidiv.o)
    0x08004316   0x00000028   Code   RO         4368    .text               mc_p.l(idiv.o)
    0x0800433e   0x00000022   Code   RO         4370    .text               mc_p.l(llushr.o)
    0x08004360   0x00000024   Code   RO         4372    .text               mc_p.l(memcpya.o)
    0x08004384   0x00000024   Code   RO         4374    .text               mc_p.l(memseta.o)
    0x080043a8   0x0000000e   Code   RO         4378    .text               mc_p.l(strlen.o)
    0x080043b6   0x0000001c   Code   RO         4380    .text               mc_p.l(strcmp.o)
    0x080043d2   0x0000001a   Code   RO         4382    .text               mc_p.l(memcmp.o)
    0x080043ec   0x00000012   Code   RO         4384    .text               mc_p.l(strcpy.o)
    0x080043fe   0x0000001e   Code   RO         4386    .text               mc_p.l(strncmp.o)
    0x0800441c   0x00000030   Code   RO         4653    .text               mc_p.l(vsscanf.o)
    0x0800444c   0x0000003c   Code   RO         4655    .text               mc_p.l(__0sscanf.o)
    0x08004488   0x0000014a   Code   RO         4657    .text               mc_p.l(_scanf_int.o)
    0x080045d2   0x00000002   PAD
    0x080045d4   0x00000020   Code   RO         4662    .text               mc_p.l(cpp_init.o)
    0x080045f4   0x00000030   Code   RO         4672    .text               mf_p.l(ffixul.o)
    0x08004624   0x00000008   Code   RO         4677    .text               cpprt_p.l(arm_newhandler_noexceptions.o)
    0x0800462c   0x00000060   Code   RO         4725    .text               mc_p.l(uldiv.o)
    0x0800468c   0x00000020   Code   RO         4727    .text               mc_p.l(llshl.o)
    0x080046ac   0x0000001e   Code   RO         4757    .text               mc_p.l(_chval.o)
    0x080046ca   0x0000014a   Code   RO         4759    .text               mc_p.l(_scanf_longlong.o)
    0x08004814   0x000000e8   Code   RO         4761    .text               mc_p.l(_scanf_str.o)
    0x080048fc   0x0000034c   Code   RO         4763    .text               mc_p.l(scanf_fp.o)
    0x08004c48   0x0000002c   Code   RO         4767    .text               mc_p.l(scanf_char.o)
    0x08004c74   0x00000044   Code   RO         4769    .text               mc_p.l(_sgetc.o)
    0x08004cb8   0x00000000   Code   RO         4773    .text               mc_p.l(iusefp.o)
    0x08004cb8   0x00000008   Code   RO         4776    .text               mc_p.l(cpp_dtor.o)
    0x08004cc0   0x00000002   Code   RO         4779    .text               mc_p.l(cpp_final.o)
    0x08004cc2   0x00000002   PAD
    0x08004cc4   0x00000008   Code   RO         4781    .text               mc_p.l(cpp_memory.o)
    0x08004ccc   0x00000020   Code   RO         4786    .text               mc_p.l(cpp_unwinder.o)
    0x08004cec   0x00000082   Code   RO         4789    .text               mf_p.l(fepilogue.o)
    0x08004d6e   0x00000002   PAD
    0x08004d70   0x00000164   Code   RO         4791    .text               mf_p.l(dadd.o)
    0x08004ed4   0x000000d0   Code   RO         4793    .text               mf_p.l(dmul.o)
    0x08004fa4   0x000000f0   Code   RO         4795    .text               mf_p.l(ddiv.o)
    0x08005094   0x00000040   Code   RO         4797    .text               mf_p.l(dfixul.o)
    0x080050d4   0x00000028   Code   RO         4799    .text               mf_p.l(cdrcmple.o)
    0x080050fc   0x0000001c   Code   RO         4821    .text               cpprt_p.l(arm_exceptions_terminate.o)
    0x08005118   0x00000054   Code   RO         4824    .text               cpprt_p.l(arm_exceptions_globs.o)
    0x0800516c   0x00000024   Code   RO         4827    .text               mc_p.l(init.o)
    0x08005190   0x0000007a   Code   RO         4829    .text               mc_p.l(llmul.o)
    0x0800520a   0x00000026   Code   RO         4831    .text               mc_p.l(llsshr.o)
    0x08005230   0x0000000e   Code   RO         4833    .text               mc_p.l(isspace_c.o)
    0x0800523e   0x00000002   PAD
    0x08005240   0x00000338   Code   RO         4837    .text               mc_p.l(_scanf.o)
    0x08005578   0x000000be   Code   RO         4840    .text               mf_p.l(depilogue.o)
    0x08005636   0x00000002   PAD
    0x08005638   0x0000001c   Code   RO         4844    .text               mf_p.l(dfltul.o)
    0x08005654   0x00000038   Code   RO         4846    .text               mf_p.l(d2f.o)
    0x0800568c   0x00000042   Code   RO         4851    .text               cpprt_p.l(arm_exceptions_mem.o)
    0x080056ce   0x00000002   PAD
    0x080056d0   0x00000024   Code   RO         4854    .text               mc_p.l(ctype_c.o)
    0x080056f4   0x00000056   Code   RO         4866    .text               mc_p.l(__dczerorl2.o)
    0x0800574a   0x00000010   Code   RO         2215    i.$Sub$$main        retarget.o
    0x0800575a   0x0000000a   Code   RO         3822    i.<Func1>           mbed.ar(SerialBase.o)
    0x08005764   0x00000020   Code   RO         3285    i.FLASH_PageErase   stm32f0xx_hal_flash.o
    0x08005784   0x00000064   Code   RO         3286    i.FLASH_WaitForLastOperation  stm32f0xx_hal_flash.o
    0x080057e8   0x000000bc   Code   RO         3225    i.HAL_FLASHEx_Erase  stm32f0xx_hal_flash_ex.o
    0x080058a4   0x00000014   Code   RO         3290    i.HAL_FLASH_Lock    stm32f0xx_hal_flash.o
    0x080058b8   0x00000088   Code   RO         3295    i.HAL_FLASH_Program  stm32f0xx_hal_flash.o
    0x08005940   0x00000024   Code   RO         3297    i.HAL_FLASH_Unlock  stm32f0xx_hal_flash.o
    0x08005964   0x000001b4   Code   RO         2881    i.HAL_GPIO_Init     stm32f0xx_hal_gpio.o
    0x08005b18   0x0000000c   Code   RO         2991    i.HAL_GetTick       stm32f0xx_hal.o
    0x08005b24   0x000000b4   Code   RO         3102    i.HAL_IWDG_Init     stm32f0xx_hal_iwdg.o
    0x08005bd8   0x00000002   Code   RO         3103    i.HAL_IWDG_MspInit  stm32f0xx_hal_iwdg.o
    0x08005bda   0x00000002   PAD
    0x08005bdc   0x00000060   Code   RO         3104    i.HAL_IWDG_Refresh  stm32f0xx_hal_iwdg.o
    0x08005c3c   0x0000007c   Code   RO         3105    i.HAL_IWDG_Start    stm32f0xx_hal_iwdg.o
    0x08005cb8   0x00000010   Code   RO         2992    i.HAL_IncTick       stm32f0xx_hal.o
    0x08005cc8   0x00000020   Code   RO         2993    i.HAL_Init          stm32f0xx_hal.o
    0x08005ce8   0x00000022   Code   RO         2994    i.HAL_InitTick      stm32f0xx_hal.o
    0x08005d0a   0x00000002   Code   RO         2996    i.HAL_MspInit       stm32f0xx_hal.o
    0x08005d0c   0x00000044   Code   RO         2652    i.HAL_NVIC_SetPriority  stm32f0xx_hal_cortex.o
    0x08005d50   0x000001d4   Code   RO         3160    i.HAL_RCC_ClockConfig  stm32f0xx_hal_rcc_ex.o
    0x08005f24   0x00000028   Code   RO         3129    i.HAL_RCC_GetHCLKFreq  stm32f0xx_hal_rcc.o
    0x08005f4c   0x00000030   Code   RO         3131    i.HAL_RCC_GetPCLK1Freq  stm32f0xx_hal_rcc.o
    0x08005f7c   0x00000050   Code   RO         3161    i.HAL_RCC_GetSysClockFreq  stm32f0xx_hal_rcc_ex.o
    0x08005fcc   0x000000c4   Code   RO         2906    i.HAL_SPI_Init      stm32f0xx_hal_spi.o
    0x08006090   0x00000002   Code   RO         2908    i.HAL_SPI_MspInit   stm32f0xx_hal_spi.o
    0x08006092   0x00000002   PAD
    0x08006094   0x0000003c   Code   RO         2656    i.HAL_SYSTICK_Config  stm32f0xx_hal_cortex.o
    0x080060d0   0x00000030   Code   RO         2390    i.HAL_TIM_Base_Init  stm32f0xx_hal_tim.o
    0x08006100   0x00000002   Code   RO         2392    i.HAL_TIM_Base_MspInit  stm32f0xx_hal_tim.o
    0x08006102   0x00000018   Code   RO         2393    i.HAL_TIM_Base_Start  stm32f0xx_hal_tim.o
    0x0800611a   0x00000068   Code   RO         3374    i.HAL_UART_Init     stm32f0xx_hal_uart.o
    0x08006182   0x00000002   Code   RO         3376    i.HAL_UART_MspInit  stm32f0xx_hal_uart.o
    0x08006184   0x00000054   Code   RO         2198    i.NVIC_SetVector    cmsis_nvic.o
    0x080061d8   0x00000080   Code   RO         3946    i.Set_GPIO_Clock    mbed.ar(pinmap.o)
    0x08006258   0x00000084   Code   RO         2477    i.TIM_Base_SetConfig  stm32f0xx_hal_tim.o
    0x080062dc   0x000000cc   Code   RO         3387    i.UART_AdvFeatureConfig  stm32f0xx_hal_uart.o
    0x080063a8   0x00000054   Code   RO         3388    i.UART_CheckIdleState  stm32f0xx_hal_uart.o
    0x080063fc   0x0000014c   Code   RO         3395    i.UART_SetConfig    stm32f0xx_hal_uart.o
    0x08006548   0x000000d4   Code   RO         3397    i.UART_WaitOnFlagUntilTimeout  stm32f0xx_hal_uart.o
    0x0800661c   0x00000024   Code   RO         1031    i._ZN14CircularBuffer11erase_beginEj  wifiobj.o
    0x08006640   0x00000012   Code   RO         1037    i._ZN14CircularBuffer9pop_frontEv  wifiobj.o
    0x08006652   0x00000030   Code   RO          707    i._ZN14CircularBuffer9push_backEh  lt8910.o
    0x08006682   0x0000000c   Code   RO           67    i._ZN14CircularBufferC1EPhi  main.o
    0x0800668e   0x00000008   Code   RO           43    i._ZN4mbed10DigitalOut4readEv  main.o
    0x08006696   0x0000001a   Code   RO           61    i._ZN4mbed10DigitalOutC1E7PinName  main.o
    0x080066b0   0x00000012   Code   RO           31    i._ZN4mbed10DigitalOutaSEi  main.o
    0x080066c2   0x00000008   Code   RO           49    i._ZN4mbed10DigitalOutcviEv  main.o
    0x080066ca   0x0000000a   Code   RO         3823    i._ZN4mbed10SerialBase10_base_getcEv  mbed.ar(SerialBase.o)
    0x080066d4   0x0000000e   Code   RO         3824    i._ZN4mbed10SerialBase10_base_putcEi  mbed.ar(SerialBase.o)
    0x080066e2   0x00000010   Code   RO         3826    i._ZN4mbed10SerialBase12_irq_handlerEj9SerialIrq  mbed.ar(SerialBase.o)
    0x080066f2   0x00000010   Code   RO         3827    i._ZN4mbed10SerialBase4baudEi  mbed.ar(SerialBase.o)
    0x08006702   0x0000002e   Code   RO         3828    i._ZN4mbed10SerialBase6attachEPFvvENS0_7IrqTypeE  mbed.ar(SerialBase.o)
    0x08006730   0x0000000a   Code   RO         3830    i._ZN4mbed10SerialBase8readableEv  mbed.ar(SerialBase.o)
    0x0800673a   0x00000002   PAD
    0x0800673c   0x00000054   Code   RO         3832    i._ZN4mbed10SerialBaseC1E7PinNameS1_  mbed.ar(SerialBase.o)
    0x08006790   0x00000006   Code   RO         3898    i._ZN4mbed10TimerEvent3irqEj  mbed.ar(TimerEvent.o)
    0x08006796   0x0000000c   Code   RO         3899    i._ZN4mbed10TimerEvent6insertEy  mbed.ar(TimerEvent.o)
    0x080067a2   0x0000000a   Code   RO         3900    i._ZN4mbed10TimerEvent6removeEv  mbed.ar(TimerEvent.o)
    0x080067ac   0x00000024   Code   RO         3901    i._ZN4mbed10TimerEventC2Ev  mbed.ar(TimerEvent.o)
    0x080067d0   0x00000018   Code   RO         3903    i._ZN4mbed10TimerEventD2Ev  mbed.ar(TimerEvent.o)
    0x080067e8   0x0000000a   Code   RO         3674    i._ZN4mbed11InterruptIn10enable_irqEv  mbed.ar(InterruptIn.o)
    0x080067f2   0x0000000a   Code   RO         3675    i._ZN4mbed11InterruptIn11disable_irqEv  mbed.ar(InterruptIn.o)
    0x080067fc   0x0000001a   Code   RO         3676    i._ZN4mbed11InterruptIn12_irq_handlerEj14gpio_irq_event  mbed.ar(InterruptIn.o)
    0x08006816   0x00000028   Code   RO         3680    i._ZN4mbed11InterruptIn4riseEPFvvE  mbed.ar(InterruptIn.o)
    0x0800683e   0x00000002   PAD
    0x08006840   0x00000050   Code   RO         3681    i._ZN4mbed11InterruptInC1E7PinName  mbed.ar(InterruptIn.o)
    0x08006890   0x00000018   Code   RO         3683    i._ZN4mbed11InterruptInD1Ev  mbed.ar(InterruptIn.o)
    0x080068a8   0x0000002c   Code   RO         3684    i._ZN4mbed11InterruptIncviEv  mbed.ar(InterruptIn.o)
    0x080068d4   0x0000001a   Code   RO         3578    i._ZN4mbed15FunctionPointer4callEv  mbed.ar(FunctionPointer.o)
    0x080068ee   0x00000008   Code   RO         3579    i._ZN4mbed15FunctionPointer6attachEPFvvE  mbed.ar(FunctionPointer.o)
    0x080068f6   0x0000000a   Code   RO         3580    i._ZN4mbed15FunctionPointerC1EPFvvE  mbed.ar(FunctionPointer.o)
    0x08006900   0x00000034   Code   RO         3792    i._ZN4mbed3SPI5writeEi  mbed.ar(SPI.o)
    0x08006934   0x00000024   Code   RO         3794    i._ZN4mbed3SPI6formatEii  mbed.ar(SPI.o)
    0x08006958   0x00000028   Code   RO         3795    i._ZN4mbed3SPI9frequencyEi  mbed.ar(SPI.o)
    0x08006980   0x00000050   Code   RO         3796    i._ZN4mbed3SPIC1E7PinNameS1_S1_S1_  mbed.ar(SPI.o)
    0x080069d0   0x00000002   Code   RO         3812    i._ZN4mbed3SPID1Ev  mbed.ar(SPI.o)
    0x080069d2   0x00000010   Code   RO         3869    i._ZN4mbed5Timer5resetEv  mbed.ar(Timer.o)
    0x080069e2   0x00000016   Code   RO         3870    i._ZN4mbed5Timer5startEv  mbed.ar(Timer.o)
    0x080069f8   0x00000020   Code   RO         3871    i._ZN4mbed5Timer7read_msEv  mbed.ar(Timer.o)
    0x08006a18   0x00000018   Code   RO         3874    i._ZN4mbed5TimerC1Ev  mbed.ar(Timer.o)
    0x08006a30   0x0000002c   Code   RO         3751    i._ZN4mbed6SerialC1E7PinNameS1_PKc  mbed.ar(Serial.o)
    0x08006a5c   0x00000004   Code   RO         4041    i._ZN4mbed6Stream5closeEv  mbed.ar(Stream.o)
    0x08006a60   0x00000004   Code   RO         4043    i._ZN4mbed6Stream5lseekEli  mbed.ar(Stream.o)
    0x08006a64   0x00000026   Code   RO         4045    i._ZN4mbed6Stream5writeEPKvj  mbed.ar(Stream.o)
    0x08006a8a   0x00000002   PAD
    0x08006a8c   0x00000048   Code   RO         4048    i._ZN4mbed6StreamC2EPKc  mbed.ar(Stream.o)
    0x08006ad4   0x00000026   Code   RO         3714    i._ZN4mbed6Ticker5setupEy  mbed.ar(Ticker.o)
    0x08006afa   0x00000014   Code   RO         3715    i._ZN4mbed6Ticker6detachEv  mbed.ar(Ticker.o)
    0x08006b0e   0x00000020   Code   RO         3716    i._ZN4mbed6Ticker7handlerEv  mbed.ar(Ticker.o)
    0x08006b2e   0x00000002   PAD
    0x08006b30   0x00000024   Code   RO         3726    i._ZN4mbed6TickerD1Ev  mbed.ar(Ticker.o)
    0x08006b54   0x0000000a   Code   RO         3734    i._ZN4mbed7Timeout7handlerEv  mbed.ar(Timeout.o)
    0x08006b5e   0x00000004   Code   RO         4005    i._ZN4mbed8FileBase11getPathTypeEv  mbed.ar(FileBase.o)
    0x08006b62   0x00000002   PAD
    0x08006b64   0x0000003c   Code   RO         4007    i._ZN4mbed8FileBase6lookupEPKcj  mbed.ar(FileBase.o)
    0x08006ba0   0x00000024   Code   RO         4009    i._ZN4mbed8FileBaseC1EPKcNS_8PathTypeE  mbed.ar(FileBase.o)
    0x08006bc4   0x00000024   Code   RO         4136    i._ZN4mbed8FileLikeC2EPKc  mbed.ar(FileLike.o)
    0x08006be8   0x0000001a   Code   RO         3649    i._ZN4mbed8FilePath10fileSystemEv  mbed.ar(FilePath.o)
    0x08006c02   0x00000020   Code   RO         3651    i._ZN4mbed8FilePath4fileEv  mbed.ar(FilePath.o)
    0x08006c22   0x0000000a   Code   RO         3652    i._ZN4mbed8FilePath6existsEv  mbed.ar(FilePath.o)
    0x08006c2c   0x00000018   Code   RO         3653    i._ZN4mbed8FilePath6isFileEv  mbed.ar(FilePath.o)
    0x08006c44   0x00000004   Code   RO         3654    i._ZN4mbed8FilePath8fileNameEv  mbed.ar(FilePath.o)
    0x08006c48   0x00000044   Code   RO         3655    i._ZN4mbed8FilePathC1EPKc  mbed.ar(FilePath.o)
    0x08006c8c   0x00000008   Code   RO           37    i._ZN4mbed9DigitalIn4readEv  main.o
    0x08006c94   0x0000001a   Code   RO           55    i._ZN4mbed9DigitalInC1E7PinName  main.o
    0x08006cae   0x00000012   Code   RO         1049    i._ZN4mbed9DigitalIncviEv  wifiobj.o
    0x08006cc0   0x00000014   Code   RO         1007    i._ZNK14CircularBuffer4sizeEv  wifiobj.o
    0x08006cd4   0x00000012   Code   RO         1019    i._ZNK14CircularBuffer5emptyEv  wifiobj.o
    0x08006ce6   0x00000008   Code   RO         1013    i._ZNK14CircularBuffer5frontEv  wifiobj.o
    0x08006cee   0x00000016   Code   RO         1025    i._ZNK14CircularBufferixEj  wifiobj.o
    0x08006d04   0x0000000a   Code   RO         3753    i._ZThn92_N4mbed6Serial5_putcEi  mbed.ar(Serial.o)
    0x08006d0e   0x00000008   Code   RO         4163    i._ZdaPv            cpprt_p.l(array_del.o)
    0x08006d16   0x00000008   Code   RO         4170    i._ZdlPv            cpprt_p.l(delete.o)
    0x08006d1e   0x00000008   Code   RO         4166    i._Znaj             cpprt_p.l(array_new.o)
    0x08006d26   0x00000002   PAD
    0x08006d28   0x00000028   Code   RO         4173    i._Znwj             cpprt_p.l(new.o)
    0x08006d50   0x0000001c   Code   RO         4622    i.__0fprintf        mc_p.l(printfa.o)
    0x08006d6c   0x00000020   Code   RO         4623    i.__0printf         mc_p.l(printfa.o)
    0x08006d8c   0x00000028   Code   RO         4625    i.__0sprintf        mc_p.l(printfa.o)
    0x08006db4   0x00000018   Code   RO         4626    i.__0vfprintf       mc_p.l(printfa.o)
    0x08006dcc   0x00000024   Code   RO         4629    i.__0vsprintf       mc_p.l(printfa.o)
    0x08006df0   0x0000002e   Code   RO         4842    i.__ARM_clz         mf_p.l(depilogue.o)
    0x08006e1e   0x0000001a   Code   RO           85    i.__ARM_common_switch8  main.o
    0x08006e38   0x0000002c   Code   RO         4292    i.__aeabi_atexit    cpprt_p.l(aeabi_atexit.o)
    0x08006e64   0x00000022   Code   RO         4295    i.__aeabi_vec_ctor_nocookie_nodtor  cpprt_p.l(aeabi_vec_ctor_nocookie_nodtor.o)
    0x08006e86   0x00000042   Code   RO         4690    i.__cxa_finalize    cpprt_p.l(cxa_finalize.o)
    0x08006ec8   0x00000012   Code   RO         4180    i.__cxa_guard_acquire  cpprt_p.l(cxa_guard_acquire.o)
    0x08006eda   0x0000000a   Code   RO         4177    i.__cxa_pure_virtual  cpprt_p.l(pure_virt.o)
    0x08006ee4   0x0000000e   Code   RO         4860    i.__scatterload_copy  mc_p.l(handlers.o)
    0x08006ef2   0x00000002   Code   RO         4861    i.__scatterload_null  mc_p.l(handlers.o)
    0x08006ef4   0x0000000e   Code   RO         4862    i.__scatterload_zeroinit  mc_p.l(handlers.o)
    0x08006f02   0x00000018   Code   RO         4342    i._fflush$full      mc_p.l(fflush_f.o)
    0x08006f1a   0x00000026   Code   RO         4336    i._fopen$full       mc_p.l(fopen_f.o)
    0x08006f40   0x00000158   Code   RO         4630    i._fp_digits        mc_p.l(printfa.o)
    0x08007098   0x00000060   Code   RO         4337    i._freopen$full     mc_p.l(fopen_f.o)
    0x080070f8   0x0000000e   Code   RO         4765    i._is_digit         mc_p.l(scanf_fp.o)
    0x08007106   0x00000002   PAD
    0x08007108   0x000006ec   Code   RO         4631    i._printf_core      mc_p.l(printfa.o)
    0x080077f4   0x00000020   Code   RO         4632    i._printf_post_padding  mc_p.l(printfa.o)
    0x08007814   0x0000002c   Code   RO         4633    i._printf_pre_padding  mc_p.l(printfa.o)
    0x08007840   0x0000000a   Code   RO         4635    i._sputc            mc_p.l(printfa.o)
    0x0800784a   0x00000002   PAD
    0x0800784c   0x0000002c   Code   RO         2218    i._sys_close        retarget.o
    0x08007878   0x000000e4   Code   RO         2223    i._sys_open         retarget.o
    0x0800795c   0x00000028   Code   RO         2225    i._sys_seek         retarget.o
    0x08007984   0x00000060   Code   RO         2226    i._sys_write        retarget.o
    0x080079e4   0x00000018   Code   RO         4105    i.error             mbed.ar(error.o)
    0x080079fc   0x00000020   Code   RO         4159    i.exit              mbed.ar(exit.o)
    0x08007a1c   0x00000054   Code   RO         4729    i.free              mc_p.l(malloc.o)
    0x08007a70   0x0000004c   Code   RO         3502    i.gpio_dir          mbed.ar(gpio_api.o)
    0x08007abc   0x00000038   Code   RO         3503    i.gpio_init         mbed.ar(gpio_api.o)
    0x08007af4   0x00000022   Code   RO         3925    i.gpio_init_in      mbed.ar(gpio.o)
    0x08007b16   0x00000002   PAD
    0x08007b18   0x00000040   Code   RO         3928    i.gpio_init_out     mbed.ar(gpio.o)
    0x08007b58   0x0000000c   Code   RO         3515    i.gpio_irq0         mbed.ar(gpio_irq_api.o)
    0x08007b64   0x0000000c   Code   RO         3516    i.gpio_irq1         mbed.ar(gpio_irq_api.o)
    0x08007b70   0x0000000c   Code   RO         3517    i.gpio_irq2         mbed.ar(gpio_irq_api.o)
    0x08007b7c   0x00000018   Code   RO         3518    i.gpio_irq_disable  mbed.ar(gpio_irq_api.o)
    0x08007b94   0x00000014   Code   RO         3519    i.gpio_irq_enable   mbed.ar(gpio_irq_api.o)
    0x08007ba8   0x00000044   Code   RO         3520    i.gpio_irq_free     mbed.ar(gpio_irq_api.o)
    0x08007bec   0x00000100   Code   RO         3521    i.gpio_irq_init     mbed.ar(gpio_irq_api.o)
    0x08007cec   0x00000072   Code   RO         3522    i.gpio_irq_set      mbed.ar(gpio_irq_api.o)
    0x08007d5e   0x0000000e   Code   RO         3504    i.gpio_mode         mbed.ar(gpio_api.o)
    0x08007d6c   0x00000064   Code   RO         3523    i.handle_interrupt_in  mbed.ar(gpio_irq_api.o)
    0x08007dd0   0x0000004c   Code   RO         3979    i.init_spi          mbed.ar(spi_api.o)
    0x08007e1c   0x00000050   Code   RO         3539    i.init_uart         mbed.ar(serial_api.o)
    0x08007e6c   0x0000006c   Code   RO         4730    i.malloc            mc_p.l(malloc.o)
    0x08007ed8   0x00000050   Code   RO         4099    i.mbed_assert_internal  mbed.ar(assert.o)
    0x08007f28   0x00000010   Code   RO         2191    i.mbed_die          board.o
    0x08007f38   0x00000002   Code   RO         2228    i.mbed_main         retarget.o
    0x08007f3a   0x00000008   Code   RO         2206    i.mbed_sdk_init     mbed_overrides.o
    0x08007f42   0x00000002   PAD
    0x08007f44   0x0000006c   Code   RO         3947    i.pin_function      mbed.ar(pinmap.o)
    0x08007fb0   0x00000054   Code   RO         3948    i.pin_mode          mbed.ar(pinmap.o)
    0x08008004   0x00000034   Code   RO         4112    i.pinmap_merge      mbed.ar(pinmap_common.o)
    0x08008038   0x0000005c   Code   RO         4113    i.pinmap_peripheral  mbed.ar(pinmap_common.o)
    0x08008094   0x00000050   Code   RO         4114    i.pinmap_pinout     mbed.ar(pinmap_common.o)
    0x080080e4   0x0000000a   Code   RO         3540    i.serial_baud       mbed.ar(serial_api.o)
    0x080080ee   0x00000002   PAD
    0x080080f0   0x00000020   Code   RO         3546    i.serial_getc       mbed.ar(serial_api.o)
    0x08008110   0x00000108   Code   RO         3547    i.serial_init       mbed.ar(serial_api.o)
    0x08008218   0x00000018   Code   RO         3548    i.serial_irq_handler  mbed.ar(serial_api.o)
    0x08008230   0x00000094   Code   RO         3549    i.serial_irq_set    mbed.ar(serial_api.o)
    0x080082c4   0x00000024   Code   RO         3551    i.serial_putc       mbed.ar(serial_api.o)
    0x080082e8   0x00000018   Code   RO         3552    i.serial_readable   mbed.ar(serial_api.o)
    0x08008300   0x00000018   Code   RO         3553    i.serial_writable   mbed.ar(serial_api.o)
    0x08008318   0x0000004e   Code   RO         3981    i.spi_format        mbed.ar(spi_api.o)
    0x08008366   0x00000002   PAD
    0x08008368   0x00000094   Code   RO         3983    i.spi_frequency     mbed.ar(spi_api.o)
    0x080083fc   0x00000114   Code   RO         3984    i.spi_init          mbed.ar(spi_api.o)
    0x08008510   0x00000050   Code   RO         3985    i.spi_master_write  mbed.ar(spi_api.o)
    0x08008560   0x00000064   Code   RO         3958    i.tim_oc_irq_handler  mbed.ar(us_ticker.o)
    0x080085c4   0x00000028   Code   RO         3959    i.tim_update_irq_handler  mbed.ar(us_ticker.o)
    0x080085ec   0x00000050   Code   RO         3554    i.uart1_irq         mbed.ar(serial_api.o)
    0x0800863c   0x00000050   Code   RO         3555    i.uart2_irq         mbed.ar(serial_api.o)
    0x0800868c   0x00000020   Code   RO         3960    i.us_ticker_clear_interrupt  mbed.ar(us_ticker.o)
    0x080086ac   0x00000018   Code   RO         3961    i.us_ticker_disable_interrupt  mbed.ar(us_ticker.o)
    0x080086c4   0x00000090   Code   RO         3962    i.us_ticker_init    mbed.ar(us_ticker.o)
    0x08008754   0x0000004c   Code   RO         4123    i.us_ticker_insert_event  mbed.ar(us_ticker_api.o)
    0x080087a0   0x00000040   Code   RO         4124    i.us_ticker_irq_handler  mbed.ar(us_ticker_api.o)
    0x080087e0   0x00000034   Code   RO         3963    i.us_ticker_read    mbed.ar(us_ticker.o)
    0x08008814   0x00000040   Code   RO         4125    i.us_ticker_remove_event  mbed.ar(us_ticker_api.o)
    0x08008854   0x00000014   Code   RO         4126    i.us_ticker_set_handler  mbed.ar(us_ticker_api.o)
    0x08008868   0x00000084   Code   RO         3964    i.us_ticker_set_interrupt  mbed.ar(us_ticker.o)
    0x080088ec   0x0000001c   Code   RO         3939    i.wait_ms           mbed.ar(wait_api.o)
    0x08008908   0x00000016   Code   RO         3940    i.wait_us           mbed.ar(wait_api.o)
    0x0800891e   0x00000042   Code   RO         1808    t._ZN4mbed15FunctionPointer12membercallerI14BufferedSerialEEvPvPc  bufferedserial.o
    0x08008960   0x00000042   Code   RO          713    t._ZN4mbed15FunctionPointer12membercallerI6LT8910EEvPvPc  lt8910.o
    0x080089a2   0x00000042   Code   RO         1043    t._ZN4mbed15FunctionPointer12membercallerI7WifiObjEEvPvPc  wifiobj.o
    0x080089e4   0x00000012   Code   RO         2106    t._ZN6BufferIcE5clearEv  buffer.o
    0x080089f6   0x0000001a   Code   RO         2112    t._ZN6BufferIcEC1Ej  buffer.o
    0x08008a10   0x0000000e   Code   RO         2124    t._ZN6BufferIcED1Ev  buffer.o
    0x08008a1e   0x0000001e   Code   RO         1802    t._ZN6BufferIcEaSEc  bufferedserial.o
    0x08008a3c   0x00000006   Data   RO            9    .constdata          main.o
    0x08008a42   0x00000002   PAD
    0x08008a44   0x00000010   Data   RO          690    .constdata          lt8910.o
    0x08008a54   0x00000010   Data   RO          822    .constdata          system_stm32f0xx.o
    0x08008a64   0x00000014   Data   RO          992    .constdata          wifiobj.o
    0x08008a78   0x00000008   Data   RO         1368    .constdata          commrf.o
    0x08008a80   0x00000004   Data   RO         1369    .constdata          commrf.o
    0x08008a84   0x00000004   Data   RO         1370    .constdata          commrf.o
    0x08008a88   0x00000202   Data   RO         1553    .constdata          commwifi.o
    0x08008c8a   0x00000002   PAD
    0x08008c8c   0x00000008   Data   RO         1785    .constdata          bufferedserial.o
    0x08008c94   0x00000010   Data   RO         3136    .constdata          stm32f0xx_hal_rcc.o
    0x08008ca4   0x00000020   Data   RO         3163    .constdata          stm32f0xx_hal_rcc_ex.o
    0x08008cc4   0x00000074   Data   RO         3506    .constdata          mbed.ar(gpio_api.o)
    0x08008d38   0x000000cc   Data   RO         3557    .constdata          mbed.ar(serial_api.o)
    0x08008e04   0x00000073   Data   RO         3696    .constdata          mbed.ar(InterruptIn.o)
    0x08008e77   0x00000001   PAD
    0x08008e78   0x00000073   Data   RO         3930    .constdata          mbed.ar(gpio.o)
    0x08008eeb   0x00000001   PAD
    0x08008eec   0x000000b4   Data   RO         3949    .constdata          mbed.ar(pinmap.o)
    0x08008fa0   0x0000011d   Data   RO         3990    .constdata          mbed.ar(spi_api.o)
    0x080090bd   0x00000040   Data   RO         4855    .constdata          mc_p.l(ctype_c.o)
    0x080090fd   0x00000003   PAD
    0x08009100   0x00000018   Data   RO         1801    .constdata__ZTV14BufferedSerial  bufferedserial.o
    0x08009118   0x00000010   Data   RO         1389    .constdata__ZTV6CommRF  commrf.o
    0x08009128   0x00000010   Data   RO          706    .constdata__ZTV6LT8910  lt8910.o
    0x08009138   0x00000010   Data   RO         1309    .constdata__ZTV6WT588D  wt588d.o
    0x08009148   0x0000002c   Data   RO         2315    .constdata__ZTVN4mbed10FileHandleE  retarget.o
    0x08009174   0x00000010   Data   RO         3858    .constdata__ZTVN4mbed10SerialBaseE  mbed.ar(SerialBase.o)
    0x08009184   0x00000014   Data   RO         3920    .constdata__ZTVN4mbed10TimerEventE  mbed.ar(TimerEvent.o)
    0x08009198   0x00000010   Data   RO         3711    .constdata__ZTVN4mbed11InterruptInE  mbed.ar(InterruptIn.o)
    0x080091a8   0x00000014   Data   RO         3811    .constdata__ZTVN4mbed3SPIE  mbed.ar(SPI.o)
    0x080091bc   0x0000005c   Data   RO         3767    .constdata__ZTVN4mbed6SerialE  mbed.ar(Serial.o)
    0x08009218   0x00000044   Data   RO         4094    .constdata__ZTVN4mbed6StreamE  mbed.ar(Stream.o)
    0x0800925c   0x00000014   Data   RO         3724    .constdata__ZTVN4mbed6TickerE  mbed.ar(Ticker.o)
    0x08009270   0x00000014   Data   RO         3738    .constdata__ZTVN4mbed7TimeoutE  mbed.ar(Timeout.o)
    0x08009284   0x00000010   Data   RO         4030    .constdata__ZTVN4mbed8FileBaseE  mbed.ar(FileBase.o)
    0x08009294   0x0000003c   Data   RO         4154    .constdata__ZTVN4mbed8FileLikeE  mbed.ar(FileLike.o)
    0x080092d0   0x0000000f   Data   RO          993    .conststring        wifiobj.o
    0x080092df   0x00000001   PAD
    0x080092e0   0x00000054   Data   RO         1554    .conststring        commwifi.o
    0x08009334   0x00000020   Data   RO         4859    Region$$Table       anon$$obj.o
    0x08009354   0x00000004   Data   RO           13    .init_array         main.o
    0x08009358   0x00000004   Data   RO         1372    .init_array         commrf.o
    0x0800935c   0x00000000   Data   RO         4660    .init_array         mc_p.l(cpp_init.o)


    Execution Region RW_IRAM1 (Base: 0x200000b4, Size: 0x0000194c, Max: 0x00001f4c, ABSOLUTE, COMPRESSED[0x0000004c])

    Base Addr    Size         Type   Attr      Idx    E Section Name        Object

    0x200000b4   0x0000004c   Data   RW           12    .data               main.o
    0x20000100   0x00000004   Data   RW          823    .data               system_stm32f0xx.o
    0x20000104   0x00000002   Data   RW         1371    .data               commrf.o
    0x20000106   0x00000002   PAD
    0x20000108   0x0000005c   Data   RW         1556    .data               commwifi.o
    0x20000164   0x00000008   Data   RW         2199    .data               cmsis_nvic.o
    0x2000016c   0x00000004   Data   RW         2269    .data               retarget.o
    0x20000170   0x00000004   Data   RW         2999    .data               stm32f0xx_hal.o
    0x20000174   0x00000044   Data   RW         3525    .data               mbed.ar(gpio_irq_api.o)
    0x200001b8   0x00000010   Data   RW         3558    .data               mbed.ar(serial_api.o)
    0x200001c8   0x00000004   Data   RW         3802    .data               mbed.ar(SPI.o)
    0x200001cc   0x00000010   Data   RW         3966    .data               mbed.ar(us_ticker.o)
    0x200001dc   0x00000004   Data   RW         4019    .data               mbed.ar(FileBase.o)
    0x200001e0   0x00000008   Data   RW         4127    .data               mbed.ar(us_ticker_api.o)
    0x200001e8   0x00000004   Data   RW         4777    .data               mc_p.l(cpp_dtor.o)
    0x200001ec   0x00000004   Data   RW         4782    .data               mc_p.l(cpp_memory.o)
    0x200001f0   0x00000008   Data   RW         4787    .data               mc_p.l(cpp_unwinder.o)
    0x200001f8   0x00000004   Data   RW         4835    .data               mc_p.l(mvars.o)
    0x200001fc   0x00000004   Data   RW         4836    .data               mc_p.l(mvars.o)
    0x20000200   0x00000434   Zero   RW            8    .bss                main.o
    0x20000634   0x0000000c   Zero   RW         1367    .bss                commrf.o
    0x20000640   0x00000058   Zero   RW         1552    .bss                commwifi.o
    0x20000698   0x00000040   Zero   RW         2265    .bss                retarget.o
    0x200006d8   0x00000020   Zero   RW         3298    .bss                stm32f0xx_hal_flash.o
    0x200006f8   0x000001bc   Zero   RW         3524    .bss                mbed.ar(gpio_irq_api.o)
    0x200008b4   0x00000088   Zero   RW         3556    .bss                mbed.ar(serial_api.o)
    0x2000093c   0x0000003c   Zero   RW         3965    .bss                mbed.ar(us_ticker.o)
    0x20000978   0x00000060   Zero   RW         3989    .bss                mbed.ar(spi_api.o)
    0x200009d8   0x00000014   Zero   RW         4364    .bss                mc_p.l(stdout_f.o)
    0x200009ec   0x00000014   Zero   RW         4365    .bss                mc_p.l(stderr_f.o)
    0x20000a00   0x00000a00   Zero   RW          813    HEAP                startup_stm32f030.o
    0x20001400   0x00000600   Zero   RW          812    STACK               startup_stm32f030.o



  Load Region LR$$.ARM.__AT_0x0800FC00 (Base: 0x0800fc00, Size: 0x00000000, Max: 0x00000004, ABSOLUTE)

    Execution Region ER$$.ARM.__AT_0x0800FC00 (Base: 0x0800fc00, Size: 0x00000004, Max: 0x00000004, ABSOLUTE, UNINIT)

    Base Addr    Size         Type   Attr      Idx    E Section Name        Object

    0x0800fc00   0x00000004   Zero   RW         1544    .ARM.__AT_0x0800FC00  commwifi.o



  Load Region LR$$.ARM.__AT_0x0800FC04 (Base: 0x0800fc04, Size: 0x00000000, Max: 0x0000000c, ABSOLUTE)

    Execution Region ER$$.ARM.__AT_0x0800FC04 (Base: 0x0800fc04, Size: 0x0000000c, Max: 0x0000000c, ABSOLUTE, UNINIT)

    Base Addr    Size         Type   Attr      Idx    E Section Name        Object

    0x0800fc04   0x0000000c   Zero   RW         1545    .ARM.__AT_0x0800FC04  commwifi.o



  Load Region LR$$.ARM.__AT_0x0800FC10 (Base: 0x0800fc10, Size: 0x00000000, Max: 0x00000004, ABSOLUTE)

    Execution Region ER$$.ARM.__AT_0x0800FC10 (Base: 0x0800fc10, Size: 0x00000004, Max: 0x00000004, ABSOLUTE, UNINIT)

    Base Addr    Size         Type   Attr      Idx    E Section Name        Object

    0x0800fc10   0x00000004   Zero   RW         1546    .ARM.__AT_0x0800FC10  commwifi.o



  Load Region LR$$.ARM.__AT_0x0800FC14 (Base: 0x0800fc14, Size: 0x00000000, Max: 0x0000000c, ABSOLUTE)

    Execution Region ER$$.ARM.__AT_0x0800FC14 (Base: 0x0800fc14, Size: 0x0000000c, Max: 0x0000000c, ABSOLUTE, UNINIT)

    Base Addr    Size         Type   Attr      Idx    E Section Name        Object

    0x0800fc14   0x0000000c   Zero   RW         1547    .ARM.__AT_0x0800FC14  commwifi.o



  Load Region LR$$.ARM.__AT_0x0800FC20 (Base: 0x0800fc20, Size: 0x00000000, Max: 0x00000010, ABSOLUTE)

    Execution Region ER$$.ARM.__AT_0x0800FC20 (Base: 0x0800fc20, Size: 0x00000010, Max: 0x00000010, ABSOLUTE, UNINIT)

    Base Addr    Size         Type   Attr      Idx    E Section Name        Object

    0x0800fc20   0x00000010   Zero   RW         1548    .ARM.__AT_0x0800FC20  commwifi.o



  Load Region LR$$.ARM.__AT_0x0800FC30 (Base: 0x0800fc30, Size: 0x00000000, Max: 0x00000010, ABSOLUTE)

    Execution Region ER$$.ARM.__AT_0x0800FC30 (Base: 0x0800fc30, Size: 0x00000010, Max: 0x00000010, ABSOLUTE, UNINIT)

    Base Addr    Size         Type   Attr      Idx    E Section Name        Object

    0x0800fc30   0x00000010   Zero   RW         1549    .ARM.__AT_0x0800FC30  commwifi.o



  Load Region LR$$.ARM.__AT_0x0800FC40 (Base: 0x0800fc40, Size: 0x00000000, Max: 0x00000010, ABSOLUTE)

    Execution Region ER$$.ARM.__AT_0x0800FC40 (Base: 0x0800fc40, Size: 0x00000010, Max: 0x00000010, ABSOLUTE, UNINIT)

    Base Addr    Size         Type   Attr      Idx    E Section Name        Object

    0x0800fc40   0x00000010   Zero   RW         1550    .ARM.__AT_0x0800FC40  commwifi.o



  Load Region LR$$.ARM.__AT_0x1FFFF7AC (Base: 0x1ffff7ac, Size: 0x00000000, Max: 0x0000000c, ABSOLUTE)

    Execution Region ER$$.ARM.__AT_0x1FFFF7AC (Base: 0x1ffff7ac, Size: 0x0000000c, Max: 0x0000000c, ABSOLUTE, UNINIT)

    Base Addr    Size         Type   Attr      Idx    E Section Name        Object

    0x1ffff7ac   0x0000000c   Zero   RW            4    .ARM.__AT_0x1FFFF7AC  main.o



  Load Region LR$$.ARM.__AT_0x1FFFF7CC (Base: 0x1ffff7cc, Size: 0x00000000, Max: 0x00000004, ABSOLUTE)

    Execution Region ER$$.ARM.__AT_0x1FFFF7CC (Base: 0x1ffff7cc, Size: 0x00000004, Max: 0x00000004, ABSOLUTE, UNINIT)

    Base Addr    Size         Type   Attr      Idx    E Section Name        Object

    0x1ffff7cc   0x00000002   Zero   RW            5    .ARM.__AT_0x1FFFF7CC  main.o



  Load Region LR$$.ARM.__AT_0x40015800 (Base: 0x40015800, Size: 0x00000000, Max: 0x00000004, ABSOLUTE)

    Execution Region ER$$.ARM.__AT_0x40015800 (Base: 0x40015800, Size: 0x00000004, Max: 0x00000004, ABSOLUTE, UNINIT)

    Base Addr    Size         Type   Attr      Idx    E Section Name        Object

    0x40015800   0x00000004   Zero   RW            6    .ARM.__AT_0x40015800  main.o


==============================================================================

Image component sizes


      Code (inc. data)   RO Data    RW Data    ZI Data      Debug   Object Name

        16          0          0          0          0         64   board.o
        58          0          0          0          0       2988   buffer.o
       580         14         32          0          0       8188   bufferedserial.o
        84         10          0          8          0         80   cmsis_nvic.o
      1080         64         36          2         12      17916   commrf.o
      7288        470        598         92        168      40566   commwifi.o
       160          0          0          0          0       2624   flashapp.o
      2030         70         32          0          0      21916   lt8910.o
      2956        348         10         76       1094     157802   main.o
         8          0          0          0          0         68   mbed_overrides.o
       426         40         44          4         64        412   retarget.o
        88         38        180          0       4096        572   startup_stm32f030.o
        96         18          0          4          0        316   stm32f0xx_hal.o
       128         22          0          0          0        136   stm32f0xx_hal_cortex.o
       324         46          0          0         32        340   stm32f0xx_hal_flash.o
       188         12          0          0          0         88   stm32f0xx_hal_flash_ex.o
       436         24          0          0          0         80   stm32f0xx_hal_gpio.o
       402         28          0          0          0        284   stm32f0xx_hal_iwdg.o
        88         26         16          0          0        136   stm32f0xx_hal_rcc.o
       548         34         32          0          0        144   stm32f0xx_hal_rcc_ex.o
       198          4          0          0          0        136   stm32f0xx_hal_spi.o
       206         26          0          0          0        272   stm32f0xx_hal_tim.o
       938         30          0          0          0        432   stm32f0xx_hal_uart.o
       524         30         16          4          0      28319   system_stm32f0xx.o
      2246        244         35          0          0     118376   wifiobj.o
       444         12         16          0          0       6080   wt588d.o

    ----------------------------------------------------------------------
     21546       1610       1084        192       5468     408335   Object Totals
         0          0         32          0          0          0   (incl. Generated)
         6          0          5          2          2          0   (incl. Padding)

    ----------------------------------------------------------------------

      Code (inc. data)   RO Data    RW Data    ZI Data      Debug   Library Member Name

        44          0          0          0          0         76   aeabi_atexit.o
        34          0          0          0          0         80   aeabi_vec_ctor_nocookie_nodtor.o
        84         12          0          0          0         96   arm_exceptions_globs.o
        66          0          0          0          0        100   arm_exceptions_mem.o
        28          0          0          0          0         68   arm_exceptions_terminate.o
         8          0          0          0          0         68   arm_newhandler_noexceptions.o
         8          0          0          0          0         68   array_del.o
         8          0          0          0          0         68   array_new.o
        66          0          0          0          0         76   cxa_finalize.o
        18          0          0          0          0         60   cxa_guard_acquire.o
         8          0          0          0          0         68   delete.o
        40          4          0          0          0         68   new.o
        10          0          0          0          0         68   pure_virt.o
       100         14         16          4          0        192   FileBase.o
        36         12         60          0          0         68   FileLike.o
       164          0          0          0          0        392   FilePath.o
        44          0          0          0          0        180   FunctionPointer.o
       234         22        131          0          0        480   InterruptIn.o
       210         24         20          4          0        348   SPI.o
        54         12         92          0          0        136   Serial.o
       206         12         16          0          0        556   SerialBase.o
       118         18         68          0          0        272   Stream.o
       126          4         20          0          0        276   Ticker.o
        10          0         20          0          0         68   Timeout.o
        94          0          0          0          0        276   Timer.o
        88         12         20          0          0        332   TimerEvent.o
        80         58          0          0          0         68   assert.o
        24          4          0          0          0         72   error.o
        32          8          0          0          0         64   exit.o
        98          8        115          0          0        144   gpio.o
       146         32        116          0          0        212   gpio_api.o
       618        100          0         68        444        636   gpio_irq_api.o
       320         84        180          0          0        220   pinmap.o
       224         74          0          0          0        204   pinmap_common.o
       802        164        204         16        136        752   serial_api.o
       658        114        285          0         96        376   spi_api.o
       524        112          0         16         60        464   us_ticker.o
       224         20          0          8          0        280   us_ticker_api.o
        50          0          0          0          0        144   wait_api.o
        60         10          0          0          0         84   __0sscanf.o
        86          0          0          0          0          0   __dczerorl2.o
        30          0          0          0          0         60   _chval.o
       824         12          0          0          0         84   _scanf.o
       330          0          0          0          0         84   _scanf_int.o
       330          0          0          0          0         84   _scanf_longlong.o
       232          0          0          0          0         84   _scanf_str.o
        68          0          0          0          0         76   _sgetc.o
         8          4          0          4          0         60   cpp_dtor.o
         2          0          0          0          0         60   cpp_final.o
        32         10          0          0          0         72   cpp_init.o
         8          4          0          4          0         60   cpp_memory.o
        32          6          0          8          0        228   cpp_unwinder.o
        36          4         64          0          0         60   ctype_c.o
         0          0          0          0          0          0   entry.o
         0          0          0          0          0          0   entry10a.o
         0          0          0          0          0          0   entry11a.o
         8          4          0          0          0          0   entry2.o
         4          0          0          0          0          0   entry5.o
         4          0          0          0          0          0   entry6b.o
         0          0          0          0          0          0   entry7b.o
         4          0          0          0          0          0   entry8a.o
         0          0          0          0          0          0   entry8b.o
         8          4          0          0          0          0   entry9a.o
        24          0          0          0          0         68   fflush_f.o
       134          0          0          0          0        144   fopen_f.o
        42          0          0          0          0         72   fputc_fp.o
        30          0          0          0          0          0   handlers.o
        40          0          0          0          0         72   idiv.o
        36          8          0          0          0         68   init.o
        32         12          0          0          0         64   initio_oe.o
        14          0          0          0          0         68   isspace_c.o
         0          0          0          0          0          0   iusefp.o
       122          0          0          0          0         84   llmul.o
        32          0          0          0          0         68   llshl.o
        38          0          0          0          0         68   llsshr.o
        34          0          0          0          0         68   llushr.o
       192         20          0          0          0        144   malloc.o
        26          0          0          0          0         72   memcmp.o
        36          0          0          0          0         60   memcpya.o
        36          0          0          0          0        100   memseta.o
         0          0          0          8          0          0   mvars.o
      2362        116          0          0          0        784   printfa.o
        44          8          0          0          0         84   scanf_char.o
       858         12          0          0          0        184   scanf_fp.o
         0          0          0          0         20          0   stderr_f.o
         0          0          0          0         20          0   stdout_f.o
        28          0          0          0          0         68   strcmp.o
        18          0          0          0          0         60   strcpy.o
        14          0          0          0          0         60   strlen.o
        30          0          0          0          0         72   strncmp.o
        44          0          0          0          0         72   uidiv.o
        96          0          0          0          0         84   uldiv.o
        48          8          0          0          0         72   vsscanf.o
        40          2          0          0          0         68   cdrcmple.o
        56          0          0          0          0         68   d2f.o
       356          4          0          0          0        140   dadd.o
       240          6          0          0          0         84   ddiv.o
       236          0          0          0          0        216   depilogue.o
        64         10          0          0          0         68   dfixul.o
        28          6          0          0          0         68   dfltul.o
       208          6          0          0          0         88   dmul.o
       130          0          0          0          0        144   fepilogue.o
        48          0          0          0          0         68   ffixul.o

    ----------------------------------------------------------------------
     13662       1200       1432        140        776      13044   Library Totals
        34          0          5          0          0          0   (incl. Padding)

    ----------------------------------------------------------------------

      Code (inc. data)   RO Data    RW Data    ZI Data      Debug   Library Name

       422         16          0          0          0        964   cpprt_p.l
      5284        908       1363        116        736       7212   mbed.ar
      6516        242         64         24         40       3856   mc_p.l
      1406         34          0          0          0       1012   mf_p.l

    ----------------------------------------------------------------------
     13662       1200       1432        140        776      13044   Library Totals

    ----------------------------------------------------------------------

==============================================================================


      Code (inc. data)   RO Data    RW Data    ZI Data      Debug   

     35208       2810       2516        332       6244     410243   Grand Totals
     35208       2810       2516         76       6244     410243   ELF Image Totals (compressed)
     35208       2810       2516         76          0          0   ROM Totals

==============================================================================

    Total RO  Size (Code + RO Data)                37724 (  36.84kB)
    Total RW  Size (RW Data + ZI Data)              6576 (   6.42kB)
    Total ROM Size (Code + RO Data + RW Data)      37800 (  36.91kB)

==============================================================================

