<!doctype html public "-//w3c//dtd html 4.0 transitional//en">
<html><head>
<title>Static Call Graph - [.\build\Tong.axf]</title></head>
<body><HR>
<H1>Static Call Graph for image .\build\Tong.axf</H1><HR>
<BR><P>#&#060CALLGRAPH&#062# ARM Linker, 5050169: Last Updated: Fri Mar 04 21:07:26 2016
<BR><P>
<H3>Maximum Stack Usage =        504 bytes + Unknown(Cycles, Untraceable Function Pointers)</H3><H3>
Call chain for Maximum Stack Depth:</H3>
main &rArr; $Super$$main &rArr; CommWifi::Init() &rArr; WifiObj::GetTcpto() &rArr; WifiObj::scanf(int, const char*, ...) &rArr; vsscanf &rArr; __vfscanf_char &rArr; __vfscanf &rArr; _scanf_longlong &rArr; __aeabi_lmul &rArr; __aeabi_llsl
<P>
<H3>
Mutually Recursive functions
</H3> <LI><a href="#[9]">NMI_Handler</a>&nbsp;&nbsp;&nbsp;&rArr;&nbsp;&nbsp;&nbsp;<a href="#[9]">NMI_Handler</a><BR>
 <LI><a href="#[a]">HardFault_Handler</a>&nbsp;&nbsp;&nbsp;&rArr;&nbsp;&nbsp;&nbsp;<a href="#[a]">HardFault_Handler</a><BR>
 <LI><a href="#[b]">SVC_Handler</a>&nbsp;&nbsp;&nbsp;&rArr;&nbsp;&nbsp;&nbsp;<a href="#[b]">SVC_Handler</a><BR>
 <LI><a href="#[c]">PendSV_Handler</a>&nbsp;&nbsp;&nbsp;&rArr;&nbsp;&nbsp;&nbsp;<a href="#[c]">PendSV_Handler</a><BR>
 <LI><a href="#[18]">ADC1_IRQHandler</a>&nbsp;&nbsp;&nbsp;&rArr;&nbsp;&nbsp;&nbsp;<a href="#[18]">ADC1_IRQHandler</a><BR>
 <LI><a href="#[1da]">us_ticker_irq_handler</a>&nbsp;&nbsp;&nbsp;&rArr;&nbsp;&nbsp;&nbsp;<a href="#[1dd]">us_ticker_set_interrupt</a><BR>
</UL>
<P>
<H3>
Function Pointers
</H3><UL>
 <LI><a href="#[35]">&lang;Func1&rang;</a> from SerialBase.o(i.<Func1>) referenced from SerialBase.o(i._ZN4mbed10SerialBaseC1E7PinNameS1_)
 <LI><a href="#[18]">ADC1_IRQHandler</a> from startup_stm32f030.o(.text) referenced from startup_stm32f030.o(RESET)
 <LI><a href="#[15]">DMA1_Channel1_IRQHandler</a> from startup_stm32f030.o(.text) referenced from startup_stm32f030.o(RESET)
 <LI><a href="#[16]">DMA1_Channel2_3_IRQHandler</a> from startup_stm32f030.o(.text) referenced from startup_stm32f030.o(RESET)
 <LI><a href="#[17]">DMA1_Channel4_5_IRQHandler</a> from startup_stm32f030.o(.text) referenced from startup_stm32f030.o(RESET)
 <LI><a href="#[12]">EXTI0_1_IRQHandler</a> from startup_stm32f030.o(.text) referenced from startup_stm32f030.o(RESET)
 <LI><a href="#[13]">EXTI2_3_IRQHandler</a> from startup_stm32f030.o(.text) referenced from startup_stm32f030.o(RESET)
 <LI><a href="#[14]">EXTI4_15_IRQHandler</a> from startup_stm32f030.o(.text) referenced from startup_stm32f030.o(RESET)
 <LI><a href="#[10]">FLASH_IRQHandler</a> from startup_stm32f030.o(.text) referenced from startup_stm32f030.o(RESET)
 <LI><a href="#[a]">HardFault_Handler</a> from startup_stm32f030.o(.text) referenced from startup_stm32f030.o(RESET)
 <LI><a href="#[20]">I2C1_IRQHandler</a> from startup_stm32f030.o(.text) referenced from startup_stm32f030.o(RESET)
 <LI><a href="#[21]">I2C2_IRQHandler</a> from startup_stm32f030.o(.text) referenced from startup_stm32f030.o(RESET)
 <LI><a href="#[9]">NMI_Handler</a> from startup_stm32f030.o(.text) referenced from startup_stm32f030.o(RESET)
 <LI><a href="#[c]">PendSV_Handler</a> from startup_stm32f030.o(.text) referenced from startup_stm32f030.o(RESET)
 <LI><a href="#[11]">RCC_IRQHandler</a> from startup_stm32f030.o(.text) referenced from startup_stm32f030.o(RESET)
 <LI><a href="#[f]">RTC_IRQHandler</a> from startup_stm32f030.o(.text) referenced from startup_stm32f030.o(RESET)
 <LI><a href="#[8]">Reset_Handler</a> from startup_stm32f030.o(.text) referenced from startup_stm32f030.o(RESET)
 <LI><a href="#[22]">SPI1_IRQHandler</a> from startup_stm32f030.o(.text) referenced from startup_stm32f030.o(RESET)
 <LI><a href="#[23]">SPI2_IRQHandler</a> from startup_stm32f030.o(.text) referenced from startup_stm32f030.o(RESET)
 <LI><a href="#[b]">SVC_Handler</a> from startup_stm32f030.o(.text) referenced from startup_stm32f030.o(RESET)
 <LI><a href="#[d]">SysTick_Handler</a> from system_stm32f0xx.o(.text) referenced from startup_stm32f030.o(RESET)
 <LI><a href="#[2b]">SystemInit</a> from system_stm32f0xx.o(.text) referenced from startup_stm32f030.o(.text)
 <LI><a href="#[1c]">TIM14_IRQHandler</a> from startup_stm32f030.o(.text) referenced from startup_stm32f030.o(RESET)
 <LI><a href="#[1d]">TIM15_IRQHandler</a> from startup_stm32f030.o(.text) referenced from startup_stm32f030.o(RESET)
 <LI><a href="#[1e]">TIM16_IRQHandler</a> from startup_stm32f030.o(.text) referenced from startup_stm32f030.o(RESET)
 <LI><a href="#[1f]">TIM17_IRQHandler</a> from startup_stm32f030.o(.text) referenced from startup_stm32f030.o(RESET)
 <LI><a href="#[19]">TIM1_BRK_UP_TRG_COM_IRQHandler</a> from startup_stm32f030.o(.text) referenced from startup_stm32f030.o(RESET)
 <LI><a href="#[1a]">TIM1_CC_IRQHandler</a> from startup_stm32f030.o(.text) referenced from startup_stm32f030.o(RESET)
 <LI><a href="#[1b]">TIM3_IRQHandler</a> from startup_stm32f030.o(.text) referenced from startup_stm32f030.o(RESET)
 <LI><a href="#[24]">USART1_IRQHandler</a> from startup_stm32f030.o(.text) referenced from startup_stm32f030.o(RESET)
 <LI><a href="#[25]">USART2_IRQHandler</a> from startup_stm32f030.o(.text) referenced from startup_stm32f030.o(RESET)
 <LI><a href="#[e]">WWDG_IRQHandler</a> from startup_stm32f030.o(.text) referenced from startup_stm32f030.o(RESET)
 <LI><a href="#[39]">__default_new_handler()</a> from arm_newhandler_noexceptions.o(.text) referenced from new.o(i._Znwj)
 <LI><a href="#[27]">ToggleLed()</a> from main.o(.text) referenced from main.o(.text)
 <LI><a href="#[45]">BufferedSerial::txIrq()</a> from bufferedserial.o(.text) referenced from bufferedserial.o(.constdata)
 <LI><a href="#[49]">BufferedSerial::write(const void*, unsigned)</a> from bufferedserial.o(.text) referenced from bufferedserial.o(.constdata__ZTV14BufferedSerial)
 <LI><a href="#[48]">BufferedSerial::writeable()</a> from bufferedserial.o(.text) referenced from bufferedserial.o(.constdata__ZTV14BufferedSerial)
 <LI><a href="#[47]">BufferedSerial::~BufferedSerial__deallocating()</a> from bufferedserial.o(.text) referenced from bufferedserial.o(.constdata__ZTV14BufferedSerial)
 <LI><a href="#[46]">BufferedSerial::~BufferedSerial()</a> from bufferedserial.o(.text) referenced from bufferedserial.o(.constdata__ZTV14BufferedSerial)
 <LI><a href="#[34]">[local to arm_exceptions_c]::__default_terminate_handler()</a> from arm_exceptions_globs.o(.text) referenced from arm_exceptions_globs.o(.text)
 <LI><a href="#[36]">mbed::SerialBase::_irq_handler(unsigned, SerialIrq)</a> from SerialBase.o(i._ZN4mbed10SerialBase12_irq_handlerEj9SerialIrq) referenced from SerialBase.o(i._ZN4mbed10SerialBaseC1E7PinNameS1_)
 <LI><a href="#[37]">mbed::TimerEvent::irq(unsigned)</a> from TimerEvent.o(i._ZN4mbed10TimerEvent3irqEj) referenced from TimerEvent.o(i._ZN4mbed10TimerEventC2Ev)
 <LI><a href="#[51]">mbed::TimerEvent::~TimerEvent__sub_object()</a> from TimerEvent.o(i._ZN4mbed10TimerEventD2Ev) referenced from TimerEvent.o(.constdata__ZTVN4mbed10TimerEventE)
 <LI><a href="#[38]">mbed::InterruptIn::_irq_handler(unsigned, gpio_irq_event)</a> from InterruptIn.o(i._ZN4mbed11InterruptIn12_irq_handlerEj14gpio_irq_event) referenced from InterruptIn.o(i._ZN4mbed11InterruptInC1E7PinName)
 <LI><a href="#[52]">mbed::InterruptIn::~InterruptIn()</a> from InterruptIn.o(i._ZN4mbed11InterruptInD1Ev) referenced from InterruptIn.o(.constdata__ZTVN4mbed11InterruptInE)
 <LI><a href="#[2f]">void mbed::FunctionPointer::membercaller&lang;BufferedSerial&rang;(void*, char*)</a> from bufferedserial.o(t._ZN4mbed15FunctionPointer12membercallerI14BufferedSerialEEvPvPc) referenced from bufferedserial.o(.text)
 <LI><a href="#[2a]">void mbed::FunctionPointer::membercaller&lang;LT8910&rang;(void*, char*)</a> from lt8910.o(t._ZN4mbed15FunctionPointer12membercallerI6LT8910EEvPvPc) referenced from lt8910.o(.text)
 <LI><a href="#[2d]">void mbed::FunctionPointer::membercaller&lang;WifiObj&rang;(void*, char*)</a> from wifiobj.o(t._ZN4mbed15FunctionPointer12membercallerI7WifiObjEEvPvPc) referenced from wifiobj.o(.text)
 <LI><a href="#[53]">mbed::SPI::write(int)</a> from SPI.o(i._ZN4mbed3SPI5writeEi) referenced from SPI.o(.constdata__ZTVN4mbed3SPIE)
 <LI><a href="#[29]">mbed::SPI::~SPI()</a> from SPI.o(i._ZN4mbed3SPID1Ev) referenced from SPI.o(.constdata__ZTVN4mbed3SPIE)
 <LI><a href="#[29]">mbed::SPI::~SPI()</a> from SPI.o(i._ZN4mbed3SPID1Ev) referenced from main.o(.text)
 <LI><a href="#[2e]">mbed::Timer::Timer()</a> from Timer.o(i._ZN4mbed5TimerC1Ev) referenced from commwifi.o(.text)
 <LI><a href="#[55]">mbed::Stream::close()</a> from Stream.o(i._ZN4mbed6Stream5closeEv) referenced from Serial.o(.constdata__ZTVN4mbed6SerialE)
 <LI><a href="#[55]">mbed::Stream::close()</a> from Stream.o(i._ZN4mbed6Stream5closeEv) referenced from Stream.o(.constdata__ZTVN4mbed6StreamE)
 <LI><a href="#[56]">mbed::Stream::lseek(long, int)</a> from Stream.o(i._ZN4mbed6Stream5lseekEli) referenced from Serial.o(.constdata__ZTVN4mbed6SerialE)
 <LI><a href="#[56]">mbed::Stream::lseek(long, int)</a> from Stream.o(i._ZN4mbed6Stream5lseekEli) referenced from Stream.o(.constdata__ZTVN4mbed6StreamE)
 <LI><a href="#[54]">mbed::Stream::write(const void*, unsigned)</a> from Stream.o(i._ZN4mbed6Stream5writeEPKvj) referenced from Serial.o(.constdata__ZTVN4mbed6SerialE)
 <LI><a href="#[54]">mbed::Stream::write(const void*, unsigned)</a> from Stream.o(i._ZN4mbed6Stream5writeEPKvj) referenced from Stream.o(.constdata__ZTVN4mbed6StreamE)
 <LI><a href="#[58]">mbed::Ticker::handler()</a> from Ticker.o(i._ZN4mbed6Ticker7handlerEv) referenced from Ticker.o(.constdata__ZTVN4mbed6TickerE)
 <LI><a href="#[28]">mbed::Ticker::~Ticker()</a> from Ticker.o(i._ZN4mbed6TickerD1Ev) referenced from Ticker.o(.constdata__ZTVN4mbed6TickerE)
 <LI><a href="#[28]">mbed::Ticker::~Ticker()</a> from Ticker.o(i._ZN4mbed6TickerD1Ev) referenced from main.o(.text)
 <LI><a href="#[59]">mbed::Timeout::handler()</a> from Timeout.o(i._ZN4mbed7Timeout7handlerEv) referenced from Timeout.o(.constdata__ZTVN4mbed7TimeoutE)
 <LI><a href="#[4b]">CommRF::~CommRF__deallocating()</a> from commrf.o(.text) referenced from commrf.o(.constdata__ZTV6CommRF)
 <LI><a href="#[4a]">CommRF::~CommRF()</a> from commrf.o(.text) referenced from commrf.o(.constdata__ZTV6CommRF)
 <LI><a href="#[43]">LT8910::IsrRead()</a> from lt8910.o(.text) referenced from lt8910.o(.constdata)
 <LI><a href="#[4d]">LT8910::~LT8910__deallocating()</a> from lt8910.o(.text) referenced from lt8910.o(.constdata__ZTV6LT8910)
 <LI><a href="#[4c]">LT8910::~LT8910()</a> from lt8910.o(.text) referenced from lt8910.o(.constdata__ZTV6LT8910)
 <LI><a href="#[4f]">WT588D::~WT588D__deallocating()</a> from wt588d.o(.text) referenced from wt588d.o(.constdata__ZTV6WT588D)
 <LI><a href="#[4e]">WT588D::~WT588D()</a> from wt588d.o(.text) referenced from wt588d.o(.constdata__ZTV6WT588D)
 <LI><a href="#[44]">WifiObj::SerialHandler()</a> from wifiobj.o(.text) referenced from wifiobj.o(.constdata)
 <LI><a href="#[57]">thunk{-92} to mbed::Serial::_putc(int)</a> from Serial.o(i._ZThn92_N4mbed6Serial5_putcEi) referenced from Serial.o(.constdata__ZTVN4mbed6SerialE)
 <LI><a href="#[50]">__cxa_pure_virtual</a> from pure_virt.o(i.__cxa_pure_virtual) referenced 6 times from retarget.o(.constdata__ZTVN4mbed10FileHandleE)
 <LI><a href="#[50]">__cxa_pure_virtual</a> from pure_virt.o(i.__cxa_pure_virtual) referenced from TimerEvent.o(.constdata__ZTVN4mbed10TimerEventE)
 <LI><a href="#[50]">__cxa_pure_virtual</a> from pure_virt.o(i.__cxa_pure_virtual) referenced 2 times from Stream.o(.constdata__ZTVN4mbed6StreamE)
 <LI><a href="#[50]">__cxa_pure_virtual</a> from pure_virt.o(i.__cxa_pure_virtual) referenced 6 times from FileLike.o(.constdata__ZTVN4mbed8FileLikeE)
 <LI><a href="#[2c]">__main</a> from entry.o(.ARM.Collect$$$$00000000) referenced from startup_stm32f030.o(.text)
 <LI><a href="#[5b]">__sti___10_CommRF_cpp_c19b5ab8</a> from commrf.o(.text) referenced from commrf.o(.init_array)
 <LI><a href="#[5a]">__sti___8_main_cpp_cf170f72</a> from main.o(.text) referenced from main.o(.init_array)
 <LI><a href="#[31]">_sbackspace</a> from _sgetc.o(.text) referenced 2 times from vsscanf.o(.text)
 <LI><a href="#[32]">_scanf_char_input</a> from scanf_char.o(.text) referenced from scanf_char.o(.text)
 <LI><a href="#[30]">_sgetc</a> from _sgetc.o(.text) referenced 2 times from vsscanf.o(.text)
 <LI><a href="#[3b]">_sputc</a> from printfa.o(i._sputc) referenced from printfa.o(i.__0sprintf)
 <LI><a href="#[3b]">_sputc</a> from printfa.o(i._sputc) referenced from printfa.o(i.__0vsprintf)
 <LI><a href="#[3a]">fputc</a> from fputc_fp.o(.text) referenced from printfa.o(i.__0fprintf)
 <LI><a href="#[3a]">fputc</a> from fputc_fp.o(.text) referenced from printfa.o(i.__0printf)
 <LI><a href="#[3a]">fputc</a> from fputc_fp.o(.text) referenced from printfa.o(i.__0vfprintf)
 <LI><a href="#[3d]">gpio_irq0</a> from gpio_irq_api.o(i.gpio_irq0) referenced from gpio_irq_api.o(i.gpio_irq_init)
 <LI><a href="#[3e]">gpio_irq1</a> from gpio_irq_api.o(i.gpio_irq1) referenced from gpio_irq_api.o(i.gpio_irq_init)
 <LI><a href="#[3c]">gpio_irq2</a> from gpio_irq_api.o(i.gpio_irq2) referenced from gpio_irq_api.o(i.gpio_irq_init)
 <LI><a href="#[33]">isspace</a> from isspace_c.o(.text) referenced from scanf_char.o(.text)
 <LI><a href="#[26]">main</a> from retarget.o(i.$Sub$$main) referenced from entry9a.o(.ARM.Collect$$$$0000000B)
 <LI><a href="#[42]">tim_oc_irq_handler</a> from us_ticker.o(i.tim_oc_irq_handler) referenced from us_ticker.o(i.us_ticker_init)
 <LI><a href="#[41]">tim_update_irq_handler</a> from us_ticker.o(i.tim_update_irq_handler) referenced from us_ticker.o(i.us_ticker_init)
 <LI><a href="#[3f]">uart1_irq</a> from serial_api.o(i.uart1_irq) referenced from serial_api.o(i.serial_irq_set)
 <LI><a href="#[40]">uart2_irq</a> from serial_api.o(i.uart2_irq) referenced from serial_api.o(i.serial_irq_set)
</UL>
<P>
<H3>
Global Symbols
</H3>
<P><STRONG><a name="[2c]"></a>__main</STRONG> (Thumb, 0 bytes, Stack size unknown bytes, entry.o(.ARM.Collect$$$$00000000))
<BR>[Address Reference Count : 1]<UL><LI> startup_stm32f030.o(.text)
</UL>
<P><STRONG><a name="[1e1]"></a>_main_stk</STRONG> (Thumb, 0 bytes, Stack size unknown bytes, entry2.o(.ARM.Collect$$$$00000001))

<P><STRONG><a name="[5d]"></a>_main_scatterload</STRONG> (Thumb, 0 bytes, Stack size unknown bytes, entry5.o(.ARM.Collect$$$$00000004))
<BR><BR>[Calls]<UL><LI><a href="#[5e]">&gt;&gt;</a>&nbsp;&nbsp;&nbsp;__scatterload
</UL>

<P><STRONG><a name="[172]"></a>__main_after_scatterload</STRONG> (Thumb, 0 bytes, Stack size unknown bytes, entry5.o(.ARM.Collect$$$$00000004))
<BR><BR>[Called By]<UL><LI><a href="#[5e]">&gt;&gt;</a>&nbsp;&nbsp;&nbsp;__scatterload
</UL>

<P><STRONG><a name="[5f]"></a>__use_full_stdio</STRONG> (Thumb, 0 bytes, Stack size unknown bytes, entry6b.o(.ARM.Collect$$$$00000006))
<BR><BR>[Stack]<UL><LI>Max Depth = 320 + Unknown Stack Size
<LI>Call Chain = __use_full_stdio &rArr; _initio &rArr; _sys_open &rArr; __0sscanf &rArr; __vfscanf_char &rArr; __vfscanf &rArr; _scanf_longlong &rArr; __aeabi_lmul &rArr; __aeabi_llsl
</UL>
<BR>[Calls]<UL><LI><a href="#[60]">&gt;&gt;</a>&nbsp;&nbsp;&nbsp;_initio
</UL>

<P><STRONG><a name="[152]"></a>__main_after_initio</STRONG> (Thumb, 0 bytes, Stack size unknown bytes, entry6b.o(.ARM.Collect$$$$00000006))
<BR><BR>[Called By]<UL><LI><a href="#[60]">&gt;&gt;</a>&nbsp;&nbsp;&nbsp;_initio
</UL>

<P><STRONG><a name="[1e2]"></a>_main_clock</STRONG> (Thumb, 0 bytes, Stack size unknown bytes, entry7b.o(.ARM.Collect$$$$00000008))

<P><STRONG><a name="[61]"></a>_main_cpp_init$empty</STRONG> (Thumb, 0 bytes, Stack size unknown bytes, entry8a.o(.ARM.Collect$$$$00000009))
<BR><BR>[Stack]<UL><LI>Max Depth = 16 + Unknown Stack Size
<LI>Call Chain = _main_cpp_init$empty &rArr; __cpp_initialize__aeabi_
</UL>
<BR>[Calls]<UL><LI><a href="#[5c]">&gt;&gt;</a>&nbsp;&nbsp;&nbsp;__cpp_initialize__aeabi_
</UL>

<P><STRONG><a name="[1e3]"></a>_main_cpp_init</STRONG> (Thumb, 0 bytes, Stack size unknown bytes, entry8b.o(.ARM.Collect$$$$0000000A))

<P><STRONG><a name="[1e4]"></a>_main_init</STRONG> (Thumb, 0 bytes, Stack size unknown bytes, entry9a.o(.ARM.Collect$$$$0000000B))

<P><STRONG><a name="[1e5]"></a>__rt_final_cpp</STRONG> (Thumb, 0 bytes, Stack size unknown bytes, entry10a.o(.ARM.Collect$$$$0000000D))

<P><STRONG><a name="[1e6]"></a>__rt_final_exit</STRONG> (Thumb, 0 bytes, Stack size unknown bytes, entry11a.o(.ARM.Collect$$$$0000000F))

<P><STRONG><a name="[65]"></a>clrwdt()</STRONG> (Thumb, 2 bytes, Stack size 0 bytes, main.o(.text))
<BR><BR>[Called By]<UL><LI><a href="#[64]">&gt;&gt;</a>&nbsp;&nbsp;&nbsp;PowerOff()
</UL>

<P><STRONG><a name="[62]"></a>PowerOn()</STRONG> (Thumb, 12 bytes, Stack size 8 bytes, main.o(.text), UNUSED)
<BR><BR>[Calls]<UL><LI><a href="#[63]">&gt;&gt;</a>&nbsp;&nbsp;&nbsp;mbed::DigitalOut::operator =(int)
</UL>
<BR>[Called By]<UL><LI><a href="#[66]">&gt;&gt;</a>&nbsp;&nbsp;&nbsp;PowerOnDetect()
</UL>

<P><STRONG><a name="[64]"></a>PowerOff()</STRONG> (Thumb, 14 bytes, Stack size 0 bytes, main.o(.text))
<BR><BR>[Calls]<UL><LI><a href="#[65]">&gt;&gt;</a>&nbsp;&nbsp;&nbsp;clrwdt()
<LI><a href="#[63]">&gt;&gt;</a>&nbsp;&nbsp;&nbsp;mbed::DigitalOut::operator =(int)
</UL>
<BR>[Called By]<UL><LI><a href="#[6d]">&gt;&gt;</a>&nbsp;&nbsp;&nbsp;HandleKeyProcess()
<LI><a href="#[89]">&gt;&gt;</a>&nbsp;&nbsp;&nbsp;$Super$$main
</UL>

<P><STRONG><a name="[1e7]"></a>Formula_85(unsigned char*, unsigned char*)</STRONG> (Thumb, 66 bytes, Stack size 8 bytes, main.o(.text), UNUSED)

<P><STRONG><a name="[66]"></a>PowerOnDetect()</STRONG> (Thumb, 54 bytes, Stack size 24 bytes, main.o(.text), UNUSED)
<BR><BR>[Calls]<UL><LI><a href="#[62]">&gt;&gt;</a>&nbsp;&nbsp;&nbsp;PowerOn()
<LI><a href="#[68]">&gt;&gt;</a>&nbsp;&nbsp;&nbsp;mbed::DigitalIn::read()
<LI><a href="#[2e]">&gt;&gt;</a>&nbsp;&nbsp;&nbsp;mbed::Timer::Timer()
<LI><a href="#[6a]">&gt;&gt;</a>&nbsp;&nbsp;&nbsp;mbed::Timer::read_ms()
<LI><a href="#[67]">&gt;&gt;</a>&nbsp;&nbsp;&nbsp;mbed::Timer::start()
<LI><a href="#[69]">&gt;&gt;</a>&nbsp;&nbsp;&nbsp;mbed::Timer::reset()
</UL>

<P><STRONG><a name="[6b]"></a>ScanKey()</STRONG> (Thumb, 168 bytes, Stack size 16 bytes, main.o(.text))
<BR><BR>[Stack]<UL><LI>Max Depth = 88<LI>Call Chain = ScanKey() &rArr; mbed::Timer::Timer() &rArr; us_ticker_read &rArr; us_ticker_init &rArr; HAL_TIM_Base_Init &rArr; TIM_Base_SetConfig
</UL>
<BR>[Calls]<UL><LI><a href="#[68]">&gt;&gt;</a>&nbsp;&nbsp;&nbsp;mbed::DigitalIn::read()
<LI><a href="#[2e]">&gt;&gt;</a>&nbsp;&nbsp;&nbsp;mbed::Timer::Timer()
<LI><a href="#[6a]">&gt;&gt;</a>&nbsp;&nbsp;&nbsp;mbed::Timer::read_ms()
<LI><a href="#[67]">&gt;&gt;</a>&nbsp;&nbsp;&nbsp;mbed::Timer::start()
<LI><a href="#[69]">&gt;&gt;</a>&nbsp;&nbsp;&nbsp;mbed::Timer::reset()
<LI><a href="#[6c]">&gt;&gt;</a>&nbsp;&nbsp;&nbsp;__cxa_guard_acquire
</UL>
<BR>[Called By]<UL><LI><a href="#[6d]">&gt;&gt;</a>&nbsp;&nbsp;&nbsp;HandleKeyProcess()
<LI><a href="#[89]">&gt;&gt;</a>&nbsp;&nbsp;&nbsp;$Super$$main
</UL>

<P><STRONG><a name="[6d]"></a>HandleKeyProcess()</STRONG> (Thumb, 78 bytes, Stack size 16 bytes, main.o(.text))
<BR><BR>[Stack]<UL><LI>Max Depth = 104<LI>Call Chain = HandleKeyProcess() &rArr; ScanKey() &rArr; mbed::Timer::Timer() &rArr; us_ticker_read &rArr; us_ticker_init &rArr; HAL_TIM_Base_Init &rArr; TIM_Base_SetConfig
</UL>
<BR>[Calls]<UL><LI><a href="#[6b]">&gt;&gt;</a>&nbsp;&nbsp;&nbsp;ScanKey()
<LI><a href="#[64]">&gt;&gt;</a>&nbsp;&nbsp;&nbsp;PowerOff()
<LI><a href="#[6e]">&gt;&gt;</a>&nbsp;&nbsp;&nbsp;wait_ms
<LI><a href="#[6a]">&gt;&gt;</a>&nbsp;&nbsp;&nbsp;mbed::Timer::read_ms()
<LI><a href="#[69]">&gt;&gt;</a>&nbsp;&nbsp;&nbsp;mbed::Timer::reset()
</UL>
<BR>[Called By]<UL><LI><a href="#[89]">&gt;&gt;</a>&nbsp;&nbsp;&nbsp;$Super$$main
</UL>

<P><STRONG><a name="[1e8]"></a>IndicateVolt(int)</STRONG> (Thumb, 10 bytes, Stack size 0 bytes, main.o(.text), UNUSED)

<P><STRONG><a name="[1e9]"></a>ReceivedRFFrame()</STRONG> (Thumb, 2 bytes, Stack size 0 bytes, main.o(.text), UNUSED)

<P><STRONG><a name="[6f]"></a>LockSpi()</STRONG> (Thumb, 16 bytes, Stack size 8 bytes, main.o(.text), UNUSED)
<BR><BR>[Calls]<UL><LI><a href="#[70]">&gt;&gt;</a>&nbsp;&nbsp;&nbsp;mbed::InterruptIn::disable_irq()
</UL>

<P><STRONG><a name="[71]"></a>UnlockSpi()</STRONG> (Thumb, 16 bytes, Stack size 8 bytes, main.o(.text), UNUSED)
<BR><BR>[Calls]<UL><LI><a href="#[72]">&gt;&gt;</a>&nbsp;&nbsp;&nbsp;mbed::InterruptIn::enable_irq()
</UL>

<P><STRONG><a name="[27]"></a>ToggleLed()</STRONG> (Thumb, 346 bytes, Stack size 16 bytes, main.o(.text))
<BR><BR>[Stack]<UL><LI>Max Depth = 44<LI>Call Chain = ToggleLed() &rArr; __aeabi_idivmod &rArr; __aeabi_uidivmod
</UL>
<BR>[Calls]<UL><LI><a href="#[73]">&gt;&gt;</a>&nbsp;&nbsp;&nbsp;__ARM_common_switch8
<LI><a href="#[63]">&gt;&gt;</a>&nbsp;&nbsp;&nbsp;mbed::DigitalOut::operator =(int)
<LI><a href="#[75]">&gt;&gt;</a>&nbsp;&nbsp;&nbsp;mbed::DigitalOut::read()
<LI><a href="#[74]">&gt;&gt;</a>&nbsp;&nbsp;&nbsp;__aeabi_idivmod
</UL>
<BR>[Address Reference Count : 1]<UL><LI> main.o(.text)
</UL>
<P><STRONG><a name="[94]"></a>PowerOnWifi()</STRONG> (Thumb, 2 bytes, Stack size 0 bytes, main.o(.text))
<BR><BR>[Called By]<UL><LI><a href="#[89]">&gt;&gt;</a>&nbsp;&nbsp;&nbsp;$Super$$main
</UL>

<P><STRONG><a name="[1ea]"></a>PowerOffWifi()</STRONG> (Thumb, 2 bytes, Stack size 0 bytes, main.o(.text), UNUSED)

<P><STRONG><a name="[76]"></a>SystemSelfTest()</STRONG> (Thumb, 124 bytes, Stack size 8 bytes, main.o(.text), UNUSED)
<BR><BR>[Calls]<UL><LI><a href="#[68]">&gt;&gt;</a>&nbsp;&nbsp;&nbsp;mbed::DigitalIn::read()
<LI><a href="#[78]">&gt;&gt;</a>&nbsp;&nbsp;&nbsp;mbed::DigitalOut::operator int()
<LI><a href="#[75]">&gt;&gt;</a>&nbsp;&nbsp;&nbsp;mbed::DigitalOut::read()
<LI><a href="#[77]">&gt;&gt;</a>&nbsp;&nbsp;&nbsp;__2printf
</UL>

<P><STRONG><a name="[79]"></a>RF_Init()</STRONG> (Thumb, 412 bytes, Stack size 24 bytes, main.o(.text))
<BR><BR>[Stack]<UL><LI>Max Depth = 248<LI>Call Chain = RF_Init() &rArr; LT8910::LT8910(CircularBuffer&, mbed::SPI*, PinName, PinName) &rArr; mbed::InterruptIn::InterruptIn(PinName) &rArr; gpio_irq_init &rArr; pin_function &rArr; Set_GPIO_Clock &rArr; error &rArr; exit &rArr; mbed_die &rArr; wait_ms &rArr; us_ticker_read &rArr; us_ticker_init &rArr; HAL_TIM_Base_Init &rArr; TIM_Base_SetConfig
</UL>
<BR>[Calls]<UL><LI><a href="#[6e]">&gt;&gt;</a>&nbsp;&nbsp;&nbsp;wait_ms
<LI><a href="#[7b]">&gt;&gt;</a>&nbsp;&nbsp;&nbsp;LT8910::LT8910(CircularBuffer&, mbed::SPI*, PinName, PinName)
<LI><a href="#[7d]">&gt;&gt;</a>&nbsp;&nbsp;&nbsp;LT8910::ReadReg(unsigned char)
<LI><a href="#[7c]">&gt;&gt;</a>&nbsp;&nbsp;&nbsp;LT8910::Init()
<LI><a href="#[82]">&gt;&gt;</a>&nbsp;&nbsp;&nbsp;LT8910::EnableReceivedIsr()
<LI><a href="#[7f]">&gt;&gt;</a>&nbsp;&nbsp;&nbsp;LT8910::set_tx_channel(unsigned char)
<LI><a href="#[7e]">&gt;&gt;</a>&nbsp;&nbsp;&nbsp;LT8910::set_rx_channel(unsigned char)
<LI><a href="#[80]">&gt;&gt;</a>&nbsp;&nbsp;&nbsp;LT8910::EnterRxMode()
<LI><a href="#[81]">&gt;&gt;</a>&nbsp;&nbsp;&nbsp;CommRF::SendPacket(const unsigned char*, unsigned char)
<LI><a href="#[7a]">&gt;&gt;</a>&nbsp;&nbsp;&nbsp;operator new(unsigned)
</UL>
<BR>[Called By]<UL><LI><a href="#[89]">&gt;&gt;</a>&nbsp;&nbsp;&nbsp;$Super$$main
</UL>

<P><STRONG><a name="[a5]"></a>RestoreRFFreq()</STRONG> (Thumb, 2 bytes, Stack size 0 bytes, main.o(.text))
<BR><BR>[Called By]<UL><LI><a href="#[89]">&gt;&gt;</a>&nbsp;&nbsp;&nbsp;$Super$$main
</UL>

<P><STRONG><a name="[128]"></a>SetToRemoterFreq()</STRONG> (Thumb, 2 bytes, Stack size 0 bytes, main.o(.text))
<BR><BR>[Called By]<UL><LI><a href="#[127]">&gt;&gt;</a>&nbsp;&nbsp;&nbsp;CommWifi::PostReadTileEx(int)
</UL>

<P><STRONG><a name="[83]"></a>TestFlashOperation()</STRONG> (Thumb, 152 bytes, Stack size 56 bytes, main.o(.text), UNUSED)
<BR><BR>[Calls]<UL><LI><a href="#[85]">&gt;&gt;</a>&nbsp;&nbsp;&nbsp;BufferedSerial::printf(const char*, ...)
<LI><a href="#[86]">&gt;&gt;</a>&nbsp;&nbsp;&nbsp;ReadFromFlash(int, unsigned char*, int)
<LI><a href="#[87]">&gt;&gt;</a>&nbsp;&nbsp;&nbsp;WriteToFlash(int, const void*, int)
<LI><a href="#[84]">&gt;&gt;</a>&nbsp;&nbsp;&nbsp;EraseFlash(int)
<LI><a href="#[88]">&gt;&gt;</a>&nbsp;&nbsp;&nbsp;__aeabi_memclr4
</UL>

<P><STRONG><a name="[89]"></a>$Super$$main</STRONG> (Thumb, 1106 bytes, Stack size 24 bytes, main.o(.text))
<BR><BR>[Stack]<UL><LI>Max Depth = 496<LI>Call Chain = $Super$$main &rArr; CommWifi::Init() &rArr; WifiObj::GetTcpto() &rArr; WifiObj::scanf(int, const char*, ...) &rArr; vsscanf &rArr; __vfscanf_char &rArr; __vfscanf &rArr; _scanf_longlong &rArr; __aeabi_lmul &rArr; __aeabi_llsl
</UL>
<BR>[Calls]<UL><LI><a href="#[95]">&gt;&gt;</a>&nbsp;&nbsp;&nbsp;mbed::SPI::frequency(int)
<LI><a href="#[96]">&gt;&gt;</a>&nbsp;&nbsp;&nbsp;mbed::SPI::format(int, int)
<LI><a href="#[90]">&gt;&gt;</a>&nbsp;&nbsp;&nbsp;mbed::FunctionPointer::attach(void(*)())
<LI><a href="#[8e]">&gt;&gt;</a>&nbsp;&nbsp;&nbsp;mbed::SerialBase::baud(int)
<LI><a href="#[97]">&gt;&gt;</a>&nbsp;&nbsp;&nbsp;BufferedSerial::BufferedSerial(PinName, PinName, unsigned)
<LI><a href="#[9e]">&gt;&gt;</a>&nbsp;&nbsp;&nbsp;HAL_IWDG_Start
<LI><a href="#[9f]">&gt;&gt;</a>&nbsp;&nbsp;&nbsp;HAL_IWDG_Refresh
<LI><a href="#[9d]">&gt;&gt;</a>&nbsp;&nbsp;&nbsp;HAL_IWDG_Init
<LI><a href="#[a5]">&gt;&gt;</a>&nbsp;&nbsp;&nbsp;RestoreRFFreq()
<LI><a href="#[79]">&gt;&gt;</a>&nbsp;&nbsp;&nbsp;RF_Init()
<LI><a href="#[94]">&gt;&gt;</a>&nbsp;&nbsp;&nbsp;PowerOnWifi()
<LI><a href="#[6d]">&gt;&gt;</a>&nbsp;&nbsp;&nbsp;HandleKeyProcess()
<LI><a href="#[6b]">&gt;&gt;</a>&nbsp;&nbsp;&nbsp;ScanKey()
<LI><a href="#[64]">&gt;&gt;</a>&nbsp;&nbsp;&nbsp;PowerOff()
<LI><a href="#[8d]">&gt;&gt;</a>&nbsp;&nbsp;&nbsp;mbed::DigitalIn::DigitalIn(PinName)
<LI><a href="#[68]">&gt;&gt;</a>&nbsp;&nbsp;&nbsp;mbed::DigitalIn::read()
<LI><a href="#[63]">&gt;&gt;</a>&nbsp;&nbsp;&nbsp;mbed::DigitalOut::operator =(int)
<LI><a href="#[8c]">&gt;&gt;</a>&nbsp;&nbsp;&nbsp;mbed::DigitalOut::DigitalOut(PinName)
<LI><a href="#[6e]">&gt;&gt;</a>&nbsp;&nbsp;&nbsp;wait_ms
<LI><a href="#[8a]">&gt;&gt;</a>&nbsp;&nbsp;&nbsp;gpio_mode
<LI><a href="#[8f]">&gt;&gt;</a>&nbsp;&nbsp;&nbsp;__aeabi_f2ulz
<LI><a href="#[9a]">&gt;&gt;</a>&nbsp;&nbsp;&nbsp;CommWifi::CommWifi(WifiObj*, CommRF*, WT588D*)
<LI><a href="#[a3]">&gt;&gt;</a>&nbsp;&nbsp;&nbsp;CommWifi::HandleCmd()
<LI><a href="#[a2]">&gt;&gt;</a>&nbsp;&nbsp;&nbsp;CommWifi::StopLink()
<LI><a href="#[a0]">&gt;&gt;</a>&nbsp;&nbsp;&nbsp;CommWifi::IsLink()
<LI><a href="#[9c]">&gt;&gt;</a>&nbsp;&nbsp;&nbsp;CommWifi::Init()
<LI><a href="#[a4]">&gt;&gt;</a>&nbsp;&nbsp;&nbsp;CommWifi::HandleAccelerometer()
<LI><a href="#[a1]">&gt;&gt;</a>&nbsp;&nbsp;&nbsp;CommWifi::ConnectPhone()
<LI><a href="#[98]">&gt;&gt;</a>&nbsp;&nbsp;&nbsp;WifiObj::WifiObj(BufferedSerial*, CircularBuffer&, PinName, PinName)
<LI><a href="#[92]">&gt;&gt;</a>&nbsp;&nbsp;&nbsp;WT588D::WT588D(PinName, PinName)
<LI><a href="#[93]">&gt;&gt;</a>&nbsp;&nbsp;&nbsp;WT588D::Init()
<LI><a href="#[99]">&gt;&gt;</a>&nbsp;&nbsp;&nbsp;CommRF::CommRF()
<LI><a href="#[9b]">&gt;&gt;</a>&nbsp;&nbsp;&nbsp;CommRF::Init()
<LI><a href="#[a6]">&gt;&gt;</a>&nbsp;&nbsp;&nbsp;CommRF::DecRemainTime()
<LI><a href="#[91]">&gt;&gt;</a>&nbsp;&nbsp;&nbsp;mbed::Ticker::setup(unsigned long long)
<LI><a href="#[8b]">&gt;&gt;</a>&nbsp;&nbsp;&nbsp;mbed::Serial::Serial(PinName, PinName, const char*)
<LI><a href="#[6a]">&gt;&gt;</a>&nbsp;&nbsp;&nbsp;mbed::Timer::read_ms()
<LI><a href="#[67]">&gt;&gt;</a>&nbsp;&nbsp;&nbsp;mbed::Timer::start()
<LI><a href="#[69]">&gt;&gt;</a>&nbsp;&nbsp;&nbsp;mbed::Timer::reset()
<LI><a href="#[7a]">&gt;&gt;</a>&nbsp;&nbsp;&nbsp;operator new(unsigned)
</UL>
<BR>[Called By]<UL><LI><a href="#[26]">&gt;&gt;</a>&nbsp;&nbsp;&nbsp;main
</UL>

<P><STRONG><a name="[ac]"></a>LT8910::Delay(int)</STRONG> (Thumb, 10 bytes, Stack size 8 bytes, lt8910.o(.text), UNUSED)
<BR><BR>[Calls]<UL><LI><a href="#[6e]">&gt;&gt;</a>&nbsp;&nbsp;&nbsp;wait_ms
</UL>

<P><STRONG><a name="[ad]"></a>LT8910::SetCS()</STRONG> (Thumb, 12 bytes, Stack size 8 bytes, lt8910.o(.text))
<BR><BR>[Stack]<UL><LI>Max Depth = 8<LI>Call Chain = LT8910::SetCS()
</UL>
<BR>[Calls]<UL><LI><a href="#[63]">&gt;&gt;</a>&nbsp;&nbsp;&nbsp;mbed::DigitalOut::operator =(int)
</UL>
<BR>[Called By]<UL><LI><a href="#[c3]">&gt;&gt;</a>&nbsp;&nbsp;&nbsp;LT8910::write(const unsigned char*, unsigned char)
<LI><a href="#[bb]">&gt;&gt;</a>&nbsp;&nbsp;&nbsp;LT8910::BurstWrite(unsigned char, const unsigned char*, unsigned char)
<LI><a href="#[ba]">&gt;&gt;</a>&nbsp;&nbsp;&nbsp;LT8910::WriteReg(unsigned char, unsigned char, unsigned char)
<LI><a href="#[b8]">&gt;&gt;</a>&nbsp;&nbsp;&nbsp;LT8910::WriteReg(unsigned char, unsigned short)
<LI><a href="#[7d]">&gt;&gt;</a>&nbsp;&nbsp;&nbsp;LT8910::ReadReg(unsigned char)
</UL>

<P><STRONG><a name="[ae]"></a>LT8910::ClearCS()</STRONG> (Thumb, 12 bytes, Stack size 8 bytes, lt8910.o(.text))
<BR><BR>[Stack]<UL><LI>Max Depth = 8<LI>Call Chain = LT8910::ClearCS()
</UL>
<BR>[Calls]<UL><LI><a href="#[63]">&gt;&gt;</a>&nbsp;&nbsp;&nbsp;mbed::DigitalOut::operator =(int)
</UL>
<BR>[Called By]<UL><LI><a href="#[c3]">&gt;&gt;</a>&nbsp;&nbsp;&nbsp;LT8910::write(const unsigned char*, unsigned char)
<LI><a href="#[bb]">&gt;&gt;</a>&nbsp;&nbsp;&nbsp;LT8910::BurstWrite(unsigned char, const unsigned char*, unsigned char)
<LI><a href="#[ba]">&gt;&gt;</a>&nbsp;&nbsp;&nbsp;LT8910::WriteReg(unsigned char, unsigned char, unsigned char)
<LI><a href="#[b8]">&gt;&gt;</a>&nbsp;&nbsp;&nbsp;LT8910::WriteReg(unsigned char, unsigned short)
<LI><a href="#[7d]">&gt;&gt;</a>&nbsp;&nbsp;&nbsp;LT8910::ReadReg(unsigned char)
</UL>

<P><STRONG><a name="[43]"></a>LT8910::IsrRead()</STRONG> (Thumb, 8 bytes, Stack size 0 bytes, lt8910.o(.text))
<BR>[Address Reference Count : 1]<UL><LI> lt8910.o(.constdata)
</UL>
<P><STRONG><a name="[1eb]"></a>LT8910::writebytes(const unsigned char*, unsigned char)</STRONG> (Thumb, 30 bytes, Stack size 24 bytes, lt8910.o(.text), UNUSED)

<P><STRONG><a name="[7b]"></a>LT8910::LT8910(CircularBuffer&, mbed::SPI*, PinName, PinName)</STRONG> (Thumb, 64 bytes, Stack size 16 bytes, lt8910.o(.text))
<BR><BR>[Stack]<UL><LI>Max Depth = 224<LI>Call Chain = LT8910::LT8910(CircularBuffer&, mbed::SPI*, PinName, PinName) &rArr; mbed::InterruptIn::InterruptIn(PinName) &rArr; gpio_irq_init &rArr; pin_function &rArr; Set_GPIO_Clock &rArr; error &rArr; exit &rArr; mbed_die &rArr; wait_ms &rArr; us_ticker_read &rArr; us_ticker_init &rArr; HAL_TIM_Base_Init &rArr; TIM_Base_SetConfig
</UL>
<BR>[Calls]<UL><LI><a href="#[af]">&gt;&gt;</a>&nbsp;&nbsp;&nbsp;mbed::InterruptIn::InterruptIn(PinName)
<LI><a href="#[63]">&gt;&gt;</a>&nbsp;&nbsp;&nbsp;mbed::DigitalOut::operator =(int)
<LI><a href="#[8c]">&gt;&gt;</a>&nbsp;&nbsp;&nbsp;mbed::DigitalOut::DigitalOut(PinName)
</UL>
<BR>[Called By]<UL><LI><a href="#[79]">&gt;&gt;</a>&nbsp;&nbsp;&nbsp;RF_Init()
</UL>

<P><STRONG><a name="[1ec]"></a>LT8910::LT8910__sub_object(CircularBuffer&, mbed::SPI*, PinName, PinName)</STRONG> (Thumb, 0 bytes, Stack size 16 bytes, lt8910.o(.text), UNUSED)

<P><STRONG><a name="[b0]"></a>LT8910::LT8910(CircularBuffer&, mbed::SPI*, PinName)</STRONG> (Thumb, 60 bytes, Stack size 8 bytes, lt8910.o(.text), UNUSED)
<BR><BR>[Calls]<UL><LI><a href="#[af]">&gt;&gt;</a>&nbsp;&nbsp;&nbsp;mbed::InterruptIn::InterruptIn(PinName)
<LI><a href="#[63]">&gt;&gt;</a>&nbsp;&nbsp;&nbsp;mbed::DigitalOut::operator =(int)
<LI><a href="#[8c]">&gt;&gt;</a>&nbsp;&nbsp;&nbsp;mbed::DigitalOut::DigitalOut(PinName)
</UL>

<P><STRONG><a name="[1ed]"></a>LT8910::LT8910__sub_object(CircularBuffer&, mbed::SPI*, PinName)</STRONG> (Thumb, 0 bytes, Stack size 8 bytes, lt8910.o(.text), UNUSED)

<P><STRONG><a name="[4c]"></a>LT8910::~LT8910()</STRONG> (Thumb, 16 bytes, Stack size 8 bytes, lt8910.o(.text))
<BR><BR>[Stack]<UL><LI>Max Depth = 176<LI>Call Chain = LT8910::~LT8910() &rArr; mbed::InterruptIn::~InterruptIn() &rArr; gpio_irq_free &rArr; pin_function &rArr; Set_GPIO_Clock &rArr; error &rArr; exit &rArr; mbed_die &rArr; wait_ms &rArr; us_ticker_read &rArr; us_ticker_init &rArr; HAL_TIM_Base_Init &rArr; TIM_Base_SetConfig
</UL>
<BR>[Calls]<UL><LI><a href="#[52]">&gt;&gt;</a>&nbsp;&nbsp;&nbsp;mbed::InterruptIn::~InterruptIn()
</UL>
<BR>[Called By]<UL><LI><a href="#[4d]">&gt;&gt;</a>&nbsp;&nbsp;&nbsp;LT8910::~LT8910__deallocating()
</UL>
<BR>[Address Reference Count : 1]<UL><LI> lt8910.o(.constdata__ZTV6LT8910)
</UL>
<P><STRONG><a name="[1ee]"></a>LT8910::~LT8910__sub_object()</STRONG> (Thumb, 0 bytes, Stack size 8 bytes, lt8910.o(.text), UNUSED)

<P><STRONG><a name="[4d]"></a>LT8910::~LT8910__deallocating()</STRONG> (Thumb, 12 bytes, Stack size 8 bytes, lt8910.o(.text))
<BR><BR>[Stack]<UL><LI>Max Depth = 184<LI>Call Chain = LT8910::~LT8910__deallocating() &rArr; LT8910::~LT8910() &rArr; mbed::InterruptIn::~InterruptIn() &rArr; gpio_irq_free &rArr; pin_function &rArr; Set_GPIO_Clock &rArr; error &rArr; exit &rArr; mbed_die &rArr; wait_ms &rArr; us_ticker_read &rArr; us_ticker_init &rArr; HAL_TIM_Base_Init &rArr; TIM_Base_SetConfig
</UL>
<BR>[Calls]<UL><LI><a href="#[4c]">&gt;&gt;</a>&nbsp;&nbsp;&nbsp;LT8910::~LT8910()
<LI><a href="#[b1]">&gt;&gt;</a>&nbsp;&nbsp;&nbsp;operator delete (void*)
</UL>
<BR>[Address Reference Count : 1]<UL><LI> lt8910.o(.constdata__ZTV6LT8910)
</UL>
<P><STRONG><a name="[7f]"></a>LT8910::set_tx_channel(unsigned char)</STRONG> (Thumb, 6 bytes, Stack size 0 bytes, lt8910.o(.text))
<BR><BR>[Called By]<UL><LI><a href="#[79]">&gt;&gt;</a>&nbsp;&nbsp;&nbsp;RF_Init()
<LI><a href="#[a4]">&gt;&gt;</a>&nbsp;&nbsp;&nbsp;CommWifi::HandleAccelerometer()
<LI><a href="#[13c]">&gt;&gt;</a>&nbsp;&nbsp;&nbsp;CommWifi::ProcessNewCommand()
<LI><a href="#[139]">&gt;&gt;</a>&nbsp;&nbsp;&nbsp;CommWifi::SetPaiColor(unsigned char)
<LI><a href="#[127]">&gt;&gt;</a>&nbsp;&nbsp;&nbsp;CommWifi::PostReadTileEx(int)
<LI><a href="#[125]">&gt;&gt;</a>&nbsp;&nbsp;&nbsp;CommWifi::RereadUnmarkTong()
<LI><a href="#[111]">&gt;&gt;</a>&nbsp;&nbsp;&nbsp;CommRF::ReadRemoter(unsigned char)
</UL>

<P><STRONG><a name="[1ef]"></a>LT8910::tx_channel()</STRONG> (Thumb, 6 bytes, Stack size 0 bytes, lt8910.o(.text), UNUSED)

<P><STRONG><a name="[7e]"></a>LT8910::set_rx_channel(unsigned char)</STRONG> (Thumb, 6 bytes, Stack size 0 bytes, lt8910.o(.text))
<BR><BR>[Called By]<UL><LI><a href="#[79]">&gt;&gt;</a>&nbsp;&nbsp;&nbsp;RF_Init()
</UL>

<P><STRONG><a name="[1f0]"></a>LT8910::rx_channel()</STRONG> (Thumb, 6 bytes, Stack size 0 bytes, lt8910.o(.text), UNUSED)

<P><STRONG><a name="[7d]"></a>LT8910::ReadReg(unsigned char)</STRONG> (Thumb, 68 bytes, Stack size 16 bytes, lt8910.o(.text))
<BR><BR>[Stack]<UL><LI>Max Depth = 88<LI>Call Chain = LT8910::ReadReg(unsigned char) &rArr; wait_us &rArr; us_ticker_read &rArr; us_ticker_init &rArr; HAL_TIM_Base_Init &rArr; TIM_Base_SetConfig
</UL>
<BR>[Calls]<UL><LI><a href="#[b2]">&gt;&gt;</a>&nbsp;&nbsp;&nbsp;wait_us
<LI><a href="#[ae]">&gt;&gt;</a>&nbsp;&nbsp;&nbsp;LT8910::ClearCS()
<LI><a href="#[ad]">&gt;&gt;</a>&nbsp;&nbsp;&nbsp;LT8910::SetCS()
</UL>
<BR>[Called By]<UL><LI><a href="#[79]">&gt;&gt;</a>&nbsp;&nbsp;&nbsp;RF_Init()
<LI><a href="#[c7]">&gt;&gt;</a>&nbsp;&nbsp;&nbsp;LT8910::SetRFPower(unsigned char)
<LI><a href="#[c6]">&gt;&gt;</a>&nbsp;&nbsp;&nbsp;LT8910::GetRFPower()
<LI><a href="#[c5]">&gt;&gt;</a>&nbsp;&nbsp;&nbsp;LT8910::DisableRssi()
<LI><a href="#[c4]">&gt;&gt;</a>&nbsp;&nbsp;&nbsp;LT8910::EnableRssi()
<LI><a href="#[b3]">&gt;&gt;</a>&nbsp;&nbsp;&nbsp;LT8910::readable()
</UL>

<P><STRONG><a name="[b3]"></a>LT8910::readable()</STRONG> (Thumb, 40 bytes, Stack size 8 bytes, lt8910.o(.text), UNUSED)
<BR><BR>[Calls]<UL><LI><a href="#[b4]">&gt;&gt;</a>&nbsp;&nbsp;&nbsp;mbed::InterruptIn::operator int()
<LI><a href="#[7d]">&gt;&gt;</a>&nbsp;&nbsp;&nbsp;LT8910::ReadReg(unsigned char)
</UL>
<BR>[Called By]<UL><LI><a href="#[bc]">&gt;&gt;</a>&nbsp;&nbsp;&nbsp;LT8910::WaitTxFinish()
</UL>

<P><STRONG><a name="[82]"></a>LT8910::EnableReceivedIsr()</STRONG> (Thumb, 56 bytes, Stack size 24 bytes, lt8910.o(.text))
<BR><BR>[Stack]<UL><LI>Max Depth = 184<LI>Call Chain = LT8910::EnableReceivedIsr() &rArr; gpio_irq_set &rArr; pin_function &rArr; Set_GPIO_Clock &rArr; error &rArr; exit &rArr; mbed_die &rArr; wait_ms &rArr; us_ticker_read &rArr; us_ticker_init &rArr; HAL_TIM_Base_Init &rArr; TIM_Base_SetConfig
</UL>
<BR>[Calls]<UL><LI><a href="#[b5]">&gt;&gt;</a>&nbsp;&nbsp;&nbsp;gpio_irq_set
</UL>
<BR>[Called By]<UL><LI><a href="#[79]">&gt;&gt;</a>&nbsp;&nbsp;&nbsp;RF_Init()
</UL>

<P><STRONG><a name="[b6]"></a>LT8910::EnableReceivedIsr(void(*)())</STRONG> (Thumb, 10 bytes, Stack size 8 bytes, lt8910.o(.text), UNUSED)
<BR><BR>[Calls]<UL><LI><a href="#[b7]">&gt;&gt;</a>&nbsp;&nbsp;&nbsp;mbed::InterruptIn::rise(void(*)())
</UL>

<P><STRONG><a name="[b8]"></a>LT8910::WriteReg(unsigned char, unsigned short)</STRONG> (Thumb, 62 bytes, Stack size 16 bytes, lt8910.o(.text))
<BR><BR>[Stack]<UL><LI>Max Depth = 88<LI>Call Chain = LT8910::WriteReg(unsigned char, unsigned short) &rArr; wait_us &rArr; us_ticker_read &rArr; us_ticker_init &rArr; HAL_TIM_Base_Init &rArr; TIM_Base_SetConfig
</UL>
<BR>[Calls]<UL><LI><a href="#[b2]">&gt;&gt;</a>&nbsp;&nbsp;&nbsp;wait_us
<LI><a href="#[ae]">&gt;&gt;</a>&nbsp;&nbsp;&nbsp;LT8910::ClearCS()
<LI><a href="#[ad]">&gt;&gt;</a>&nbsp;&nbsp;&nbsp;LT8910::SetCS()
</UL>
<BR>[Called By]<UL><LI><a href="#[ca]">&gt;&gt;</a>&nbsp;&nbsp;&nbsp;LT8910::EnterIdleMode()
<LI><a href="#[c7]">&gt;&gt;</a>&nbsp;&nbsp;&nbsp;LT8910::SetRFPower(unsigned char)
<LI><a href="#[c5]">&gt;&gt;</a>&nbsp;&nbsp;&nbsp;LT8910::DisableRssi()
<LI><a href="#[c4]">&gt;&gt;</a>&nbsp;&nbsp;&nbsp;LT8910::EnableRssi()
<LI><a href="#[c2]">&gt;&gt;</a>&nbsp;&nbsp;&nbsp;LT8910::ClearWriteFifo()
<LI><a href="#[bd]">&gt;&gt;</a>&nbsp;&nbsp;&nbsp;LT8910::Init(const unsigned short*, int)
<LI><a href="#[b9]">&gt;&gt;</a>&nbsp;&nbsp;&nbsp;LT8910::SetChipCtrl(unsigned short)
<LI><a href="#[7c]">&gt;&gt;</a>&nbsp;&nbsp;&nbsp;LT8910::Init()
</UL>

<P><STRONG><a name="[b9]"></a>LT8910::SetChipCtrl(unsigned short)</STRONG> (Thumb, 6 bytes, Stack size 0 bytes, lt8910.o(.text), UNUSED)
<BR><BR>[Calls]<UL><LI><a href="#[b8]">&gt;&gt;</a>&nbsp;&nbsp;&nbsp;LT8910::WriteReg(unsigned char, unsigned short)
</UL>

<P><STRONG><a name="[ba]"></a>LT8910::WriteReg(unsigned char, unsigned char, unsigned char)</STRONG> (Thumb, 58 bytes, Stack size 24 bytes, lt8910.o(.text))
<BR><BR>[Stack]<UL><LI>Max Depth = 32<LI>Call Chain = LT8910::WriteReg(unsigned char, unsigned char, unsigned char) &rArr; LT8910::ClearCS()
</UL>
<BR>[Calls]<UL><LI><a href="#[ae]">&gt;&gt;</a>&nbsp;&nbsp;&nbsp;LT8910::ClearCS()
<LI><a href="#[ad]">&gt;&gt;</a>&nbsp;&nbsp;&nbsp;LT8910::SetCS()
</UL>
<BR>[Called By]<UL><LI><a href="#[cb]">&gt;&gt;</a>&nbsp;&nbsp;&nbsp;LT8910::EnterRxMode(unsigned char)
<LI><a href="#[c9]">&gt;&gt;</a>&nbsp;&nbsp;&nbsp;LT8910::EnterTxMode(unsigned char)
<LI><a href="#[c1]">&gt;&gt;</a>&nbsp;&nbsp;&nbsp;LT8910::EnterTxMode()
<LI><a href="#[80]">&gt;&gt;</a>&nbsp;&nbsp;&nbsp;LT8910::EnterRxMode()
</UL>

<P><STRONG><a name="[bb]"></a>LT8910::BurstWrite(unsigned char, const unsigned char*, unsigned char)</STRONG> (Thumb, 72 bytes, Stack size 24 bytes, lt8910.o(.text))
<BR><BR>[Stack]<UL><LI>Max Depth = 96<LI>Call Chain = LT8910::BurstWrite(unsigned char, const unsigned char*, unsigned char) &rArr; wait_us &rArr; us_ticker_read &rArr; us_ticker_init &rArr; HAL_TIM_Base_Init &rArr; TIM_Base_SetConfig
</UL>
<BR>[Calls]<UL><LI><a href="#[b2]">&gt;&gt;</a>&nbsp;&nbsp;&nbsp;wait_us
<LI><a href="#[ae]">&gt;&gt;</a>&nbsp;&nbsp;&nbsp;LT8910::ClearCS()
<LI><a href="#[ad]">&gt;&gt;</a>&nbsp;&nbsp;&nbsp;LT8910::SetCS()
</UL>
<BR>[Called By]<UL><LI><a href="#[c8]">&gt;&gt;</a>&nbsp;&nbsp;&nbsp;LT8910::SetSyncWord(const unsigned char*)
<LI><a href="#[81]">&gt;&gt;</a>&nbsp;&nbsp;&nbsp;CommRF::SendPacket(const unsigned char*, unsigned char)
</UL>

<P><STRONG><a name="[bc]"></a>LT8910::WaitTxFinish()</STRONG> (Thumb, 30 bytes, Stack size 16 bytes, lt8910.o(.text), UNUSED)
<BR><BR>[Calls]<UL><LI><a href="#[b3]">&gt;&gt;</a>&nbsp;&nbsp;&nbsp;LT8910::readable()
</UL>
<BR>[Called By]<UL><LI><a href="#[c3]">&gt;&gt;</a>&nbsp;&nbsp;&nbsp;LT8910::write(const unsigned char*, unsigned char)
</UL>

<P><STRONG><a name="[7c]"></a>LT8910::Init()</STRONG> (Thumb, 388 bytes, Stack size 16 bytes, lt8910.o(.text))
<BR><BR>[Stack]<UL><LI>Max Depth = 104<LI>Call Chain = LT8910::Init() &rArr; LT8910::WriteReg(unsigned char, unsigned short) &rArr; wait_us &rArr; us_ticker_read &rArr; us_ticker_init &rArr; HAL_TIM_Base_Init &rArr; TIM_Base_SetConfig
</UL>
<BR>[Calls]<UL><LI><a href="#[b8]">&gt;&gt;</a>&nbsp;&nbsp;&nbsp;LT8910::WriteReg(unsigned char, unsigned short)
<LI><a href="#[6e]">&gt;&gt;</a>&nbsp;&nbsp;&nbsp;wait_ms
</UL>
<BR>[Called By]<UL><LI><a href="#[79]">&gt;&gt;</a>&nbsp;&nbsp;&nbsp;RF_Init()
</UL>

<P><STRONG><a name="[bd]"></a>LT8910::Init(const unsigned short*, int)</STRONG> (Thumb, 114 bytes, Stack size 32 bytes, lt8910.o(.text), UNUSED)
<BR><BR>[Calls]<UL><LI><a href="#[b8]">&gt;&gt;</a>&nbsp;&nbsp;&nbsp;LT8910::WriteReg(unsigned char, unsigned short)
<LI><a href="#[6e]">&gt;&gt;</a>&nbsp;&nbsp;&nbsp;wait_ms
</UL>

<P><STRONG><a name="[1f1]"></a>LT8910::ScanRssi()</STRONG> (Thumb, 2 bytes, Stack size 0 bytes, lt8910.o(.text), UNUSED)

<P><STRONG><a name="[be]"></a>LT8910::read()</STRONG> (Thumb, 208 bytes, Stack size 24 bytes, lt8910.o(.text))
<BR><BR>[Stack]<UL><LI>Max Depth = 32<LI>Call Chain = LT8910::read() &rArr; CircularBuffer::push_back(unsigned char)
</UL>
<BR>[Calls]<UL><LI><a href="#[bf]">&gt;&gt;</a>&nbsp;&nbsp;&nbsp;CircularBuffer::push_back(unsigned char)
<LI><a href="#[63]">&gt;&gt;</a>&nbsp;&nbsp;&nbsp;mbed::DigitalOut::operator =(int)
</UL>
<BR>[Called By]<UL><LI><a href="#[113]">&gt;&gt;</a>&nbsp;&nbsp;&nbsp;CommRF::ReceiveFrame()
</UL>

<P><STRONG><a name="[c0]"></a>LT8910::read(unsigned char*, int)</STRONG> (Thumb, 216 bytes, Stack size 40 bytes, lt8910.o(.text), UNUSED)
<BR><BR>[Calls]<UL><LI><a href="#[63]">&gt;&gt;</a>&nbsp;&nbsp;&nbsp;mbed::DigitalOut::operator =(int)
</UL>

<P><STRONG><a name="[c1]"></a>LT8910::EnterTxMode()</STRONG> (Thumb, 16 bytes, Stack size 8 bytes, lt8910.o(.text))
<BR><BR>[Stack]<UL><LI>Max Depth = 40<LI>Call Chain = LT8910::EnterTxMode() &rArr; LT8910::WriteReg(unsigned char, unsigned char, unsigned char) &rArr; LT8910::ClearCS()
</UL>
<BR>[Calls]<UL><LI><a href="#[ba]">&gt;&gt;</a>&nbsp;&nbsp;&nbsp;LT8910::WriteReg(unsigned char, unsigned char, unsigned char)
</UL>
<BR>[Called By]<UL><LI><a href="#[c3]">&gt;&gt;</a>&nbsp;&nbsp;&nbsp;LT8910::write(const unsigned char*, unsigned char)
<LI><a href="#[81]">&gt;&gt;</a>&nbsp;&nbsp;&nbsp;CommRF::SendPacket(const unsigned char*, unsigned char)
</UL>

<P><STRONG><a name="[c2]"></a>LT8910::ClearWriteFifo()</STRONG> (Thumb, 12 bytes, Stack size 8 bytes, lt8910.o(.text))
<BR><BR>[Stack]<UL><LI>Max Depth = 96<LI>Call Chain = LT8910::ClearWriteFifo() &rArr; LT8910::WriteReg(unsigned char, unsigned short) &rArr; wait_us &rArr; us_ticker_read &rArr; us_ticker_init &rArr; HAL_TIM_Base_Init &rArr; TIM_Base_SetConfig
</UL>
<BR>[Calls]<UL><LI><a href="#[b8]">&gt;&gt;</a>&nbsp;&nbsp;&nbsp;LT8910::WriteReg(unsigned char, unsigned short)
</UL>
<BR>[Called By]<UL><LI><a href="#[c3]">&gt;&gt;</a>&nbsp;&nbsp;&nbsp;LT8910::write(const unsigned char*, unsigned char)
<LI><a href="#[81]">&gt;&gt;</a>&nbsp;&nbsp;&nbsp;CommRF::SendPacket(const unsigned char*, unsigned char)
</UL>

<P><STRONG><a name="[c3]"></a>LT8910::write(const unsigned char*, unsigned char)</STRONG> (Thumb, 92 bytes, Stack size 24 bytes, lt8910.o(.text), UNUSED)
<BR><BR>[Calls]<UL><LI><a href="#[b2]">&gt;&gt;</a>&nbsp;&nbsp;&nbsp;wait_us
<LI><a href="#[c2]">&gt;&gt;</a>&nbsp;&nbsp;&nbsp;LT8910::ClearWriteFifo()
<LI><a href="#[c1]">&gt;&gt;</a>&nbsp;&nbsp;&nbsp;LT8910::EnterTxMode()
<LI><a href="#[bc]">&gt;&gt;</a>&nbsp;&nbsp;&nbsp;LT8910::WaitTxFinish()
<LI><a href="#[ae]">&gt;&gt;</a>&nbsp;&nbsp;&nbsp;LT8910::ClearCS()
<LI><a href="#[ad]">&gt;&gt;</a>&nbsp;&nbsp;&nbsp;LT8910::SetCS()
</UL>

<P><STRONG><a name="[c4]"></a>LT8910::EnableRssi()</STRONG> (Thumb, 30 bytes, Stack size 8 bytes, lt8910.o(.text), UNUSED)
<BR><BR>[Calls]<UL><LI><a href="#[b8]">&gt;&gt;</a>&nbsp;&nbsp;&nbsp;LT8910::WriteReg(unsigned char, unsigned short)
<LI><a href="#[7d]">&gt;&gt;</a>&nbsp;&nbsp;&nbsp;LT8910::ReadReg(unsigned char)
</UL>

<P><STRONG><a name="[c5]"></a>LT8910::DisableRssi()</STRONG> (Thumb, 30 bytes, Stack size 8 bytes, lt8910.o(.text), UNUSED)
<BR><BR>[Calls]<UL><LI><a href="#[b8]">&gt;&gt;</a>&nbsp;&nbsp;&nbsp;LT8910::WriteReg(unsigned char, unsigned short)
<LI><a href="#[7d]">&gt;&gt;</a>&nbsp;&nbsp;&nbsp;LT8910::ReadReg(unsigned char)
</UL>

<P><STRONG><a name="[c6]"></a>LT8910::GetRFPower()</STRONG> (Thumb, 12 bytes, Stack size 8 bytes, lt8910.o(.text), UNUSED)
<BR><BR>[Calls]<UL><LI><a href="#[7d]">&gt;&gt;</a>&nbsp;&nbsp;&nbsp;LT8910::ReadReg(unsigned char)
</UL>

<P><STRONG><a name="[c7]"></a>LT8910::SetRFPower(unsigned char)</STRONG> (Thumb, 34 bytes, Stack size 16 bytes, lt8910.o(.text), UNUSED)
<BR><BR>[Calls]<UL><LI><a href="#[b8]">&gt;&gt;</a>&nbsp;&nbsp;&nbsp;LT8910::WriteReg(unsigned char, unsigned short)
<LI><a href="#[7d]">&gt;&gt;</a>&nbsp;&nbsp;&nbsp;LT8910::ReadReg(unsigned char)
</UL>

<P><STRONG><a name="[c8]"></a>LT8910::SetSyncWord(const unsigned char*)</STRONG> (Thumb, 14 bytes, Stack size 8 bytes, lt8910.o(.text), UNUSED)
<BR><BR>[Calls]<UL><LI><a href="#[bb]">&gt;&gt;</a>&nbsp;&nbsp;&nbsp;LT8910::BurstWrite(unsigned char, const unsigned char*, unsigned char)
</UL>

<P><STRONG><a name="[c9]"></a>LT8910::EnterTxMode(unsigned char)</STRONG> (Thumb, 18 bytes, Stack size 8 bytes, lt8910.o(.text), UNUSED)
<BR><BR>[Calls]<UL><LI><a href="#[ba]">&gt;&gt;</a>&nbsp;&nbsp;&nbsp;LT8910::WriteReg(unsigned char, unsigned char, unsigned char)
</UL>

<P><STRONG><a name="[ca]"></a>LT8910::EnterIdleMode()</STRONG> (Thumb, 12 bytes, Stack size 8 bytes, lt8910.o(.text))
<BR><BR>[Stack]<UL><LI>Max Depth = 96<LI>Call Chain = LT8910::EnterIdleMode() &rArr; LT8910::WriteReg(unsigned char, unsigned short) &rArr; wait_us &rArr; us_ticker_read &rArr; us_ticker_init &rArr; HAL_TIM_Base_Init &rArr; TIM_Base_SetConfig
</UL>
<BR>[Calls]<UL><LI><a href="#[b8]">&gt;&gt;</a>&nbsp;&nbsp;&nbsp;LT8910::WriteReg(unsigned char, unsigned short)
</UL>
<BR>[Called By]<UL><LI><a href="#[cb]">&gt;&gt;</a>&nbsp;&nbsp;&nbsp;LT8910::EnterRxMode(unsigned char)
<LI><a href="#[80]">&gt;&gt;</a>&nbsp;&nbsp;&nbsp;LT8910::EnterRxMode()
<LI><a href="#[81]">&gt;&gt;</a>&nbsp;&nbsp;&nbsp;CommRF::SendPacket(const unsigned char*, unsigned char)
</UL>

<P><STRONG><a name="[80]"></a>LT8910::EnterRxMode()</STRONG> (Thumb, 30 bytes, Stack size 8 bytes, lt8910.o(.text))
<BR><BR>[Stack]<UL><LI>Max Depth = 104<LI>Call Chain = LT8910::EnterRxMode() &rArr; LT8910::EnterIdleMode() &rArr; LT8910::WriteReg(unsigned char, unsigned short) &rArr; wait_us &rArr; us_ticker_read &rArr; us_ticker_init &rArr; HAL_TIM_Base_Init &rArr; TIM_Base_SetConfig
</UL>
<BR>[Calls]<UL><LI><a href="#[ca]">&gt;&gt;</a>&nbsp;&nbsp;&nbsp;LT8910::EnterIdleMode()
<LI><a href="#[ba]">&gt;&gt;</a>&nbsp;&nbsp;&nbsp;LT8910::WriteReg(unsigned char, unsigned char, unsigned char)
</UL>
<BR>[Called By]<UL><LI><a href="#[79]">&gt;&gt;</a>&nbsp;&nbsp;&nbsp;RF_Init()
<LI><a href="#[a6]">&gt;&gt;</a>&nbsp;&nbsp;&nbsp;CommRF::DecRemainTime()
<LI><a href="#[13a]">&gt;&gt;</a>&nbsp;&nbsp;&nbsp;CommWifi::HandleWakeupExCmd(WifiMsg_WakeupEx*)
<LI><a href="#[138]">&gt;&gt;</a>&nbsp;&nbsp;&nbsp;CommWifi::ReadStatus(unsigned char, TileStatus*)
<LI><a href="#[127]">&gt;&gt;</a>&nbsp;&nbsp;&nbsp;CommWifi::PostReadTileEx(int)
<LI><a href="#[125]">&gt;&gt;</a>&nbsp;&nbsp;&nbsp;CommWifi::RereadUnmarkTong()
<LI><a href="#[112]">&gt;&gt;</a>&nbsp;&nbsp;&nbsp;CommRF::StartCmd(RFCmd)
<LI><a href="#[111]">&gt;&gt;</a>&nbsp;&nbsp;&nbsp;CommRF::ReadRemoter(unsigned char)
<LI><a href="#[110]">&gt;&gt;</a>&nbsp;&nbsp;&nbsp;CommRF::ReadOneTile(unsigned char)
<LI><a href="#[106]">&gt;&gt;</a>&nbsp;&nbsp;&nbsp;CommRF::WakeupPai(unsigned char, TileFullId, unsigned char)
<LI><a href="#[105]">&gt;&gt;</a>&nbsp;&nbsp;&nbsp;CommRF::SendCommand(unsigned char, unsigned char, unsigned char)
</UL>

<P><STRONG><a name="[cb]"></a>LT8910::EnterRxMode(unsigned char)</STRONG> (Thumb, 34 bytes, Stack size 16 bytes, lt8910.o(.text), UNUSED)
<BR><BR>[Calls]<UL><LI><a href="#[ca]">&gt;&gt;</a>&nbsp;&nbsp;&nbsp;LT8910::EnterIdleMode()
<LI><a href="#[ba]">&gt;&gt;</a>&nbsp;&nbsp;&nbsp;LT8910::WriteReg(unsigned char, unsigned char, unsigned char)
</UL>

<P><STRONG><a name="[8]"></a>Reset_Handler</STRONG> (Thumb, 38 bytes, Stack size 0 bytes, startup_stm32f030.o(.text))
<BR>[Address Reference Count : 1]<UL><LI> startup_stm32f030.o(RESET)
</UL>
<P><STRONG><a name="[9]"></a>NMI_Handler</STRONG> (Thumb, 2 bytes, Stack size 0 bytes, startup_stm32f030.o(.text))
<BR><BR>[Calls]<UL><LI><a href="#[9]">&gt;&gt;</a>&nbsp;&nbsp;&nbsp;NMI_Handler
</UL>
<BR>[Called By]<UL><LI><a href="#[9]">&gt;&gt;</a>&nbsp;&nbsp;&nbsp;NMI_Handler
</UL>
<BR>[Address Reference Count : 1]<UL><LI> startup_stm32f030.o(RESET)
</UL>
<P><STRONG><a name="[a]"></a>HardFault_Handler</STRONG> (Thumb, 2 bytes, Stack size 0 bytes, startup_stm32f030.o(.text))
<BR><BR>[Calls]<UL><LI><a href="#[a]">&gt;&gt;</a>&nbsp;&nbsp;&nbsp;HardFault_Handler
</UL>
<BR>[Called By]<UL><LI><a href="#[a]">&gt;&gt;</a>&nbsp;&nbsp;&nbsp;HardFault_Handler
</UL>
<BR>[Address Reference Count : 1]<UL><LI> startup_stm32f030.o(RESET)
</UL>
<P><STRONG><a name="[b]"></a>SVC_Handler</STRONG> (Thumb, 2 bytes, Stack size 0 bytes, startup_stm32f030.o(.text))
<BR><BR>[Calls]<UL><LI><a href="#[b]">&gt;&gt;</a>&nbsp;&nbsp;&nbsp;SVC_Handler
</UL>
<BR>[Called By]<UL><LI><a href="#[b]">&gt;&gt;</a>&nbsp;&nbsp;&nbsp;SVC_Handler
</UL>
<BR>[Address Reference Count : 1]<UL><LI> startup_stm32f030.o(RESET)
</UL>
<P><STRONG><a name="[c]"></a>PendSV_Handler</STRONG> (Thumb, 2 bytes, Stack size 0 bytes, startup_stm32f030.o(.text))
<BR><BR>[Calls]<UL><LI><a href="#[c]">&gt;&gt;</a>&nbsp;&nbsp;&nbsp;PendSV_Handler
</UL>
<BR>[Called By]<UL><LI><a href="#[c]">&gt;&gt;</a>&nbsp;&nbsp;&nbsp;PendSV_Handler
</UL>
<BR>[Address Reference Count : 1]<UL><LI> startup_stm32f030.o(RESET)
</UL>
<P><STRONG><a name="[18]"></a>ADC1_IRQHandler</STRONG> (Thumb, 0 bytes, Stack size 0 bytes, startup_stm32f030.o(.text))
<BR><BR>[Calls]<UL><LI><a href="#[18]">&gt;&gt;</a>&nbsp;&nbsp;&nbsp;ADC1_IRQHandler
</UL>
<BR>[Called By]<UL><LI><a href="#[18]">&gt;&gt;</a>&nbsp;&nbsp;&nbsp;ADC1_IRQHandler
</UL>
<BR>[Address Reference Count : 1]<UL><LI> startup_stm32f030.o(RESET)
</UL>
<P><STRONG><a name="[15]"></a>DMA1_Channel1_IRQHandler</STRONG> (Thumb, 0 bytes, Stack size 0 bytes, startup_stm32f030.o(.text))
<BR>[Address Reference Count : 1]<UL><LI> startup_stm32f030.o(RESET)
</UL>
<P><STRONG><a name="[16]"></a>DMA1_Channel2_3_IRQHandler</STRONG> (Thumb, 0 bytes, Stack size 0 bytes, startup_stm32f030.o(.text))
<BR>[Address Reference Count : 1]<UL><LI> startup_stm32f030.o(RESET)
</UL>
<P><STRONG><a name="[17]"></a>DMA1_Channel4_5_IRQHandler</STRONG> (Thumb, 0 bytes, Stack size 0 bytes, startup_stm32f030.o(.text))
<BR>[Address Reference Count : 1]<UL><LI> startup_stm32f030.o(RESET)
</UL>
<P><STRONG><a name="[12]"></a>EXTI0_1_IRQHandler</STRONG> (Thumb, 0 bytes, Stack size 0 bytes, startup_stm32f030.o(.text))
<BR>[Address Reference Count : 1]<UL><LI> startup_stm32f030.o(RESET)
</UL>
<P><STRONG><a name="[13]"></a>EXTI2_3_IRQHandler</STRONG> (Thumb, 0 bytes, Stack size 0 bytes, startup_stm32f030.o(.text))
<BR>[Address Reference Count : 1]<UL><LI> startup_stm32f030.o(RESET)
</UL>
<P><STRONG><a name="[14]"></a>EXTI4_15_IRQHandler</STRONG> (Thumb, 0 bytes, Stack size 0 bytes, startup_stm32f030.o(.text))
<BR>[Address Reference Count : 1]<UL><LI> startup_stm32f030.o(RESET)
</UL>
<P><STRONG><a name="[10]"></a>FLASH_IRQHandler</STRONG> (Thumb, 0 bytes, Stack size 0 bytes, startup_stm32f030.o(.text))
<BR>[Address Reference Count : 1]<UL><LI> startup_stm32f030.o(RESET)
</UL>
<P><STRONG><a name="[20]"></a>I2C1_IRQHandler</STRONG> (Thumb, 0 bytes, Stack size 0 bytes, startup_stm32f030.o(.text))
<BR>[Address Reference Count : 1]<UL><LI> startup_stm32f030.o(RESET)
</UL>
<P><STRONG><a name="[21]"></a>I2C2_IRQHandler</STRONG> (Thumb, 0 bytes, Stack size 0 bytes, startup_stm32f030.o(.text))
<BR>[Address Reference Count : 1]<UL><LI> startup_stm32f030.o(RESET)
</UL>
<P><STRONG><a name="[11]"></a>RCC_IRQHandler</STRONG> (Thumb, 0 bytes, Stack size 0 bytes, startup_stm32f030.o(.text))
<BR>[Address Reference Count : 1]<UL><LI> startup_stm32f030.o(RESET)
</UL>
<P><STRONG><a name="[f]"></a>RTC_IRQHandler</STRONG> (Thumb, 0 bytes, Stack size 0 bytes, startup_stm32f030.o(.text))
<BR>[Address Reference Count : 1]<UL><LI> startup_stm32f030.o(RESET)
</UL>
<P><STRONG><a name="[22]"></a>SPI1_IRQHandler</STRONG> (Thumb, 0 bytes, Stack size 0 bytes, startup_stm32f030.o(.text))
<BR>[Address Reference Count : 1]<UL><LI> startup_stm32f030.o(RESET)
</UL>
<P><STRONG><a name="[23]"></a>SPI2_IRQHandler</STRONG> (Thumb, 0 bytes, Stack size 0 bytes, startup_stm32f030.o(.text))
<BR>[Address Reference Count : 1]<UL><LI> startup_stm32f030.o(RESET)
</UL>
<P><STRONG><a name="[1c]"></a>TIM14_IRQHandler</STRONG> (Thumb, 0 bytes, Stack size 0 bytes, startup_stm32f030.o(.text))
<BR>[Address Reference Count : 1]<UL><LI> startup_stm32f030.o(RESET)
</UL>
<P><STRONG><a name="[1d]"></a>TIM15_IRQHandler</STRONG> (Thumb, 0 bytes, Stack size 0 bytes, startup_stm32f030.o(.text))
<BR>[Address Reference Count : 1]<UL><LI> startup_stm32f030.o(RESET)
</UL>
<P><STRONG><a name="[1e]"></a>TIM16_IRQHandler</STRONG> (Thumb, 0 bytes, Stack size 0 bytes, startup_stm32f030.o(.text))
<BR>[Address Reference Count : 1]<UL><LI> startup_stm32f030.o(RESET)
</UL>
<P><STRONG><a name="[1f]"></a>TIM17_IRQHandler</STRONG> (Thumb, 0 bytes, Stack size 0 bytes, startup_stm32f030.o(.text))
<BR>[Address Reference Count : 1]<UL><LI> startup_stm32f030.o(RESET)
</UL>
<P><STRONG><a name="[19]"></a>TIM1_BRK_UP_TRG_COM_IRQHandler</STRONG> (Thumb, 0 bytes, Stack size 0 bytes, startup_stm32f030.o(.text))
<BR>[Address Reference Count : 1]<UL><LI> startup_stm32f030.o(RESET)
</UL>
<P><STRONG><a name="[1a]"></a>TIM1_CC_IRQHandler</STRONG> (Thumb, 0 bytes, Stack size 0 bytes, startup_stm32f030.o(.text))
<BR>[Address Reference Count : 1]<UL><LI> startup_stm32f030.o(RESET)
</UL>
<P><STRONG><a name="[1b]"></a>TIM3_IRQHandler</STRONG> (Thumb, 0 bytes, Stack size 0 bytes, startup_stm32f030.o(.text))
<BR>[Address Reference Count : 1]<UL><LI> startup_stm32f030.o(RESET)
</UL>
<P><STRONG><a name="[24]"></a>USART1_IRQHandler</STRONG> (Thumb, 0 bytes, Stack size 0 bytes, startup_stm32f030.o(.text))
<BR>[Address Reference Count : 1]<UL><LI> startup_stm32f030.o(RESET)
</UL>
<P><STRONG><a name="[25]"></a>USART2_IRQHandler</STRONG> (Thumb, 0 bytes, Stack size 0 bytes, startup_stm32f030.o(.text))
<BR>[Address Reference Count : 1]<UL><LI> startup_stm32f030.o(RESET)
</UL>
<P><STRONG><a name="[e]"></a>WWDG_IRQHandler</STRONG> (Thumb, 0 bytes, Stack size 0 bytes, startup_stm32f030.o(.text))
<BR>[Address Reference Count : 1]<UL><LI> startup_stm32f030.o(RESET)
</UL>
<P><STRONG><a name="[cc]"></a>X_RCC_OscConfig</STRONG> (Thumb, 208 bytes, Stack size 24 bytes, system_stm32f0xx.o(.text))
<BR><BR>[Stack]<UL><LI>Max Depth = 24<LI>Call Chain = X_RCC_OscConfig
</UL>
<BR>[Calls]<UL><LI><a href="#[cd]">&gt;&gt;</a>&nbsp;&nbsp;&nbsp;HAL_GetTick
</UL>
<BR>[Called By]<UL><LI><a href="#[ce]">&gt;&gt;</a>&nbsp;&nbsp;&nbsp;SetSysClock_PLL_HSI
</UL>

<P><STRONG><a name="[ce]"></a>SetSysClock_PLL_HSI</STRONG> (Thumb, 72 bytes, Stack size 80 bytes, system_stm32f0xx.o(.text))
<BR><BR>[Stack]<UL><LI>Max Depth = 140<LI>Call Chain = SetSysClock_PLL_HSI &rArr; HAL_RCC_ClockConfig &rArr; HAL_InitTick &rArr; HAL_RCC_GetHCLKFreq &rArr; HAL_RCC_GetSysClockFreq &rArr; __aeabi_uidivmod
</UL>
<BR>[Calls]<UL><LI><a href="#[cc]">&gt;&gt;</a>&nbsp;&nbsp;&nbsp;X_RCC_OscConfig
<LI><a href="#[cf]">&gt;&gt;</a>&nbsp;&nbsp;&nbsp;HAL_RCC_ClockConfig
</UL>
<BR>[Called By]<UL><LI><a href="#[d0]">&gt;&gt;</a>&nbsp;&nbsp;&nbsp;SetSysClock
</UL>

<P><STRONG><a name="[d0]"></a>SetSysClock</STRONG> (Thumb, 14 bytes, Stack size 8 bytes, system_stm32f0xx.o(.text))
<BR><BR>[Stack]<UL><LI>Max Depth = 148<LI>Call Chain = SetSysClock &rArr; SetSysClock_PLL_HSI &rArr; HAL_RCC_ClockConfig &rArr; HAL_InitTick &rArr; HAL_RCC_GetHCLKFreq &rArr; HAL_RCC_GetSysClockFreq &rArr; __aeabi_uidivmod
</UL>
<BR>[Calls]<UL><LI><a href="#[ce]">&gt;&gt;</a>&nbsp;&nbsp;&nbsp;SetSysClock_PLL_HSI
</UL>
<BR>[Called By]<UL><LI><a href="#[2b]">&gt;&gt;</a>&nbsp;&nbsp;&nbsp;SystemInit
</UL>

<P><STRONG><a name="[2b]"></a>SystemInit</STRONG> (Thumb, 88 bytes, Stack size 8 bytes, system_stm32f0xx.o(.text))
<BR><BR>[Stack]<UL><LI>Max Depth = 156<LI>Call Chain = SystemInit &rArr; SetSysClock &rArr; SetSysClock_PLL_HSI &rArr; HAL_RCC_ClockConfig &rArr; HAL_InitTick &rArr; HAL_RCC_GetHCLKFreq &rArr; HAL_RCC_GetSysClockFreq &rArr; __aeabi_uidivmod
</UL>
<BR>[Calls]<UL><LI><a href="#[d1]">&gt;&gt;</a>&nbsp;&nbsp;&nbsp;HAL_Init
<LI><a href="#[d0]">&gt;&gt;</a>&nbsp;&nbsp;&nbsp;SetSysClock
</UL>
<BR>[Address Reference Count : 1]<UL><LI> startup_stm32f030.o(.text)
</UL>
<P><STRONG><a name="[d2]"></a>SystemCoreClockUpdate</STRONG> (Thumb, 104 bytes, Stack size 16 bytes, system_stm32f0xx.o(.text))
<BR><BR>[Stack]<UL><LI>Max Depth = 28<LI>Call Chain = SystemCoreClockUpdate &rArr; __aeabi_uidivmod
</UL>
<BR>[Calls]<UL><LI><a href="#[d3]">&gt;&gt;</a>&nbsp;&nbsp;&nbsp;__aeabi_uidivmod
</UL>
<BR>[Called By]<UL><LI><a href="#[178]">&gt;&gt;</a>&nbsp;&nbsp;&nbsp;mbed_sdk_init
</UL>

<P><STRONG><a name="[d]"></a>SysTick_Handler</STRONG> (Thumb, 8 bytes, Stack size 8 bytes, system_stm32f0xx.o(.text))
<BR><BR>[Stack]<UL><LI>Max Depth = 8<LI>Call Chain = SysTick_Handler
</UL>
<BR>[Calls]<UL><LI><a href="#[d4]">&gt;&gt;</a>&nbsp;&nbsp;&nbsp;HAL_IncTick
</UL>
<BR>[Address Reference Count : 1]<UL><LI> startup_stm32f030.o(RESET)
</UL>
<P><STRONG><a name="[d5]"></a>WifiObj::ReadLine(unsigned char*, unsigned char, int)</STRONG> (Thumb, 92 bytes, Stack size 48 bytes, wifiobj.o(.text), UNUSED)
<BR><BR>[Calls]<UL><LI><a href="#[d6]">&gt;&gt;</a>&nbsp;&nbsp;&nbsp;mbed::SerialBase::readable()
<LI><a href="#[d7]">&gt;&gt;</a>&nbsp;&nbsp;&nbsp;BufferedSerial::getc()
<LI><a href="#[2e]">&gt;&gt;</a>&nbsp;&nbsp;&nbsp;mbed::Timer::Timer()
<LI><a href="#[6a]">&gt;&gt;</a>&nbsp;&nbsp;&nbsp;mbed::Timer::read_ms()
<LI><a href="#[67]">&gt;&gt;</a>&nbsp;&nbsp;&nbsp;mbed::Timer::start()
</UL>

<P><STRONG><a name="[44]"></a>WifiObj::SerialHandler()</STRONG> (Thumb, 54 bytes, Stack size 8 bytes, wifiobj.o(.text))
<BR><BR>[Stack]<UL><LI>Max Depth = 24<LI>Call Chain = WifiObj::SerialHandler() &rArr; BufferedSerial::getc() &rArr; mbed::SerialBase::_base_getc()
</UL>
<BR>[Calls]<UL><LI><a href="#[d7]">&gt;&gt;</a>&nbsp;&nbsp;&nbsp;BufferedSerial::getc()
</UL>
<BR>[Address Reference Count : 1]<UL><LI> wifiobj.o(.constdata)
</UL>
<P><STRONG><a name="[98]"></a>WifiObj::WifiObj(BufferedSerial*, CircularBuffer&, PinName, PinName)</STRONG> (Thumb, 126 bytes, Stack size 48 bytes, wifiobj.o(.text))
<BR><BR>[Stack]<UL><LI>Max Depth = 240<LI>Call Chain = WifiObj::WifiObj(BufferedSerial*, CircularBuffer&, PinName, PinName) &rArr; mbed::DigitalIn::DigitalIn(PinName) &rArr; gpio_init_in &rArr; gpio_init &rArr; pin_function &rArr; Set_GPIO_Clock &rArr; error &rArr; exit &rArr; mbed_die &rArr; wait_ms &rArr; us_ticker_read &rArr; us_ticker_init &rArr; HAL_TIM_Base_Init &rArr; TIM_Base_SetConfig
</UL>
<BR>[Calls]<UL><LI><a href="#[d8]">&gt;&gt;</a>&nbsp;&nbsp;&nbsp;serial_irq_set
<LI><a href="#[8d]">&gt;&gt;</a>&nbsp;&nbsp;&nbsp;mbed::DigitalIn::DigitalIn(PinName)
</UL>
<BR>[Called By]<UL><LI><a href="#[89]">&gt;&gt;</a>&nbsp;&nbsp;&nbsp;$Super$$main
</UL>

<P><STRONG><a name="[1f2]"></a>WifiObj::WifiObj__sub_object(BufferedSerial*, CircularBuffer&, PinName, PinName)</STRONG> (Thumb, 0 bytes, Stack size 48 bytes, wifiobj.o(.text), UNUSED)

<P><STRONG><a name="[d9]"></a>WifiObj::find(int, const char*)</STRONG> (Thumb, 110 bytes, Stack size 48 bytes, wifiobj.o(.text))
<BR><BR>[Stack]<UL><LI>Max Depth = 120<LI>Call Chain = WifiObj::find(int, const char*) &rArr; mbed::Timer::Timer() &rArr; us_ticker_read &rArr; us_ticker_init &rArr; HAL_TIM_Base_Init &rArr; TIM_Base_SetConfig
</UL>
<BR>[Calls]<UL><LI><a href="#[dc]">&gt;&gt;</a>&nbsp;&nbsp;&nbsp;CircularBuffer::operator [](unsigned) const
<LI><a href="#[db]">&gt;&gt;</a>&nbsp;&nbsp;&nbsp;CircularBuffer::size() const
<LI><a href="#[de]">&gt;&gt;</a>&nbsp;&nbsp;&nbsp;CircularBuffer::pop_front()
<LI><a href="#[dd]">&gt;&gt;</a>&nbsp;&nbsp;&nbsp;CircularBuffer::erase_begin(unsigned)
<LI><a href="#[2e]">&gt;&gt;</a>&nbsp;&nbsp;&nbsp;mbed::Timer::Timer()
<LI><a href="#[6a]">&gt;&gt;</a>&nbsp;&nbsp;&nbsp;mbed::Timer::read_ms()
<LI><a href="#[67]">&gt;&gt;</a>&nbsp;&nbsp;&nbsp;mbed::Timer::start()
<LI><a href="#[da]">&gt;&gt;</a>&nbsp;&nbsp;&nbsp;strlen
</UL>
<BR>[Called By]<UL><LI><a href="#[fb]">&gt;&gt;</a>&nbsp;&nbsp;&nbsp;WifiObj::SendCmdAndWaitReply(const char*, int, const char*)
<LI><a href="#[f0]">&gt;&gt;</a>&nbsp;&nbsp;&nbsp;WifiObj::GetGateway(char*, char*, char*, char*)
<LI><a href="#[ef]">&gt;&gt;</a>&nbsp;&nbsp;&nbsp;WifiObj::EnterTransparentMode()
<LI><a href="#[ed]">&gt;&gt;</a>&nbsp;&nbsp;&nbsp;WifiObj::EnterCommandMode()
<LI><a href="#[eb]">&gt;&gt;</a>&nbsp;&nbsp;&nbsp;WifiObj::GetTcpto()
<LI><a href="#[ea]">&gt;&gt;</a>&nbsp;&nbsp;&nbsp;WifiObj::GetSsid(char*)
<LI><a href="#[e9]">&gt;&gt;</a>&nbsp;&nbsp;&nbsp;WifiObj::SetSsid(const char*)
<LI><a href="#[e3]">&gt;&gt;</a>&nbsp;&nbsp;&nbsp;WifiObj::GetLinkStatus()
<LI><a href="#[df]">&gt;&gt;</a>&nbsp;&nbsp;&nbsp;WifiObj::SetWifiMode(WifiObj::WifiMode)
<LI><a href="#[9c]">&gt;&gt;</a>&nbsp;&nbsp;&nbsp;CommWifi::Init()
</UL>

<P><STRONG><a name="[df]"></a>WifiObj::SetWifiMode(WifiObj::WifiMode)</STRONG> (Thumb, 50 bytes, Stack size 24 bytes, wifiobj.o(.text), UNUSED)
<BR><BR>[Calls]<UL><LI><a href="#[85]">&gt;&gt;</a>&nbsp;&nbsp;&nbsp;BufferedSerial::printf(const char*, ...)
<LI><a href="#[d9]">&gt;&gt;</a>&nbsp;&nbsp;&nbsp;WifiObj::find(int, const char*)
</UL>

<P><STRONG><a name="[1f3]"></a>WifiObj::GetWifiMode()</STRONG> (Thumb, 4 bytes, Stack size 0 bytes, wifiobj.o(.text), UNUSED)

<P><STRONG><a name="[e0]"></a>WifiObj::scanf(int, const char*, ...)</STRONG> (Thumb, 174 bytes, Stack size 120 bytes, wifiobj.o(.text))
<BR><BR>[Stack]<UL><LI>Max Depth = 392<LI>Call Chain = WifiObj::scanf(int, const char*, ...) &rArr; vsscanf &rArr; __vfscanf_char &rArr; __vfscanf &rArr; _scanf_longlong &rArr; __aeabi_lmul &rArr; __aeabi_llsl
</UL>
<BR>[Calls]<UL><LI><a href="#[dc]">&gt;&gt;</a>&nbsp;&nbsp;&nbsp;CircularBuffer::operator [](unsigned) const
<LI><a href="#[e1]">&gt;&gt;</a>&nbsp;&nbsp;&nbsp;CircularBuffer::front() const
<LI><a href="#[db]">&gt;&gt;</a>&nbsp;&nbsp;&nbsp;CircularBuffer::size() const
<LI><a href="#[de]">&gt;&gt;</a>&nbsp;&nbsp;&nbsp;CircularBuffer::pop_front()
<LI><a href="#[2e]">&gt;&gt;</a>&nbsp;&nbsp;&nbsp;mbed::Timer::Timer()
<LI><a href="#[6a]">&gt;&gt;</a>&nbsp;&nbsp;&nbsp;mbed::Timer::read_ms()
<LI><a href="#[67]">&gt;&gt;</a>&nbsp;&nbsp;&nbsp;mbed::Timer::start()
<LI><a href="#[e2]">&gt;&gt;</a>&nbsp;&nbsp;&nbsp;vsscanf
</UL>
<BR>[Called By]<UL><LI><a href="#[f0]">&gt;&gt;</a>&nbsp;&nbsp;&nbsp;WifiObj::GetGateway(char*, char*, char*, char*)
<LI><a href="#[eb]">&gt;&gt;</a>&nbsp;&nbsp;&nbsp;WifiObj::GetTcpto()
<LI><a href="#[ea]">&gt;&gt;</a>&nbsp;&nbsp;&nbsp;WifiObj::GetSsid(char*)
<LI><a href="#[e3]">&gt;&gt;</a>&nbsp;&nbsp;&nbsp;WifiObj::GetLinkStatus()
<LI><a href="#[9c]">&gt;&gt;</a>&nbsp;&nbsp;&nbsp;CommWifi::Init()
</UL>

<P><STRONG><a name="[e3]"></a>WifiObj::GetLinkStatus()</STRONG> (Thumb, 76 bytes, Stack size 24 bytes, wifiobj.o(.text), UNUSED)
<BR><BR>[Calls]<UL><LI><a href="#[e4]">&gt;&gt;</a>&nbsp;&nbsp;&nbsp;BufferedSerial::puts(const char*)
<LI><a href="#[e0]">&gt;&gt;</a>&nbsp;&nbsp;&nbsp;WifiObj::scanf(int, const char*, ...)
<LI><a href="#[d9]">&gt;&gt;</a>&nbsp;&nbsp;&nbsp;WifiObj::find(int, const char*)
<LI><a href="#[e5]">&gt;&gt;</a>&nbsp;&nbsp;&nbsp;strcmp
</UL>

<P><STRONG><a name="[e6]"></a>WifiObj::putc(int)</STRONG> (Thumb, 10 bytes, Stack size 8 bytes, wifiobj.o(.text))
<BR><BR>[Stack]<UL><LI>Max Depth = 144<LI>Call Chain = WifiObj::putc(int) &rArr; BufferedSerial::putc(int) &rArr; BufferedSerial::prime() &rArr; BufferedSerial::txIrq() &rArr; mbed::SerialBase::attach(void(*)(), mbed::SerialBase::IrqType) &rArr; serial_irq_set &rArr; NVIC_SetVector
</UL>
<BR>[Calls]<UL><LI><a href="#[e7]">&gt;&gt;</a>&nbsp;&nbsp;&nbsp;BufferedSerial::putc(int)
</UL>
<BR>[Called By]<UL><LI><a href="#[143]">&gt;&gt;</a>&nbsp;&nbsp;&nbsp;CommWifi::AckCmdWithoutTransID(WifiMessage*, const void*, int)
<LI><a href="#[13e]">&gt;&gt;</a>&nbsp;&nbsp;&nbsp;CommWifi::SendPacket(const void*, int)
<LI><a href="#[122]">&gt;&gt;</a>&nbsp;&nbsp;&nbsp;CommWifi::AckCmd(WifiMessage*, const void*, int)
</UL>

<P><STRONG><a name="[e8]"></a>WifiObj::SetEcho(bool)</STRONG> (Thumb, 26 bytes, Stack size 8 bytes, wifiobj.o(.text), UNUSED)
<BR><BR>[Calls]<UL><LI><a href="#[e4]">&gt;&gt;</a>&nbsp;&nbsp;&nbsp;BufferedSerial::puts(const char*)
</UL>

<P><STRONG><a name="[e9]"></a>WifiObj::SetSsid(const char*)</STRONG> (Thumb, 32 bytes, Stack size 8 bytes, wifiobj.o(.text), UNUSED)
<BR><BR>[Calls]<UL><LI><a href="#[85]">&gt;&gt;</a>&nbsp;&nbsp;&nbsp;BufferedSerial::printf(const char*, ...)
<LI><a href="#[d9]">&gt;&gt;</a>&nbsp;&nbsp;&nbsp;WifiObj::find(int, const char*)
</UL>

<P><STRONG><a name="[ea]"></a>WifiObj::GetSsid(char*)</STRONG> (Thumb, 62 bytes, Stack size 16 bytes, wifiobj.o(.text))
<BR><BR>[Stack]<UL><LI>Max Depth = 408<LI>Call Chain = WifiObj::GetSsid(char*) &rArr; WifiObj::scanf(int, const char*, ...) &rArr; vsscanf &rArr; __vfscanf_char &rArr; __vfscanf &rArr; _scanf_longlong &rArr; __aeabi_lmul &rArr; __aeabi_llsl
</UL>
<BR>[Calls]<UL><LI><a href="#[e4]">&gt;&gt;</a>&nbsp;&nbsp;&nbsp;BufferedSerial::puts(const char*)
<LI><a href="#[e0]">&gt;&gt;</a>&nbsp;&nbsp;&nbsp;WifiObj::scanf(int, const char*, ...)
<LI><a href="#[d9]">&gt;&gt;</a>&nbsp;&nbsp;&nbsp;WifiObj::find(int, const char*)
</UL>
<BR>[Called By]<UL><LI><a href="#[9c]">&gt;&gt;</a>&nbsp;&nbsp;&nbsp;CommWifi::Init()
</UL>

<P><STRONG><a name="[eb]"></a>WifiObj::GetTcpto()</STRONG> (Thumb, 66 bytes, Stack size 16 bytes, wifiobj.o(.text))
<BR><BR>[Stack]<UL><LI>Max Depth = 408<LI>Call Chain = WifiObj::GetTcpto() &rArr; WifiObj::scanf(int, const char*, ...) &rArr; vsscanf &rArr; __vfscanf_char &rArr; __vfscanf &rArr; _scanf_longlong &rArr; __aeabi_lmul &rArr; __aeabi_llsl
</UL>
<BR>[Calls]<UL><LI><a href="#[e4]">&gt;&gt;</a>&nbsp;&nbsp;&nbsp;BufferedSerial::puts(const char*)
<LI><a href="#[e0]">&gt;&gt;</a>&nbsp;&nbsp;&nbsp;WifiObj::scanf(int, const char*, ...)
<LI><a href="#[d9]">&gt;&gt;</a>&nbsp;&nbsp;&nbsp;WifiObj::find(int, const char*)
</UL>
<BR>[Called By]<UL><LI><a href="#[9c]">&gt;&gt;</a>&nbsp;&nbsp;&nbsp;CommWifi::Init()
</UL>

<P><STRONG><a name="[ec]"></a>WifiObj::AsyncCmd(WifiATCmd, const void*)</STRONG> (Thumb, 158 bytes, Stack size 8 bytes, wifiobj.o(.text))
<BR><BR>[Stack]<UL><LI>Max Depth = 152<LI>Call Chain = WifiObj::AsyncCmd(WifiATCmd, const void*) &rArr; BufferedSerial::puts(const char*) &rArr; BufferedSerial::prime() &rArr; BufferedSerial::txIrq() &rArr; mbed::SerialBase::attach(void(*)(), mbed::SerialBase::IrqType) &rArr; serial_irq_set &rArr; NVIC_SetVector
</UL>
<BR>[Calls]<UL><LI><a href="#[85]">&gt;&gt;</a>&nbsp;&nbsp;&nbsp;BufferedSerial::printf(const char*, ...)
<LI><a href="#[73]">&gt;&gt;</a>&nbsp;&nbsp;&nbsp;__ARM_common_switch8
<LI><a href="#[e4]">&gt;&gt;</a>&nbsp;&nbsp;&nbsp;BufferedSerial::puts(const char*)
</UL>
<BR>[Called By]<UL><LI><a href="#[a1]">&gt;&gt;</a>&nbsp;&nbsp;&nbsp;CommWifi::ConnectPhone()
</UL>

<P><STRONG><a name="[ed]"></a>WifiObj::EnterCommandMode()</STRONG> (Thumb, 412 bytes, Stack size 40 bytes, wifiobj.o(.text))
<BR><BR>[Stack]<UL><LI>Max Depth = 176<LI>Call Chain = WifiObj::EnterCommandMode() &rArr; BufferedSerial::putc(int) &rArr; BufferedSerial::prime() &rArr; BufferedSerial::txIrq() &rArr; mbed::SerialBase::attach(void(*)(), mbed::SerialBase::IrqType) &rArr; serial_irq_set &rArr; NVIC_SetVector
</UL>
<BR>[Calls]<UL><LI><a href="#[e1]">&gt;&gt;</a>&nbsp;&nbsp;&nbsp;CircularBuffer::front() const
<LI><a href="#[ee]">&gt;&gt;</a>&nbsp;&nbsp;&nbsp;CircularBuffer::empty() const
<LI><a href="#[de]">&gt;&gt;</a>&nbsp;&nbsp;&nbsp;CircularBuffer::pop_front()
<LI><a href="#[e7]">&gt;&gt;</a>&nbsp;&nbsp;&nbsp;BufferedSerial::putc(int)
<LI><a href="#[d9]">&gt;&gt;</a>&nbsp;&nbsp;&nbsp;WifiObj::find(int, const char*)
<LI><a href="#[b2]">&gt;&gt;</a>&nbsp;&nbsp;&nbsp;wait_us
<LI><a href="#[2e]">&gt;&gt;</a>&nbsp;&nbsp;&nbsp;mbed::Timer::Timer()
<LI><a href="#[6a]">&gt;&gt;</a>&nbsp;&nbsp;&nbsp;mbed::Timer::read_ms()
<LI><a href="#[67]">&gt;&gt;</a>&nbsp;&nbsp;&nbsp;mbed::Timer::start()
<LI><a href="#[69]">&gt;&gt;</a>&nbsp;&nbsp;&nbsp;mbed::Timer::reset()
</UL>
<BR>[Called By]<UL><LI><a href="#[9c]">&gt;&gt;</a>&nbsp;&nbsp;&nbsp;CommWifi::Init()
<LI><a href="#[a1]">&gt;&gt;</a>&nbsp;&nbsp;&nbsp;CommWifi::ConnectPhone()
<LI><a href="#[144]">&gt;&gt;</a>&nbsp;&nbsp;&nbsp;CommWifi::HandleLinkFailure()
<LI><a href="#[11e]">&gt;&gt;</a>&nbsp;&nbsp;&nbsp;CommWifi::ReConnectPhone()
<LI><a href="#[11d]">&gt;&gt;</a>&nbsp;&nbsp;&nbsp;CommWifi::InitAsServer()
</UL>

<P><STRONG><a name="[ef]"></a>WifiObj::EnterTransparentMode()</STRONG> (Thumb, 38 bytes, Stack size 8 bytes, wifiobj.o(.text))
<BR><BR>[Stack]<UL><LI>Max Depth = 152<LI>Call Chain = WifiObj::EnterTransparentMode() &rArr; BufferedSerial::puts(const char*) &rArr; BufferedSerial::prime() &rArr; BufferedSerial::txIrq() &rArr; mbed::SerialBase::attach(void(*)(), mbed::SerialBase::IrqType) &rArr; serial_irq_set &rArr; NVIC_SetVector
</UL>
<BR>[Calls]<UL><LI><a href="#[e4]">&gt;&gt;</a>&nbsp;&nbsp;&nbsp;BufferedSerial::puts(const char*)
<LI><a href="#[d9]">&gt;&gt;</a>&nbsp;&nbsp;&nbsp;WifiObj::find(int, const char*)
</UL>
<BR>[Called By]<UL><LI><a href="#[a1]">&gt;&gt;</a>&nbsp;&nbsp;&nbsp;CommWifi::ConnectPhone()
<LI><a href="#[144]">&gt;&gt;</a>&nbsp;&nbsp;&nbsp;CommWifi::HandleLinkFailure()
<LI><a href="#[11e]">&gt;&gt;</a>&nbsp;&nbsp;&nbsp;CommWifi::ReConnectPhone()
</UL>

<P><STRONG><a name="[f0]"></a>WifiObj::GetGateway(char*, char*, char*, char*)</STRONG> (Thumb, 68 bytes, Stack size 48 bytes, wifiobj.o(.text), UNUSED)
<BR><BR>[Calls]<UL><LI><a href="#[e4]">&gt;&gt;</a>&nbsp;&nbsp;&nbsp;BufferedSerial::puts(const char*)
<LI><a href="#[e0]">&gt;&gt;</a>&nbsp;&nbsp;&nbsp;WifiObj::scanf(int, const char*, ...)
<LI><a href="#[d9]">&gt;&gt;</a>&nbsp;&nbsp;&nbsp;WifiObj::find(int, const char*)
</UL>
<BR>[Called By]<UL><LI><a href="#[144]">&gt;&gt;</a>&nbsp;&nbsp;&nbsp;CommWifi::HandleLinkFailure()
<LI><a href="#[11e]">&gt;&gt;</a>&nbsp;&nbsp;&nbsp;CommWifi::ReConnectPhone()
</UL>

<P><STRONG><a name="[f1]"></a>WifiObj::scanf(const char*, ...)</STRONG> (Thumb, 140 bytes, Stack size 104 bytes, wifiobj.o(.text))
<BR><BR>[Stack]<UL><LI>Max Depth = 376<LI>Call Chain = WifiObj::scanf(const char*, ...) &rArr; vsscanf &rArr; __vfscanf_char &rArr; __vfscanf &rArr; _scanf_longlong &rArr; __aeabi_lmul &rArr; __aeabi_llsl
</UL>
<BR>[Calls]<UL><LI><a href="#[dc]">&gt;&gt;</a>&nbsp;&nbsp;&nbsp;CircularBuffer::operator [](unsigned) const
<LI><a href="#[e1]">&gt;&gt;</a>&nbsp;&nbsp;&nbsp;CircularBuffer::front() const
<LI><a href="#[db]">&gt;&gt;</a>&nbsp;&nbsp;&nbsp;CircularBuffer::size() const
<LI><a href="#[de]">&gt;&gt;</a>&nbsp;&nbsp;&nbsp;CircularBuffer::pop_front()
<LI><a href="#[e2]">&gt;&gt;</a>&nbsp;&nbsp;&nbsp;vsscanf
</UL>
<BR>[Called By]<UL><LI><a href="#[f2]">&gt;&gt;</a>&nbsp;&nbsp;&nbsp;WifiObj::AsyncGetGateway(char*, char*, char*, char*)
</UL>

<P><STRONG><a name="[f2]"></a>WifiObj::AsyncGetGateway(char*, char*, char*, char*)</STRONG> (Thumb, 22 bytes, Stack size 16 bytes, wifiobj.o(.text))
<BR><BR>[Stack]<UL><LI>Max Depth = 392<LI>Call Chain = WifiObj::AsyncGetGateway(char*, char*, char*, char*) &rArr; WifiObj::scanf(const char*, ...) &rArr; vsscanf &rArr; __vfscanf_char &rArr; __vfscanf &rArr; _scanf_longlong &rArr; __aeabi_lmul &rArr; __aeabi_llsl
</UL>
<BR>[Calls]<UL><LI><a href="#[f1]">&gt;&gt;</a>&nbsp;&nbsp;&nbsp;WifiObj::scanf(const char*, ...)
</UL>
<BR>[Called By]<UL><LI><a href="#[a1]">&gt;&gt;</a>&nbsp;&nbsp;&nbsp;CommWifi::ConnectPhone()
</UL>

<P><STRONG><a name="[f3]"></a>WifiObj::find(const char*)</STRONG> (Thumb, 82 bytes, Stack size 24 bytes, wifiobj.o(.text))
<BR><BR>[Stack]<UL><LI>Max Depth = 60<LI>Call Chain = WifiObj::find(const char*) &rArr; CircularBuffer::pop_front() &rArr; __aeabi_idivmod &rArr; __aeabi_uidivmod
</UL>
<BR>[Calls]<UL><LI><a href="#[dc]">&gt;&gt;</a>&nbsp;&nbsp;&nbsp;CircularBuffer::operator [](unsigned) const
<LI><a href="#[db]">&gt;&gt;</a>&nbsp;&nbsp;&nbsp;CircularBuffer::size() const
<LI><a href="#[de]">&gt;&gt;</a>&nbsp;&nbsp;&nbsp;CircularBuffer::pop_front()
<LI><a href="#[dd]">&gt;&gt;</a>&nbsp;&nbsp;&nbsp;CircularBuffer::erase_begin(unsigned)
<LI><a href="#[da]">&gt;&gt;</a>&nbsp;&nbsp;&nbsp;strlen
</UL>
<BR>[Called By]<UL><LI><a href="#[a1]">&gt;&gt;</a>&nbsp;&nbsp;&nbsp;CommWifi::ConnectPhone()
</UL>

<P><STRONG><a name="[f5]"></a>WifiObj::Reset()</STRONG> (Thumb, 2 bytes, Stack size 0 bytes, wifiobj.o(.text))
<BR><BR>[Called By]<UL><LI><a href="#[f4]">&gt;&gt;</a>&nbsp;&nbsp;&nbsp;WifiObj::Init()
</UL>

<P><STRONG><a name="[f4]"></a>WifiObj::Init()</STRONG> (Thumb, 2 bytes, Stack size 0 bytes, wifiobj.o(.text))
<BR><BR>[Calls]<UL><LI><a href="#[f5]">&gt;&gt;</a>&nbsp;&nbsp;&nbsp;WifiObj::Reset()
</UL>
<BR>[Called By]<UL><LI><a href="#[9c]">&gt;&gt;</a>&nbsp;&nbsp;&nbsp;CommWifi::Init()
<LI><a href="#[11d]">&gt;&gt;</a>&nbsp;&nbsp;&nbsp;CommWifi::InitAsServer()
</UL>

<P><STRONG><a name="[f6]"></a>WifiObj::Reboot()</STRONG> (Thumb, 16 bytes, Stack size 8 bytes, wifiobj.o(.text))
<BR><BR>[Stack]<UL><LI>Max Depth = 152<LI>Call Chain = WifiObj::Reboot() &rArr; BufferedSerial::puts(const char*) &rArr; BufferedSerial::prime() &rArr; BufferedSerial::txIrq() &rArr; mbed::SerialBase::attach(void(*)(), mbed::SerialBase::IrqType) &rArr; serial_irq_set &rArr; NVIC_SetVector
</UL>
<BR>[Calls]<UL><LI><a href="#[e4]">&gt;&gt;</a>&nbsp;&nbsp;&nbsp;BufferedSerial::puts(const char*)
</UL>
<BR>[Called By]<UL><LI><a href="#[9c]">&gt;&gt;</a>&nbsp;&nbsp;&nbsp;CommWifi::Init()
</UL>

<P><STRONG><a name="[f7]"></a>WifiObj::IsReady()</STRONG> (Thumb, 20 bytes, Stack size 8 bytes, wifiobj.o(.text))
<BR><BR>[Stack]<UL><LI>Max Depth = 8<LI>Call Chain = WifiObj::IsReady()
</UL>
<BR>[Calls]<UL><LI><a href="#[f8]">&gt;&gt;</a>&nbsp;&nbsp;&nbsp;mbed::DigitalIn::operator int()
</UL>
<BR>[Called By]<UL><LI><a href="#[9c]">&gt;&gt;</a>&nbsp;&nbsp;&nbsp;CommWifi::Init()
<LI><a href="#[11d]">&gt;&gt;</a>&nbsp;&nbsp;&nbsp;CommWifi::InitAsServer()
</UL>

<P><STRONG><a name="[f9]"></a>WifiObj::IsLink()</STRONG> (Thumb, 20 bytes, Stack size 8 bytes, wifiobj.o(.text))
<BR><BR>[Stack]<UL><LI>Max Depth = 8<LI>Call Chain = WifiObj::IsLink()
</UL>
<BR>[Calls]<UL><LI><a href="#[f8]">&gt;&gt;</a>&nbsp;&nbsp;&nbsp;mbed::DigitalIn::operator int()
</UL>
<BR>[Called By]<UL><LI><a href="#[a3]">&gt;&gt;</a>&nbsp;&nbsp;&nbsp;CommWifi::HandleCmd()
<LI><a href="#[a0]">&gt;&gt;</a>&nbsp;&nbsp;&nbsp;CommWifi::IsLink()
<LI><a href="#[a1]">&gt;&gt;</a>&nbsp;&nbsp;&nbsp;CommWifi::ConnectPhone()
<LI><a href="#[144]">&gt;&gt;</a>&nbsp;&nbsp;&nbsp;CommWifi::HandleLinkFailure()
</UL>

<P><STRONG><a name="[fa]"></a>WifiObj::SendBytes(const void*, unsigned char)</STRONG> (Thumb, 28 bytes, Stack size 24 bytes, wifiobj.o(.text))
<BR><BR>[Stack]<UL><LI>Max Depth = 160<LI>Call Chain = WifiObj::SendBytes(const void*, unsigned char) &rArr; BufferedSerial::putc(int) &rArr; BufferedSerial::prime() &rArr; BufferedSerial::txIrq() &rArr; mbed::SerialBase::attach(void(*)(), mbed::SerialBase::IrqType) &rArr; serial_irq_set &rArr; NVIC_SetVector
</UL>
<BR>[Calls]<UL><LI><a href="#[e7]">&gt;&gt;</a>&nbsp;&nbsp;&nbsp;BufferedSerial::putc(int)
</UL>
<BR>[Called By]<UL><LI><a href="#[143]">&gt;&gt;</a>&nbsp;&nbsp;&nbsp;CommWifi::AckCmdWithoutTransID(WifiMessage*, const void*, int)
<LI><a href="#[142]">&gt;&gt;</a>&nbsp;&nbsp;&nbsp;CommWifi::SendToPhone(const unsigned char*)
<LI><a href="#[13e]">&gt;&gt;</a>&nbsp;&nbsp;&nbsp;CommWifi::SendPacket(const void*, int)
<LI><a href="#[122]">&gt;&gt;</a>&nbsp;&nbsp;&nbsp;CommWifi::AckCmd(WifiMessage*, const void*, int)
</UL>

<P><STRONG><a name="[fb]"></a>WifiObj::SendCmdAndWaitReply(const char*, int, const char*)</STRONG> (Thumb, 118 bytes, Stack size 32 bytes, wifiobj.o(.text))
<BR><BR>[Stack]<UL><LI>Max Depth = 176<LI>Call Chain = WifiObj::SendCmdAndWaitReply(const char*, int, const char*) &rArr; BufferedSerial::puts(const char*) &rArr; BufferedSerial::prime() &rArr; BufferedSerial::txIrq() &rArr; mbed::SerialBase::attach(void(*)(), mbed::SerialBase::IrqType) &rArr; serial_irq_set &rArr; NVIC_SetVector
</UL>
<BR>[Calls]<UL><LI><a href="#[85]">&gt;&gt;</a>&nbsp;&nbsp;&nbsp;BufferedSerial::printf(const char*, ...)
<LI><a href="#[e1]">&gt;&gt;</a>&nbsp;&nbsp;&nbsp;CircularBuffer::front() const
<LI><a href="#[ee]">&gt;&gt;</a>&nbsp;&nbsp;&nbsp;CircularBuffer::empty() const
<LI><a href="#[de]">&gt;&gt;</a>&nbsp;&nbsp;&nbsp;CircularBuffer::pop_front()
<LI><a href="#[e4]">&gt;&gt;</a>&nbsp;&nbsp;&nbsp;BufferedSerial::puts(const char*)
<LI><a href="#[d9]">&gt;&gt;</a>&nbsp;&nbsp;&nbsp;WifiObj::find(int, const char*)
<LI><a href="#[2e]">&gt;&gt;</a>&nbsp;&nbsp;&nbsp;mbed::Timer::Timer()
<LI><a href="#[6a]">&gt;&gt;</a>&nbsp;&nbsp;&nbsp;mbed::Timer::read_ms()
<LI><a href="#[67]">&gt;&gt;</a>&nbsp;&nbsp;&nbsp;mbed::Timer::start()
</UL>
<BR>[Called By]<UL><LI><a href="#[9c]">&gt;&gt;</a>&nbsp;&nbsp;&nbsp;CommWifi::Init()
<LI><a href="#[144]">&gt;&gt;</a>&nbsp;&nbsp;&nbsp;CommWifi::HandleLinkFailure()
<LI><a href="#[11e]">&gt;&gt;</a>&nbsp;&nbsp;&nbsp;CommWifi::ReConnectPhone()
<LI><a href="#[11d]">&gt;&gt;</a>&nbsp;&nbsp;&nbsp;CommWifi::InitAsServer()
</UL>

<P><STRONG><a name="[fc]"></a>WT588D::OneWireDrive()</STRONG> (Thumb, 100 bytes, Stack size 16 bytes, wt588d.o(.text), UNUSED)
<BR><BR>[Calls]<UL><LI><a href="#[b2]">&gt;&gt;</a>&nbsp;&nbsp;&nbsp;wait_us
<LI><a href="#[63]">&gt;&gt;</a>&nbsp;&nbsp;&nbsp;mbed::DigitalOut::operator =(int)
<LI><a href="#[69]">&gt;&gt;</a>&nbsp;&nbsp;&nbsp;mbed::Timer::reset()
</UL>

<P><STRONG><a name="[92]"></a>WT588D::WT588D(PinName, PinName)</STRONG> (Thumb, 92 bytes, Stack size 24 bytes, wt588d.o(.text))
<BR><BR>[Stack]<UL><LI>Max Depth = 200<LI>Call Chain = WT588D::WT588D(PinName, PinName) &rArr; gpio_init_out &rArr; gpio_init &rArr; pin_function &rArr; Set_GPIO_Clock &rArr; error &rArr; exit &rArr; mbed_die &rArr; wait_ms &rArr; us_ticker_read &rArr; us_ticker_init &rArr; HAL_TIM_Base_Init &rArr; TIM_Base_SetConfig
</UL>
<BR>[Calls]<UL><LI><a href="#[a9]">&gt;&gt;</a>&nbsp;&nbsp;&nbsp;mbed::FunctionPointer::FunctionPointer(void(*)())
<LI><a href="#[a8]">&gt;&gt;</a>&nbsp;&nbsp;&nbsp;mbed::TimerEvent::TimerEvent__sub_object()
[...]
</UL>
<BR>[Calls]<UL><LI><a href="#[1dd]">&gt;&gt;</a>&nbsp;&nbsp;&nbsp;us_ticker_set_interrupt
<LI><a href="#[1df]">&gt;&gt;</a>&nbsp;&nbsp;&nbsp;us_ticker_disable_interrupt
<LI><a href="#[1de]">&gt;&gt;</a>&nbsp;&nbsp;&nbsp;us_ticker_clear_interrupt
<LI><a href="#[1a7]">&gt;&gt;</a>&nbsp;&nbsp;&nbsp;us_ticker_read
</UL>
<BR>[Called By]<UL><LI><a href="#[1dd]">&gt;&gt;</a>&nbsp;&nbsp;&nbsp;us_ticker_set_interrupt
<LI><a href="#[42]">&gt;&gt;</a>&nbsp;&nbsp;&nbsp;tim_oc_irq_handler
</UL>

<P><STRONG><a name="[1a7]"></a>us_ticker_read</STRONG> (Thumb, 42 bytes, Stack size 8 bytes, us_ticker.o(i.us_ticker_read))
<BR><BR>[Stack]<UL><LI>Max Depth = 56<LI>Call Chain = us_ticker_read &rArr; us_ticker_init &rArr; HAL_TIM_Base_Init &rArr; TIM_Base_SetConfig
</UL>
<BR>[Calls]<UL><LI><a href="#[1db]">&gt;&gt;</a>&nbsp;&nbsp;&nbsp;us_ticker_init
</UL>
<BR>[Called By]<UL><LI><a href="#[b2]">&gt;&gt;</a>&nbsp;&nbsp;&nbsp;wait_us
<LI><a href="#[6e]">&gt;&gt;</a>&nbsp;&nbsp;&nbsp;wait_ms
<LI><a href="#[91]">&gt;&gt;</a>&nbsp;&nbsp;&nbsp;mbed::Ticker::setup(unsigned long long)
<LI><a href="#[2e]">&gt;&gt;</a>&nbsp;&nbsp;&nbsp;mbed::Timer::Timer()
<LI><a href="#[6a]">&gt;&gt;</a>&nbsp;&nbsp;&nbsp;mbed::Timer::read_ms()
<LI><a href="#[67]">&gt;&gt;</a>&nbsp;&nbsp;&nbsp;mbed::Timer::start()
<LI><a href="#[69]">&gt;&gt;</a>&nbsp;&nbsp;&nbsp;mbed::Timer::reset()
<LI><a href="#[1da]">&gt;&gt;</a>&nbsp;&nbsp;&nbsp;us_ticker_irq_handler
</UL>

<P><STRONG><a name="[19c]"></a>us_ticker_remove_event</STRONG> (Thumb, 60 bytes, Stack size 8 bytes, us_ticker_api.o(i.us_ticker_remove_event))
<BR><BR>[Stack]<UL><LI>Max Depth = 96<LI>Call Chain = us_ticker_remove_event &rArr; us_ticker_set_interrupt &rArr; us_ticker_irq_handler &rArr;  us_ticker_set_interrupt (Cycle)
</UL>
<BR>[Calls]<UL><LI><a href="#[1dd]">&gt;&gt;</a>&nbsp;&nbsp;&nbsp;us_ticker_set_interrupt
<LI><a href="#[1df]">&gt;&gt;</a>&nbsp;&nbsp;&nbsp;us_ticker_disable_interrupt
</UL>
<BR>[Called By]<UL><LI><a href="#[51]">&gt;&gt;</a>&nbsp;&nbsp;&nbsp;mbed::TimerEvent::~TimerEvent__sub_object()
<LI><a href="#[19b]">&gt;&gt;</a>&nbsp;&nbsp;&nbsp;mbed::TimerEvent::remove()
</UL>

<P><STRONG><a name="[19d]"></a>us_ticker_set_handler</STRONG> (Thumb, 14 bytes, Stack size 8 bytes, us_ticker_api.o(i.us_ticker_set_handler))
<BR><BR>[Stack]<UL><LI>Max Depth = 56<LI>Call Chain = us_ticker_set_handler &rArr; us_ticker_init &rArr; HAL_TIM_Base_Init &rArr; TIM_Base_SetConfig
</UL>
<BR>[Calls]<UL><LI><a href="#[1db]">&gt;&gt;</a>&nbsp;&nbsp;&nbsp;us_ticker_init
</UL>
<BR>[Called By]<UL><LI><a href="#[a8]">&gt;&gt;</a>&nbsp;&nbsp;&nbsp;mbed::TimerEvent::TimerEvent__sub_object()
</UL>

<P><STRONG><a name="[1dd]"></a>us_ticker_set_interrupt</STRONG> (Thumb, 116 bytes, Stack size 24 bytes, us_ticker.o(i.us_ticker_set_interrupt))
<BR><BR>[Stack]<UL><LI>Max Depth = 88<LI>Call Chain = us_ticker_set_interrupt &rArr; us_ticker_irq_handler &rArr;  us_ticker_set_interrupt (Cycle)
</UL>
<BR>[Calls]<UL><LI><a href="#[1da]">&gt;&gt;</a>&nbsp;&nbsp;&nbsp;us_ticker_irq_handler
<LI><a href="#[1db]">&gt;&gt;</a>&nbsp;&nbsp;&nbsp;us_ticker_init
</UL>
<BR>[Called By]<UL><LI><a href="#[1da]">&gt;&gt;</a>&nbsp;&nbsp;&nbsp;us_ticker_irq_handler
<LI><a href="#[19c]">&gt;&gt;</a>&nbsp;&nbsp;&nbsp;us_ticker_remove_event
<LI><a href="#[19a]">&gt;&gt;</a>&nbsp;&nbsp;&nbsp;us_ticker_insert_event
</UL>

<P><STRONG><a name="[6e]"></a>wait_ms</STRONG> (Thumb, 28 bytes, Stack size 16 bytes, wait_api.o(i.wait_ms))
<BR><BR>[Stack]<UL><LI>Max Depth = 72<LI>Call Chain = wait_ms &rArr; us_ticker_read &rArr; us_ticker_init &rArr; HAL_TIM_Base_Init &rArr; TIM_Base_SetConfig
</UL>
<BR>[Calls]<UL><LI><a href="#[1a7]">&gt;&gt;</a>&nbsp;&nbsp;&nbsp;us_ticker_read
</UL>
<BR>[Called By]<UL><LI><a href="#[79]">&gt;&gt;</a>&nbsp;&nbsp;&nbsp;RF_Init()
<LI><a href="#[6d]">&gt;&gt;</a>&nbsp;&nbsp;&nbsp;HandleKeyProcess()
<LI><a href="#[bd]">&gt;&gt;</a>&nbsp;&nbsp;&nbsp;LT8910::Init(const unsigned short*, int)
<LI><a href="#[ac]">&gt;&gt;</a>&nbsp;&nbsp;&nbsp;LT8910::Delay(int)
<LI><a href="#[9c]">&gt;&gt;</a>&nbsp;&nbsp;&nbsp;CommWifi::Init()
<LI><a href="#[7c]">&gt;&gt;</a>&nbsp;&nbsp;&nbsp;LT8910::Init()
<LI><a href="#[11d]">&gt;&gt;</a>&nbsp;&nbsp;&nbsp;CommWifi::InitAsServer()
<LI><a href="#[10d]">&gt;&gt;</a>&nbsp;&nbsp;&nbsp;CommRF::EnterShortSleep(unsigned char)
<LI><a href="#[10c]">&gt;&gt;</a>&nbsp;&nbsp;&nbsp;CommRF::EnterLongSleep(unsigned char)
<LI><a href="#[100]">&gt;&gt;</a>&nbsp;&nbsp;&nbsp;WT588D::play(unsigned char)
<LI><a href="#[89]">&gt;&gt;</a>&nbsp;&nbsp;&nbsp;$Super$$main
<LI><a href="#[1cc]">&gt;&gt;</a>&nbsp;&nbsp;&nbsp;mbed_die
</UL>

<P><STRONG><a name="[b2]"></a>wait_us</STRONG> (Thumb, 22 bytes, Stack size 16 bytes, wait_api.o(i.wait_us))
<BR><BR>[Stack]<UL><LI>Max Depth = 72<LI>Call Chain = wait_us &rArr; us_ticker_read &rArr; us_ticker_init &rArr; HAL_TIM_Base_Init &rArr; TIM_Base_SetConfig
</UL>
<BR>[Calls]<UL><LI><a href="#[1a7]">&gt;&gt;</a>&nbsp;&nbsp;&nbsp;us_ticker_read
</UL>
<BR>[Called By]<UL><LI><a href="#[ed]">&gt;&gt;</a>&nbsp;&nbsp;&nbsp;WifiObj::EnterCommandMode()
<LI><a href="#[c3]">&gt;&gt;</a>&nbsp;&nbsp;&nbsp;LT8910::write(const unsigned char*, unsigned char)
<LI><a href="#[bb]">&gt;&gt;</a>&nbsp;&nbsp;&nbsp;LT8910::BurstWrite(unsigned char, const unsigned char*, unsigned char)
<LI><a href="#[b8]">&gt;&gt;</a>&nbsp;&nbsp;&nbsp;LT8910::WriteReg(unsigned char, unsigned short)
<LI><a href="#[7d]">&gt;&gt;</a>&nbsp;&nbsp;&nbsp;LT8910::ReadReg(unsigned char)
<LI><a href="#[81]">&gt;&gt;</a>&nbsp;&nbsp;&nbsp;CommRF::SendPacket(const unsigned char*, unsigned char)
<LI><a href="#[100]">&gt;&gt;</a>&nbsp;&nbsp;&nbsp;WT588D::play(unsigned char)
<LI><a href="#[fc]">&gt;&gt;</a>&nbsp;&nbsp;&nbsp;WT588D::OneWireDrive()
</UL>

<P><STRONG><a name="[2f]"></a>void mbed::FunctionPointer::membercaller&lang;BufferedSerial&rang;(void*, char*)</STRONG> (Thumb, 66 bytes, Stack size 48 bytes, bufferedserial.o(t._ZN4mbed15FunctionPointer12membercallerI14BufferedSerialEEvPvPc))
<BR><BR>[Stack]<UL><LI>Max Depth = 48<LI>Call Chain = void mbed::FunctionPointer::membercaller&lang;BufferedSerial&rang;(void*, char*)
</UL>
<BR>[Calls]<UL><LI><a href="#[10b]">&gt;&gt;</a>&nbsp;&nbsp;&nbsp;__aeabi_memcpy
</UL>
<BR>[Address Reference Count : 1]<UL><LI> bufferedserial.o(.text)
</UL>
<P><STRONG><a name="[2a]"></a>void mbed::FunctionPointer::membercaller&lang;LT8910&rang;(void*, char*)</STRONG> (Thumb, 66 bytes, Stack size 48 bytes, lt8910.o(t._ZN4mbed15FunctionPointer12membercallerI6LT8910EEvPvPc))
<BR><BR>[Stack]<UL><LI>Max Depth = 48<LI>Call Chain = void mbed::FunctionPointer::membercaller&lang;LT8910&rang;(void*, char*)
</UL>
<BR>[Calls]<UL><LI><a href="#[10b]">&gt;&gt;</a>&nbsp;&nbsp;&nbsp;__aeabi_memcpy
</UL>
<BR>[Address Reference Count : 1]<UL><LI> lt8910.o(.text)
</UL>
<P><STRONG><a name="[2d]"></a>void mbed::FunctionPointer::membercaller&lang;WifiObj&rang;(void*, char*)</STRONG> (Thumb, 66 bytes, Stack size 48 bytes, wifiobj.o(t._ZN4mbed15FunctionPointer12membercallerI7WifiObjEEvPvPc))
<BR><BR>[Stack]<UL><LI>Max Depth = 48<LI>Call Chain = void mbed::FunctionPointer::membercaller&lang;WifiObj&rang;(void*, char*)
</UL>
<BR>[Calls]<UL><LI><a href="#[10b]">&gt;&gt;</a>&nbsp;&nbsp;&nbsp;__aeabi_memcpy
</UL>
<BR>[Address Reference Count : 1]<UL><LI> wifiobj.o(.text)
</UL>
<P><STRONG><a name="[1e0]"></a>Buffer&lang;char&rang;::clear()</STRONG> (Thumb, 18 bytes, Stack size 8 bytes, buffer.o(t._ZN6BufferIcE5clearEv))
<BR><BR>[Stack]<UL><LI>Max Depth = 8<LI>Call Chain = Buffer&lang;char&rang;::clear()
</UL>
<BR>[Calls]<UL><LI><a href="#[119]">&gt;&gt;</a>&nbsp;&nbsp;&nbsp;__aeabi_memclr
</UL>
<BR>[Called By]<UL><LI><a href="#[14c]">&gt;&gt;</a>&nbsp;&nbsp;&nbsp;Buffer&lang;char&rang;::Buffer(unsigned)
</UL>

<P><STRONG><a name="[14c]"></a>Buffer&lang;char&rang;::Buffer(unsigned)</STRONG> (Thumb, 26 bytes, Stack size 16 bytes, buffer.o(t._ZN6BufferIcEC1Ej))
<BR><BR>[Stack]<UL><LI>Max Depth = 52<LI>Call Chain = Buffer&lang;char&rang;::Buffer(unsigned) &rArr; operator new[] (unsigned) &rArr; operator new(unsigned) &rArr; malloc
</UL>
<BR>[Calls]<UL><LI><a href="#[1e0]">&gt;&gt;</a>&nbsp;&nbsp;&nbsp;Buffer&lang;char&rang;::clear()
<LI><a href="#[1b6]">&gt;&gt;</a>&nbsp;&nbsp;&nbsp;operator new[] (unsigned)
</UL>
<BR>[Called By]<UL><LI><a href="#[97]">&gt;&gt;</a>&nbsp;&nbsp;&nbsp;BufferedSerial::BufferedSerial(PinName, PinName, unsigned)
</UL>

<P><STRONG><a name="[236]"></a>Buffer&lang;char&rang;::Buffer__sub_object(unsigned)</STRONG> (Thumb, 0 bytes, Stack size 16 bytes, buffer.o(t._ZN6BufferIcEC1Ej), UNUSED)

<P><STRONG><a name="[14d]"></a>Buffer&lang;char&rang;::~Buffer()</STRONG> (Thumb, 14 bytes, Stack size 8 bytes, buffer.o(t._ZN6BufferIcED1Ev))
<BR><BR>[Stack]<UL><LI>Max Depth = 32<LI>Call Chain = Buffer&lang;char&rang;::~Buffer() &rArr; operator delete[] (void*) &rArr; operator delete (void*) &rArr; free
</UL>
<BR>[Calls]<UL><LI><a href="#[1b4]">&gt;&gt;</a>&nbsp;&nbsp;&nbsp;operator delete[] (void*)
</UL>
<BR>[Called By]<UL><LI><a href="#[46]">&gt;&gt;</a>&nbsp;&nbsp;&nbsp;BufferedSerial::~BufferedSerial()
</UL>

<P><STRONG><a name="[237]"></a>Buffer&lang;char&rang;::~Buffer__sub_object()</STRONG> (Thumb, 0 bytes, Stack size 8 bytes, buffer.o(t._ZN6BufferIcED1Ev), UNUSED)

<P><STRONG><a name="[14f]"></a>Buffer&lang;char&rang;::operator =(char)</STRONG> (Thumb, 30 bytes, Stack size 8 bytes, bufferedserial.o(t._ZN6BufferIcEaSEc))
<BR><BR>[Stack]<UL><LI>Max Depth = 20<LI>Call Chain = Buffer&lang;char&rang;::operator =(char) &rArr; __aeabi_uidivmod
</UL>
<BR>[Calls]<UL><LI><a href="#[d3]">&gt;&gt;</a>&nbsp;&nbsp;&nbsp;__aeabi_uidivmod
</UL>
<BR>[Called By]<UL><LI><a href="#[e4]">&gt;&gt;</a>&nbsp;&nbsp;&nbsp;BufferedSerial::puts(const char*)
<LI><a href="#[e7]">&gt;&gt;</a>&nbsp;&nbsp;&nbsp;BufferedSerial::putc(int)
<LI><a href="#[49]">&gt;&gt;</a>&nbsp;&nbsp;&nbsp;BufferedSerial::write(const void*, unsigned)
</UL>
<P>
<H3>
Local Symbols
</H3>
<P><STRONG><a name="[5a]"></a>__sti___8_main_cpp_cf170f72</STRONG> (Thumb, 180 bytes, Stack size 16 bytes, main.o(.text))
<BR><BR>[Stack]<UL><LI>Max Depth = 232<LI>Call Chain = __sti___8_main_cpp_cf170f72 &rArr; mbed::SPI::SPI(PinName, PinName, PinName, PinName) &rArr; spi_init &rArr; pinmap_pinout &rArr; pin_function &rArr; Set_GPIO_Clock &rArr; error &rArr; exit &rArr; mbed_die &rArr; wait_ms &rArr; us_ticker_read &rArr; us_ticker_init &rArr; HAL_TIM_Base_Init &rArr; TIM_Base_SetConfig
</UL>
<BR>[Calls]<UL><LI><a href="#[ab]">&gt;&gt;</a>&nbsp;&nbsp;&nbsp;mbed::SPI::SPI(PinName, PinName, PinName, PinName)
<LI><a href="#[a9]">&gt;&gt;</a>&nbsp;&nbsp;&nbsp;mbed::FunctionPointer::FunctionPointer(void(*)())
<LI><a href="#[a8]">&gt;&gt;</a>&nbsp;&nbsp;&nbsp;mbed::TimerEvent::TimerEvent__sub_object()
<LI><a href="#[8d]">&gt;&gt;</a>&nbsp;&nbsp;&nbsp;mbed::DigitalIn::DigitalIn(PinName)
<LI><a href="#[8c]">&gt;&gt;</a>&nbsp;&nbsp;&nbsp;mbed::DigitalOut::DigitalOut(PinName)
<LI><a href="#[a7]">&gt;&gt;</a>&nbsp;&nbsp;&nbsp;CircularBuffer::CircularBuffer(unsigned char*, int)
<LI><a href="#[2e]">&gt;&gt;</a>&nbsp;&nbsp;&nbsp;mbed::Timer::Timer()
<LI><a href="#[aa]">&gt;&gt;</a>&nbsp;&nbsp;&nbsp;__aeabi_atexit
</UL>
<BR>[Address Reference Count : 1]<UL><LI> main.o(.init_array)
</UL>
<P><STRONG><a name="[191]"></a>gpio_read(gpio_t*)</STRONG> (Thumb, 18 bytes, Stack size 0 bytes, main.o(.text))
<BR><BR>[Called By]<UL><LI><a href="#[68]">&gt;&gt;</a>&nbsp;&nbsp;&nbsp;mbed::DigitalIn::read()
<LI><a href="#[75]">&gt;&gt;</a>&nbsp;&nbsp;&nbsp;mbed::DigitalOut::read()
</UL>

<P><STRONG><a name="[5b]"></a>__sti___10_CommRF_cpp_c19b5ab8</STRONG> (Thumb, 10 bytes, Stack size 8 bytes, commrf.o(.text))
<BR><BR>[Stack]<UL><LI>Max Depth = 80<LI>Call Chain = __sti___10_CommRF_cpp_c19b5ab8 &rArr; mbed::Timer::Timer() &rArr; us_ticker_read &rArr; us_ticker_init &rArr; HAL_TIM_Base_Init &rArr; TIM_Base_SetConfig
</UL>
<BR>[Calls]<UL><LI><a href="#[2e]">&gt;&gt;</a>&nbsp;&nbsp;&nbsp;mbed::Timer::Timer()
</UL>
<BR>[Address Reference Count : 1]<UL><LI> commrf.o(.init_array)
</UL>
<P><STRONG><a name="[3d]"></a>gpio_irq0</STRONG> (Thumb, 12 bytes, Stack size 8 bytes, gpio_irq_api.o(i.gpio_irq0))
<BR><BR>[Stack]<UL><LI>Max Depth = 32<LI>Call Chain = gpio_irq0 &rArr; handle_interrupt_in
</UL>
<BR>[Calls]<UL><LI><a href="#[1d0]">&gt;&gt;</a>&nbsp;&nbsp;&nbsp;handle_interrupt_in
</UL>
<BR>[Address Reference Count : 1]<UL><LI> gpio_irq_api.o(i.gpio_irq_init)
</UL>
<P><STRONG><a name="[3e]"></a>gpio_irq1</STRONG> (Thumb, 12 bytes, Stack size 8 bytes, gpio_irq_api.o(i.gpio_irq1))
<BR><BR>[Stack]<UL><LI>Max Depth = 32<LI>Call Chain = gpio_irq1 &rArr; handle_interrupt_in
</UL>
<BR>[Calls]<UL><LI><a href="#[1d0]">&gt;&gt;</a>&nbsp;&nbsp;&nbsp;handle_interrupt_in
</UL>
<BR>[Address Reference Count : 1]<UL><LI> gpio_irq_api.o(i.gpio_irq_init)
</UL>
<P><STRONG><a name="[3c]"></a>gpio_irq2</STRONG> (Thumb, 12 bytes, Stack size 8 bytes, gpio_irq_api.o(i.gpio_irq2))
<BR><BR>[Stack]<UL><LI>Max Depth = 32<LI>Call Chain = gpio_irq2 &rArr; handle_interrupt_in
</UL>
<BR>[Calls]<UL><LI><a href="#[1d0]">&gt;&gt;</a>&nbsp;&nbsp;&nbsp;handle_interrupt_in
</UL>
<BR>[Address Reference Count : 1]<UL><LI> gpio_irq_api.o(i.gpio_irq_init)
</UL>
<P><STRONG><a name="[1d0]"></a>handle_interrupt_in</STRONG> (Thumb, 88 bytes, Stack size 24 bytes, gpio_irq_api.o(i.handle_interrupt_in))
<BR><BR>[Stack]<UL><LI>Max Depth = 24<LI>Call Chain = handle_interrupt_in
</UL>
<BR>[Called By]<UL><LI><a href="#[3c]">&gt;&gt;</a>&nbsp;&nbsp;&nbsp;gpio_irq2
<LI><a href="#[3e]">&gt;&gt;</a>&nbsp;&nbsp;&nbsp;gpio_irq1
<LI><a href="#[3d]">&gt;&gt;</a>&nbsp;&nbsp;&nbsp;gpio_irq0
</UL>

<P><STRONG><a name="[1d4]"></a>init_uart</STRONG> (Thumb, 74 bytes, Stack size 8 bytes, serial_api.o(i.init_uart))
<BR><BR>[Stack]<UL><LI>Max Depth = 76<LI>Call Chain = init_uart &rArr; HAL_UART_Init &rArr; UART_SetConfig &rArr; HAL_RCC_GetPCLK1Freq &rArr; HAL_RCC_GetSysClockFreq &rArr; __aeabi_uidivmod
</UL>
<BR>[Calls]<UL><LI><a href="#[189]">&gt;&gt;</a>&nbsp;&nbsp;&nbsp;HAL_UART_Init
</UL>
<BR>[Called By]<UL><LI><a href="#[197]">&gt;&gt;</a>&nbsp;&nbsp;&nbsp;serial_init
<LI><a href="#[195]">&gt;&gt;</a>&nbsp;&nbsp;&nbsp;serial_baud
</UL>

<P><STRONG><a name="[3f]"></a>uart1_irq</STRONG> (Thumb, 64 bytes, Stack size 24 bytes, serial_api.o(i.uart1_irq))
<BR><BR>[Stack]<UL><LI>Max Depth = 24<LI>Call Chain = uart1_irq
</UL>
<BR>[Address Reference Count : 1]<UL><LI> serial_api.o(i.serial_irq_set)
</UL>
<P><STRONG><a name="[40]"></a>uart2_irq</STRONG> (Thumb, 64 bytes, Stack size 24 bytes, serial_api.o(i.uart2_irq))
<BR><BR>[Stack]<UL><LI>Max Depth = 24<LI>Call Chain = uart2_irq
</UL>
<BR>[Address Reference Count : 1]<UL><LI> serial_api.o(i.serial_irq_set)
</UL>
<P><STRONG><a name="[35]"></a>&lang;Func1&rang;</STRONG> (Thumb, 10 bytes, Stack size 8 bytes, SerialBase.o(i.<Func1>))
<BR><BR>[Stack]<UL><LI>Max Depth = 8<LI>Call Chain = &lang;Func1&rang;
</UL>
<BR>[Calls]<UL><LI><a href="#[a9]">&gt;&gt;</a>&nbsp;&nbsp;&nbsp;mbed::FunctionPointer::FunctionPointer(void(*)())
</UL>
<BR>[Address Reference Count : 1]<UL><LI> SerialBase.o(i._ZN4mbed10SerialBaseC1E7PinNameS1_)
</UL>
<P><STRONG><a name="[42]"></a>tim_oc_irq_handler</STRONG> (Thumb, 84 bytes, Stack size 8 bytes, us_ticker.o(i.tim_oc_irq_handler))
<BR><BR>[Stack]<UL><LI>Max Depth = 72<LI>Call Chain = tim_oc_irq_handler &rArr; us_ticker_irq_handler &rArr;  us_ticker_set_interrupt (Cycle)
</UL>
<BR>[Calls]<UL><LI><a href="#[1da]">&gt;&gt;</a>&nbsp;&nbsp;&nbsp;us_ticker_irq_handler
</UL>
<BR>[Address Reference Count : 1]<UL><LI> us_ticker.o(i.us_ticker_init)
</UL>
<P><STRONG><a name="[41]"></a>tim_update_irq_handler</STRONG> (Thumb, 28 bytes, Stack size 0 bytes, us_ticker.o(i.tim_update_irq_handler))
<BR>[Address Reference Count : 1]<UL><LI> us_ticker.o(i.us_ticker_init)
</UL>
<P><STRONG><a name="[1d3]"></a>init_spi</STRONG> (Thumb, 70 bytes, Stack size 16 bytes, spi_api.o(i.init_spi))
<BR><BR>[Stack]<UL><LI>Max Depth = 40<LI>Call Chain = init_spi &rArr; HAL_SPI_Init
</UL>
<BR>[Calls]<UL><LI><a href="#[184]">&gt;&gt;</a>&nbsp;&nbsp;&nbsp;HAL_SPI_Init
</UL>
<BR>[Called By]<UL><LI><a href="#[1a6]">&gt;&gt;</a>&nbsp;&nbsp;&nbsp;spi_init
<LI><a href="#[1a4]">&gt;&gt;</a>&nbsp;&nbsp;&nbsp;spi_frequency
<LI><a href="#[1a3]">&gt;&gt;</a>&nbsp;&nbsp;&nbsp;spi_format
</UL>

<P><STRONG><a name="[1c3]"></a>_fp_digits</STRONG> (Thumb, 316 bytes, Stack size 56 bytes, printfa.o(i._fp_digits), UNUSED)
<BR><BR>[Calls]<UL><LI><a href="#[15b]">&gt;&gt;</a>&nbsp;&nbsp;&nbsp;__aeabi_uldivmod
<LI><a href="#[161]">&gt;&gt;</a>&nbsp;&nbsp;&nbsp;__aeabi_dmul
<LI><a href="#[162]">&gt;&gt;</a>&nbsp;&nbsp;&nbsp;__aeabi_ddiv
<LI><a href="#[167]">&gt;&gt;</a>&nbsp;&nbsp;&nbsp;__aeabi_dadd
<LI><a href="#[16d]">&gt;&gt;</a>&nbsp;&nbsp;&nbsp;__aeabi_d2ulz
<LI><a href="#[1c4]">&gt;&gt;</a>&nbsp;&nbsp;&nbsp;__aeabi_cdrcmple
</UL>
<BR>[Called By]<UL><LI><a href="#[1b9]">&gt;&gt;</a>&nbsp;&nbsp;&nbsp;_printf_core
</UL>

<P><STRONG><a name="[1b9]"></a>_printf_core</STRONG> (Thumb, 1754 bytes, Stack size 128 bytes, printfa.o(i._printf_core), UNUSED)
<BR><BR>[Calls]<UL><LI><a href="#[d3]">&gt;&gt;</a>&nbsp;&nbsp;&nbsp;__aeabi_uidivmod
<LI><a href="#[15b]">&gt;&gt;</a>&nbsp;&nbsp;&nbsp;__aeabi_uldivmod
<LI><a href="#[1c6]">&gt;&gt;</a>&nbsp;&nbsp;&nbsp;_printf_pre_padding
<LI><a href="#[1c7]">&gt;&gt;</a>&nbsp;&nbsp;&nbsp;_printf_post_padding
<LI><a href="#[1c3]">&gt;&gt;</a>&nbsp;&nbsp;&nbsp;_fp_digits
</UL>
<BR>[Called By]<UL><LI><a href="#[1bd]">&gt;&gt;</a>&nbsp;&nbsp;&nbsp;__0vsprintf
<LI><a href="#[1bc]">&gt;&gt;</a>&nbsp;&nbsp;&nbsp;__0vfprintf
<LI><a href="#[1bb]">&gt;&gt;</a>&nbsp;&nbsp;&nbsp;__0sprintf
<LI><a href="#[1ba]">&gt;&gt;</a>&nbsp;&nbsp;&nbsp;__0printf
<LI><a href="#[1b8]">&gt;&gt;</a>&nbsp;&nbsp;&nbsp;__0fprintf
</UL>

<P><STRONG><a name="[1c7]"></a>_printf_post_padding</STRONG> (Thumb, 32 bytes, Stack size 24 bytes, printfa.o(i._printf_post_padding), UNUSED)
<BR><BR>[Called By]<UL><LI><a href="#[1b9]">&gt;&gt;</a>&nbsp;&nbsp;&nbsp;_printf_core
</UL>

<P><STRONG><a name="[1c6]"></a>_printf_pre_padding</STRONG> (Thumb, 44 bytes, Stack size 40 bytes, printfa.o(i._printf_pre_padding), UNUSED)
<BR><BR>[Called By]<UL><LI><a href="#[1b9]">&gt;&gt;</a>&nbsp;&nbsp;&nbsp;_printf_core
</UL>

<P><STRONG><a name="[3b]"></a>_sputc</STRONG> (Thumb, 10 bytes, Stack size 0 bytes, printfa.o(i._sputc))
<BR><BR>[Called By]<UL><LI><a href="#[1bd]">&gt;&gt;</a>&nbsp;&nbsp;&nbsp;__0vsprintf
<LI><a href="#[1bb]">&gt;&gt;</a>&nbsp;&nbsp;&nbsp;__0sprintf
</UL>
<BR>[Address Reference Count : 2]<UL><LI> printfa.o(i.__0sprintf)
<LI> printfa.o(i.__0vsprintf)
</UL>
<P><STRONG><a name="[15f]"></a>_fp_value</STRONG> (Thumb, 246 bytes, Stack size 56 bytes, scanf_fp.o(.text), UNUSED)
<BR><BR>[Calls]<UL><LI><a href="#[15e]">&gt;&gt;</a>&nbsp;&nbsp;&nbsp;__aeabi_lmul
<LI><a href="#[160]">&gt;&gt;</a>&nbsp;&nbsp;&nbsp;__aeabi_ul2d
<LI><a href="#[161]">&gt;&gt;</a>&nbsp;&nbsp;&nbsp;__aeabi_dmul
<LI><a href="#[162]">&gt;&gt;</a>&nbsp;&nbsp;&nbsp;__aeabi_ddiv
</UL>
<BR>[Called By]<UL><LI><a href="#[163]">&gt;&gt;</a>&nbsp;&nbsp;&nbsp;_scanf_really_real
</UL>

<P><STRONG><a name="[32]"></a>_scanf_char_input</STRONG> (Thumb, 12 bytes, Stack size 0 bytes, scanf_char.o(.text))
<BR>[Address Reference Count : 1]<UL><LI> scanf_char.o(.text)
</UL>
<P><STRONG><a name="[34]"></a>[local to arm_exceptions_c]::__default_terminate_handler()</STRONG> (Thumb, 6 bytes, Stack size 8 bytes, arm_exceptions_globs.o(.text))
<BR><BR>[Stack]<UL><LI>Max Depth = 8<LI>Call Chain = [local to arm_exceptions_c]::__default_terminate_handler()
</UL>
<BR>[Address Reference Count : 1]<UL><LI> arm_exceptions_globs.o(.text)
</UL><P>
<H3>
Undefined Global Symbols
</H3><HR></body></html>
